============================================================
Prototypical Network: Molecular OOD
  encoder=fsmol_gnn  head=classification  split=shift_aware  seed=2
  run_tag => fsmol_gnn_classification_shift_aware_seed2
  checkpoint => /home/chjo00006/PTN/checkpoints/ptn_fsmol_gnn_classification_shift_aware_seed2.pt
============================================================

[1/4] Indexing FS-Mol files...
  Train: 26868  Val: 40  Test: 157
  RAM: 0.5 GB

[2/4] Pretraining on FS-Mol...
  Computing FS-Mol degree histogram for PNA scalers...
  FS-Mol degree histogram over 84252 molecules (500 assays).
Training on: cuda
  Streaming GNN dataset: 26868 training files, n_support=64
  Streaming GNN dataset: 40 training files, n_support=64
  AMP dtype: torch.bfloat16 (bf16 supported: True)
  Epochs: 100  |  Tasks/step: 16  |  LR: 0.0001
  Train files: 26868  |  Val files: 40
  Episodes/epoch: 1600  |  Steps/epoch: ~100
Epoch   1/100 | Steps: 100 | Train BCE: 1.4318 | Train ΔAUPRC: +0.0949 | Val ΔAUPRC: +0.0753
  → Saved best model (Val ΔAUPRC: +0.0753)
Epoch   2/100 | Steps: 100 | Train BCE: 0.5157 | Train ΔAUPRC: +0.1309 | Val ΔAUPRC: +0.0794
  → Saved best model (Val ΔAUPRC: +0.0794)
Epoch   3/100 | Steps: 100 | Train BCE: 0.4370 | Train ΔAUPRC: +0.1578 | Val ΔAUPRC: +0.1041
  → Saved best model (Val ΔAUPRC: +0.1041)
Epoch   4/100 | Steps: 100 | Train BCE: 0.4289 | Train ΔAUPRC: +0.1554 | Val ΔAUPRC: +0.1014
Epoch   5/100 | Steps: 100 | Train BCE: 0.4611 | Train ΔAUPRC: +0.1638 | Val ΔAUPRC: +0.0975
Epoch   6/100 | Steps: 100 | Train BCE: 0.4291 | Train ΔAUPRC: +0.1701 | Val ΔAUPRC: +0.1052
  → Saved best model (Val ΔAUPRC: +0.1052)
Epoch   7/100 | Steps: 100 | Train BCE: 0.4274 | Train ΔAUPRC: +0.1647 | Val ΔAUPRC: +0.1239
  → Saved best model (Val ΔAUPRC: +0.1239)
Epoch   8/100 | Steps: 100 | Train BCE: 0.4185 | Train ΔAUPRC: +0.1741 | Val ΔAUPRC: +0.1205
Epoch   9/100 | Steps: 100 | Train BCE: 0.4141 | Train ΔAUPRC: +0.1753 | Val ΔAUPRC: +0.1429
  → Saved best model (Val ΔAUPRC: +0.1429)
Epoch  10/100 | Steps: 100 | Train BCE: 0.4019 | Train ΔAUPRC: +0.1822 | Val ΔAUPRC: +0.1177
Epoch  11/100 | Steps: 100 | Train BCE: 0.4282 | Train ΔAUPRC: +0.1853 | Val ΔAUPRC: +0.1253
Epoch  12/100 | Steps: 100 | Train BCE: 0.4260 | Train ΔAUPRC: +0.1779 | Val ΔAUPRC: +0.1387
Epoch  13/100 | Steps: 100 | Train BCE: 0.4072 | Train ΔAUPRC: +0.2011 | Val ΔAUPRC: +0.1550
  → Saved best model (Val ΔAUPRC: +0.1550)
Epoch  14/100 | Steps: 100 | Train BCE: 0.4020 | Train ΔAUPRC: +0.1863 | Val ΔAUPRC: +0.1395
Epoch  15/100 | Steps: 100 | Train BCE: 0.3973 | Train ΔAUPRC: +0.1916 | Val ΔAUPRC: +0.1536
Epoch  16/100 | Steps: 100 | Train BCE: 0.3968 | Train ΔAUPRC: +0.1933 | Val ΔAUPRC: +0.1431
Epoch  17/100 | Steps: 100 | Train BCE: 0.3862 | Train ΔAUPRC: +0.1929 | Val ΔAUPRC: +0.1647
  → Saved best model (Val ΔAUPRC: +0.1647)
Epoch  18/100 | Steps: 100 | Train BCE: 0.3836 | Train ΔAUPRC: +0.1923 | Val ΔAUPRC: +0.1653
  → Saved best model (Val ΔAUPRC: +0.1653)
Epoch  19/100 | Steps: 100 | Train BCE: 0.3910 | Train ΔAUPRC: +0.1958 | Val ΔAUPRC: +0.1599
Epoch  20/100 | Steps: 100 | Train BCE: 0.3959 | Train ΔAUPRC: +0.1920 | Val ΔAUPRC: +0.1546
Epoch  21/100 | Steps: 100 | Train BCE: 0.3803 | Train ΔAUPRC: +0.2035 | Val ΔAUPRC: +0.1547
Epoch  22/100 | Steps: 100 | Train BCE: 0.3747 | Train ΔAUPRC: +0.1997 | Val ΔAUPRC: +0.1720
  → Saved best model (Val ΔAUPRC: +0.1720)
Epoch  23/100 | Steps: 100 | Train BCE: 0.3842 | Train ΔAUPRC: +0.2140 | Val ΔAUPRC: +0.1714
Epoch  24/100 | Steps: 100 | Train BCE: 0.3792 | Train ΔAUPRC: +0.2083 | Val ΔAUPRC: +0.1629
Epoch  25/100 | Steps: 100 | Train BCE: 0.3828 | Train ΔAUPRC: +0.2085 | Val ΔAUPRC: +0.1734
  → Saved best model (Val ΔAUPRC: +0.1734)
Epoch  26/100 | Steps: 100 | Train BCE: 0.3672 | Train ΔAUPRC: +0.2185 | Val ΔAUPRC: +0.1790
  → Saved best model (Val ΔAUPRC: +0.1790)
Epoch  27/100 | Steps: 100 | Train BCE: 0.3858 | Train ΔAUPRC: +0.2108 | Val ΔAUPRC: +0.1589
Epoch  28/100 | Steps: 100 | Train BCE: 0.3779 | Train ΔAUPRC: +0.2073 | Val ΔAUPRC: +0.1767
Epoch  29/100 | Steps: 100 | Train BCE: 0.3664 | Train ΔAUPRC: +0.2096 | Val ΔAUPRC: +0.1562
Epoch  30/100 | Steps: 100 | Train BCE: 0.3641 | Train ΔAUPRC: +0.2062 | Val ΔAUPRC: +0.1826
  → Saved best model (Val ΔAUPRC: +0.1826)
Epoch  31/100 | Steps: 100 | Train BCE: 0.3639 | Train ΔAUPRC: +0.2092 | Val ΔAUPRC: +0.1664
Epoch  32/100 | Steps: 100 | Train BCE: 0.3684 | Train ΔAUPRC: +0.2208 | Val ΔAUPRC: +0.1736
Epoch  33/100 | Steps: 100 | Train BCE: 0.3644 | Train ΔAUPRC: +0.2041 | Val ΔAUPRC: +0.1597
Epoch  34/100 | Steps: 100 | Train BCE: 0.3813 | Train ΔAUPRC: +0.2132 | Val ΔAUPRC: +0.1692
Epoch  35/100 | Steps: 100 | Train BCE: 0.3634 | Train ΔAUPRC: +0.2153 | Val ΔAUPRC: +0.1848
  → Saved best model (Val ΔAUPRC: +0.1848)
Epoch  36/100 | Steps: 100 | Train BCE: 0.3675 | Train ΔAUPRC: +0.2136 | Val ΔAUPRC: +0.1822
Epoch  37/100 | Steps: 100 | Train BCE: 0.3483 | Train ΔAUPRC: +0.2102 | Val ΔAUPRC: +0.1665
Epoch  38/100 | Steps: 100 | Train BCE: 0.3542 | Train ΔAUPRC: +0.2293 | Val ΔAUPRC: +0.1644
Epoch  39/100 | Steps: 100 | Train BCE: 0.3606 | Train ΔAUPRC: +0.2168 | Val ΔAUPRC: +0.1887
  → Saved best model (Val ΔAUPRC: +0.1887)
Epoch  40/100 | Steps: 100 | Train BCE: 0.3543 | Train ΔAUPRC: +0.2207 | Val ΔAUPRC: +0.1943
  → Saved best model (Val ΔAUPRC: +0.1943)
Epoch  41/100 | Steps: 100 | Train BCE: 0.3407 | Train ΔAUPRC: +0.2301 | Val ΔAUPRC: +0.1877
Epoch  42/100 | Steps: 100 | Train BCE: 0.3516 | Train ΔAUPRC: +0.2330 | Val ΔAUPRC: +0.1862
Epoch  43/100 | Steps: 100 | Train BCE: 0.3559 | Train ΔAUPRC: +0.2183 | Val ΔAUPRC: +0.1885
Epoch  44/100 | Steps: 100 | Train BCE: 0.3599 | Train ΔAUPRC: +0.2189 | Val ΔAUPRC: +0.1785
Epoch  45/100 | Steps: 100 | Train BCE: 0.3536 | Train ΔAUPRC: +0.2249 | Val ΔAUPRC: +0.1988
  → Saved best model (Val ΔAUPRC: +0.1988)
Epoch  46/100 | Steps: 100 | Train BCE: 0.3559 | Train ΔAUPRC: +0.2244 | Val ΔAUPRC: +0.1986
Epoch  47/100 | Steps: 100 | Train BCE: 0.3373 | Train ΔAUPRC: +0.2245 | Val ΔAUPRC: +0.1916
Epoch  48/100 | Steps: 100 | Train BCE: 0.3467 | Train ΔAUPRC: +0.2286 | Val ΔAUPRC: +0.1861
Epoch  49/100 | Steps: 100 | Train BCE: 0.3529 | Train ΔAUPRC: +0.2216 | Val ΔAUPRC: +0.1929
Epoch  50/100 | Steps: 100 | Train BCE: 0.3435 | Train ΔAUPRC: +0.2314 | Val ΔAUPRC: +0.1820
Epoch  51/100 | Steps: 100 | Train BCE: 0.3429 | Train ΔAUPRC: +0.2328 | Val ΔAUPRC: +0.2002
  → Saved best model (Val ΔAUPRC: +0.2002)
Epoch  52/100 | Steps: 100 | Train BCE: 0.3450 | Train ΔAUPRC: +0.2314 | Val ΔAUPRC: +0.1855
Epoch  53/100 | Steps: 100 | Train BCE: 0.3576 | Train ΔAUPRC: +0.2230 | Val ΔAUPRC: +0.1919
Epoch  54/100 | Steps: 100 | Train BCE: 0.3461 | Train ΔAUPRC: +0.2383 | Val ΔAUPRC: +0.1919
Epoch  55/100 | Steps: 100 | Train BCE: 0.3316 | Train ΔAUPRC: +0.2370 | Val ΔAUPRC: +0.1756
Epoch  56/100 | Steps: 100 | Train BCE: 0.3410 | Train ΔAUPRC: +0.2314 | Val ΔAUPRC: +0.2075
  → Saved best model (Val ΔAUPRC: +0.2075)
Epoch  57/100 | Steps: 100 | Train BCE: 0.3440 | Train ΔAUPRC: +0.2382 | Val ΔAUPRC: +0.1929
Epoch  58/100 | Steps: 100 | Train BCE: 0.3507 | Train ΔAUPRC: +0.2315 | Val ΔAUPRC: +0.1752
Epoch  59/100 | Steps: 100 | Train BCE: 0.3480 | Train ΔAUPRC: +0.2322 | Val ΔAUPRC: +0.1717
Epoch  60/100 | Steps: 100 | Train BCE: 0.3476 | Train ΔAUPRC: +0.2355 | Val ΔAUPRC: +0.1729
Epoch  61/100 | Steps: 100 | Train BCE: 0.3401 | Train ΔAUPRC: +0.2378 | Val ΔAUPRC: +0.2008
Epoch  62/100 | Steps: 100 | Train BCE: 0.3354 | Train ΔAUPRC: +0.2320 | Val ΔAUPRC: +0.1733
Epoch  63/100 | Steps: 100 | Train BCE: 0.3404 | Train ΔAUPRC: +0.2389 | Val ΔAUPRC: +0.2023
Epoch  64/100 | Steps: 100 | Train BCE: 0.3472 | Train ΔAUPRC: +0.2318 | Val ΔAUPRC: +0.1952
Epoch  65/100 | Steps: 100 | Train BCE: 0.3361 | Train ΔAUPRC: +0.2404 | Val ΔAUPRC: +0.1886
Epoch  66/100 | Steps: 100 | Train BCE: 0.3504 | Train ΔAUPRC: +0.2346 | Val ΔAUPRC: +0.1994
Epoch  67/100 | Steps: 100 | Train BCE: 0.3384 | Train ΔAUPRC: +0.2407 | Val ΔAUPRC: +0.1770
Epoch  68/100 | Steps: 100 | Train BCE: 0.3302 | Train ΔAUPRC: +0.2381 | Val ΔAUPRC: +0.1921
Epoch  69/100 | Steps: 100 | Train BCE: 0.3343 | Train ΔAUPRC: +0.2379 | Val ΔAUPRC: +0.1807
Epoch  70/100 | Steps: 100 | Train BCE: 0.3222 | Train ΔAUPRC: +0.2393 | Val ΔAUPRC: +0.1920
Epoch  71/100 | Steps: 100 | Train BCE: 0.3369 | Train ΔAUPRC: +0.2376 | Val ΔAUPRC: +0.2049
Epoch  72/100 | Steps: 100 | Train BCE: 0.3348 | Train ΔAUPRC: +0.2426 | Val ΔAUPRC: +0.1929
Epoch  73/100 | Steps: 100 | Train BCE: 0.3403 | Train ΔAUPRC: +0.2431 | Val ΔAUPRC: +0.1875
Epoch  74/100 | Steps: 100 | Train BCE: 0.3318 | Train ΔAUPRC: +0.2501 | Val ΔAUPRC: +0.1920
Epoch  75/100 | Steps: 100 | Train BCE: 0.3357 | Train ΔAUPRC: +0.2508 | Val ΔAUPRC: +0.1947
Epoch  76/100 | Steps: 100 | Train BCE: 0.3477 | Train ΔAUPRC: +0.2489 | Val ΔAUPRC: +0.1915
Epoch  77/100 | Steps: 100 | Train BCE: 0.3252 | Train ΔAUPRC: +0.2451 | Val ΔAUPRC: +0.1958
Epoch  78/100 | Steps: 100 | Train BCE: 0.3304 | Train ΔAUPRC: +0.2446 | Val ΔAUPRC: +0.1951
Epoch  79/100 | Steps: 100 | Train BCE: 0.3376 | Train ΔAUPRC: +0.2367 | Val ΔAUPRC: +0.1941
Epoch  80/100 | Steps: 100 | Train BCE: 0.3386 | Train ΔAUPRC: +0.2461 | Val ΔAUPRC: +0.1893
Epoch  81/100 | Steps: 100 | Train BCE: 0.3423 | Train ΔAUPRC: +0.2432 | Val ΔAUPRC: +0.2091
  → Saved best model (Val ΔAUPRC: +0.2091)
Epoch  82/100 | Steps: 100 | Train BCE: 0.3393 | Train ΔAUPRC: +0.2484 | Val ΔAUPRC: +0.1848
Epoch  83/100 | Steps: 100 | Train BCE: 0.3235 | Train ΔAUPRC: +0.2389 | Val ΔAUPRC: +0.1855
Epoch  84/100 | Steps: 100 | Train BCE: 0.3245 | Train ΔAUPRC: +0.2507 | Val ΔAUPRC: +0.2038
Epoch  85/100 | Steps: 100 | Train BCE: 0.3356 | Train ΔAUPRC: +0.2453 | Val ΔAUPRC: +0.1785
Epoch  86/100 | Steps: 100 | Train BCE: 0.3329 | Train ΔAUPRC: +0.2433 | Val ΔAUPRC: +0.1899
Epoch  87/100 | Steps: 100 | Train BCE: 0.3205 | Train ΔAUPRC: +0.2473 | Val ΔAUPRC: +0.1891
Epoch  88/100 | Steps: 100 | Train BCE: 0.3185 | Train ΔAUPRC: +0.2504 | Val ΔAUPRC: +0.1734
Epoch  89/100 | Steps: 100 | Train BCE: 0.3272 | Train ΔAUPRC: +0.2446 | Val ΔAUPRC: +0.1865
Epoch  90/100 | Steps: 100 | Train BCE: 0.3155 | Train ΔAUPRC: +0.2457 | Val ΔAUPRC: +0.1961
Epoch  91/100 | Steps: 100 | Train BCE: 0.3347 | Train ΔAUPRC: +0.2482 | Val ΔAUPRC: +0.2058
Epoch  92/100 | Steps: 100 | Train BCE: 0.3244 | Train ΔAUPRC: +0.2459 | Val ΔAUPRC: +0.1857
Epoch  93/100 | Steps: 100 | Train BCE: 0.3306 | Train ΔAUPRC: +0.2489 | Val ΔAUPRC: +0.1909
Epoch  94/100 | Steps: 100 | Train BCE: 0.3200 | Train ΔAUPRC: +0.2419 | Val ΔAUPRC: +0.1779
Epoch  95/100 | Steps: 100 | Train BCE: 0.3262 | Train ΔAUPRC: +0.2540 | Val ΔAUPRC: +0.2052
Epoch  96/100 | Steps: 100 | Train BCE: 0.3311 | Train ΔAUPRC: +0.2452 | Val ΔAUPRC: +0.2011
Epoch  97/100 | Steps: 100 | Train BCE: 0.3278 | Train ΔAUPRC: +0.2330 | Val ΔAUPRC: +0.2061
Epoch  98/100 | Steps: 100 | Train BCE: 0.3302 | Train ΔAUPRC: +0.2526 | Val ΔAUPRC: +0.1924
Epoch  99/100 | Steps: 100 | Train BCE: 0.3313 | Train ΔAUPRC: +0.2532 | Val ΔAUPRC: +0.1926
Epoch 100/100 | Steps: 100 | Train BCE: 0.3329 | Train ΔAUPRC: +0.2502 | Val ΔAUPRC: +0.1940

Pretraining complete. Best Val ΔAUPRC: +0.2091
  RAM after pretrain: 1.3 GB

[3/4] Evaluating on DrugOOD...
  lbap_core_ic50_scaffold: train pool=22025, ood_test=19480, iid_test=31388
  lbap_core_ic50_size: train pool=37497, ood_test=16761, iid_test=12721
  lbap_core_ic50_assay: train pool=34953, ood_test=19463, iid_test=11960
  RAM after DrugOOD load: 3.6 GB
Loaded fsmol_gnn/classification model from epoch 81 (Val ΔAUPRC=+0.2091)
lbap_core_ic50_scaffold             | ctx=  16 | ood_test | ΔAUPRC: +0.0000±0.0000 | RMSE: nan | Spearman: nan
lbap_core_ic50_scaffold             | ctx=  16 | iid_test | ΔAUPRC: +0.0000±0.0000 | RMSE: nan | Spearman: nan
lbap_core_ic50_scaffold             | ctx=  32 | ood_test | ΔAUPRC: +0.0180±0.0254 | RMSE: nan | Spearman: nan
lbap_core_ic50_scaffold             | ctx=  32 | iid_test | ΔAUPRC: +0.0094±0.0133 | RMSE: nan | Spearman: nan
lbap_core_ic50_scaffold             | ctx=  64 | ood_test | ΔAUPRC: +0.0148±0.0293 | RMSE: nan | Spearman: nan
lbap_core_ic50_scaffold             | ctx=  64 | iid_test | ΔAUPRC: +0.0147±0.0104 | RMSE: nan | Spearman: nan
lbap_core_ic50_scaffold             | ctx= 128 | ood_test | ΔAUPRC: +0.0300±0.0207 | RMSE: nan | Spearman: nan
lbap_core_ic50_scaffold             | ctx= 128 | iid_test | ΔAUPRC: +0.0269±0.0049 | RMSE: nan | Spearman: nan
lbap_core_ic50_scaffold             | ctx= 256 | ood_test | ΔAUPRC: +0.0412±0.0295 | RMSE: nan | Spearman: nan
lbap_core_ic50_scaffold             | ctx= 256 | iid_test | ΔAUPRC: +0.0376±0.0072 | RMSE: nan | Spearman: nan
lbap_core_ic50_scaffold             | ctx= 512 | ood_test | ΔAUPRC: +0.0422±0.0215 | RMSE: nan | Spearman: nan
lbap_core_ic50_scaffold             | ctx= 512 | iid_test | ΔAUPRC: +0.0460±0.0025 | RMSE: nan | Spearman: nan
lbap_core_ic50_size                 | ctx=  16 | ood_test | ΔAUPRC: +0.0229±0.0053 | RMSE: nan | Spearman: nan
lbap_core_ic50_size                 | ctx=  16 | iid_test | ΔAUPRC: +0.0057±0.0041 | RMSE: nan | Spearman: nan
lbap_core_ic50_size                 | ctx=  32 | ood_test | ΔAUPRC: +0.0061±0.0119 | RMSE: nan | Spearman: nan
lbap_core_ic50_size                 | ctx=  32 | iid_test | ΔAUPRC: +0.0039±0.0074 | RMSE: nan | Spearman: nan
lbap_core_ic50_size                 | ctx=  64 | ood_test | ΔAUPRC: +0.0052±0.0115 | RMSE: nan | Spearman: nan
lbap_core_ic50_size                 | ctx=  64 | iid_test | ΔAUPRC: +0.0012±0.0073 | RMSE: nan | Spearman: nan
lbap_core_ic50_size                 | ctx= 128 | ood_test | ΔAUPRC: +0.0154±0.0218 | RMSE: nan | Spearman: nan
lbap_core_ic50_size                 | ctx= 128 | iid_test | ΔAUPRC: +0.0102±0.0103 | RMSE: nan | Spearman: nan
lbap_core_ic50_size                 | ctx= 256 | ood_test | ΔAUPRC: +0.0347±0.0068 | RMSE: nan | Spearman: nan
lbap_core_ic50_size                 | ctx= 256 | iid_test | ΔAUPRC: +0.0286±0.0024 | RMSE: nan | Spearman: nan
lbap_core_ic50_size                 | ctx= 512 | ood_test | ΔAUPRC: +0.0447±0.0010 | RMSE: nan | Spearman: nan
lbap_core_ic50_size                 | ctx= 512 | iid_test | ΔAUPRC: +0.0358±0.0012 | RMSE: nan | Spearman: nan
lbap_core_ic50_assay                | ctx=  16 | ood_test | ΔAUPRC: +0.0063±0.0108 | RMSE: nan | Spearman: nan
lbap_core_ic50_assay                | ctx=  16 | iid_test | ΔAUPRC: +0.0223±0.0119 | RMSE: nan | Spearman: nan
lbap_core_ic50_assay                | ctx=  32 | ood_test | ΔAUPRC: +0.0073±0.0133 | RMSE: nan | Spearman: nan
lbap_core_ic50_assay                | ctx=  32 | iid_test | ΔAUPRC: +0.0212±0.0180 | RMSE: nan | Spearman: nan
lbap_core_ic50_assay                | ctx=  64 | ood_test | ΔAUPRC: +0.0332±0.0114 | RMSE: nan | Spearman: nan
lbap_core_ic50_assay                | ctx=  64 | iid_test | ΔAUPRC: +0.0524±0.0061 | RMSE: nan | Spearman: nan
lbap_core_ic50_assay                | ctx= 128 | ood_test | ΔAUPRC: +0.0486±0.0025 | RMSE: nan | Spearman: nan
lbap_core_ic50_assay                | ctx= 128 | iid_test | ΔAUPRC: +0.0619±0.0020 | RMSE: nan | Spearman: nan
lbap_core_ic50_assay                | ctx= 256 | ood_test | ΔAUPRC: +0.0480±0.0020 | RMSE: nan | Spearman: nan
lbap_core_ic50_assay                | ctx= 256 | iid_test | ΔAUPRC: +0.0677±0.0021 | RMSE: nan | Spearman: nan
lbap_core_ic50_assay                | ctx= 512 | ood_test | ΔAUPRC: +0.0579±0.0017 | RMSE: nan | Spearman: nan
lbap_core_ic50_assay                | ctx= 512 | iid_test | ΔAUPRC: +0.0750±0.0035 | RMSE: nan | Spearman: nan
  Saved => /home/chjo00006/PTN/outputs/results/fsmol_gnn_classification_shift_aware_seed2/drugood_results.csv

=== DrugOOD results (long-form) ===
                    split_type query_set  context_set_size  actual_context_n  n_test  n_seeds  delta_auprc  delta_auprc_std  rmse  rmse_std  mae  spearman  spearman_std
index                                                                                                                                                                   
0      lbap_core_ic50_scaffold  ood_test                16                16   19480        3     0.000000         0.000000   NaN       NaN  NaN       NaN           NaN
1      lbap_core_ic50_scaffold  iid_test                16                16   31388        3     0.000000         0.000000   NaN       NaN  NaN       NaN           NaN
2      lbap_core_ic50_scaffold  ood_test                32                32   19480        3     0.017993         0.025446   NaN       NaN  NaN       NaN           NaN
3      lbap_core_ic50_scaffold  iid_test                32                32   31388        3     0.009434         0.013341   NaN       NaN  NaN       NaN           NaN
4      lbap_core_ic50_scaffold  ood_test                64                64   19480        3     0.014755         0.029307   NaN       NaN  NaN       NaN           NaN
5      lbap_core_ic50_scaffold  iid_test                64                64   31388        3     0.014687         0.010393   NaN       NaN  NaN       NaN           NaN
6      lbap_core_ic50_scaffold  ood_test               128               128   19480        3     0.030008         0.020719   NaN       NaN  NaN       NaN           NaN
7      lbap_core_ic50_scaffold  iid_test               128               128   31388        3     0.026910         0.004937   NaN       NaN  NaN       NaN           NaN
8      lbap_core_ic50_scaffold  ood_test               256               256   19480        3     0.041163         0.029534   NaN       NaN  NaN       NaN           NaN
9      lbap_core_ic50_scaffold  iid_test               256               256   31388        3     0.037631         0.007215   NaN       NaN  NaN       NaN           NaN
10     lbap_core_ic50_scaffold  ood_test               512               512   19480        3     0.042184         0.021489   NaN       NaN  NaN       NaN           NaN
11     lbap_core_ic50_scaffold  iid_test               512               512   31388        3     0.045963         0.002535   NaN       NaN  NaN       NaN           NaN
12         lbap_core_ic50_size  ood_test                16                16   16761        3     0.022867         0.005262   NaN       NaN  NaN       NaN           NaN
13         lbap_core_ic50_size  iid_test                16                16   12721        3     0.005727         0.004105   NaN       NaN  NaN       NaN           NaN
14         lbap_core_ic50_size  ood_test                32                32   16761        3     0.006116         0.011885   NaN       NaN  NaN       NaN           NaN
15         lbap_core_ic50_size  iid_test                32                32   12721        3     0.003879         0.007411   NaN       NaN  NaN       NaN           NaN
16         lbap_core_ic50_size  ood_test                64                64   16761        3     0.005169         0.011542   NaN       NaN  NaN       NaN           NaN
17         lbap_core_ic50_size  iid_test                64                64   12721        3     0.001188         0.007285   NaN       NaN  NaN       NaN           NaN
18         lbap_core_ic50_size  ood_test               128               128   16761        3     0.015438         0.021790   NaN       NaN  NaN       NaN           NaN
19         lbap_core_ic50_size  iid_test               128               128   12721        3     0.010223         0.010312   NaN       NaN  NaN       NaN           NaN
20         lbap_core_ic50_size  ood_test               256               256   16761        3     0.034694         0.006805   NaN       NaN  NaN       NaN           NaN
21         lbap_core_ic50_size  iid_test               256               256   12721        3     0.028595         0.002360   NaN       NaN  NaN       NaN           NaN
22         lbap_core_ic50_size  ood_test               512               512   16761        3     0.044681         0.000989   NaN       NaN  NaN       NaN           NaN
23         lbap_core_ic50_size  iid_test               512               512   12721        3     0.035808         0.001185   NaN       NaN  NaN       NaN           NaN
24        lbap_core_ic50_assay  ood_test                16                16   19463        3     0.006341         0.010829   NaN       NaN  NaN       NaN           NaN
25        lbap_core_ic50_assay  iid_test                16                16   11960        3     0.022307         0.011923   NaN       NaN  NaN       NaN           NaN
26        lbap_core_ic50_assay  ood_test                32                32   19463        3     0.007329         0.013285   NaN       NaN  NaN       NaN           NaN
27        lbap_core_ic50_assay  iid_test                32                32   11960        3     0.021179         0.018040   NaN       NaN  NaN       NaN           NaN
28        lbap_core_ic50_assay  ood_test                64                64   19463        3     0.033209         0.011387   NaN       NaN  NaN       NaN           NaN
29        lbap_core_ic50_assay  iid_test                64                64   11960        3     0.052388         0.006144   NaN       NaN  NaN       NaN           NaN
30        lbap_core_ic50_assay  ood_test               128               128   19463        3     0.048642         0.002463   NaN       NaN  NaN       NaN           NaN
31        lbap_core_ic50_assay  iid_test               128               128   11960        3     0.061895         0.001989   NaN       NaN  NaN       NaN           NaN
32        lbap_core_ic50_assay  ood_test               256               256   19463        3     0.048023         0.002017   NaN       NaN  NaN       NaN           NaN
33        lbap_core_ic50_assay  iid_test               256               256   11960        3     0.067718         0.002065   NaN       NaN  NaN       NaN           NaN
34        lbap_core_ic50_assay  ood_test               512               512   19463        3     0.057910         0.001706   NaN       NaN  NaN       NaN           NaN
35        lbap_core_ic50_assay  iid_test               512               512   11960        3     0.075004         0.003461   NaN       NaN  NaN       NaN           NaN

=== Summary: mean ΔAUPRC per split × query_set ===
split_type               query_set
lbap_core_ic50_assay     iid_test     0.0501
                         ood_test     0.0336
lbap_core_ic50_scaffold  iid_test     0.0224
                         ood_test     0.0244
lbap_core_ic50_size      iid_test     0.0142
                         ood_test     0.0215
Name: delta_auprc, dtype: float64

[4/4] FS-Mol test evaluation...

  [4a] Inside-task OOD (scaffold split, n_support=16)...
  Loading assay 1/157...
============================================================
  Data-loss report: test/
============================================================
  Molecules in raw files        :     56,220
  -- Dropped (inexact Relation) :     12,429  (22.1%)
  -- Dropped (bad/missing fields):       129  (0.2%)
  -- Dropped (task too small)   :          0  (0.0%)
  ----------------------------------------
  Total molecules lost          :     12,558  (22.3%)
  Molecules used for training   :     43,662  (77.7%)
  ---
  Tasks in directory            :        157
  Tasks dropped (<32 molecules)  :          3  (1.9%)
  Tasks kept                    :        154  (98.1%)
============================================================
  Test assays loaded: 154

Inside-task OOD: 153 assays evaluated, 1 skipped (no scaffold group with ≥3 molecules).
  Mean Spearman : nan  (0/153 assays non-nan)
  Mean RMSE     : nan
  Mean ΔAUPRC   : 0.0205
  Saved => /home/chjo00006/PTN/outputs/results/fsmol_gnn_classification_shift_aware_seed2/inside_task_ood.csv

  [4b] Support-size sweep (random / scaffold / size splits)...

  -- split_type = random --
  [random] 20/154 assays...  [random] 40/154 assays...  [random] 60/154 assays...  [random] 80/154 assays...  [random] 100/154 assays...  [random] 120/154 assays...  [random] 140/154 assays...
  Done [random]. 154 assays × 6 support sizes.

=== FS-Mol Test [random]: mean metrics per support size ===
              delta_auprc  spearman  rmse
support_size                             
16                 0.1262       NaN   NaN
32                 0.1547       NaN   NaN
64                 0.1833       NaN   NaN
128                0.2201       NaN   NaN
256                0.1482       NaN   NaN
512                0.1535       NaN   NaN
  Predictions saved → /home/chjo00006/PTN/outputs/results/fsmol_gnn_classification_shift_aware_seed2/fsmol_test_predictions_random.csv  (825,490 rows)

  -- split_type = scaffold --
  [scaffold] 60/154 assays...  [scaffold] 80/154 assays...  [scaffold] 100/154 assays...  [scaffold] 120/154 assays...  [scaffold] 140/154 assays...
  Done [scaffold]. 144 assays × 6 support sizes.

=== FS-Mol Test [scaffold]: mean metrics per support size ===
              delta_auprc  spearman  rmse
support_size                             
16                 0.0495       NaN   NaN
32                 0.0502       NaN   NaN
64                 0.0489       NaN   NaN
128                0.0489       NaN   NaN
256                0.0140       NaN   NaN
512                0.0086       NaN   NaN
  Predictions saved → /home/chjo00006/PTN/outputs/results/fsmol_gnn_classification_shift_aware_seed2/fsmol_test_predictions_scaffold.csv  (1,022,570 rows)

  -- split_type = size --
  [size] 20/154 assays...  [size] 40/154 assays...  [size] 60/154 assays...  [size] 80/154 assays...  [size] 100/154 assays...  [size] 120/154 assays...  [size] 140/154 assays...
  Done [size]. 154 assays × 6 support sizes.

=== FS-Mol Test [size]: mean metrics per support size ===
              delta_auprc  spearman  rmse
support_size                             
16                 0.1039       NaN   NaN
32                 0.1261       NaN   NaN
64                 0.1462       NaN   NaN
128                0.1470       NaN   NaN
256                0.0716       NaN   NaN
512                0.1072       NaN   NaN
  Predictions saved → /home/chjo00006/PTN/outputs/results/fsmol_gnn_classification_shift_aware_seed2/fsmol_test_predictions_size.csv  (536,650 rows)

  All 3 curves saved => /home/chjo00006/PTN/outputs/results/fsmol_gnn_classification_shift_aware_seed2/fsmol_test_results.csv

=== FS-Mol Test: mean ΔAUPRC and N assays per split_type × support_size ===
                         delta_auprc  n_assays
split_type support_size                       
random     16                 0.1262       154
           32                 0.1547       154
           64                 0.1833       153
           128                0.2201       148
           256                0.1482        29
           512                0.1535        11
scaffold   16                 0.0495       144
           32                 0.0502       144
           64                 0.0489       144
           128                0.0489       142
           256                0.0140        29
           512                0.0086        11
size       16                 0.1039       154
           32                 0.1261       154
           64                 0.1462       153
           128                0.1470       148
           256                0.0716        29
           512                0.1072        11
