Running on node: serv-3317
GPUs available: 1
------------------------------
main.py | gnn_classification_random_euclidean_16_seed0
  Loading assay 1/157...
============================================================
  Data-loss report: test/
============================================================
  Molecules in raw files        :     56,220
  -- Dropped (inexact Relation) :     12,429  (22.1%)
  -- Dropped (bad/missing fields):       129  (0.2%)
  -- Dropped (task too small)   :          0  (0.0%)
  ----------------------------------------
  Total molecules lost          :     12,558  (22.3%)
  Molecules used                :     43,662  (77.7%)
  Tasks kept                    :        154 / 157 (98.1%)
============================================================
  FS-Mol degree histogram over 55878 molecules (500 assays).
Training on: cuda
  Streaming GNN dataset: 26868 training files, n_support=16, training_split=random
  Streaming GNN dataset: 40 training files, n_support=16, training_split=random
  AMP dtype: torch.bfloat16 (bf16 supported: True)
  Epochs: 100  |  Tasks/step: 16  |  LR: 0.0001  |  training_split: random  |  train_distance: euclidean
  Train files: 26868  |  Val files: 40
  Episodes/epoch: 1600  |  Steps/epoch: ~100
Epoch   1/100 | Steps: 100 | Train BCE: 1.6525 | Train ΔAUPRC: +0.1153 | Val ΔAUPRC: +0.0590
  → Saved best model (Val ΔAUPRC: +0.0590)
Epoch   2/100 | Steps: 100 | Train BCE: 0.5064 | Train ΔAUPRC: +0.1407 | Val ΔAUPRC: +0.0653
  → Saved best model (Val ΔAUPRC: +0.0653)
Epoch   3/100 | Steps: 100 | Train BCE: 0.4628 | Train ΔAUPRC: +0.1426 | Val ΔAUPRC: +0.0663
  → Saved best model (Val ΔAUPRC: +0.0663)
Epoch   4/100 | Steps: 100 | Train BCE: 0.4825 | Train ΔAUPRC: +0.1471 | Val ΔAUPRC: +0.0814
  → Saved best model (Val ΔAUPRC: +0.0814)
Epoch   5/100 | Steps: 100 | Train BCE: 0.4395 | Train ΔAUPRC: +0.1574 | Val ΔAUPRC: +0.0797
Epoch   6/100 | Steps: 100 | Train BCE: 0.5009 | Train ΔAUPRC: +0.1517 | Val ΔAUPRC: +0.0652
Epoch   7/100 | Steps: 100 | Train BCE: 0.4413 | Train ΔAUPRC: +0.1573 | Val ΔAUPRC: +0.0659
Epoch   8/100 | Steps: 100 | Train BCE: 0.4566 | Train ΔAUPRC: +0.1589 | Val ΔAUPRC: +0.0873
  → Saved best model (Val ΔAUPRC: +0.0873)
Epoch   9/100 | Steps: 100 | Train BCE: 0.4424 | Train ΔAUPRC: +0.1690 | Val ΔAUPRC: +0.0831
Epoch  10/100 | Steps: 100 | Train BCE: 0.4129 | Train ΔAUPRC: +0.1648 | Val ΔAUPRC: +0.0690
Epoch  11/100 | Steps: 100 | Train BCE: 0.4176 | Train ΔAUPRC: +0.1635 | Val ΔAUPRC: +0.0754
Epoch  12/100 | Steps: 100 | Train BCE: 0.4324 | Train ΔAUPRC: +0.1627 | Val ΔAUPRC: +0.0865
Epoch  13/100 | Steps: 100 | Train BCE: 0.4233 | Train ΔAUPRC: +0.1656 | Val ΔAUPRC: +0.0762
Epoch  14/100 | Steps: 100 | Train BCE: 0.4579 | Train ΔAUPRC: +0.1598 | Val ΔAUPRC: +0.0844
Epoch  15/100 | Steps: 100 | Train BCE: 0.4249 | Train ΔAUPRC: +0.1780 | Val ΔAUPRC: +0.0767
Epoch  16/100 | Steps: 100 | Train BCE: 0.4263 | Train ΔAUPRC: +0.1716 | Val ΔAUPRC: +0.0649
Epoch  17/100 | Steps: 100 | Train BCE: 0.4194 | Train ΔAUPRC: +0.1739 | Val ΔAUPRC: +0.0662
Epoch  18/100 | Steps: 100 | Train BCE: 0.4292 | Train ΔAUPRC: +0.1749 | Val ΔAUPRC: +0.0712
Epoch  19/100 | Steps: 100 | Train BCE: 0.4449 | Train ΔAUPRC: +0.1789 | Val ΔAUPRC: +0.0691
Epoch  20/100 | Steps: 100 | Train BCE: 0.4058 | Train ΔAUPRC: +0.1773 | Val ΔAUPRC: +0.0796
Epoch  21/100 | Steps: 100 | Train BCE: 0.4082 | Train ΔAUPRC: +0.1817 | Val ΔAUPRC: +0.0729
Epoch  22/100 | Steps: 100 | Train BCE: 0.4150 | Train ΔAUPRC: +0.1714 | Val ΔAUPRC: +0.0698
Epoch  23/100 | Steps: 100 | Train BCE: 0.3951 | Train ΔAUPRC: +0.1780 | Val ΔAUPRC: +0.0938
  → Saved best model (Val ΔAUPRC: +0.0938)
Epoch  24/100 | Steps: 100 | Train BCE: 0.4028 | Train ΔAUPRC: +0.1891 | Val ΔAUPRC: +0.0846
Epoch  25/100 | Steps: 100 | Train BCE: 0.4212 | Train ΔAUPRC: +0.1870 | Val ΔAUPRC: +0.0935
Epoch  26/100 | Steps: 100 | Train BCE: 0.4023 | Train ΔAUPRC: +0.1863 | Val ΔAUPRC: +0.0810
Epoch  27/100 | Steps: 100 | Train BCE: 0.4106 | Train ΔAUPRC: +0.1836 | Val ΔAUPRC: +0.0780
Epoch  28/100 | Steps: 100 | Train BCE: 0.3886 | Train ΔAUPRC: +0.1888 | Val ΔAUPRC: +0.0779
Epoch  29/100 | Steps: 100 | Train BCE: 0.3989 | Train ΔAUPRC: +0.1843 | Val ΔAUPRC: +0.0741
Epoch  30/100 | Steps: 100 | Train BCE: 0.3828 | Train ΔAUPRC: +0.1858 | Val ΔAUPRC: +0.0852
Epoch  31/100 | Steps: 100 | Train BCE: 0.4000 | Train ΔAUPRC: +0.1868 | Val ΔAUPRC: +0.0816
Epoch  32/100 | Steps: 100 | Train BCE: 0.3696 | Train ΔAUPRC: +0.1896 | Val ΔAUPRC: +0.0840
Epoch  33/100 | Steps: 100 | Train BCE: 0.3819 | Train ΔAUPRC: +0.1917 | Val ΔAUPRC: +0.0886
Epoch  34/100 | Steps: 100 | Train BCE: 0.3910 | Train ΔAUPRC: +0.1797 | Val ΔAUPRC: +0.0916
Epoch  35/100 | Steps: 100 | Train BCE: 0.3856 | Train ΔAUPRC: +0.1810 | Val ΔAUPRC: +0.0718
Epoch  36/100 | Steps: 100 | Train BCE: 0.3986 | Train ΔAUPRC: +0.1873 | Val ΔAUPRC: +0.0881
Epoch  37/100 | Steps: 100 | Train BCE: 0.3765 | Train ΔAUPRC: +0.1957 | Val ΔAUPRC: +0.0832
Epoch  38/100 | Steps: 100 | Train BCE: 0.3923 | Train ΔAUPRC: +0.1878 | Val ΔAUPRC: +0.0838
Epoch  39/100 | Steps: 100 | Train BCE: 0.3900 | Train ΔAUPRC: +0.1967 | Val ΔAUPRC: +0.0900
Epoch  40/100 | Steps: 100 | Train BCE: 0.3741 | Train ΔAUPRC: +0.1890 | Val ΔAUPRC: +0.0833
Epoch  41/100 | Steps: 100 | Train BCE: 0.3669 | Train ΔAUPRC: +0.1859 | Val ΔAUPRC: +0.0837
Epoch  42/100 | Steps: 100 | Train BCE: 0.3944 | Train ΔAUPRC: +0.1933 | Val ΔAUPRC: +0.0855
Epoch  43/100 | Steps: 100 | Train BCE: 0.3858 | Train ΔAUPRC: +0.1955 | Val ΔAUPRC: +0.1012
  → Saved best model (Val ΔAUPRC: +0.1012)
Epoch  44/100 | Steps: 100 | Train BCE: 0.3950 | Train ΔAUPRC: +0.1914 | Val ΔAUPRC: +0.0875
Epoch  45/100 | Steps: 100 | Train BCE: 0.3834 | Train ΔAUPRC: +0.1994 | Val ΔAUPRC: +0.0939
Epoch  46/100 | Steps: 100 | Train BCE: 0.3849 | Train ΔAUPRC: +0.1834 | Val ΔAUPRC: +0.0856
Epoch  47/100 | Steps: 100 | Train BCE: 0.3708 | Train ΔAUPRC: +0.1967 | Val ΔAUPRC: +0.0933
Epoch  48/100 | Steps: 100 | Train BCE: 0.3883 | Train ΔAUPRC: +0.1992 | Val ΔAUPRC: +0.0929
Epoch  49/100 | Steps: 100 | Train BCE: 0.3723 | Train ΔAUPRC: +0.1994 | Val ΔAUPRC: +0.0927
Epoch  50/100 | Steps: 100 | Train BCE: 0.3662 | Train ΔAUPRC: +0.1942 | Val ΔAUPRC: +0.0872
Epoch  51/100 | Steps: 100 | Train BCE: 0.3702 | Train ΔAUPRC: +0.1992 | Val ΔAUPRC: +0.0787
Epoch  52/100 | Steps: 100 | Train BCE: 0.3841 | Train ΔAUPRC: +0.1972 | Val ΔAUPRC: +0.0935
Epoch  53/100 | Steps: 100 | Train BCE: 0.3894 | Train ΔAUPRC: +0.1982 | Val ΔAUPRC: +0.1061
  → Saved best model (Val ΔAUPRC: +0.1061)
Epoch  54/100 | Steps: 100 | Train BCE: 0.3846 | Train ΔAUPRC: +0.2010 | Val ΔAUPRC: +0.0953
Epoch  55/100 | Steps: 100 | Train BCE: 0.3712 | Train ΔAUPRC: +0.1990 | Val ΔAUPRC: +0.0945
Epoch  56/100 | Steps: 100 | Train BCE: 0.3835 | Train ΔAUPRC: +0.1912 | Val ΔAUPRC: +0.1011
Epoch  57/100 | Steps: 100 | Train BCE: 0.3746 | Train ΔAUPRC: +0.1984 | Val ΔAUPRC: +0.0994
Epoch  58/100 | Steps: 100 | Train BCE: 0.3738 | Train ΔAUPRC: +0.2048 | Val ΔAUPRC: +0.0860
Epoch  59/100 | Steps: 100 | Train BCE: 0.3640 | Train ΔAUPRC: +0.2107 | Val ΔAUPRC: +0.0904
Epoch  60/100 | Steps: 100 | Train BCE: 0.3805 | Train ΔAUPRC: +0.1979 | Val ΔAUPRC: +0.0894
Epoch  61/100 | Steps: 100 | Train BCE: 0.3665 | Train ΔAUPRC: +0.2016 | Val ΔAUPRC: +0.0961
Epoch  62/100 | Steps: 100 | Train BCE: 0.3751 | Train ΔAUPRC: +0.1922 | Val ΔAUPRC: +0.0970
Epoch  63/100 | Steps: 100 | Train BCE: 0.3750 | Train ΔAUPRC: +0.1982 | Val ΔAUPRC: +0.0898
Epoch  64/100 | Steps: 100 | Train BCE: 0.3725 | Train ΔAUPRC: +0.2057 | Val ΔAUPRC: +0.1072
  → Saved best model (Val ΔAUPRC: +0.1072)
Epoch  65/100 | Steps: 100 | Train BCE: 0.3677 | Train ΔAUPRC: +0.1926 | Val ΔAUPRC: +0.0991
Epoch  66/100 | Steps: 100 | Train BCE: 0.3754 | Train ΔAUPRC: +0.2029 | Val ΔAUPRC: +0.1051
Epoch  67/100 | Steps: 100 | Train BCE: 0.3498 | Train ΔAUPRC: +0.1987 | Val ΔAUPRC: +0.0924
Epoch  68/100 | Steps: 100 | Train BCE: 0.3656 | Train ΔAUPRC: +0.1985 | Val ΔAUPRC: +0.1004
Epoch  69/100 | Steps: 100 | Train BCE: 0.3737 | Train ΔAUPRC: +0.2027 | Val ΔAUPRC: +0.0930
Epoch  70/100 | Steps: 100 | Train BCE: 0.3655 | Train ΔAUPRC: +0.2147 | Val ΔAUPRC: +0.1051
Epoch  71/100 | Steps: 100 | Train BCE: 0.3626 | Train ΔAUPRC: +0.2042 | Val ΔAUPRC: +0.0965
Epoch  72/100 | Steps: 100 | Train BCE: 0.3722 | Train ΔAUPRC: +0.1843 | Val ΔAUPRC: +0.1125
  → Saved best model (Val ΔAUPRC: +0.1125)
Epoch  73/100 | Steps: 100 | Train BCE: 0.3808 | Train ΔAUPRC: +0.1979 | Val ΔAUPRC: +0.1040
Epoch  74/100 | Steps: 100 | Train BCE: 0.3663 | Train ΔAUPRC: +0.2039 | Val ΔAUPRC: +0.0833
Epoch  75/100 | Steps: 100 | Train BCE: 0.3722 | Train ΔAUPRC: +0.2133 | Val ΔAUPRC: +0.0988
Epoch  76/100 | Steps: 100 | Train BCE: 0.3651 | Train ΔAUPRC: +0.2106 | Val ΔAUPRC: +0.0956
Epoch  77/100 | Steps: 100 | Train BCE: 0.3682 | Train ΔAUPRC: +0.1974 | Val ΔAUPRC: +0.0945
Epoch  78/100 | Steps: 100 | Train BCE: 0.3741 | Train ΔAUPRC: +0.1984 | Val ΔAUPRC: +0.0856
Epoch  79/100 | Steps: 100 | Train BCE: 0.3700 | Train ΔAUPRC: +0.1936 | Val ΔAUPRC: +0.0939
Epoch  80/100 | Steps: 100 | Train BCE: 0.3846 | Train ΔAUPRC: +0.1916 | Val ΔAUPRC: +0.0912
Epoch  81/100 | Steps: 100 | Train BCE: 0.3674 | Train ΔAUPRC: +0.2026 | Val ΔAUPRC: +0.1055
Epoch  82/100 | Steps: 100 | Train BCE: 0.3796 | Train ΔAUPRC: +0.1904 | Val ΔAUPRC: +0.0991
Epoch  83/100 | Steps: 100 | Train BCE: 0.3795 | Train ΔAUPRC: +0.2041 | Val ΔAUPRC: +0.1062
Epoch  84/100 | Steps: 100 | Train BCE: 0.3789 | Train ΔAUPRC: +0.2124 | Val ΔAUPRC: +0.0916
Epoch  85/100 | Steps: 100 | Train BCE: 0.3690 | Train ΔAUPRC: +0.2058 | Val ΔAUPRC: +0.0982
Epoch  86/100 | Steps: 100 | Train BCE: 0.3649 | Train ΔAUPRC: +0.1920 | Val ΔAUPRC: +0.0828
Epoch  87/100 | Steps: 100 | Train BCE: 0.3725 | Train ΔAUPRC: +0.2025 | Val ΔAUPRC: +0.0776
Epoch  88/100 | Steps: 100 | Train BCE: 0.3623 | Train ΔAUPRC: +0.2000 | Val ΔAUPRC: +0.0937
Epoch  89/100 | Steps: 100 | Train BCE: 0.3781 | Train ΔAUPRC: +0.1974 | Val ΔAUPRC: +0.1024
Epoch  90/100 | Steps: 100 | Train BCE: 0.3689 | Train ΔAUPRC: +0.1952 | Val ΔAUPRC: +0.0958
Epoch  91/100 | Steps: 100 | Train BCE: 0.3768 | Train ΔAUPRC: +0.1998 | Val ΔAUPRC: +0.0909
Epoch  92/100 | Steps: 100 | Train BCE: 0.3697 | Train ΔAUPRC: +0.1943 | Val ΔAUPRC: +0.0949
Epoch  93/100 | Steps: 100 | Train BCE: 0.3818 | Train ΔAUPRC: +0.1880 | Val ΔAUPRC: +0.0909
Epoch  94/100 | Steps: 100 | Train BCE: 0.3757 | Train ΔAUPRC: +0.1878 | Val ΔAUPRC: +0.0873
Epoch  95/100 | Steps: 100 | Train BCE: 0.3690 | Train ΔAUPRC: +0.1957 | Val ΔAUPRC: +0.1007
Epoch  96/100 | Steps: 100 | Train BCE: 0.3778 | Train ΔAUPRC: +0.1985 | Val ΔAUPRC: +0.0902
Epoch  97/100 | Steps: 100 | Train BCE: 0.3909 | Train ΔAUPRC: +0.1984 | Val ΔAUPRC: +0.1064
Epoch  98/100 | Steps: 100 | Train BCE: 0.3623 | Train ΔAUPRC: +0.1908 | Val ΔAUPRC: +0.0983
Epoch  99/100 | Steps: 100 | Train BCE: 0.3758 | Train ΔAUPRC: +0.2011 | Val ΔAUPRC: +0.0910
Epoch 100/100 | Steps: 100 | Train BCE: 0.3708 | Train ΔAUPRC: +0.1834 | Val ΔAUPRC: +0.0916

Pretraining complete. Best Val ΔAUPRC: +0.1125
  eval 20/154 assays...
  eval 40/154 assays...
  eval 60/154 assays...
  eval 80/154 assays...
  eval 100/154 assays...
  eval 120/154 assays...
  eval 140/154 assays...

=== FS-Mol test summary [gnn_classification_random_euclidean_16_seed0 · emb] ===

-- split = random --
                                    dAUPRC  AUROC  n_assays
head                  support_size                         
emb_knn               16             0.057  0.576       154
                      32             0.077  0.604       154
                      64             0.097  0.625       153
                      128            0.126  0.649       148
                      256            0.106  0.665        29
                      512            0.101  0.632        11
emb_logreg            16             0.083  0.586       154
                      32             0.096  0.605       154
                      64             0.113  0.618       153
                      128            0.137  0.635       148
                      256            0.122  0.659        29
                      512            0.135  0.646        11
emb_proto_euclid      16             0.096  0.602       154
                      32             0.114  0.624       154
                      64             0.134  0.646       153
                      128            0.158  0.659       148
                      256            0.121  0.668        29
                      512            0.122  0.633        11
emb_proto_mahalanobis 16             0.093  0.596       154
                      32             0.116  0.624       154
                      64             0.139  0.649       153
                      128            0.167  0.667       148
                      256            0.134  0.684        29
                      512            0.138  0.648        11

-- split = scaffold --
                                    dAUPRC  AUROC  n_assays
head                  support_size                         
emb_knn               16             0.048  0.565       154
                      32             0.064  0.587       154
                      64             0.077  0.601       153
                      128            0.105  0.621       148
                      256            0.092  0.641        29
                      512            0.074  0.608        11
emb_logreg            16             0.071  0.575       154
                      32             0.084  0.583       154
                      64             0.097  0.598       153
                      128            0.131  0.615       148
                      256            0.111  0.644        29
                      512            0.119  0.643        11
emb_proto_euclid      16             0.085  0.591       154
                      32             0.102  0.605       154
                      64             0.123  0.629       153
                      128            0.153  0.644       148
                      256            0.112  0.652        29
                      512            0.113  0.633        11
emb_proto_mahalanobis 16             0.081  0.586       154
                      32             0.102  0.603       154
                      64             0.128  0.630       153
                      128            0.161  0.650       148
                      256            0.124  0.663        29
                      512            0.129  0.651        11

-- split = similarity --
                                    dAUPRC  AUROC  n_assays
head                  support_size                         
emb_knn               16             0.047  0.557       142
                      32             0.062  0.576       143
                      64             0.073  0.589       141
                      128            0.093  0.598       137
                      256            0.058  0.598        27
                      512            0.061  0.584        11
emb_logreg            16             0.066  0.559       142
                      32             0.078  0.570       143
                      64             0.094  0.585       141
                      128            0.119  0.594       137
                      256            0.089  0.611        27
                      512            0.095  0.601        11
emb_proto_euclid      16             0.073  0.569       142
                      32             0.097  0.592       143
                      64             0.113  0.611       141
                      128            0.142  0.624       137
                      256            0.091  0.633        27
                      512            0.094  0.606        11
emb_proto_mahalanobis 16             0.071  0.567       142
                      32             0.093  0.588       143
                      64             0.113  0.611       141
                      128            0.145  0.627       137
                      256            0.091  0.634        27
                      512            0.106  0.613        11

-- split = size --
                                    dAUPRC  AUROC  n_assays
head                  support_size                         
emb_knn               16             0.039  0.544       154
                      32             0.053  0.565       153
                      64             0.058  0.575       148
                      128            0.035  0.567        30
                      256            0.050  0.573        11
                      512            0.074  0.601         5
emb_logreg            16             0.067  0.561       154
                      32             0.068  0.561       153
                      64             0.071  0.565       148
                      128            0.036  0.530        30
                      256            0.054  0.566        11
                      512            0.077  0.593         5
emb_proto_euclid      16             0.079  0.576       154
                      32             0.086  0.581       153
                      64             0.099  0.599       148
                      128            0.055  0.573        30
                      256            0.070  0.578        11
                      512            0.093  0.612         5
emb_proto_mahalanobis 16             0.074  0.570       154
                      32             0.083  0.578       153
                      64             0.097  0.595       148
                      128            0.061  0.575        30
                      256            0.083  0.594        11
                      512            0.098  0.618         5
  saved -> /netscratch/jobanputra/PTN/outputs/gnn_classification_random_euclidean_16_seed0/csvs/fsmol_test.csv
  lbap_core_ic50_scaffold: train pool=22025, ood_test=19480, iid_test=31388
  lbap_core_ic50_size: train pool=37497, ood_test=16761, iid_test=12721
  lbap_core_ic50_assay: train pool=34953, ood_test=19463, iid_test=11960
lbap_core_ic50_scaffold             | ctx=  16 | ood_test | AUROC: 0.5926 | dAUPRC: +0.0553+/-0.0061 (base rate active shown in n_test) | RMSE: nan
lbap_core_ic50_scaffold             | ctx=  16 | iid_test | AUROC: 0.6014 | dAUPRC: +0.0288+/-0.0079 (base rate active shown in n_test) | RMSE: nan
lbap_core_ic50_scaffold             | ctx=  32 | ood_test | AUROC: 0.5939 | dAUPRC: +0.0554+/-0.0096 (base rate active shown in n_test) | RMSE: nan
lbap_core_ic50_scaffold             | ctx=  32 | iid_test | AUROC: 0.6025 | dAUPRC: +0.0269+/-0.0098 (base rate active shown in n_test) | RMSE: nan
lbap_core_ic50_scaffold             | ctx=  64 | ood_test | AUROC: 0.5896 | dAUPRC: +0.0528+/-0.0111 (base rate active shown in n_test) | RMSE: nan
lbap_core_ic50_scaffold             | ctx=  64 | iid_test | AUROC: 0.6358 | dAUPRC: +0.0364+/-0.0048 (base rate active shown in n_test) | RMSE: nan
lbap_core_ic50_scaffold             | ctx= 128 | ood_test | AUROC: 0.6029 | dAUPRC: +0.0578+/-0.0139 (base rate active shown in n_test) | RMSE: nan
lbap_core_ic50_scaffold             | ctx= 128 | iid_test | AUROC: 0.6654 | dAUPRC: +0.0434+/-0.0053 (base rate active shown in n_test) | RMSE: nan
lbap_core_ic50_scaffold             | ctx= 256 | ood_test | AUROC: 0.6177 | dAUPRC: +0.0663+/-0.0112 (base rate active shown in n_test) | RMSE: nan
lbap_core_ic50_scaffold             | ctx= 256 | iid_test | AUROC: 0.6847 | dAUPRC: +0.0484+/-0.0024 (base rate active shown in n_test) | RMSE: nan
lbap_core_ic50_scaffold             | ctx= 512 | ood_test | AUROC: 0.6156 | dAUPRC: +0.0641+/-0.0113 (base rate active shown in n_test) | RMSE: nan
lbap_core_ic50_scaffold             | ctx= 512 | iid_test | AUROC: 0.7013 | dAUPRC: +0.0516+/-0.0011 (base rate active shown in n_test) | RMSE: nan
lbap_core_ic50_size                 | ctx=  16 | ood_test | AUROC: 0.5099 | dAUPRC: +0.0104+/-0.0203 (base rate active shown in n_test) | RMSE: nan
lbap_core_ic50_size                 | ctx=  16 | iid_test | AUROC: 0.5247 | dAUPRC: +0.0063+/-0.0093 (base rate active shown in n_test) | RMSE: nan
lbap_core_ic50_size                 | ctx=  32 | ood_test | AUROC: 0.5271 | dAUPRC: +0.0196+/-0.0229 (base rate active shown in n_test) | RMSE: nan
lbap_core_ic50_size                 | ctx=  32 | iid_test | AUROC: 0.5583 | dAUPRC: +0.0108+/-0.0081 (base rate active shown in n_test) | RMSE: nan
lbap_core_ic50_size                 | ctx=  64 | ood_test | AUROC: 0.5505 | dAUPRC: +0.0323+/-0.0143 (base rate active shown in n_test) | RMSE: nan
lbap_core_ic50_size                 | ctx=  64 | iid_test | AUROC: 0.6184 | dAUPRC: +0.0219+/-0.0061 (base rate active shown in n_test) | RMSE: nan
lbap_core_ic50_size                 | ctx= 128 | ood_test | AUROC: 0.5409 | dAUPRC: +0.0244+/-0.0151 (base rate active shown in n_test) | RMSE: nan
lbap_core_ic50_size                 | ctx= 128 | iid_test | AUROC: 0.6388 | dAUPRC: +0.0263+/-0.0029 (base rate active shown in n_test) | RMSE: nan
lbap_core_ic50_size                 | ctx= 256 | ood_test | AUROC: 0.5571 | dAUPRC: +0.0361+/-0.0118 (base rate active shown in n_test) | RMSE: nan
lbap_core_ic50_size                 | ctx= 256 | iid_test | AUROC: 0.6668 | dAUPRC: +0.0311+/-0.0028 (base rate active shown in n_test) | RMSE: nan
lbap_core_ic50_size                 | ctx= 512 | ood_test | AUROC: 0.5650 | dAUPRC: +0.0431+/-0.0090 (base rate active shown in n_test) | RMSE: nan
lbap_core_ic50_size                 | ctx= 512 | iid_test | AUROC: 0.6966 | dAUPRC: +0.0365+/-0.0016 (base rate active shown in n_test) | RMSE: nan
lbap_core_ic50_assay                | ctx=  16 | ood_test | AUROC: 0.5636 | dAUPRC: +0.0254+/-0.0171 (base rate active shown in n_test) | RMSE: nan
lbap_core_ic50_assay                | ctx=  16 | iid_test | AUROC: 0.6131 | dAUPRC: +0.0339+/-0.0152 (base rate active shown in n_test) | RMSE: nan
lbap_core_ic50_assay                | ctx=  32 | ood_test | AUROC: 0.6032 | dAUPRC: +0.0400+/-0.0100 (base rate active shown in n_test) | RMSE: nan
lbap_core_ic50_assay                | ctx=  32 | iid_test | AUROC: 0.6628 | dAUPRC: +0.0465+/-0.0049 (base rate active shown in n_test) | RMSE: nan
lbap_core_ic50_assay                | ctx=  64 | ood_test | AUROC: 0.6223 | dAUPRC: +0.0472+/-0.0087 (base rate active shown in n_test) | RMSE: nan
lbap_core_ic50_assay                | ctx=  64 | iid_test | AUROC: 0.6788 | dAUPRC: +0.0500+/-0.0060 (base rate active shown in n_test) | RMSE: nan
lbap_core_ic50_assay                | ctx= 128 | ood_test | AUROC: 0.6455 | dAUPRC: +0.0574+/-0.0060 (base rate active shown in n_test) | RMSE: nan
lbap_core_ic50_assay                | ctx= 128 | iid_test | AUROC: 0.7215 | dAUPRC: +0.0627+/-0.0045 (base rate active shown in n_test) | RMSE: nan
lbap_core_ic50_assay                | ctx= 256 | ood_test | AUROC: 0.6588 | dAUPRC: +0.0634+/-0.0043 (base rate active shown in n_test) | RMSE: nan
lbap_core_ic50_assay                | ctx= 256 | iid_test | AUROC: 0.7461 | dAUPRC: +0.0695+/-0.0025 (base rate active shown in n_test) | RMSE: nan
lbap_core_ic50_assay                | ctx= 512 | ood_test | AUROC: 0.6657 | dAUPRC: +0.0653+/-0.0036 (base rate active shown in n_test) | RMSE: nan
lbap_core_ic50_assay                | ctx= 512 | iid_test | AUROC: 0.7569 | dAUPRC: +0.0714+/-0.0035 (base rate active shown in n_test) | RMSE: nan

=== DrugOOD summary (ood_test, mean over context sizes) ===
                         auroc  delta_auprc
split_type                                 
lbap_core_ic50_assay     0.626        0.050
lbap_core_ic50_scaffold  0.602        0.059
lbap_core_ic50_size      0.542        0.028
