============================================================
Prototypical Network: Molecular OOD
  encoder=ecfp  head=classification  split=random  seed=1
  run_tag => ecfp_classification_random_seed1
  checkpoint => /home/chjo00006/PTN/checkpoints/ptn_ecfp_classification_random_seed1.pt
============================================================

[1/4] Indexing FS-Mol files...
  Train: 26868  Val: 40  Test: 157
  RAM: 0.5 GB

[2/4] Pretraining on FS-Mol...
Training on: cuda
  Streaming ECFP dataset: 26868 training files, n_support=64
  Streaming ECFP dataset: 40 training files, n_support=64
  AMP dtype: torch.bfloat16 (bf16 supported: True)
  Epochs: 100  |  Tasks/step: 16  |  LR: 0.001
  Train files: 26868  |  Val files: 40
  Episodes/epoch: 1600  |  Steps/epoch: ~100
Epoch   1/100 | Steps: 100 | Train BCE: 0.4484 | Train ΔAUPRC: +0.1379 | Val ΔAUPRC: +0.1184
  → Saved best model (Val ΔAUPRC: +0.1184)
Epoch   2/100 | Steps: 100 | Train BCE: 0.4290 | Train ΔAUPRC: +0.1649 | Val ΔAUPRC: +0.1538
  → Saved best model (Val ΔAUPRC: +0.1538)
Epoch   3/100 | Steps: 100 | Train BCE: 0.4268 | Train ΔAUPRC: +0.1684 | Val ΔAUPRC: +0.1404
Epoch   4/100 | Steps: 100 | Train BCE: 0.4079 | Train ΔAUPRC: +0.1821 | Val ΔAUPRC: +0.1414
Epoch   5/100 | Steps: 100 | Train BCE: 0.4190 | Train ΔAUPRC: +0.1859 | Val ΔAUPRC: +0.1505
Epoch   6/100 | Steps: 100 | Train BCE: 0.4165 | Train ΔAUPRC: +0.1878 | Val ΔAUPRC: +0.1526
Epoch   7/100 | Steps: 100 | Train BCE: 0.4221 | Train ΔAUPRC: +0.1917 | Val ΔAUPRC: +0.1532
Epoch   8/100 | Steps: 100 | Train BCE: 0.4021 | Train ΔAUPRC: +0.1983 | Val ΔAUPRC: +0.1593
  → Saved best model (Val ΔAUPRC: +0.1593)
Epoch   9/100 | Steps: 100 | Train BCE: 0.4045 | Train ΔAUPRC: +0.1989 | Val ΔAUPRC: +0.1376
Epoch  10/100 | Steps: 100 | Train BCE: 0.4104 | Train ΔAUPRC: +0.2013 | Val ΔAUPRC: +0.1585
Epoch  11/100 | Steps: 100 | Train BCE: 0.4034 | Train ΔAUPRC: +0.2076 | Val ΔAUPRC: +0.1522
Epoch  12/100 | Steps: 100 | Train BCE: 0.3993 | Train ΔAUPRC: +0.2237 | Val ΔAUPRC: +0.1358
Epoch  13/100 | Steps: 100 | Train BCE: 0.3956 | Train ΔAUPRC: +0.2178 | Val ΔAUPRC: +0.1560
Epoch  14/100 | Steps: 100 | Train BCE: 0.3947 | Train ΔAUPRC: +0.2169 | Val ΔAUPRC: +0.1492
Epoch  15/100 | Steps: 100 | Train BCE: 0.3797 | Train ΔAUPRC: +0.2155 | Val ΔAUPRC: +0.1527
Epoch  16/100 | Steps: 100 | Train BCE: 0.4006 | Train ΔAUPRC: +0.2237 | Val ΔAUPRC: +0.1400
Epoch  17/100 | Steps: 100 | Train BCE: 0.3799 | Train ΔAUPRC: +0.2232 | Val ΔAUPRC: +0.1470
Epoch  18/100 | Steps: 100 | Train BCE: 0.3851 | Train ΔAUPRC: +0.2276 | Val ΔAUPRC: +0.1461
Epoch  19/100 | Steps: 100 | Train BCE: 0.3806 | Train ΔAUPRC: +0.2301 | Val ΔAUPRC: +0.1339
Epoch  20/100 | Steps: 100 | Train BCE: 0.3801 | Train ΔAUPRC: +0.2245 | Val ΔAUPRC: +0.1538
Epoch  21/100 | Steps: 100 | Train BCE: 0.3798 | Train ΔAUPRC: +0.2319 | Val ΔAUPRC: +0.1414
Epoch  22/100 | Steps: 100 | Train BCE: 0.3778 | Train ΔAUPRC: +0.2404 | Val ΔAUPRC: +0.1551
Epoch  23/100 | Steps: 100 | Train BCE: 0.3728 | Train ΔAUPRC: +0.2412 | Val ΔAUPRC: +0.1479
Epoch  24/100 | Steps: 100 | Train BCE: 0.3685 | Train ΔAUPRC: +0.2372 | Val ΔAUPRC: +0.1557
Epoch  25/100 | Steps: 100 | Train BCE: 0.3653 | Train ΔAUPRC: +0.2338 | Val ΔAUPRC: +0.1648
  → Saved best model (Val ΔAUPRC: +0.1648)
Epoch  26/100 | Steps: 100 | Train BCE: 0.3694 | Train ΔAUPRC: +0.2463 | Val ΔAUPRC: +0.1451
Epoch  27/100 | Steps: 100 | Train BCE: 0.3627 | Train ΔAUPRC: +0.2422 | Val ΔAUPRC: +0.1656
  → Saved best model (Val ΔAUPRC: +0.1656)
Epoch  28/100 | Steps: 100 | Train BCE: 0.3736 | Train ΔAUPRC: +0.2429 | Val ΔAUPRC: +0.1425
Epoch  29/100 | Steps: 100 | Train BCE: 0.3708 | Train ΔAUPRC: +0.2417 | Val ΔAUPRC: +0.1470
Epoch  30/100 | Steps: 100 | Train BCE: 0.3559 | Train ΔAUPRC: +0.2515 | Val ΔAUPRC: +0.1599
Epoch  31/100 | Steps: 100 | Train BCE: 0.3651 | Train ΔAUPRC: +0.2429 | Val ΔAUPRC: +0.1426
Epoch  32/100 | Steps: 100 | Train BCE: 0.3523 | Train ΔAUPRC: +0.2478 | Val ΔAUPRC: +0.1554
Epoch  33/100 | Steps: 100 | Train BCE: 0.3577 | Train ΔAUPRC: +0.2565 | Val ΔAUPRC: +0.1517
Epoch  34/100 | Steps: 100 | Train BCE: 0.3520 | Train ΔAUPRC: +0.2555 | Val ΔAUPRC: +0.1593
Epoch  35/100 | Steps: 100 | Train BCE: 0.3582 | Train ΔAUPRC: +0.2525 | Val ΔAUPRC: +0.1560
Epoch  36/100 | Steps: 100 | Train BCE: 0.3520 | Train ΔAUPRC: +0.2543 | Val ΔAUPRC: +0.1540
Epoch  37/100 | Steps: 100 | Train BCE: 0.3576 | Train ΔAUPRC: +0.2514 | Val ΔAUPRC: +0.1697
  → Saved best model (Val ΔAUPRC: +0.1697)
Epoch  38/100 | Steps: 100 | Train BCE: 0.3441 | Train ΔAUPRC: +0.2545 | Val ΔAUPRC: +0.1611
Epoch  39/100 | Steps: 100 | Train BCE: 0.3455 | Train ΔAUPRC: +0.2575 | Val ΔAUPRC: +0.1740
  → Saved best model (Val ΔAUPRC: +0.1740)
Epoch  40/100 | Steps: 100 | Train BCE: 0.3486 | Train ΔAUPRC: +0.2621 | Val ΔAUPRC: +0.1545
Epoch  41/100 | Steps: 100 | Train BCE: 0.3440 | Train ΔAUPRC: +0.2598 | Val ΔAUPRC: +0.1614
Epoch  42/100 | Steps: 100 | Train BCE: 0.3519 | Train ΔAUPRC: +0.2645 | Val ΔAUPRC: +0.1535
Epoch  43/100 | Steps: 100 | Train BCE: 0.3551 | Train ΔAUPRC: +0.2666 | Val ΔAUPRC: +0.1498
Epoch  44/100 | Steps: 100 | Train BCE: 0.3357 | Train ΔAUPRC: +0.2572 | Val ΔAUPRC: +0.1528
Epoch  45/100 | Steps: 100 | Train BCE: 0.3448 | Train ΔAUPRC: +0.2613 | Val ΔAUPRC: +0.1445
Epoch  46/100 | Steps: 100 | Train BCE: 0.3415 | Train ΔAUPRC: +0.2646 | Val ΔAUPRC: +0.1670
Epoch  47/100 | Steps: 100 | Train BCE: 0.3316 | Train ΔAUPRC: +0.2675 | Val ΔAUPRC: +0.1545
Epoch  48/100 | Steps: 100 | Train BCE: 0.3455 | Train ΔAUPRC: +0.2736 | Val ΔAUPRC: +0.1634
Epoch  49/100 | Steps: 100 | Train BCE: 0.3185 | Train ΔAUPRC: +0.2756 | Val ΔAUPRC: +0.1511
Epoch  50/100 | Steps: 100 | Train BCE: 0.3374 | Train ΔAUPRC: +0.2709 | Val ΔAUPRC: +0.1573
Epoch  51/100 | Steps: 100 | Train BCE: 0.3253 | Train ΔAUPRC: +0.2636 | Val ΔAUPRC: +0.1605
Epoch  52/100 | Steps: 100 | Train BCE: 0.3352 | Train ΔAUPRC: +0.2649 | Val ΔAUPRC: +0.1639
Epoch  53/100 | Steps: 100 | Train BCE: 0.3437 | Train ΔAUPRC: +0.2666 | Val ΔAUPRC: +0.1671
Epoch  54/100 | Steps: 100 | Train BCE: 0.3399 | Train ΔAUPRC: +0.2760 | Val ΔAUPRC: +0.1454
Epoch  55/100 | Steps: 100 | Train BCE: 0.3288 | Train ΔAUPRC: +0.2673 | Val ΔAUPRC: +0.1591
Epoch  56/100 | Steps: 100 | Train BCE: 0.3281 | Train ΔAUPRC: +0.2761 | Val ΔAUPRC: +0.1551
Epoch  57/100 | Steps: 100 | Train BCE: 0.3253 | Train ΔAUPRC: +0.2836 | Val ΔAUPRC: +0.1631
Epoch  58/100 | Steps: 100 | Train BCE: 0.3440 | Train ΔAUPRC: +0.2716 | Val ΔAUPRC: +0.1505
Epoch  59/100 | Steps: 100 | Train BCE: 0.3246 | Train ΔAUPRC: +0.2784 | Val ΔAUPRC: +0.1523
Epoch  60/100 | Steps: 100 | Train BCE: 0.3299 | Train ΔAUPRC: +0.2713 | Val ΔAUPRC: +0.1639
Epoch  61/100 | Steps: 100 | Train BCE: 0.3289 | Train ΔAUPRC: +0.2804 | Val ΔAUPRC: +0.1598
Epoch  62/100 | Steps: 100 | Train BCE: 0.3263 | Train ΔAUPRC: +0.2794 | Val ΔAUPRC: +0.1523
Epoch  63/100 | Steps: 100 | Train BCE: 0.3280 | Train ΔAUPRC: +0.2795 | Val ΔAUPRC: +0.1454
Epoch  64/100 | Steps: 100 | Train BCE: 0.3284 | Train ΔAUPRC: +0.2757 | Val ΔAUPRC: +0.1536

Early stopping at epoch 64 (no improvement for 25 epochs).

Pretraining complete. Best Val ΔAUPRC: +0.1740
  RAM after pretrain: 1.2 GB

[3/4] Evaluating on DrugOOD...
  lbap_core_ic50_scaffold: train pool=22025, ood_test=19480, iid_test=31388
  lbap_core_ic50_size: train pool=37497, ood_test=16761, iid_test=12721
  lbap_core_ic50_assay: train pool=34953, ood_test=19463, iid_test=11960
  RAM after DrugOOD load: 3.6 GB
Loaded ecfp/classification model from epoch 39 (Val ΔAUPRC=+0.1740)
lbap_core_ic50_scaffold             | ctx=  16 | ood_test | ΔAUPRC: +0.0000±0.0000 | RMSE: nan | Spearman: nan
lbap_core_ic50_scaffold             | ctx=  16 | iid_test | ΔAUPRC: +0.0000±0.0000 | RMSE: nan | Spearman: nan
lbap_core_ic50_scaffold             | ctx=  32 | ood_test | ΔAUPRC: +0.0046±0.0065 | RMSE: nan | Spearman: nan
lbap_core_ic50_scaffold             | ctx=  32 | iid_test | ΔAUPRC: +0.0004±0.0006 | RMSE: nan | Spearman: nan
lbap_core_ic50_scaffold             | ctx=  64 | ood_test | ΔAUPRC: -0.0034±0.0103 | RMSE: nan | Spearman: nan
lbap_core_ic50_scaffold             | ctx=  64 | iid_test | ΔAUPRC: -0.0059±0.0066 | RMSE: nan | Spearman: nan
lbap_core_ic50_scaffold             | ctx= 128 | ood_test | ΔAUPRC: +0.0211±0.0134 | RMSE: nan | Spearman: nan
lbap_core_ic50_scaffold             | ctx= 128 | iid_test | ΔAUPRC: +0.0101±0.0049 | RMSE: nan | Spearman: nan
lbap_core_ic50_scaffold             | ctx= 256 | ood_test | ΔAUPRC: +0.0239±0.0050 | RMSE: nan | Spearman: nan
lbap_core_ic50_scaffold             | ctx= 256 | iid_test | ΔAUPRC: +0.0138±0.0025 | RMSE: nan | Spearman: nan
lbap_core_ic50_scaffold             | ctx= 512 | ood_test | ΔAUPRC: +0.0220±0.0139 | RMSE: nan | Spearman: nan
lbap_core_ic50_scaffold             | ctx= 512 | iid_test | ΔAUPRC: +0.0126±0.0077 | RMSE: nan | Spearman: nan
lbap_core_ic50_size                 | ctx=  16 | ood_test | ΔAUPRC: +0.0146±0.0073 | RMSE: nan | Spearman: nan
lbap_core_ic50_size                 | ctx=  16 | iid_test | ΔAUPRC: +0.0067±0.0059 | RMSE: nan | Spearman: nan
lbap_core_ic50_size                 | ctx=  32 | ood_test | ΔAUPRC: +0.0018±0.0065 | RMSE: nan | Spearman: nan
lbap_core_ic50_size                 | ctx=  32 | iid_test | ΔAUPRC: -0.0022±0.0013 | RMSE: nan | Spearman: nan
lbap_core_ic50_size                 | ctx=  64 | ood_test | ΔAUPRC: +0.0139±0.0053 | RMSE: nan | Spearman: nan
lbap_core_ic50_size                 | ctx=  64 | iid_test | ΔAUPRC: +0.0043±0.0028 | RMSE: nan | Spearman: nan
lbap_core_ic50_size                 | ctx= 128 | ood_test | ΔAUPRC: +0.0201±0.0039 | RMSE: nan | Spearman: nan
lbap_core_ic50_size                 | ctx= 128 | iid_test | ΔAUPRC: +0.0073±0.0022 | RMSE: nan | Spearman: nan
lbap_core_ic50_size                 | ctx= 256 | ood_test | ΔAUPRC: +0.0256±0.0066 | RMSE: nan | Spearman: nan
lbap_core_ic50_size                 | ctx= 256 | iid_test | ΔAUPRC: +0.0098±0.0010 | RMSE: nan | Spearman: nan
lbap_core_ic50_size                 | ctx= 512 | ood_test | ΔAUPRC: +0.0303±0.0042 | RMSE: nan | Spearman: nan
lbap_core_ic50_size                 | ctx= 512 | iid_test | ΔAUPRC: +0.0135±0.0011 | RMSE: nan | Spearman: nan
lbap_core_ic50_assay                | ctx=  16 | ood_test | ΔAUPRC: -0.0028±0.0098 | RMSE: nan | Spearman: nan
lbap_core_ic50_assay                | ctx=  16 | iid_test | ΔAUPRC: +0.0117±0.0166 | RMSE: nan | Spearman: nan
lbap_core_ic50_assay                | ctx=  32 | ood_test | ΔAUPRC: -0.0082±0.0138 | RMSE: nan | Spearman: nan
lbap_core_ic50_assay                | ctx=  32 | iid_test | ΔAUPRC: +0.0052±0.0193 | RMSE: nan | Spearman: nan
lbap_core_ic50_assay                | ctx=  64 | ood_test | ΔAUPRC: +0.0021±0.0140 | RMSE: nan | Spearman: nan
lbap_core_ic50_assay                | ctx=  64 | iid_test | ΔAUPRC: +0.0184±0.0195 | RMSE: nan | Spearman: nan
lbap_core_ic50_assay                | ctx= 128 | ood_test | ΔAUPRC: +0.0131±0.0116 | RMSE: nan | Spearman: nan
lbap_core_ic50_assay                | ctx= 128 | iid_test | ΔAUPRC: +0.0325±0.0037 | RMSE: nan | Spearman: nan
lbap_core_ic50_assay                | ctx= 256 | ood_test | ΔAUPRC: +0.0116±0.0059 | RMSE: nan | Spearman: nan
lbap_core_ic50_assay                | ctx= 256 | iid_test | ΔAUPRC: +0.0315±0.0043 | RMSE: nan | Spearman: nan
lbap_core_ic50_assay                | ctx= 512 | ood_test | ΔAUPRC: +0.0132±0.0036 | RMSE: nan | Spearman: nan
lbap_core_ic50_assay                | ctx= 512 | iid_test | ΔAUPRC: +0.0326±0.0033 | RMSE: nan | Spearman: nan
  Saved => /home/chjo00006/PTN/outputs/results/ecfp_classification_random_seed1/drugood_results.csv

=== DrugOOD results (long-form) ===
                    split_type query_set  context_set_size  actual_context_n  n_test  n_seeds  delta_auprc  delta_auprc_std  rmse  rmse_std  mae  spearman  spearman_std
index                                                                                                                                                                   
0      lbap_core_ic50_scaffold  ood_test                16                16   19480        3     0.000000         0.000000   NaN       NaN  NaN       NaN           NaN
1      lbap_core_ic50_scaffold  iid_test                16                16   31388        3     0.000000         0.000000   NaN       NaN  NaN       NaN           NaN
2      lbap_core_ic50_scaffold  ood_test                32                32   19480        3     0.004614         0.006525   NaN       NaN  NaN       NaN           NaN
3      lbap_core_ic50_scaffold  iid_test                32                32   31388        3     0.000435         0.000615   NaN       NaN  NaN       NaN           NaN
4      lbap_core_ic50_scaffold  ood_test                64                64   19480        3    -0.003361         0.010342   NaN       NaN  NaN       NaN           NaN
5      lbap_core_ic50_scaffold  iid_test                64                64   31388        3    -0.005943         0.006613   NaN       NaN  NaN       NaN           NaN
6      lbap_core_ic50_scaffold  ood_test               128               128   19480        3     0.021146         0.013360   NaN       NaN  NaN       NaN           NaN
7      lbap_core_ic50_scaffold  iid_test               128               128   31388        3     0.010063         0.004855   NaN       NaN  NaN       NaN           NaN
8      lbap_core_ic50_scaffold  ood_test               256               256   19480        3     0.023885         0.004990   NaN       NaN  NaN       NaN           NaN
9      lbap_core_ic50_scaffold  iid_test               256               256   31388        3     0.013849         0.002513   NaN       NaN  NaN       NaN           NaN
10     lbap_core_ic50_scaffold  ood_test               512               512   19480        3     0.021992         0.013940   NaN       NaN  NaN       NaN           NaN
11     lbap_core_ic50_scaffold  iid_test               512               512   31388        3     0.012554         0.007726   NaN       NaN  NaN       NaN           NaN
12         lbap_core_ic50_size  ood_test                16                16   16761        3     0.014610         0.007297   NaN       NaN  NaN       NaN           NaN
13         lbap_core_ic50_size  iid_test                16                16   12721        3     0.006711         0.005928   NaN       NaN  NaN       NaN           NaN
14         lbap_core_ic50_size  ood_test                32                32   16761        3     0.001797         0.006516   NaN       NaN  NaN       NaN           NaN
15         lbap_core_ic50_size  iid_test                32                32   12721        3    -0.002196         0.001313   NaN       NaN  NaN       NaN           NaN
16         lbap_core_ic50_size  ood_test                64                64   16761        3     0.013899         0.005317   NaN       NaN  NaN       NaN           NaN
17         lbap_core_ic50_size  iid_test                64                64   12721        3     0.004320         0.002768   NaN       NaN  NaN       NaN           NaN
18         lbap_core_ic50_size  ood_test               128               128   16761        3     0.020122         0.003875   NaN       NaN  NaN       NaN           NaN
19         lbap_core_ic50_size  iid_test               128               128   12721        3     0.007313         0.002191   NaN       NaN  NaN       NaN           NaN
20         lbap_core_ic50_size  ood_test               256               256   16761        3     0.025612         0.006630   NaN       NaN  NaN       NaN           NaN
21         lbap_core_ic50_size  iid_test               256               256   12721        3     0.009757         0.000992   NaN       NaN  NaN       NaN           NaN
22         lbap_core_ic50_size  ood_test               512               512   16761        3     0.030272         0.004173   NaN       NaN  NaN       NaN           NaN
23         lbap_core_ic50_size  iid_test               512               512   12721        3     0.013454         0.001115   NaN       NaN  NaN       NaN           NaN
24        lbap_core_ic50_assay  ood_test                16                16   19463        3    -0.002766         0.009847   NaN       NaN  NaN       NaN           NaN
25        lbap_core_ic50_assay  iid_test                16                16   11960        3     0.011658         0.016576   NaN       NaN  NaN       NaN           NaN
26        lbap_core_ic50_assay  ood_test                32                32   19463        3    -0.008154         0.013804   NaN       NaN  NaN       NaN           NaN
27        lbap_core_ic50_assay  iid_test                32                32   11960        3     0.005168         0.019250   NaN       NaN  NaN       NaN           NaN
28        lbap_core_ic50_assay  ood_test                64                64   19463        3     0.002121         0.014011   NaN       NaN  NaN       NaN           NaN
29        lbap_core_ic50_assay  iid_test                64                64   11960        3     0.018392         0.019524   NaN       NaN  NaN       NaN           NaN
30        lbap_core_ic50_assay  ood_test               128               128   19463        3     0.013143         0.011554   NaN       NaN  NaN       NaN           NaN
31        lbap_core_ic50_assay  iid_test               128               128   11960        3     0.032532         0.003687   NaN       NaN  NaN       NaN           NaN
32        lbap_core_ic50_assay  ood_test               256               256   19463        3     0.011634         0.005937   NaN       NaN  NaN       NaN           NaN
33        lbap_core_ic50_assay  iid_test               256               256   11960        3     0.031479         0.004277   NaN       NaN  NaN       NaN           NaN
34        lbap_core_ic50_assay  ood_test               512               512   19463        3     0.013214         0.003583   NaN       NaN  NaN       NaN           NaN
35        lbap_core_ic50_assay  iid_test               512               512   11960        3     0.032569         0.003298   NaN       NaN  NaN       NaN           NaN

=== Summary: mean ΔAUPRC per split × query_set ===
split_type               query_set
lbap_core_ic50_assay     iid_test     0.0220
                         ood_test     0.0049
lbap_core_ic50_scaffold  iid_test     0.0052
                         ood_test     0.0114
lbap_core_ic50_size      iid_test     0.0066
                         ood_test     0.0177
Name: delta_auprc, dtype: float64

[4/4] FS-Mol test evaluation...

  [4a] Inside-task OOD (scaffold split, n_support=16)...
  Loading assay 1/157...
============================================================
  Data-loss report: test/
============================================================
  Molecules in raw files        :     56,220
  -- Dropped (inexact Relation) :     12,429  (22.1%)
  -- Dropped (bad/missing fields):       129  (0.2%)
  -- Dropped (task too small)   :          0  (0.0%)
  ----------------------------------------
  Total molecules lost          :     12,558  (22.3%)
  Molecules used for training   :     43,662  (77.7%)
  ---
  Tasks in directory            :        157
  Tasks dropped (<32 molecules)  :          3  (1.9%)
  Tasks kept                    :        154  (98.1%)
============================================================
  Test assays loaded: 154

Inside-task OOD: 153 assays evaluated, 1 skipped (no scaffold group with ≥3 molecules).
  Mean Spearman : nan  (0/153 assays non-nan)
  Mean RMSE     : nan
  Mean ΔAUPRC   : 0.0182
  Saved => /home/chjo00006/PTN/outputs/results/ecfp_classification_random_seed1/inside_task_ood.csv

  [4b] Support-size sweep (random / scaffold / size splits)...

  -- split_type = random --
  [random] 20/154 assays...  [random] 40/154 assays...  [random] 60/154 assays...  [random] 80/154 assays...  [random] 100/154 assays...  [random] 120/154 assays...  [random] 140/154 assays...
  Done [random]. 154 assays × 6 support sizes.

=== FS-Mol Test [random]: mean metrics per support size ===
              delta_auprc  spearman  rmse
support_size                             
16                 0.1238       NaN   NaN
32                 0.1391       NaN   NaN
64                 0.1580       NaN   NaN
128                0.1843       NaN   NaN
256                0.0814       NaN   NaN
512                0.0678       NaN   NaN
  Predictions saved → /home/chjo00006/PTN/outputs/results/ecfp_classification_random_seed1/fsmol_test_predictions_random.csv  (825,490 rows)

  -- split_type = scaffold --
  [scaffold] 60/154 assays...  [scaffold] 80/154 assays...  [scaffold] 100/154 assays...  [scaffold] 120/154 assays...  [scaffold] 140/154 assays...
  Done [scaffold]. 144 assays × 6 support sizes.

=== FS-Mol Test [scaffold]: mean metrics per support size ===
              delta_auprc  spearman  rmse
support_size                             
16                 0.0615       NaN   NaN
32                 0.0606       NaN   NaN
64                 0.0568       NaN   NaN
128                0.0608       NaN   NaN
256                0.0065       NaN   NaN
512                0.0055       NaN   NaN
  Predictions saved → /home/chjo00006/PTN/outputs/results/ecfp_classification_random_seed1/fsmol_test_predictions_scaffold.csv  (1,022,570 rows)

  -- split_type = size --
  [size] 20/154 assays...  [size] 40/154 assays...  [size] 60/154 assays...  [size] 80/154 assays...  [size] 100/154 assays...  [size] 120/154 assays...  [size] 140/154 assays...
  Done [size]. 154 assays × 6 support sizes.

=== FS-Mol Test [size]: mean metrics per support size ===
              delta_auprc  spearman  rmse
support_size                             
16                 0.1099       NaN   NaN
32                 0.1252       NaN   NaN
64                 0.1374       NaN   NaN
128                0.1365       NaN   NaN
256                0.0346       NaN   NaN
512                0.0462       NaN   NaN
  Predictions saved → /home/chjo00006/PTN/outputs/results/ecfp_classification_random_seed1/fsmol_test_predictions_size.csv  (536,650 rows)

  All 3 curves saved => /home/chjo00006/PTN/outputs/results/ecfp_classification_random_seed1/fsmol_test_results.csv

=== FS-Mol Test: mean ΔAUPRC and N assays per split_type × support_size ===
                         delta_auprc  n_assays
split_type support_size                       
random     16                 0.1238       154
           32                 0.1391       154
           64                 0.1580       153
           128                0.1843       148
           256                0.0814        29
           512                0.0678        11
scaffold   16                 0.0615       144
           32                 0.0606       144
           64                 0.0568       144
           128                0.0608       142
           256                0.0065        29
           512                0.0055        11
size       16                 0.1099       154
           32                 0.1252       154
           64                 0.1374       153
           128                0.1365       148
           256                0.0346        29
           512                0.0462        11
