============================================================
Prototypical Network: Molecular OOD
  encoder=fsmol_gnn  head=classification  split=anneal  seed=0
  run_tag => fsmol_gnn_classification_anneal_seed0
  checkpoint => /home/chjo00006/PTN/checkpoints/ptn_fsmol_gnn_classification_anneal_seed0.pt
============================================================

[1/4] Indexing FS-Mol files...
  Train: 26868  Val: 40  Test: 157
  RAM: 0.6 GB

[2/4] Pretraining on FS-Mol...
  Computing FS-Mol degree histogram for PNA scalers...
  FS-Mol degree histogram over 29149 molecules (500 assays).
Training on: cuda
  Ratio annealing: scaffold fraction 0.0 -> 0.60 over 100 epochs
  Streaming GNN dataset: 26868 training files, n_support=64
  Streaming GNN dataset: 40 training files, n_support=64
  AMP dtype: torch.bfloat16 (bf16 supported: True)
  Epochs: 100  |  Tasks/step: 16  |  LR: 0.0001
  Train files: 26868  |  Val files: 40
  Episodes/epoch: 1600  |  Steps/epoch: ~100
Epoch   1/100 | ratio=0.000 | Steps: 100 | Train BCE: 1.8855 | Train dAUPRC: +0.0916 | Val dAUPRC: +0.0928
  -> Saved best model (Val dAUPRC: +0.0928)
Epoch   2/100 | ratio=0.006 | Steps: 100 | Train BCE: 0.4651 | Train dAUPRC: +0.1337 | Val dAUPRC: +0.0901
Epoch   3/100 | ratio=0.012 | Steps: 100 | Train BCE: 0.4574 | Train dAUPRC: +0.1511 | Val dAUPRC: +0.1025
  -> Saved best model (Val dAUPRC: +0.1025)
Epoch   4/100 | ratio=0.018 | Steps: 100 | Train BCE: 0.4749 | Train dAUPRC: +0.1442 | Val dAUPRC: +0.1022
Epoch   5/100 | ratio=0.024 | Steps: 100 | Train BCE: 0.4394 | Train dAUPRC: +0.1620 | Val dAUPRC: +0.1143
  -> Saved best model (Val dAUPRC: +0.1143)
Epoch   6/100 | ratio=0.030 | Steps: 100 | Train BCE: 0.4325 | Train dAUPRC: +0.1683 | Val dAUPRC: +0.1214
  -> Saved best model (Val dAUPRC: +0.1214)
Epoch   7/100 | ratio=0.036 | Steps: 100 | Train BCE: 0.4174 | Train dAUPRC: +0.1768 | Val dAUPRC: +0.1101
Epoch   8/100 | ratio=0.042 | Steps: 100 | Train BCE: 0.4343 | Train dAUPRC: +0.1755 | Val dAUPRC: +0.1383
  -> Saved best model (Val dAUPRC: +0.1383)
Epoch   9/100 | ratio=0.048 | Steps: 100 | Train BCE: 0.3963 | Train dAUPRC: +0.1860 | Val dAUPRC: +0.1276
Epoch  10/100 | ratio=0.055 | Steps: 100 | Train BCE: 0.4114 | Train dAUPRC: +0.1790 | Val dAUPRC: +0.1418
  -> Saved best model (Val dAUPRC: +0.1418)
Epoch  11/100 | ratio=0.061 | Steps: 100 | Train BCE: 0.3996 | Train dAUPRC: +0.1819 | Val dAUPRC: +0.1484
  -> Saved best model (Val dAUPRC: +0.1484)
Epoch  12/100 | ratio=0.067 | Steps: 100 | Train BCE: 0.3982 | Train dAUPRC: +0.1855 | Val dAUPRC: +0.1368
Epoch  13/100 | ratio=0.073 | Steps: 100 | Train BCE: 0.3935 | Train dAUPRC: +0.1834 | Val dAUPRC: +0.1569
  -> Saved best model (Val dAUPRC: +0.1569)
Epoch  14/100 | ratio=0.079 | Steps: 100 | Train BCE: 0.3970 | Train dAUPRC: +0.1923 | Val dAUPRC: +0.1505
Epoch  15/100 | ratio=0.085 | Steps: 100 | Train BCE: 0.3861 | Train dAUPRC: +0.1981 | Val dAUPRC: +0.1632
  -> Saved best model (Val dAUPRC: +0.1632)
Epoch  16/100 | ratio=0.091 | Steps: 100 | Train BCE: 0.3936 | Train dAUPRC: +0.1910 | Val dAUPRC: +0.1509
Epoch  17/100 | ratio=0.097 | Steps: 100 | Train BCE: 0.3908 | Train dAUPRC: +0.1984 | Val dAUPRC: +0.1676
  -> Saved best model (Val dAUPRC: +0.1676)
Epoch  18/100 | ratio=0.103 | Steps: 100 | Train BCE: 0.4043 | Train dAUPRC: +0.1958 | Val dAUPRC: +0.1640
Epoch  19/100 | ratio=0.109 | Steps: 100 | Train BCE: 0.3849 | Train dAUPRC: +0.1993 | Val dAUPRC: +0.1507
Epoch  20/100 | ratio=0.115 | Steps: 100 | Train BCE: 0.3813 | Train dAUPRC: +0.1971 | Val dAUPRC: +0.1650
Epoch  21/100 | ratio=0.121 | Steps: 100 | Train BCE: 0.3825 | Train dAUPRC: +0.2119 | Val dAUPRC: +0.1739
  -> Saved best model (Val dAUPRC: +0.1739)
Epoch  22/100 | ratio=0.127 | Steps: 100 | Train BCE: 0.3742 | Train dAUPRC: +0.2077 | Val dAUPRC: +0.1495
Epoch  23/100 | ratio=0.133 | Steps: 100 | Train BCE: 0.3879 | Train dAUPRC: +0.2028 | Val dAUPRC: +0.1731
Epoch  24/100 | ratio=0.139 | Steps: 100 | Train BCE: 0.3816 | Train dAUPRC: +0.2082 | Val dAUPRC: +0.1551
Epoch  25/100 | ratio=0.145 | Steps: 100 | Train BCE: 0.3708 | Train dAUPRC: +0.2077 | Val dAUPRC: +0.1570
Epoch  26/100 | ratio=0.152 | Steps: 100 | Train BCE: 0.3774 | Train dAUPRC: +0.2168 | Val dAUPRC: +0.1726
Epoch  27/100 | ratio=0.158 | Steps: 100 | Train BCE: 0.3704 | Train dAUPRC: +0.2049 | Val dAUPRC: +0.1834
  -> Saved best model (Val dAUPRC: +0.1834)
Epoch  28/100 | ratio=0.164 | Steps: 100 | Train BCE: 0.3662 | Train dAUPRC: +0.2041 | Val dAUPRC: +0.1743
Epoch  29/100 | ratio=0.170 | Steps: 100 | Train BCE: 0.3813 | Train dAUPRC: +0.2056 | Val dAUPRC: +0.1660
Epoch  30/100 | ratio=0.176 | Steps: 100 | Train BCE: 0.3598 | Train dAUPRC: +0.2170 | Val dAUPRC: +0.1836
  -> Saved best model (Val dAUPRC: +0.1836)
Epoch  31/100 | ratio=0.182 | Steps: 100 | Train BCE: 0.3738 | Train dAUPRC: +0.2131 | Val dAUPRC: +0.1871
  -> Saved best model (Val dAUPRC: +0.1871)
Epoch  32/100 | ratio=0.188 | Steps: 100 | Train BCE: 0.3752 | Train dAUPRC: +0.2191 | Val dAUPRC: +0.1846
Epoch  33/100 | ratio=0.194 | Steps: 100 | Train BCE: 0.3762 | Train dAUPRC: +0.2204 | Val dAUPRC: +0.1726
Epoch  34/100 | ratio=0.200 | Steps: 100 | Train BCE: 0.3573 | Train dAUPRC: +0.2167 | Val dAUPRC: +0.1699
Epoch  35/100 | ratio=0.206 | Steps: 100 | Train BCE: 0.3681 | Train dAUPRC: +0.2252 | Val dAUPRC: +0.1808
Epoch  36/100 | ratio=0.212 | Steps: 100 | Train BCE: 0.3628 | Train dAUPRC: +0.2352 | Val dAUPRC: +0.1684
Epoch  37/100 | ratio=0.218 | Steps: 100 | Train BCE: 0.3590 | Train dAUPRC: +0.2144 | Val dAUPRC: +0.1919
  -> Saved best model (Val dAUPRC: +0.1919)
Epoch  38/100 | ratio=0.224 | Steps: 100 | Train BCE: 0.3602 | Train dAUPRC: +0.2220 | Val dAUPRC: +0.1662
Epoch  39/100 | ratio=0.230 | Steps: 100 | Train BCE: 0.3598 | Train dAUPRC: +0.2199 | Val dAUPRC: +0.1888
Epoch  40/100 | ratio=0.236 | Steps: 100 | Train BCE: 0.3593 | Train dAUPRC: +0.2158 | Val dAUPRC: +0.1825
Epoch  41/100 | ratio=0.242 | Steps: 100 | Train BCE: 0.3600 | Train dAUPRC: +0.2195 | Val dAUPRC: +0.1895
Epoch  42/100 | ratio=0.248 | Steps: 100 | Train BCE: 0.3493 | Train dAUPRC: +0.2323 | Val dAUPRC: +0.1706
Epoch  43/100 | ratio=0.255 | Steps: 100 | Train BCE: 0.3556 | Train dAUPRC: +0.2339 | Val dAUPRC: +0.1901
Epoch  44/100 | ratio=0.261 | Steps: 100 | Train BCE: 0.3569 | Train dAUPRC: +0.2346 | Val dAUPRC: +0.1780
Epoch  45/100 | ratio=0.267 | Steps: 100 | Train BCE: 0.3471 | Train dAUPRC: +0.2267 | Val dAUPRC: +0.1875
Epoch  46/100 | ratio=0.273 | Steps: 100 | Train BCE: 0.3619 | Train dAUPRC: +0.2269 | Val dAUPRC: +0.1862
Epoch  47/100 | ratio=0.279 | Steps: 100 | Train BCE: 0.3368 | Train dAUPRC: +0.2310 | Val dAUPRC: +0.1855
Epoch  48/100 | ratio=0.285 | Steps: 100 | Train BCE: 0.3533 | Train dAUPRC: +0.2276 | Val dAUPRC: +0.2029
  -> Saved best model (Val dAUPRC: +0.2029)
Epoch  49/100 | ratio=0.291 | Steps: 100 | Train BCE: 0.3522 | Train dAUPRC: +0.2381 | Val dAUPRC: +0.1951
Epoch  50/100 | ratio=0.297 | Steps: 100 | Train BCE: 0.3476 | Train dAUPRC: +0.2361 | Val dAUPRC: +0.2020
Epoch  51/100 | ratio=0.303 | Steps: 100 | Train BCE: 0.3559 | Train dAUPRC: +0.2381 | Val dAUPRC: +0.1932
Epoch  52/100 | ratio=0.309 | Steps: 100 | Train BCE: 0.3444 | Train dAUPRC: +0.2277 | Val dAUPRC: +0.1938
Epoch  53/100 | ratio=0.315 | Steps: 100 | Train BCE: 0.3639 | Train dAUPRC: +0.2307 | Val dAUPRC: +0.1901
Epoch  54/100 | ratio=0.321 | Steps: 100 | Train BCE: 0.3468 | Train dAUPRC: +0.2400 | Val dAUPRC: +0.1743
Epoch  55/100 | ratio=0.327 | Steps: 100 | Train BCE: 0.3534 | Train dAUPRC: +0.2341 | Val dAUPRC: +0.1821
Epoch  56/100 | ratio=0.333 | Steps: 100 | Train BCE: 0.3507 | Train dAUPRC: +0.2386 | Val dAUPRC: +0.1900
Epoch  57/100 | ratio=0.339 | Steps: 100 | Train BCE: 0.3506 | Train dAUPRC: +0.2349 | Val dAUPRC: +0.1810
Epoch  58/100 | ratio=0.345 | Steps: 100 | Train BCE: 0.3514 | Train dAUPRC: +0.2216 | Val dAUPRC: +0.1835
Epoch  59/100 | ratio=0.352 | Steps: 100 | Train BCE: 0.3351 | Train dAUPRC: +0.2424 | Val dAUPRC: +0.1935
Epoch  60/100 | ratio=0.358 | Steps: 100 | Train BCE: 0.3498 | Train dAUPRC: +0.2347 | Val dAUPRC: +0.1971
Epoch  61/100 | ratio=0.364 | Steps: 100 | Train BCE: 0.3397 | Train dAUPRC: +0.2500 | Val dAUPRC: +0.1842
Epoch  62/100 | ratio=0.370 | Steps: 100 | Train BCE: 0.3525 | Train dAUPRC: +0.2371 | Val dAUPRC: +0.1852
Epoch  63/100 | ratio=0.376 | Steps: 100 | Train BCE: 0.3385 | Train dAUPRC: +0.2438 | Val dAUPRC: +0.1907
Epoch  64/100 | ratio=0.382 | Steps: 100 | Train BCE: 0.3482 | Train dAUPRC: +0.2360 | Val dAUPRC: +0.1913
Epoch  65/100 | ratio=0.388 | Steps: 100 | Train BCE: 0.3453 | Train dAUPRC: +0.2360 | Val dAUPRC: +0.1972
Epoch  66/100 | ratio=0.394 | Steps: 100 | Train BCE: 0.3412 | Train dAUPRC: +0.2409 | Val dAUPRC: +0.1926
Epoch  67/100 | ratio=0.400 | Steps: 100 | Train BCE: 0.3349 | Train dAUPRC: +0.2398 | Val dAUPRC: +0.2008
Epoch  68/100 | ratio=0.406 | Steps: 100 | Train BCE: 0.3317 | Train dAUPRC: +0.2426 | Val dAUPRC: +0.1948
Epoch  69/100 | ratio=0.412 | Steps: 100 | Train BCE: 0.3406 | Train dAUPRC: +0.2445 | Val dAUPRC: +0.1956
Epoch  70/100 | ratio=0.418 | Steps: 100 | Train BCE: 0.3382 | Train dAUPRC: +0.2504 | Val dAUPRC: +0.2059
  -> Saved best model (Val dAUPRC: +0.2059)
Epoch  71/100 | ratio=0.424 | Steps: 100 | Train BCE: 0.3431 | Train dAUPRC: +0.2377 | Val dAUPRC: +0.1922
Epoch  72/100 | ratio=0.430 | Steps: 100 | Train BCE: 0.3425 | Train dAUPRC: +0.2410 | Val dAUPRC: +0.1873
Epoch  73/100 | ratio=0.436 | Steps: 100 | Train BCE: 0.3302 | Train dAUPRC: +0.2358 | Val dAUPRC: +0.1960
Epoch  74/100 | ratio=0.442 | Steps: 100 | Train BCE: 0.3395 | Train dAUPRC: +0.2410 | Val dAUPRC: +0.2024
Epoch  75/100 | ratio=0.448 | Steps: 100 | Train BCE: 0.3560 | Train dAUPRC: +0.2404 | Val dAUPRC: +0.2013
Epoch  76/100 | ratio=0.455 | Steps: 100 | Train BCE: 0.3340 | Train dAUPRC: +0.2411 | Val dAUPRC: +0.1998
Epoch  77/100 | ratio=0.461 | Steps: 100 | Train BCE: 0.3496 | Train dAUPRC: +0.2355 | Val dAUPRC: +0.1971
Epoch  78/100 | ratio=0.467 | Steps: 100 | Train BCE: 0.3352 | Train dAUPRC: +0.2430 | Val dAUPRC: +0.1997
Epoch  79/100 | ratio=0.473 | Steps: 100 | Train BCE: 0.3283 | Train dAUPRC: +0.2376 | Val dAUPRC: +0.2013
Epoch  80/100 | ratio=0.479 | Steps: 100 | Train BCE: 0.3235 | Train dAUPRC: +0.2548 | Val dAUPRC: +0.1985
Epoch  81/100 | ratio=0.485 | Steps: 100 | Train BCE: 0.3472 | Train dAUPRC: +0.2406 | Val dAUPRC: +0.1910
Epoch  82/100 | ratio=0.491 | Steps: 100 | Train BCE: 0.3276 | Train dAUPRC: +0.2491 | Val dAUPRC: +0.1909
Epoch  83/100 | ratio=0.497 | Steps: 100 | Train BCE: 0.3413 | Train dAUPRC: +0.2300 | Val dAUPRC: +0.1855
Epoch  84/100 | ratio=0.503 | Steps: 100 | Train BCE: 0.3496 | Train dAUPRC: +0.2406 | Val dAUPRC: +0.1891
Epoch  85/100 | ratio=0.509 | Steps: 100 | Train BCE: 0.3452 | Train dAUPRC: +0.2399 | Val dAUPRC: +0.1830
Epoch  86/100 | ratio=0.515 | Steps: 100 | Train BCE: 0.3432 | Train dAUPRC: +0.2493 | Val dAUPRC: +0.1899
Epoch  87/100 | ratio=0.521 | Steps: 100 | Train BCE: 0.3373 | Train dAUPRC: +0.2429 | Val dAUPRC: +0.1885
Epoch  88/100 | ratio=0.527 | Steps: 100 | Train BCE: 0.3371 | Train dAUPRC: +0.2394 | Val dAUPRC: +0.1889
Epoch  89/100 | ratio=0.533 | Steps: 100 | Train BCE: 0.3277 | Train dAUPRC: +0.2473 | Val dAUPRC: +0.1874
Epoch  90/100 | ratio=0.539 | Steps: 100 | Train BCE: 0.3361 | Train dAUPRC: +0.2497 | Val dAUPRC: +0.1978
Epoch  91/100 | ratio=0.545 | Steps: 100 | Train BCE: 0.3260 | Train dAUPRC: +0.2628 | Val dAUPRC: +0.2041
Epoch  92/100 | ratio=0.552 | Steps: 100 | Train BCE: 0.3370 | Train dAUPRC: +0.2436 | Val dAUPRC: +0.1938
Epoch  93/100 | ratio=0.558 | Steps: 100 | Train BCE: 0.3404 | Train dAUPRC: +0.2538 | Val dAUPRC: +0.1952
Epoch  94/100 | ratio=0.564 | Steps: 100 | Train BCE: 0.3294 | Train dAUPRC: +0.2552 | Val dAUPRC: +0.1907
Epoch  95/100 | ratio=0.570 | Steps: 100 | Train BCE: 0.3390 | Train dAUPRC: +0.2483 | Val dAUPRC: +0.1835
Epoch  96/100 | ratio=0.576 | Steps: 100 | Train BCE: 0.3263 | Train dAUPRC: +0.2437 | Val dAUPRC: +0.1913
Epoch  97/100 | ratio=0.582 | Steps: 100 | Train BCE: 0.3452 | Train dAUPRC: +0.2380 | Val dAUPRC: +0.1899
Epoch  98/100 | ratio=0.588 | Steps: 100 | Train BCE: 0.3358 | Train dAUPRC: +0.2506 | Val dAUPRC: +0.2084
  -> Saved best model (Val dAUPRC: +0.2084)
Epoch  99/100 | ratio=0.594 | Steps: 100 | Train BCE: 0.3266 | Train dAUPRC: +0.2436 | Val dAUPRC: +0.2013
Epoch 100/100 | ratio=0.600 | Steps: 100 | Train BCE: 0.3382 | Train dAUPRC: +0.2459 | Val dAUPRC: +0.1846

Pretraining complete. Best Val dAUPRC: +0.2084
  RAM after pretrain: 1.2 GB

[3/4] Evaluating on DrugOOD...
  lbap_core_ic50_scaffold: train pool=22025, ood_test=19480, iid_test=31388
  lbap_core_ic50_size: train pool=37497, ood_test=16761, iid_test=12721
  lbap_core_ic50_assay: train pool=34953, ood_test=19463, iid_test=11960
  RAM after DrugOOD load: 3.6 GB
Loaded fsmol_gnn/classification model from epoch 98 (Val ΔAUPRC=+0.2084)
lbap_core_ic50_scaffold             | ctx=  16 | ood_test | dAUPRC: +0.0000+/-0.0000 | RMSE: nan | Spearman: nan
lbap_core_ic50_scaffold             | ctx=  16 | iid_test | dAUPRC: +0.0000+/-0.0000 | RMSE: nan | Spearman: nan
lbap_core_ic50_scaffold             | ctx=  32 | ood_test | dAUPRC: +0.0227+/-0.0321 | RMSE: nan | Spearman: nan
lbap_core_ic50_scaffold             | ctx=  32 | iid_test | dAUPRC: +0.0117+/-0.0166 | RMSE: nan | Spearman: nan
lbap_core_ic50_scaffold             | ctx=  64 | ood_test | dAUPRC: +0.0191+/-0.0308 | RMSE: nan | Spearman: nan
lbap_core_ic50_scaffold             | ctx=  64 | iid_test | dAUPRC: +0.0165+/-0.0126 | RMSE: nan | Spearman: nan
lbap_core_ic50_scaffold             | ctx= 128 | ood_test | dAUPRC: +0.0485+/-0.0163 | RMSE: nan | Spearman: nan
lbap_core_ic50_scaffold             | ctx= 128 | iid_test | dAUPRC: +0.0314+/-0.0038 | RMSE: nan | Spearman: nan
lbap_core_ic50_scaffold             | ctx= 256 | ood_test | dAUPRC: +0.0571+/-0.0196 | RMSE: nan | Spearman: nan
lbap_core_ic50_scaffold             | ctx= 256 | iid_test | dAUPRC: +0.0390+/-0.0098 | RMSE: nan | Spearman: nan
lbap_core_ic50_scaffold             | ctx= 512 | ood_test | dAUPRC: +0.0633+/-0.0082 | RMSE: nan | Spearman: nan
lbap_core_ic50_scaffold             | ctx= 512 | iid_test | dAUPRC: +0.0454+/-0.0052 | RMSE: nan | Spearman: nan
lbap_core_ic50_size                 | ctx=  16 | ood_test | dAUPRC: +0.0254+/-0.0141 | RMSE: nan | Spearman: nan
lbap_core_ic50_size                 | ctx=  16 | iid_test | dAUPRC: +0.0078+/-0.0053 | RMSE: nan | Spearman: nan
lbap_core_ic50_size                 | ctx=  32 | ood_test | dAUPRC: +0.0152+/-0.0163 | RMSE: nan | Spearman: nan
lbap_core_ic50_size                 | ctx=  32 | iid_test | dAUPRC: +0.0081+/-0.0078 | RMSE: nan | Spearman: nan
lbap_core_ic50_size                 | ctx=  64 | ood_test | dAUPRC: +0.0134+/-0.0195 | RMSE: nan | Spearman: nan
lbap_core_ic50_size                 | ctx=  64 | iid_test | dAUPRC: +0.0079+/-0.0076 | RMSE: nan | Spearman: nan
lbap_core_ic50_size                 | ctx= 128 | ood_test | dAUPRC: +0.0282+/-0.0204 | RMSE: nan | Spearman: nan
lbap_core_ic50_size                 | ctx= 128 | iid_test | dAUPRC: +0.0146+/-0.0113 | RMSE: nan | Spearman: nan
lbap_core_ic50_size                 | ctx= 256 | ood_test | dAUPRC: +0.0441+/-0.0083 | RMSE: nan | Spearman: nan
lbap_core_ic50_size                 | ctx= 256 | iid_test | dAUPRC: +0.0323+/-0.0030 | RMSE: nan | Spearman: nan
lbap_core_ic50_size                 | ctx= 512 | ood_test | dAUPRC: +0.0591+/-0.0043 | RMSE: nan | Spearman: nan
lbap_core_ic50_size                 | ctx= 512 | iid_test | dAUPRC: +0.0362+/-0.0019 | RMSE: nan | Spearman: nan
lbap_core_ic50_assay                | ctx=  16 | ood_test | dAUPRC: +0.0169+/-0.0114 | RMSE: nan | Spearman: nan
lbap_core_ic50_assay                | ctx=  16 | iid_test | dAUPRC: +0.0233+/-0.0161 | RMSE: nan | Spearman: nan
lbap_core_ic50_assay                | ctx=  32 | ood_test | dAUPRC: +0.0207+/-0.0147 | RMSE: nan | Spearman: nan
lbap_core_ic50_assay                | ctx=  32 | iid_test | dAUPRC: +0.0284+/-0.0182 | RMSE: nan | Spearman: nan
lbap_core_ic50_assay                | ctx=  64 | ood_test | dAUPRC: +0.0379+/-0.0074 | RMSE: nan | Spearman: nan
lbap_core_ic50_assay                | ctx=  64 | iid_test | dAUPRC: +0.0557+/-0.0047 | RMSE: nan | Spearman: nan
lbap_core_ic50_assay                | ctx= 128 | ood_test | dAUPRC: +0.0507+/-0.0018 | RMSE: nan | Spearman: nan
lbap_core_ic50_assay                | ctx= 128 | iid_test | dAUPRC: +0.0625+/-0.0025 | RMSE: nan | Spearman: nan
lbap_core_ic50_assay                | ctx= 256 | ood_test | dAUPRC: +0.0514+/-0.0030 | RMSE: nan | Spearman: nan
lbap_core_ic50_assay                | ctx= 256 | iid_test | dAUPRC: +0.0674+/-0.0019 | RMSE: nan | Spearman: nan
lbap_core_ic50_assay                | ctx= 512 | ood_test | dAUPRC: +0.0601+/-0.0020 | RMSE: nan | Spearman: nan
lbap_core_ic50_assay                | ctx= 512 | iid_test | dAUPRC: +0.0741+/-0.0051 | RMSE: nan | Spearman: nan
  Saved => /home/chjo00006/PTN/outputs/results/fsmol_gnn_classification_anneal_seed0/drugood_results.csv

=== DrugOOD results (long-form) ===
                    split_type query_set  context_set_size  actual_context_n  n_test  n_seeds  delta_auprc  delta_auprc_std  rmse  rmse_std  mae  spearman  spearman_std
index                                                                                                                                                                   
0      lbap_core_ic50_scaffold  ood_test                16                16   19480        3     0.000000         0.000000   NaN       NaN  NaN       NaN           NaN
1      lbap_core_ic50_scaffold  iid_test                16                16   31388        3     0.000000         0.000000   NaN       NaN  NaN       NaN           NaN
2      lbap_core_ic50_scaffold  ood_test                32                32   19480        3     0.022730         0.032146   NaN       NaN  NaN       NaN           NaN
3      lbap_core_ic50_scaffold  iid_test                32                32   31388        3     0.011712         0.016564   NaN       NaN  NaN       NaN           NaN
4      lbap_core_ic50_scaffold  ood_test                64                64   19480        3     0.019094         0.030826   NaN       NaN  NaN       NaN           NaN
5      lbap_core_ic50_scaffold  iid_test                64                64   31388        3     0.016453         0.012611   NaN       NaN  NaN       NaN           NaN
6      lbap_core_ic50_scaffold  ood_test               128               128   19480        3     0.048537         0.016261   NaN       NaN  NaN       NaN           NaN
7      lbap_core_ic50_scaffold  iid_test               128               128   31388        3     0.031355         0.003760   NaN       NaN  NaN       NaN           NaN
8      lbap_core_ic50_scaffold  ood_test               256               256   19480        3     0.057124         0.019616   NaN       NaN  NaN       NaN           NaN
9      lbap_core_ic50_scaffold  iid_test               256               256   31388        3     0.038968         0.009752   NaN       NaN  NaN       NaN           NaN
10     lbap_core_ic50_scaffold  ood_test               512               512   19480        3     0.063344         0.008232   NaN       NaN  NaN       NaN           NaN
11     lbap_core_ic50_scaffold  iid_test               512               512   31388        3     0.045398         0.005241   NaN       NaN  NaN       NaN           NaN
12         lbap_core_ic50_size  ood_test                16                16   16761        3     0.025405         0.014058   NaN       NaN  NaN       NaN           NaN
13         lbap_core_ic50_size  iid_test                16                16   12721        3     0.007789         0.005307   NaN       NaN  NaN       NaN           NaN
14         lbap_core_ic50_size  ood_test                32                32   16761        3     0.015164         0.016329   NaN       NaN  NaN       NaN           NaN
15         lbap_core_ic50_size  iid_test                32                32   12721        3     0.008100         0.007835   NaN       NaN  NaN       NaN           NaN
16         lbap_core_ic50_size  ood_test                64                64   16761        3     0.013389         0.019472   NaN       NaN  NaN       NaN           NaN
17         lbap_core_ic50_size  iid_test                64                64   12721        3     0.007933         0.007648   NaN       NaN  NaN       NaN           NaN
18         lbap_core_ic50_size  ood_test               128               128   16761        3     0.028198         0.020411   NaN       NaN  NaN       NaN           NaN
19         lbap_core_ic50_size  iid_test               128               128   12721        3     0.014569         0.011250   NaN       NaN  NaN       NaN           NaN
20         lbap_core_ic50_size  ood_test               256               256   16761        3     0.044119         0.008305   NaN       NaN  NaN       NaN           NaN
21         lbap_core_ic50_size  iid_test               256               256   12721        3     0.032346         0.003049   NaN       NaN  NaN       NaN           NaN
22         lbap_core_ic50_size  ood_test               512               512   16761        3     0.059137         0.004330   NaN       NaN  NaN       NaN           NaN
23         lbap_core_ic50_size  iid_test               512               512   12721        3     0.036218         0.001926   NaN       NaN  NaN       NaN           NaN
24        lbap_core_ic50_assay  ood_test                16                16   19463        3     0.016868         0.011373   NaN       NaN  NaN       NaN           NaN
25        lbap_core_ic50_assay  iid_test                16                16   11960        3     0.023277         0.016135   NaN       NaN  NaN       NaN           NaN
26        lbap_core_ic50_assay  ood_test                32                32   19463        3     0.020680         0.014679   NaN       NaN  NaN       NaN           NaN
27        lbap_core_ic50_assay  iid_test                32                32   11960        3     0.028351         0.018224   NaN       NaN  NaN       NaN           NaN
28        lbap_core_ic50_assay  ood_test                64                64   19463        3     0.037934         0.007364   NaN       NaN  NaN       NaN           NaN
29        lbap_core_ic50_assay  iid_test                64                64   11960        3     0.055676         0.004743   NaN       NaN  NaN       NaN           NaN
30        lbap_core_ic50_assay  ood_test               128               128   19463        3     0.050652         0.001842   NaN       NaN  NaN       NaN           NaN
31        lbap_core_ic50_assay  iid_test               128               128   11960        3     0.062529         0.002480   NaN       NaN  NaN       NaN           NaN
32        lbap_core_ic50_assay  ood_test               256               256   19463        3     0.051405         0.002955   NaN       NaN  NaN       NaN           NaN
33        lbap_core_ic50_assay  iid_test               256               256   11960        3     0.067381         0.001912   NaN       NaN  NaN       NaN           NaN
34        lbap_core_ic50_assay  ood_test               512               512   19463        3     0.060113         0.002039   NaN       NaN  NaN       NaN           NaN
35        lbap_core_ic50_assay  iid_test               512               512   11960        3     0.074150         0.005072   NaN       NaN  NaN       NaN           NaN

=== Summary: mean ΔAUPRC per split × query_set ===
split_type               query_set
lbap_core_ic50_assay     iid_test     0.0519
                         ood_test     0.0396
lbap_core_ic50_scaffold  iid_test     0.0240
                         ood_test     0.0351
lbap_core_ic50_size      iid_test     0.0178
                         ood_test     0.0309
Name: delta_auprc, dtype: float64

[4/4] FS-Mol test evaluation...

  [4a] Inside-task OOD (scaffold split, n_support=16)...
  Loading assay 1/157...
============================================================
  Data-loss report: test/
============================================================
  Molecules in raw files        :     56,220
  -- Dropped (inexact Relation) :     12,429  (22.1%)
  -- Dropped (bad/missing fields):       129  (0.2%)
  -- Dropped (task too small)   :          0  (0.0%)
  ----------------------------------------
  Total molecules lost          :     12,558  (22.3%)
  Molecules used for training   :     43,662  (77.7%)
  ---
  Tasks in directory            :        157
  Tasks dropped (<32 molecules)  :          3  (1.9%)
  Tasks kept                    :        154  (98.1%)
============================================================
  Test assays loaded: 154

Inside-task OOD: 153 assays evaluated, 1 skipped (no scaffold group with ≥3 molecules).
  Mean Spearman : nan  (0/153 assays non-nan)
  Mean RMSE     : nan
  Mean ΔAUPRC   : 0.0166
  Saved => /home/chjo00006/PTN/outputs/results/fsmol_gnn_classification_anneal_seed0/inside_task_ood.csv

  [4b] Support-size sweep (random / scaffold / size splits)...

  -- split_type = random --
  [random] 20/154 assays...  [random] 40/154 assays...  [random] 60/154 assays...  [random] 80/154 assays...  [random] 100/154 assays...  [random] 120/154 assays...  [random] 140/154 assays...
  Done [random]. 154 assays × 6 support sizes.

=== FS-Mol Test [random]: mean metrics per support size ===
              delta_auprc  spearman  rmse
support_size                             
16                 0.1276       NaN   NaN
32                 0.1556       NaN   NaN
64                 0.1856       NaN   NaN
128                0.2252       NaN   NaN
256                0.1498       NaN   NaN
512                0.1574       NaN   NaN
  Predictions saved → /home/chjo00006/PTN/outputs/results/fsmol_gnn_classification_anneal_seed0/fsmol_test_predictions_random.csv  (825,490 rows)

  -- split_type = scaffold --
  [scaffold] 60/154 assays...  [scaffold] 80/154 assays...  [scaffold] 100/154 assays...  [scaffold] 120/154 assays...  [scaffold] 140/154 assays...
  Done [scaffold]. 144 assays × 6 support sizes.

=== FS-Mol Test [scaffold]: mean metrics per support size ===
              delta_auprc  spearman  rmse
support_size                             
16                 0.0503       NaN   NaN
32                 0.0469       NaN   NaN
64                 0.0512       NaN   NaN
128                0.0486       NaN   NaN
256                0.0127       NaN   NaN
512                0.0126       NaN   NaN
  Predictions saved → /home/chjo00006/PTN/outputs/results/fsmol_gnn_classification_anneal_seed0/fsmol_test_predictions_scaffold.csv  (1,022,570 rows)

  -- split_type = size --
  [size] 20/154 assays...  [size] 40/154 assays...  [size] 60/154 assays...  [size] 80/154 assays...  [size] 100/154 assays...  [size] 120/154 assays...  [size] 140/154 assays...
  Done [size]. 154 assays × 6 support sizes.

=== FS-Mol Test [size]: mean metrics per support size ===
              delta_auprc  spearman  rmse
support_size                             
16                 0.1007       NaN   NaN
32                 0.1254       NaN   NaN
64                 0.1464       NaN   NaN
128                0.1484       NaN   NaN
256                0.0720       NaN   NaN
512                0.1013       NaN   NaN
  Predictions saved → /home/chjo00006/PTN/outputs/results/fsmol_gnn_classification_anneal_seed0/fsmol_test_predictions_size.csv  (536,650 rows)

  All 3 curves saved => /home/chjo00006/PTN/outputs/results/fsmol_gnn_classification_anneal_seed0/fsmol_test_results.csv

=== FS-Mol Test: mean ΔAUPRC and N assays per split_type × support_size ===
                         delta_auprc  n_assays
split_type support_size                       
random     16                 0.1276       154
           32                 0.1556       154
           64                 0.1856       153
           128                0.2252       148
           256                0.1498        29
           512                0.1574        11
scaffold   16                 0.0503       144
           32                 0.0469       144
           64                 0.0512       144
           128                0.0486       142
           256                0.0127        29
           512                0.0126        11
size       16                 0.1007       154
           32                 0.1254       154
           64                 0.1464       153
           128                0.1484       148
           256                0.0720        29
           512                0.1013        11
