Loading FS-Mol test assays (shared across all runs) ...
  Loading assay 1/157...
============================================================
  Data-loss report: test/
============================================================
  Molecules in raw files        :     56,220
  -- Dropped (inexact Relation) :     12,429  (22.1%)
  -- Dropped (bad/missing fields):       129  (0.2%)
  -- Dropped (task too small)   :          0  (0.0%)
  ----------------------------------------
  Total molecules lost          :     12,558  (22.3%)
  Molecules used for training   :     43,662  (77.7%)
  ---
  Tasks in directory            :        157
  Tasks dropped (<32 molecules)  :          3  (1.9%)
  Tasks kept                    :        154  (98.1%)
============================================================
  154 assays loaded.

Running ECFP heads once using: ptn_ecfp_classification_random_seed0.pt
Loaded ecfp/classification model from epoch 32 (Val ΔAUPRC=+0.1705)
  10/154 assays done ...
  20/154 assays done ...
  30/154 assays done ...
  40/154 assays done ...
  50/154 assays done ...
  60/154 assays done ...
  70/154 assays done ...
  80/154 assays done ...
  90/154 assays done ...
  100/154 assays done ...
  110/154 assays done ...
  120/154 assays done ...
  130/154 assays done ...
  140/154 assays done ...
  150/154 assays done ...
Saved ECFP heads -> /home/chjo00006/PTN/outputs/results/ecfp_baseline_heads.csv

[SKIP] ecfp_classification_random_seed0 - already exists
[SKIP] ecfp_classification_random_seed1 - already exists
[SKIP] ecfp_classification_random_seed2 - already exists
============================================================
Baseline grid  |  run_tag = ecfp_classification_shift_aware_seed0
  checkpoint => /home/chjo00006/PTN/checkpoints/ptn_ecfp_classification_shift_aware_seed0.pt
  output     => /home/chjo00006/PTN/outputs/results/ecfp_classification_shift_aware_seed0/baseline_grid.csv
============================================================
Loaded ecfp/classification model from epoch 18 (Val ΔAUPRC=+0.1708)
  10/154 assays done ...
  20/154 assays done ...
  30/154 assays done ...
  40/154 assays done ...
  50/154 assays done ...
  60/154 assays done ...
  70/154 assays done ...
  80/154 assays done ...
  90/154 assays done ...
  100/154 assays done ...
  110/154 assays done ...
  120/154 assays done ...
  130/154 assays done ...
  140/154 assays done ...
  150/154 assays done ...

======================================================================
SPLIT = random   (mean delta-AUPRC; N assays per size: {16: 154, 32: 154, 64: 153, 128: 148, 256: 29, 512: 11})
======================================================================
support_size              16      32      64      128     256     512
head                                                                 
ecfp_proto_euclid      0.0587  0.0764  0.0934  0.1160  0.1192  0.1090
ecfp_logreg            0.0818  0.0994  0.1146  0.1416  0.1348  0.1286
ecfp_rf                0.0815  0.1013  0.1279  0.1573  0.1653  0.1795
emb_proto_euclid       0.1160  0.1347  0.1533  0.1744  0.1006  0.0752
emb_proto_mahalanobis  0.1111  0.1333  0.1557  0.1775  0.1049  0.0845
emb_logreg             0.0902  0.1148  0.1433  0.1737  0.1146  0.1082
emb_knn                0.0825  0.0969  0.1112  0.1341  0.0689  0.0506

======================================================================
SPLIT = scaffold   (mean delta-AUPRC; N assays per size: {16: 154, 32: 154, 64: 153, 128: 148, 256: 29, 512: 11})
======================================================================
support_size              16      32      64      128     256     512
head                                                                 
ecfp_proto_euclid      0.0481  0.0601  0.0774  0.1083  0.1061  0.1058
ecfp_logreg            0.0657  0.0785  0.0937  0.1247  0.1146  0.1132
ecfp_rf                0.0657  0.0844  0.1073  0.1453  0.1461  0.1696
emb_proto_euclid       0.1095  0.1279  0.1473  0.1695  0.0905  0.0785
emb_proto_mahalanobis  0.1051  0.1242  0.1483  0.1731  0.0942  0.0867
emb_logreg             0.0852  0.1001  0.1242  0.1644  0.1026  0.0963
emb_knn                0.0747  0.0866  0.1035  0.1241  0.0662  0.0414

======================================================================
SPLIT = size   (mean delta-AUPRC; N assays per size: {16: 154, 32: 153, 64: 148, 128: 30, 256: 11, 512: 5})
======================================================================
support_size              16      32      64      128     256     512
head                                                                 
ecfp_proto_euclid      0.0296  0.0426  0.0453  0.0404  0.0614  0.0848
ecfp_logreg            0.0543  0.0650  0.0693  0.0644  0.0915  0.0732
ecfp_rf                0.0510  0.0639  0.0736  0.0791  0.1230  0.1449
emb_proto_euclid       0.0983  0.1109  0.1195  0.0369  0.0539  0.0418
emb_proto_mahalanobis  0.0950  0.1092  0.1219  0.0369  0.0590  0.0496
emb_logreg             0.0749  0.0861  0.0970  0.0457  0.0713  0.0551
emb_knn                0.0635  0.0714  0.0764  0.0205  0.0303  0.0156

Saved 62,664 rows -> /home/chjo00006/PTN/outputs/results/ecfp_classification_shift_aware_seed0/baseline_grid.csv
============================================================
Baseline grid  |  run_tag = ecfp_classification_shift_aware_seed1
  checkpoint => /home/chjo00006/PTN/checkpoints/ptn_ecfp_classification_shift_aware_seed1.pt
  output     => /home/chjo00006/PTN/outputs/results/ecfp_classification_shift_aware_seed1/baseline_grid.csv
============================================================
Loaded ecfp/classification model from epoch 50 (Val ΔAUPRC=+0.1691)
  10/154 assays done ...
  20/154 assays done ...
  30/154 assays done ...
  40/154 assays done ...
  50/154 assays done ...
  60/154 assays done ...
  70/154 assays done ...
  80/154 assays done ...
  90/154 assays done ...
  100/154 assays done ...
  110/154 assays done ...
  120/154 assays done ...
  130/154 assays done ...
  140/154 assays done ...
  150/154 assays done ...

======================================================================
SPLIT = random   (mean delta-AUPRC; N assays per size: {16: 154, 32: 154, 64: 153, 128: 148, 256: 29, 512: 11})
======================================================================
support_size              16      32      64      128     256     512
head                                                                 
ecfp_proto_euclid      0.0587  0.0764  0.0934  0.1160  0.1192  0.1090
ecfp_logreg            0.0818  0.0994  0.1146  0.1416  0.1348  0.1286
ecfp_rf                0.0815  0.1013  0.1279  0.1573  0.1653  0.1795
emb_proto_euclid       0.1225  0.1433  0.1591  0.1812  0.0909  0.0692
emb_proto_mahalanobis  0.1188  0.1434  0.1597  0.1840  0.0930  0.0711
emb_logreg             0.0985  0.1293  0.1538  0.1877  0.1137  0.0936
emb_knn                0.0885  0.1029  0.1185  0.1388  0.0723  0.0520

======================================================================
SPLIT = scaffold   (mean delta-AUPRC; N assays per size: {16: 154, 32: 154, 64: 153, 128: 148, 256: 29, 512: 11})
======================================================================
support_size              16      32      64      128     256     512
head                                                                 
ecfp_proto_euclid      0.0481  0.0601  0.0774  0.1083  0.1061  0.1058
ecfp_logreg            0.0657  0.0785  0.0937  0.1247  0.1146  0.1132
ecfp_rf                0.0657  0.0844  0.1073  0.1453  0.1461  0.1696
emb_proto_euclid       0.1181  0.1350  0.1579  0.1801  0.0864  0.0594
emb_proto_mahalanobis  0.1119  0.1331  0.1576  0.1821  0.0878  0.0631
emb_logreg             0.0900  0.1199  0.1446  0.1731  0.1001  0.0745
emb_knn                0.0816  0.0966  0.1101  0.1334  0.0640  0.0333

======================================================================
SPLIT = size   (mean delta-AUPRC; N assays per size: {16: 154, 32: 153, 64: 148, 128: 30, 256: 11, 512: 5})
======================================================================
support_size              16      32      64      128     256     512
head                                                                 
ecfp_proto_euclid      0.0296  0.0426  0.0453  0.0404  0.0614  0.0848
ecfp_logreg            0.0543  0.0650  0.0693  0.0644  0.0915  0.0732
ecfp_rf                0.0510  0.0639  0.0736  0.0791  0.1230  0.1449
emb_proto_euclid       0.1082  0.1196  0.1316  0.0509  0.0514  0.0484
emb_proto_mahalanobis  0.1048  0.1177  0.1312  0.0482  0.0547  0.0552
emb_logreg             0.0837  0.0970  0.1152  0.0405  0.0577  0.0610
emb_knn                0.0709  0.0812  0.0891  0.0174  0.0202  0.0238

Saved 62,664 rows -> /home/chjo00006/PTN/outputs/results/ecfp_classification_shift_aware_seed1/baseline_grid.csv
============================================================
Baseline grid  |  run_tag = ecfp_classification_shift_aware_seed2
  checkpoint => /home/chjo00006/PTN/checkpoints/ptn_ecfp_classification_shift_aware_seed2.pt
  output     => /home/chjo00006/PTN/outputs/results/ecfp_classification_shift_aware_seed2/baseline_grid.csv
============================================================
Loaded ecfp/classification model from epoch 19 (Val ΔAUPRC=+0.1646)
  10/154 assays done ...
  20/154 assays done ...
  30/154 assays done ...
  40/154 assays done ...
  50/154 assays done ...
  60/154 assays done ...
  70/154 assays done ...
  80/154 assays done ...
  90/154 assays done ...
  100/154 assays done ...
  110/154 assays done ...
  120/154 assays done ...
  130/154 assays done ...
  140/154 assays done ...
  150/154 assays done ...

======================================================================
SPLIT = random   (mean delta-AUPRC; N assays per size: {16: 154, 32: 154, 64: 153, 128: 148, 256: 29, 512: 11})
======================================================================
support_size              16      32      64      128     256     512
head                                                                 
ecfp_proto_euclid      0.0587  0.0764  0.0934  0.1160  0.1192  0.1090
ecfp_logreg            0.0818  0.0994  0.1146  0.1416  0.1348  0.1286
ecfp_rf                0.0815  0.1013  0.1279  0.1573  0.1653  0.1795
emb_proto_euclid       0.1181  0.1373  0.1557  0.1743  0.0745  0.0635
emb_proto_mahalanobis  0.1147  0.1384  0.1601  0.1799  0.0809  0.0711
emb_logreg             0.0953  0.1211  0.1497  0.1784  0.1217  0.1031
emb_knn                0.0840  0.0984  0.1157  0.1295  0.0674  0.0471

======================================================================
SPLIT = scaffold   (mean delta-AUPRC; N assays per size: {16: 154, 32: 154, 64: 153, 128: 148, 256: 29, 512: 11})
======================================================================
support_size              16      32      64      128     256     512
head                                                                 
ecfp_proto_euclid      0.0481  0.0601  0.0774  0.1083  0.1061  0.1058
ecfp_logreg            0.0657  0.0785  0.0937  0.1247  0.1146  0.1132
ecfp_rf                0.0657  0.0844  0.1073  0.1453  0.1461  0.1696
emb_proto_euclid       0.1140  0.1265  0.1454  0.1681  0.0703  0.0588
emb_proto_mahalanobis  0.1105  0.1245  0.1472  0.1719  0.0742  0.0643
emb_logreg             0.0910  0.1077  0.1328  0.1739  0.1023  0.0908
emb_knn                0.0803  0.0878  0.1034  0.1270  0.0547  0.0398

======================================================================
SPLIT = size   (mean delta-AUPRC; N assays per size: {16: 154, 32: 153, 64: 148, 128: 30, 256: 11, 512: 5})
======================================================================
support_size              16      32      64      128     256     512
head                                                                 
ecfp_proto_euclid      0.0296  0.0426  0.0453  0.0404  0.0614  0.0848
ecfp_logreg            0.0543  0.0650  0.0693  0.0644  0.0915  0.0732
ecfp_rf                0.0510  0.0639  0.0736  0.0791  0.1230  0.1449
emb_proto_euclid       0.1028  0.1165  0.1268  0.0191  0.0410  0.0423
emb_proto_mahalanobis  0.1012  0.1165  0.1299  0.0187  0.0467  0.0524
emb_logreg             0.0794  0.0967  0.1140  0.0327  0.0526  0.0477
emb_knn                0.0691  0.0828  0.0879  0.0148  0.0307  0.0283

Saved 62,664 rows -> /home/chjo00006/PTN/outputs/results/ecfp_classification_shift_aware_seed2/baseline_grid.csv
[SKIP] fsmol_gnn_classification_random_seed0 - already exists
[SKIP] fsmol_gnn_classification_random_seed1 - already exists
[SKIP] fsmol_gnn_classification_random_seed2 - already exists
============================================================
Baseline grid  |  run_tag = fsmol_gnn_classification_shift_aware_seed0
  checkpoint => /home/chjo00006/PTN/checkpoints/ptn_fsmol_gnn_classification_shift_aware_seed0.pt
  output     => /home/chjo00006/PTN/outputs/results/fsmol_gnn_classification_shift_aware_seed0/baseline_grid.csv
============================================================
Loaded fsmol_gnn/classification model from epoch 98 (Val ΔAUPRC=+0.2057)
  10/154 assays done ...
  20/154 assays done ...
  30/154 assays done ...
  40/154 assays done ...
  50/154 assays done ...
  60/154 assays done ...
  70/154 assays done ...
  80/154 assays done ...
  90/154 assays done ...
  100/154 assays done ...
  110/154 assays done ...
  120/154 assays done ...
  130/154 assays done ...
  140/154 assays done ...
  150/154 assays done ...

======================================================================
SPLIT = random   (mean delta-AUPRC; N assays per size: {16: 154, 32: 154, 64: 153, 128: 148, 256: 29, 512: 11})
======================================================================
support_size              16      32      64      128     256     512
head                                                                 
ecfp_proto_euclid      0.0587  0.0764  0.0934  0.1160  0.1192  0.1090
ecfp_logreg            0.0818  0.0994  0.1146  0.1416  0.1348  0.1286
ecfp_rf                0.0815  0.1013  0.1279  0.1573  0.1653  0.1795
emb_proto_euclid       0.1327  0.1622  0.1883  0.2036  0.1346  0.1139
emb_proto_mahalanobis  0.1273  0.1554  0.1911  0.2124  0.1533  0.1445
emb_logreg             0.1229  0.1388  0.1572  0.1796  0.1282  0.1259
emb_knn                0.0832  0.1062  0.1321  0.1526  0.1125  0.1044

======================================================================
SPLIT = scaffold   (mean delta-AUPRC; N assays per size: {16: 154, 32: 154, 64: 153, 128: 148, 256: 29, 512: 11})
======================================================================
support_size              16      32      64      128     256     512
head                                                                 
ecfp_proto_euclid      0.0481  0.0601  0.0774  0.1083  0.1061  0.1058
ecfp_logreg            0.0657  0.0785  0.0937  0.1247  0.1146  0.1132
ecfp_rf                0.0657  0.0844  0.1073  0.1453  0.1461  0.1696
emb_proto_euclid       0.1193  0.1477  0.1721  0.2007  0.1234  0.1209
emb_proto_mahalanobis  0.1134  0.1416  0.1721  0.2086  0.1375  0.1467
emb_logreg             0.1056  0.1261  0.1418  0.1698  0.1117  0.1192
emb_knn                0.0730  0.0938  0.1138  0.1449  0.0994  0.0926

======================================================================
SPLIT = size   (mean delta-AUPRC; N assays per size: {16: 154, 32: 153, 64: 148, 128: 30, 256: 11, 512: 5})
======================================================================
support_size              16      32      64      128     256     512
head                                                                 
ecfp_proto_euclid      0.0296  0.0426  0.0453  0.0404  0.0614  0.0848
ecfp_logreg            0.0543  0.0650  0.0693  0.0644  0.0915  0.0732
ecfp_rf                0.0510  0.0639  0.0736  0.0791  0.1230  0.1449
emb_proto_euclid       0.1114  0.1306  0.1533  0.0638  0.0937  0.1140
emb_proto_mahalanobis  0.0988  0.1203  0.1440  0.0611  0.0979  0.1217
emb_logreg             0.0947  0.1063  0.1141  0.0417  0.0551  0.0728
emb_knn                0.0629  0.0778  0.0906  0.0348  0.0609  0.0625

Saved 62,664 rows -> /home/chjo00006/PTN/outputs/results/fsmol_gnn_classification_shift_aware_seed0/baseline_grid.csv
============================================================
Baseline grid  |  run_tag = fsmol_gnn_classification_shift_aware_seed1
  checkpoint => /home/chjo00006/PTN/checkpoints/ptn_fsmol_gnn_classification_shift_aware_seed1.pt
  output     => /home/chjo00006/PTN/outputs/results/fsmol_gnn_classification_shift_aware_seed1/baseline_grid.csv
============================================================
Loaded fsmol_gnn/classification model from epoch 70 (Val ΔAUPRC=+0.2119)
  10/154 assays done ...
  20/154 assays done ...
  30/154 assays done ...
  40/154 assays done ...
  50/154 assays done ...
  60/154 assays done ...
  70/154 assays done ...
  80/154 assays done ...
  90/154 assays done ...
  100/154 assays done ...
  110/154 assays done ...
  120/154 assays done ...
  130/154 assays done ...
  140/154 assays done ...
  150/154 assays done ...

======================================================================
SPLIT = random   (mean delta-AUPRC; N assays per size: {16: 154, 32: 154, 64: 153, 128: 148, 256: 29, 512: 11})
======================================================================
support_size              16      32      64      128     256     512
head                                                                 
ecfp_proto_euclid      0.0587  0.0764  0.0934  0.1160  0.1192  0.1090
ecfp_logreg            0.0818  0.0994  0.1146  0.1416  0.1348  0.1286
ecfp_rf                0.0815  0.1013  0.1279  0.1573  0.1653  0.1795
emb_proto_euclid       0.1365  0.1629  0.1878  0.2074  0.1369  0.1167
emb_proto_mahalanobis  0.1275  0.1552  0.1848  0.2154  0.1533  0.1489
emb_logreg             0.1244  0.1418  0.1589  0.1880  0.1310  0.1321
emb_knn                0.0860  0.1084  0.1286  0.1522  0.1160  0.1075

======================================================================
SPLIT = scaffold   (mean delta-AUPRC; N assays per size: {16: 154, 32: 154, 64: 153, 128: 148, 256: 29, 512: 11})
======================================================================
support_size              16      32      64      128     256     512
head                                                                 
ecfp_proto_euclid      0.0481  0.0601  0.0774  0.1083  0.1061  0.1058
ecfp_logreg            0.0657  0.0785  0.0937  0.1247  0.1146  0.1132
ecfp_rf                0.0657  0.0844  0.1073  0.1453  0.1461  0.1696
emb_proto_euclid       0.1238  0.1496  0.1760  0.2017  0.1218  0.1199
emb_proto_mahalanobis  0.1155  0.1414  0.1715  0.2067  0.1387  0.1517
emb_logreg             0.1086  0.1271  0.1420  0.1770  0.1075  0.1092
emb_knn                0.0759  0.0940  0.1130  0.1432  0.1015  0.0892

======================================================================
SPLIT = size   (mean delta-AUPRC; N assays per size: {16: 154, 32: 153, 64: 148, 128: 30, 256: 11, 512: 5})
======================================================================
support_size              16      32      64      128     256     512
head                                                                 
ecfp_proto_euclid      0.0296  0.0426  0.0453  0.0404  0.0614  0.0848
ecfp_logreg            0.0543  0.0650  0.0693  0.0644  0.0915  0.0732
ecfp_rf                0.0510  0.0639  0.0736  0.0791  0.1230  0.1449
emb_proto_euclid       0.1134  0.1317  0.1529  0.0616  0.0821  0.1066
emb_proto_mahalanobis  0.1032  0.1226  0.1470  0.0627  0.0984  0.1256
emb_logreg             0.0994  0.1091  0.1171  0.0516  0.0656  0.0795
emb_knn                0.0637  0.0757  0.0950  0.0379  0.0573  0.0715

Saved 62,664 rows -> /home/chjo00006/PTN/outputs/results/fsmol_gnn_classification_shift_aware_seed1/baseline_grid.csv
============================================================
Baseline grid  |  run_tag = fsmol_gnn_classification_shift_aware_seed2
  checkpoint => /home/chjo00006/PTN/checkpoints/ptn_fsmol_gnn_classification_shift_aware_seed2.pt
  output     => /home/chjo00006/PTN/outputs/results/fsmol_gnn_classification_shift_aware_seed2/baseline_grid.csv
============================================================
Loaded fsmol_gnn/classification model from epoch 81 (Val ΔAUPRC=+0.2116)
  10/154 assays done ...
  20/154 assays done ...
  30/154 assays done ...
  40/154 assays done ...
  50/154 assays done ...
  60/154 assays done ...
  70/154 assays done ...
  80/154 assays done ...
  90/154 assays done ...
  100/154 assays done ...
  110/154 assays done ...
  120/154 assays done ...
  130/154 assays done ...
  140/154 assays done ...
  150/154 assays done ...

======================================================================
SPLIT = random   (mean delta-AUPRC; N assays per size: {16: 154, 32: 154, 64: 153, 128: 148, 256: 29, 512: 11})
======================================================================
support_size              16      32      64      128     256     512
head                                                                 
ecfp_proto_euclid      0.0587  0.0764  0.0934  0.1160  0.1192  0.1090
ecfp_logreg            0.0818  0.0994  0.1146  0.1416  0.1348  0.1286
ecfp_rf                0.0815  0.1013  0.1279  0.1573  0.1653  0.1795
emb_proto_euclid       0.1396  0.1697  0.1929  0.2089  0.1368  0.1266
emb_proto_mahalanobis  0.1302  0.1607  0.1905  0.2168  0.1536  0.1506
emb_logreg             0.1265  0.1467  0.1605  0.1850  0.1257  0.1244
emb_knn                0.0842  0.1103  0.1319  0.1595  0.1121  0.1076

======================================================================
SPLIT = scaffold   (mean delta-AUPRC; N assays per size: {16: 154, 32: 154, 64: 153, 128: 148, 256: 29, 512: 11})
======================================================================
support_size              16      32      64      128     256     512
head                                                                 
ecfp_proto_euclid      0.0481  0.0601  0.0774  0.1083  0.1061  0.1058
ecfp_logreg            0.0657  0.0785  0.0937  0.1247  0.1146  0.1132
ecfp_rf                0.0657  0.0844  0.1073  0.1453  0.1461  0.1696
emb_proto_euclid       0.1247  0.1537  0.1792  0.2049  0.1192  0.1276
emb_proto_mahalanobis  0.1180  0.1432  0.1763  0.2117  0.1367  0.1516
emb_logreg             0.1107  0.1271  0.1461  0.1737  0.1123  0.1056
emb_knn                0.0767  0.0958  0.1166  0.1465  0.1006  0.0997

======================================================================
SPLIT = size   (mean delta-AUPRC; N assays per size: {16: 154, 32: 153, 64: 148, 128: 30, 256: 11, 512: 5})
======================================================================
support_size              16      32      64      128     256     512
head                                                                 
ecfp_proto_euclid      0.0296  0.0426  0.0453  0.0404  0.0614  0.0848
ecfp_logreg            0.0543  0.0650  0.0693  0.0644  0.0915  0.0732
ecfp_rf                0.0510  0.0639  0.0736  0.0791  0.1230  0.1449
emb_proto_euclid       0.1174  0.1348  0.1546  0.0628  0.0825  0.1111
emb_proto_mahalanobis  0.1033  0.1252  0.1498  0.0618  0.0930  0.1304
emb_logreg             0.1000  0.1116  0.1222  0.0450  0.0488  0.0946
emb_knn                0.0649  0.0803  0.0970  0.0368  0.0562  0.0687

Saved 62,664 rows -> /home/chjo00006/PTN/outputs/results/fsmol_gnn_classification_shift_aware_seed2/baseline_grid.csv
