============================================================
Prototypical Network: Molecular OOD
  encoder=fsmol_gnn  head=classification  split=random  seed=2
  run_tag => fsmol_gnn_classification_random_seed2
  checkpoint => /home/chjo00006/PTN/checkpoints/ptn_fsmol_gnn_classification_random_seed2.pt
============================================================

[1/4] Indexing FS-Mol files...
  Train: 26868  Val: 40  Test: 157
  RAM: 0.5 GB

[2/4] Pretraining on FS-Mol...
  Computing FS-Mol degree histogram for PNA scalers...
  FS-Mol degree histogram over 32454 molecules (500 assays).
Training on: cuda
  Streaming GNN dataset: 26868 training files, n_support=64
  Streaming GNN dataset: 40 training files, n_support=64
  AMP dtype: torch.bfloat16 (bf16 supported: True)
  Epochs: 100  |  Tasks/step: 16  |  LR: 0.0001
  Train files: 26868  |  Val files: 40
  Episodes/epoch: 1600  |  Steps/epoch: ~100
Epoch   1/100 | Steps: 100 | Train BCE: 1.4272 | Train ΔAUPRC: +0.0979 | Val ΔAUPRC: +0.0781
  → Saved best model (Val ΔAUPRC: +0.0781)
Epoch   2/100 | Steps: 100 | Train BCE: 0.4517 | Train ΔAUPRC: +0.1449 | Val ΔAUPRC: +0.0825
  → Saved best model (Val ΔAUPRC: +0.0825)
Epoch   3/100 | Steps: 100 | Train BCE: 0.4370 | Train ΔAUPRC: +0.1610 | Val ΔAUPRC: +0.1051
  → Saved best model (Val ΔAUPRC: +0.1051)
Epoch   4/100 | Steps: 100 | Train BCE: 0.4355 | Train ΔAUPRC: +0.1666 | Val ΔAUPRC: +0.0957
Epoch   5/100 | Steps: 100 | Train BCE: 0.4359 | Train ΔAUPRC: +0.1680 | Val ΔAUPRC: +0.1153
  → Saved best model (Val ΔAUPRC: +0.1153)
Epoch   6/100 | Steps: 100 | Train BCE: 0.4443 | Train ΔAUPRC: +0.1699 | Val ΔAUPRC: +0.1085
Epoch   7/100 | Steps: 100 | Train BCE: 0.4261 | Train ΔAUPRC: +0.1812 | Val ΔAUPRC: +0.1298
  → Saved best model (Val ΔAUPRC: +0.1298)
Epoch   8/100 | Steps: 100 | Train BCE: 0.4240 | Train ΔAUPRC: +0.1851 | Val ΔAUPRC: +0.1304
  → Saved best model (Val ΔAUPRC: +0.1304)
Epoch   9/100 | Steps: 100 | Train BCE: 0.4242 | Train ΔAUPRC: +0.1920 | Val ΔAUPRC: +0.1237
Epoch  10/100 | Steps: 100 | Train BCE: 0.3983 | Train ΔAUPRC: +0.1899 | Val ΔAUPRC: +0.1306
  → Saved best model (Val ΔAUPRC: +0.1306)
Epoch  11/100 | Steps: 100 | Train BCE: 0.4012 | Train ΔAUPRC: +0.1866 | Val ΔAUPRC: +0.1360
  → Saved best model (Val ΔAUPRC: +0.1360)
Epoch  12/100 | Steps: 100 | Train BCE: 0.3969 | Train ΔAUPRC: +0.1884 | Val ΔAUPRC: +0.1554
  → Saved best model (Val ΔAUPRC: +0.1554)
Epoch  13/100 | Steps: 100 | Train BCE: 0.4126 | Train ΔAUPRC: +0.1944 | Val ΔAUPRC: +0.1654
  → Saved best model (Val ΔAUPRC: +0.1654)
Epoch  14/100 | Steps: 100 | Train BCE: 0.3886 | Train ΔAUPRC: +0.1944 | Val ΔAUPRC: +0.1616
Epoch  15/100 | Steps: 100 | Train BCE: 0.3871 | Train ΔAUPRC: +0.1976 | Val ΔAUPRC: +0.1676
  → Saved best model (Val ΔAUPRC: +0.1676)
Epoch  16/100 | Steps: 100 | Train BCE: 0.3791 | Train ΔAUPRC: +0.1987 | Val ΔAUPRC: +0.1612
Epoch  17/100 | Steps: 100 | Train BCE: 0.3968 | Train ΔAUPRC: +0.1970 | Val ΔAUPRC: +0.1728
  → Saved best model (Val ΔAUPRC: +0.1728)
Epoch  18/100 | Steps: 100 | Train BCE: 0.3841 | Train ΔAUPRC: +0.1982 | Val ΔAUPRC: +0.1776
  → Saved best model (Val ΔAUPRC: +0.1776)
Epoch  19/100 | Steps: 100 | Train BCE: 0.3876 | Train ΔAUPRC: +0.2035 | Val ΔAUPRC: +0.1625
Epoch  20/100 | Steps: 100 | Train BCE: 0.3722 | Train ΔAUPRC: +0.2080 | Val ΔAUPRC: +0.1520
Epoch  21/100 | Steps: 100 | Train BCE: 0.3753 | Train ΔAUPRC: +0.1973 | Val ΔAUPRC: +0.1629
Epoch  22/100 | Steps: 100 | Train BCE: 0.3765 | Train ΔAUPRC: +0.2015 | Val ΔAUPRC: +0.1810
  → Saved best model (Val ΔAUPRC: +0.1810)
Epoch  23/100 | Steps: 100 | Train BCE: 0.3770 | Train ΔAUPRC: +0.2108 | Val ΔAUPRC: +0.1758
Epoch  24/100 | Steps: 100 | Train BCE: 0.3755 | Train ΔAUPRC: +0.2091 | Val ΔAUPRC: +0.1691
Epoch  25/100 | Steps: 100 | Train BCE: 0.3745 | Train ΔAUPRC: +0.2003 | Val ΔAUPRC: +0.1896
  → Saved best model (Val ΔAUPRC: +0.1896)
Epoch  26/100 | Steps: 100 | Train BCE: 0.3625 | Train ΔAUPRC: +0.2094 | Val ΔAUPRC: +0.1819
Epoch  27/100 | Steps: 100 | Train BCE: 0.3701 | Train ΔAUPRC: +0.2084 | Val ΔAUPRC: +0.1769
Epoch  28/100 | Steps: 100 | Train BCE: 0.3723 | Train ΔAUPRC: +0.2192 | Val ΔAUPRC: +0.1894
Epoch  29/100 | Steps: 100 | Train BCE: 0.3677 | Train ΔAUPRC: +0.2183 | Val ΔAUPRC: +0.1786
Epoch  30/100 | Steps: 100 | Train BCE: 0.3635 | Train ΔAUPRC: +0.2117 | Val ΔAUPRC: +0.1897
  → Saved best model (Val ΔAUPRC: +0.1897)
Epoch  31/100 | Steps: 100 | Train BCE: 0.3639 | Train ΔAUPRC: +0.2185 | Val ΔAUPRC: +0.1722
Epoch  32/100 | Steps: 100 | Train BCE: 0.3524 | Train ΔAUPRC: +0.2216 | Val ΔAUPRC: +0.1776
Epoch  33/100 | Steps: 100 | Train BCE: 0.3697 | Train ΔAUPRC: +0.2218 | Val ΔAUPRC: +0.1749
Epoch  34/100 | Steps: 100 | Train BCE: 0.3711 | Train ΔAUPRC: +0.2187 | Val ΔAUPRC: +0.1709
Epoch  35/100 | Steps: 100 | Train BCE: 0.3577 | Train ΔAUPRC: +0.2253 | Val ΔAUPRC: +0.1861
Epoch  36/100 | Steps: 100 | Train BCE: 0.3451 | Train ΔAUPRC: +0.2237 | Val ΔAUPRC: +0.1900
  → Saved best model (Val ΔAUPRC: +0.1900)
Epoch  37/100 | Steps: 100 | Train BCE: 0.3659 | Train ΔAUPRC: +0.2204 | Val ΔAUPRC: +0.1693
Epoch  38/100 | Steps: 100 | Train BCE: 0.3588 | Train ΔAUPRC: +0.2200 | Val ΔAUPRC: +0.1657
Epoch  39/100 | Steps: 100 | Train BCE: 0.3456 | Train ΔAUPRC: +0.2321 | Val ΔAUPRC: +0.1931
  → Saved best model (Val ΔAUPRC: +0.1931)
Epoch  40/100 | Steps: 100 | Train BCE: 0.3481 | Train ΔAUPRC: +0.2297 | Val ΔAUPRC: +0.1991
  → Saved best model (Val ΔAUPRC: +0.1991)
Epoch  41/100 | Steps: 100 | Train BCE: 0.3544 | Train ΔAUPRC: +0.2215 | Val ΔAUPRC: +0.1903
Epoch  42/100 | Steps: 100 | Train BCE: 0.3581 | Train ΔAUPRC: +0.2244 | Val ΔAUPRC: +0.2026
  → Saved best model (Val ΔAUPRC: +0.2026)
Epoch  43/100 | Steps: 100 | Train BCE: 0.3570 | Train ΔAUPRC: +0.2296 | Val ΔAUPRC: +0.2012
Epoch  44/100 | Steps: 100 | Train BCE: 0.3507 | Train ΔAUPRC: +0.2297 | Val ΔAUPRC: +0.1859
Epoch  45/100 | Steps: 100 | Train BCE: 0.3613 | Train ΔAUPRC: +0.2261 | Val ΔAUPRC: +0.1995
Epoch  46/100 | Steps: 100 | Train BCE: 0.3478 | Train ΔAUPRC: +0.2302 | Val ΔAUPRC: +0.2041
  → Saved best model (Val ΔAUPRC: +0.2041)
Epoch  47/100 | Steps: 100 | Train BCE: 0.3407 | Train ΔAUPRC: +0.2438 | Val ΔAUPRC: +0.1972
Epoch  48/100 | Steps: 100 | Train BCE: 0.3551 | Train ΔAUPRC: +0.2387 | Val ΔAUPRC: +0.1924
Epoch  49/100 | Steps: 100 | Train BCE: 0.3504 | Train ΔAUPRC: +0.2277 | Val ΔAUPRC: +0.1979
Epoch  50/100 | Steps: 100 | Train BCE: 0.3498 | Train ΔAUPRC: +0.2302 | Val ΔAUPRC: +0.1936
Epoch  51/100 | Steps: 100 | Train BCE: 0.3444 | Train ΔAUPRC: +0.2353 | Val ΔAUPRC: +0.2008
Epoch  52/100 | Steps: 100 | Train BCE: 0.3436 | Train ΔAUPRC: +0.2355 | Val ΔAUPRC: +0.1909
Epoch  53/100 | Steps: 100 | Train BCE: 0.3446 | Train ΔAUPRC: +0.2354 | Val ΔAUPRC: +0.1974
Epoch  54/100 | Steps: 100 | Train BCE: 0.3423 | Train ΔAUPRC: +0.2354 | Val ΔAUPRC: +0.1949
Epoch  55/100 | Steps: 100 | Train BCE: 0.3441 | Train ΔAUPRC: +0.2336 | Val ΔAUPRC: +0.1865
Epoch  56/100 | Steps: 100 | Train BCE: 0.3408 | Train ΔAUPRC: +0.2404 | Val ΔAUPRC: +0.2079
  → Saved best model (Val ΔAUPRC: +0.2079)
Epoch  57/100 | Steps: 100 | Train BCE: 0.3533 | Train ΔAUPRC: +0.2401 | Val ΔAUPRC: +0.1966
Epoch  58/100 | Steps: 100 | Train BCE: 0.3465 | Train ΔAUPRC: +0.2395 | Val ΔAUPRC: +0.1787
Epoch  59/100 | Steps: 100 | Train BCE: 0.3428 | Train ΔAUPRC: +0.2483 | Val ΔAUPRC: +0.1837
Epoch  60/100 | Steps: 100 | Train BCE: 0.3443 | Train ΔAUPRC: +0.2413 | Val ΔAUPRC: +0.1784
Epoch  61/100 | Steps: 100 | Train BCE: 0.3379 | Train ΔAUPRC: +0.2368 | Val ΔAUPRC: +0.2092
  → Saved best model (Val ΔAUPRC: +0.2092)
Epoch  62/100 | Steps: 100 | Train BCE: 0.3333 | Train ΔAUPRC: +0.2463 | Val ΔAUPRC: +0.1864
Epoch  63/100 | Steps: 100 | Train BCE: 0.3331 | Train ΔAUPRC: +0.2474 | Val ΔAUPRC: +0.2005
Epoch  64/100 | Steps: 100 | Train BCE: 0.3462 | Train ΔAUPRC: +0.2442 | Val ΔAUPRC: +0.1959
Epoch  65/100 | Steps: 100 | Train BCE: 0.3351 | Train ΔAUPRC: +0.2375 | Val ΔAUPRC: +0.1915
Epoch  66/100 | Steps: 100 | Train BCE: 0.3295 | Train ΔAUPRC: +0.2375 | Val ΔAUPRC: +0.1930
Epoch  67/100 | Steps: 100 | Train BCE: 0.3471 | Train ΔAUPRC: +0.2412 | Val ΔAUPRC: +0.1898
Epoch  68/100 | Steps: 100 | Train BCE: 0.3226 | Train ΔAUPRC: +0.2422 | Val ΔAUPRC: +0.2067
Epoch  69/100 | Steps: 100 | Train BCE: 0.3372 | Train ΔAUPRC: +0.2433 | Val ΔAUPRC: +0.1911
Epoch  70/100 | Steps: 100 | Train BCE: 0.3321 | Train ΔAUPRC: +0.2568 | Val ΔAUPRC: +0.1956
Epoch  71/100 | Steps: 100 | Train BCE: 0.3362 | Train ΔAUPRC: +0.2437 | Val ΔAUPRC: +0.1978
Epoch  72/100 | Steps: 100 | Train BCE: 0.3442 | Train ΔAUPRC: +0.2436 | Val ΔAUPRC: +0.1978
Epoch  73/100 | Steps: 100 | Train BCE: 0.3187 | Train ΔAUPRC: +0.2436 | Val ΔAUPRC: +0.1860
Epoch  74/100 | Steps: 100 | Train BCE: 0.3231 | Train ΔAUPRC: +0.2461 | Val ΔAUPRC: +0.1869
Epoch  75/100 | Steps: 100 | Train BCE: 0.3282 | Train ΔAUPRC: +0.2506 | Val ΔAUPRC: +0.1954
Epoch  76/100 | Steps: 100 | Train BCE: 0.3229 | Train ΔAUPRC: +0.2505 | Val ΔAUPRC: +0.1907
Epoch  77/100 | Steps: 100 | Train BCE: 0.3358 | Train ΔAUPRC: +0.2468 | Val ΔAUPRC: +0.1976
Epoch  78/100 | Steps: 100 | Train BCE: 0.3374 | Train ΔAUPRC: +0.2490 | Val ΔAUPRC: +0.1961
Epoch  79/100 | Steps: 100 | Train BCE: 0.3344 | Train ΔAUPRC: +0.2537 | Val ΔAUPRC: +0.1987
Epoch  80/100 | Steps: 100 | Train BCE: 0.3251 | Train ΔAUPRC: +0.2552 | Val ΔAUPRC: +0.1875
Epoch  81/100 | Steps: 100 | Train BCE: 0.3254 | Train ΔAUPRC: +0.2575 | Val ΔAUPRC: +0.2094
  → Saved best model (Val ΔAUPRC: +0.2094)
Epoch  82/100 | Steps: 100 | Train BCE: 0.3238 | Train ΔAUPRC: +0.2527 | Val ΔAUPRC: +0.1851
Epoch  83/100 | Steps: 100 | Train BCE: 0.3196 | Train ΔAUPRC: +0.2514 | Val ΔAUPRC: +0.1819
Epoch  84/100 | Steps: 100 | Train BCE: 0.3309 | Train ΔAUPRC: +0.2477 | Val ΔAUPRC: +0.2057
Epoch  85/100 | Steps: 100 | Train BCE: 0.3310 | Train ΔAUPRC: +0.2417 | Val ΔAUPRC: +0.1764
Epoch  86/100 | Steps: 100 | Train BCE: 0.3308 | Train ΔAUPRC: +0.2445 | Val ΔAUPRC: +0.1953
Epoch  87/100 | Steps: 100 | Train BCE: 0.3402 | Train ΔAUPRC: +0.2520 | Val ΔAUPRC: +0.1955
Epoch  88/100 | Steps: 100 | Train BCE: 0.3178 | Train ΔAUPRC: +0.2693 | Val ΔAUPRC: +0.1766
Epoch  89/100 | Steps: 100 | Train BCE: 0.3266 | Train ΔAUPRC: +0.2434 | Val ΔAUPRC: +0.1867
Epoch  90/100 | Steps: 100 | Train BCE: 0.3338 | Train ΔAUPRC: +0.2447 | Val ΔAUPRC: +0.1991
Epoch  91/100 | Steps: 100 | Train BCE: 0.3299 | Train ΔAUPRC: +0.2502 | Val ΔAUPRC: +0.2034
Epoch  92/100 | Steps: 100 | Train BCE: 0.3269 | Train ΔAUPRC: +0.2522 | Val ΔAUPRC: +0.1917
Epoch  93/100 | Steps: 100 | Train BCE: 0.3208 | Train ΔAUPRC: +0.2644 | Val ΔAUPRC: +0.1988
Epoch  94/100 | Steps: 100 | Train BCE: 0.3316 | Train ΔAUPRC: +0.2460 | Val ΔAUPRC: +0.1728
Epoch  95/100 | Steps: 100 | Train BCE: 0.3272 | Train ΔAUPRC: +0.2486 | Val ΔAUPRC: +0.1975
Epoch  96/100 | Steps: 100 | Train BCE: 0.3254 | Train ΔAUPRC: +0.2547 | Val ΔAUPRC: +0.1994
Epoch  97/100 | Steps: 100 | Train BCE: 0.3255 | Train ΔAUPRC: +0.2550 | Val ΔAUPRC: +0.2074
Epoch  98/100 | Steps: 100 | Train BCE: 0.3301 | Train ΔAUPRC: +0.2543 | Val ΔAUPRC: +0.1914
Epoch  99/100 | Steps: 100 | Train BCE: 0.3185 | Train ΔAUPRC: +0.2469 | Val ΔAUPRC: +0.1960
Epoch 100/100 | Steps: 100 | Train BCE: 0.3294 | Train ΔAUPRC: +0.2490 | Val ΔAUPRC: +0.1886

Pretraining complete. Best Val ΔAUPRC: +0.2094
  RAM after pretrain: 1.4 GB

[3/4] Evaluating on DrugOOD...
  lbap_core_ic50_scaffold: train pool=22025, ood_test=19480, iid_test=31388
  lbap_core_ic50_size: train pool=37497, ood_test=16761, iid_test=12721
  lbap_core_ic50_assay: train pool=34953, ood_test=19463, iid_test=11960
  RAM after DrugOOD load: 3.7 GB
Loaded fsmol_gnn/classification model from epoch 81 (Val ΔAUPRC=+0.2094)
lbap_core_ic50_scaffold             | ctx=  16 | ood_test | ΔAUPRC: +0.0000±0.0000 | RMSE: nan | Spearman: nan
lbap_core_ic50_scaffold             | ctx=  16 | iid_test | ΔAUPRC: +0.0000±0.0000 | RMSE: nan | Spearman: nan
lbap_core_ic50_scaffold             | ctx=  32 | ood_test | ΔAUPRC: +0.0221±0.0313 | RMSE: nan | Spearman: nan
lbap_core_ic50_scaffold             | ctx=  32 | iid_test | ΔAUPRC: +0.0122±0.0172 | RMSE: nan | Spearman: nan
lbap_core_ic50_scaffold             | ctx=  64 | ood_test | ΔAUPRC: +0.0151±0.0314 | RMSE: nan | Spearman: nan
lbap_core_ic50_scaffold             | ctx=  64 | iid_test | ΔAUPRC: +0.0200±0.0143 | RMSE: nan | Spearman: nan
lbap_core_ic50_scaffold             | ctx= 128 | ood_test | ΔAUPRC: +0.0326±0.0168 | RMSE: nan | Spearman: nan
lbap_core_ic50_scaffold             | ctx= 128 | iid_test | ΔAUPRC: +0.0344±0.0080 | RMSE: nan | Spearman: nan
lbap_core_ic50_scaffold             | ctx= 256 | ood_test | ΔAUPRC: +0.0397±0.0262 | RMSE: nan | Spearman: nan
lbap_core_ic50_scaffold             | ctx= 256 | iid_test | ΔAUPRC: +0.0383±0.0095 | RMSE: nan | Spearman: nan
lbap_core_ic50_scaffold             | ctx= 512 | ood_test | ΔAUPRC: +0.0366±0.0347 | RMSE: nan | Spearman: nan
lbap_core_ic50_scaffold             | ctx= 512 | iid_test | ΔAUPRC: +0.0455±0.0031 | RMSE: nan | Spearman: nan
lbap_core_ic50_size                 | ctx=  16 | ood_test | ΔAUPRC: +0.0132±0.0117 | RMSE: nan | Spearman: nan
lbap_core_ic50_size                 | ctx=  16 | iid_test | ΔAUPRC: +0.0026±0.0044 | RMSE: nan | Spearman: nan
lbap_core_ic50_size                 | ctx=  32 | ood_test | ΔAUPRC: +0.0004±0.0029 | RMSE: nan | Spearman: nan
lbap_core_ic50_size                 | ctx=  32 | iid_test | ΔAUPRC: +0.0070±0.0016 | RMSE: nan | Spearman: nan
lbap_core_ic50_size                 | ctx=  64 | ood_test | ΔAUPRC: +0.0185±0.0061 | RMSE: nan | Spearman: nan
lbap_core_ic50_size                 | ctx=  64 | iid_test | ΔAUPRC: +0.0098±0.0038 | RMSE: nan | Spearman: nan
lbap_core_ic50_size                 | ctx= 128 | ood_test | ΔAUPRC: +0.0232±0.0140 | RMSE: nan | Spearman: nan
lbap_core_ic50_size                 | ctx= 128 | iid_test | ΔAUPRC: +0.0148±0.0078 | RMSE: nan | Spearman: nan
lbap_core_ic50_size                 | ctx= 256 | ood_test | ΔAUPRC: +0.0394±0.0116 | RMSE: nan | Spearman: nan
lbap_core_ic50_size                 | ctx= 256 | iid_test | ΔAUPRC: +0.0288±0.0046 | RMSE: nan | Spearman: nan
lbap_core_ic50_size                 | ctx= 512 | ood_test | ΔAUPRC: +0.0455±0.0071 | RMSE: nan | Spearman: nan
lbap_core_ic50_size                 | ctx= 512 | iid_test | ΔAUPRC: +0.0337±0.0024 | RMSE: nan | Spearman: nan
lbap_core_ic50_assay                | ctx=  16 | ood_test | ΔAUPRC: +0.0038±0.0276 | RMSE: nan | Spearman: nan
lbap_core_ic50_assay                | ctx=  16 | iid_test | ΔAUPRC: +0.0163±0.0294 | RMSE: nan | Spearman: nan
lbap_core_ic50_assay                | ctx=  32 | ood_test | ΔAUPRC: +0.0077±0.0208 | RMSE: nan | Spearman: nan
lbap_core_ic50_assay                | ctx=  32 | iid_test | ΔAUPRC: +0.0198±0.0226 | RMSE: nan | Spearman: nan
lbap_core_ic50_assay                | ctx=  64 | ood_test | ΔAUPRC: +0.0356±0.0122 | RMSE: nan | Spearman: nan
lbap_core_ic50_assay                | ctx=  64 | iid_test | ΔAUPRC: +0.0524±0.0155 | RMSE: nan | Spearman: nan
lbap_core_ic50_assay                | ctx= 128 | ood_test | ΔAUPRC: +0.0527±0.0017 | RMSE: nan | Spearman: nan
lbap_core_ic50_assay                | ctx= 128 | iid_test | ΔAUPRC: +0.0666±0.0023 | RMSE: nan | Spearman: nan
lbap_core_ic50_assay                | ctx= 256 | ood_test | ΔAUPRC: +0.0537±0.0040 | RMSE: nan | Spearman: nan
lbap_core_ic50_assay                | ctx= 256 | iid_test | ΔAUPRC: +0.0697±0.0005 | RMSE: nan | Spearman: nan
lbap_core_ic50_assay                | ctx= 512 | ood_test | ΔAUPRC: +0.0603±0.0030 | RMSE: nan | Spearman: nan
lbap_core_ic50_assay                | ctx= 512 | iid_test | ΔAUPRC: +0.0760±0.0046 | RMSE: nan | Spearman: nan
  Saved => /home/chjo00006/PTN/outputs/results/fsmol_gnn_classification_random_seed2/drugood_results.csv

=== DrugOOD results (long-form) ===
                    split_type query_set  context_set_size  actual_context_n  n_test  n_seeds  delta_auprc  delta_auprc_std  rmse  rmse_std  mae  spearman  spearman_std
index                                                                                                                                                                   
0      lbap_core_ic50_scaffold  ood_test                16                16   19480        3     0.000000         0.000000   NaN       NaN  NaN       NaN           NaN
1      lbap_core_ic50_scaffold  iid_test                16                16   31388        3     0.000000         0.000000   NaN       NaN  NaN       NaN           NaN
2      lbap_core_ic50_scaffold  ood_test                32                32   19480        3     0.022127         0.031292   NaN       NaN  NaN       NaN           NaN
3      lbap_core_ic50_scaffold  iid_test                32                32   31388        3     0.012161         0.017199   NaN       NaN  NaN       NaN           NaN
4      lbap_core_ic50_scaffold  ood_test                64                64   19480        3     0.015097         0.031400   NaN       NaN  NaN       NaN           NaN
5      lbap_core_ic50_scaffold  iid_test                64                64   31388        3     0.020016         0.014279   NaN       NaN  NaN       NaN           NaN
6      lbap_core_ic50_scaffold  ood_test               128               128   19480        3     0.032613         0.016764   NaN       NaN  NaN       NaN           NaN
7      lbap_core_ic50_scaffold  iid_test               128               128   31388        3     0.034441         0.008022   NaN       NaN  NaN       NaN           NaN
8      lbap_core_ic50_scaffold  ood_test               256               256   19480        3     0.039685         0.026247   NaN       NaN  NaN       NaN           NaN
9      lbap_core_ic50_scaffold  iid_test               256               256   31388        3     0.038252         0.009461   NaN       NaN  NaN       NaN           NaN
10     lbap_core_ic50_scaffold  ood_test               512               512   19480        3     0.036562         0.034711   NaN       NaN  NaN       NaN           NaN
11     lbap_core_ic50_scaffold  iid_test               512               512   31388        3     0.045484         0.003125   NaN       NaN  NaN       NaN           NaN
12         lbap_core_ic50_size  ood_test                16                16   16761        3     0.013176         0.011714   NaN       NaN  NaN       NaN           NaN
13         lbap_core_ic50_size  iid_test                16                16   12721        3     0.002561         0.004361   NaN       NaN  NaN       NaN           NaN
14         lbap_core_ic50_size  ood_test                32                32   16761        3     0.000351         0.002920   NaN       NaN  NaN       NaN           NaN
15         lbap_core_ic50_size  iid_test                32                32   12721        3     0.007016         0.001564   NaN       NaN  NaN       NaN           NaN
16         lbap_core_ic50_size  ood_test                64                64   16761        3     0.018511         0.006070   NaN       NaN  NaN       NaN           NaN
17         lbap_core_ic50_size  iid_test                64                64   12721        3     0.009826         0.003817   NaN       NaN  NaN       NaN           NaN
18         lbap_core_ic50_size  ood_test               128               128   16761        3     0.023155         0.014025   NaN       NaN  NaN       NaN           NaN
19         lbap_core_ic50_size  iid_test               128               128   12721        3     0.014785         0.007767   NaN       NaN  NaN       NaN           NaN
20         lbap_core_ic50_size  ood_test               256               256   16761        3     0.039436         0.011575   NaN       NaN  NaN       NaN           NaN
21         lbap_core_ic50_size  iid_test               256               256   12721        3     0.028803         0.004559   NaN       NaN  NaN       NaN           NaN
22         lbap_core_ic50_size  ood_test               512               512   16761        3     0.045458         0.007123   NaN       NaN  NaN       NaN           NaN
23         lbap_core_ic50_size  iid_test               512               512   12721        3     0.033720         0.002444   NaN       NaN  NaN       NaN           NaN
24        lbap_core_ic50_assay  ood_test                16                16   19463        3     0.003758         0.027578   NaN       NaN  NaN       NaN           NaN
25        lbap_core_ic50_assay  iid_test                16                16   11960        3     0.016299         0.029414   NaN       NaN  NaN       NaN           NaN
26        lbap_core_ic50_assay  ood_test                32                32   19463        3     0.007734         0.020813   NaN       NaN  NaN       NaN           NaN
27        lbap_core_ic50_assay  iid_test                32                32   11960        3     0.019789         0.022590   NaN       NaN  NaN       NaN           NaN
28        lbap_core_ic50_assay  ood_test                64                64   19463        3     0.035642         0.012209   NaN       NaN  NaN       NaN           NaN
29        lbap_core_ic50_assay  iid_test                64                64   11960        3     0.052448         0.015548   NaN       NaN  NaN       NaN           NaN
30        lbap_core_ic50_assay  ood_test               128               128   19463        3     0.052704         0.001671   NaN       NaN  NaN       NaN           NaN
31        lbap_core_ic50_assay  iid_test               128               128   11960        3     0.066587         0.002284   NaN       NaN  NaN       NaN           NaN
32        lbap_core_ic50_assay  ood_test               256               256   19463        3     0.053668         0.003956   NaN       NaN  NaN       NaN           NaN
33        lbap_core_ic50_assay  iid_test               256               256   11960        3     0.069701         0.000534   NaN       NaN  NaN       NaN           NaN
34        lbap_core_ic50_assay  ood_test               512               512   19463        3     0.060301         0.003037   NaN       NaN  NaN       NaN           NaN
35        lbap_core_ic50_assay  iid_test               512               512   11960        3     0.075966         0.004619   NaN       NaN  NaN       NaN           NaN

=== Summary: mean ΔAUPRC per split × query_set ===
split_type               query_set
lbap_core_ic50_assay     iid_test     0.0501
                         ood_test     0.0356
lbap_core_ic50_scaffold  iid_test     0.0251
                         ood_test     0.0243
lbap_core_ic50_size      iid_test     0.0161
                         ood_test     0.0233
Name: delta_auprc, dtype: float64

[4/4] FS-Mol test evaluation...

  [4a] Inside-task OOD (scaffold split, n_support=16)...
  Loading assay 1/157...
============================================================
  Data-loss report: test/
============================================================
  Molecules in raw files        :     56,220
  -- Dropped (inexact Relation) :     12,429  (22.1%)
  -- Dropped (bad/missing fields):       129  (0.2%)
  -- Dropped (task too small)   :          0  (0.0%)
  ----------------------------------------
  Total molecules lost          :     12,558  (22.3%)
  Molecules used for training   :     43,662  (77.7%)
  ---
  Tasks in directory            :        157
  Tasks dropped (<32 molecules)  :          3  (1.9%)
  Tasks kept                    :        154  (98.1%)
============================================================
  Test assays loaded: 154

Inside-task OOD: 153 assays evaluated, 1 skipped (no scaffold group with ≥3 molecules).
  Mean Spearman : nan  (0/153 assays non-nan)
  Mean RMSE     : nan
  Mean ΔAUPRC   : 0.0177
  Saved => /home/chjo00006/PTN/outputs/results/fsmol_gnn_classification_random_seed2/inside_task_ood.csv

  [4b] Support-size sweep (random / scaffold / size splits)...

  -- split_type = random --
  [random] 20/154 assays...  [random] 40/154 assays...  [random] 60/154 assays...  [random] 80/154 assays...  [random] 100/154 assays...  [random] 120/154 assays...  [random] 140/154 assays...
  Done [random]. 154 assays × 6 support sizes.

=== FS-Mol Test [random]: mean metrics per support size ===
              delta_auprc  spearman  rmse
support_size                             
16                 0.1287       NaN   NaN
32                 0.1568       NaN   NaN
64                 0.1862       NaN   NaN
128                0.2244       NaN   NaN
256                0.1547       NaN   NaN
512                0.1678       NaN   NaN
  Predictions saved → /home/chjo00006/PTN/outputs/results/fsmol_gnn_classification_random_seed2/fsmol_test_predictions_random.csv  (825,490 rows)

  -- split_type = scaffold --
  [scaffold] 60/154 assays...  [scaffold] 80/154 assays...  [scaffold] 100/154 assays...  [scaffold] 120/154 assays...  [scaffold] 140/154 assays...
  Done [scaffold]. 144 assays × 6 support sizes.

=== FS-Mol Test [scaffold]: mean metrics per support size ===
              delta_auprc  spearman  rmse
support_size                             
16                 0.0514       NaN   NaN
32                 0.0500       NaN   NaN
64                 0.0493       NaN   NaN
128                0.0500       NaN   NaN
256                0.0112       NaN   NaN
512                0.0085       NaN   NaN
  Predictions saved → /home/chjo00006/PTN/outputs/results/fsmol_gnn_classification_random_seed2/fsmol_test_predictions_scaffold.csv  (1,022,570 rows)

  -- split_type = size --
  [size] 20/154 assays...  [size] 40/154 assays...  [size] 60/154 assays...  [size] 80/154 assays...  [size] 100/154 assays...  [size] 120/154 assays...  [size] 140/154 assays...
  Done [size]. 154 assays × 6 support sizes.

=== FS-Mol Test [size]: mean metrics per support size ===
              delta_auprc  spearman  rmse
support_size                             
16                 0.1036       NaN   NaN
32                 0.1238       NaN   NaN
64                 0.1434       NaN   NaN
128                0.1473       NaN   NaN
256                0.0713       NaN   NaN
512                0.1070       NaN   NaN
  Predictions saved → /home/chjo00006/PTN/outputs/results/fsmol_gnn_classification_random_seed2/fsmol_test_predictions_size.csv  (536,650 rows)

  All 3 curves saved => /home/chjo00006/PTN/outputs/results/fsmol_gnn_classification_random_seed2/fsmol_test_results.csv

=== FS-Mol Test: mean ΔAUPRC and N assays per split_type × support_size ===
                         delta_auprc  n_assays
split_type support_size                       
random     16                 0.1287       154
           32                 0.1568       154
           64                 0.1862       153
           128                0.2244       148
           256                0.1547        29
           512                0.1678        11
scaffold   16                 0.0514       144
           32                 0.0500       144
           64                 0.0493       144
           128                0.0500       142
           256                0.0112        29
           512                0.0085        11
size       16                 0.1036       154
           32                 0.1238       154
           64                 0.1434       153
           128                0.1473       148
           256                0.0713        29
           512                0.1070        11
