============================================================
Prototypical Network: Molecular OOD
  encoder=fsmol_gnn  head=classification  split=random  seed=2
  run_tag => fsmol_gnn_classification_random_seed2
  checkpoint => /home/chjo00006/PTN/checkpoints/ptn_fsmol_gnn_classification_random_seed2.pt
============================================================

[1/4] Indexing FS-Mol files...
  Train: 26868  Val: 40  Test: 157
  RAM: 0.6 GB

[2/4] Pretraining on FS-Mol...
  Computing FS-Mol degree histogram for PNA scalers...
  FS-Mol degree histogram over 67484 molecules (500 assays).
Training on: cuda
  Streaming GNN dataset: 26868 training files, n_support=64
  Streaming GNN dataset: 40 training files, n_support=64
  Epochs: 100  |  Tasks/step: 16  |  LR: 0.0001
  Train files: 26868  |  Val files: 40
  Episodes/epoch: 1600  |  Steps/epoch: ~100
Epoch   1/100 | Steps: 100 | Train BCE: 1.6936 | Train ΔAUPRC: +0.0895 | Val ΔAUPRC: +0.0756
  → Saved best model (Val ΔAUPRC: +0.0756)
Epoch   2/100 | Steps: 100 | Train BCE: 0.4510 | Train ΔAUPRC: +0.1485 | Val ΔAUPRC: +0.0796
  → Saved best model (Val ΔAUPRC: +0.0796)
Epoch   3/100 | Steps: 100 | Train BCE: 0.4488 | Train ΔAUPRC: +0.1621 | Val ΔAUPRC: +0.1001
  → Saved best model (Val ΔAUPRC: +0.1001)
Epoch   4/100 | Steps: 100 | Train BCE: 0.4459 | Train ΔAUPRC: +0.1636 | Val ΔAUPRC: +0.1052
  → Saved best model (Val ΔAUPRC: +0.1052)
Epoch   5/100 | Steps: 100 | Train BCE: 0.4389 | Train ΔAUPRC: +0.1672 | Val ΔAUPRC: +0.1046
Epoch   6/100 | Steps: 100 | Train BCE: 0.4378 | Train ΔAUPRC: +0.1747 | Val ΔAUPRC: +0.1053
  → Saved best model (Val ΔAUPRC: +0.1053)
Epoch   7/100 | Steps: 100 | Train BCE: 0.4110 | Train ΔAUPRC: +0.1753 | Val ΔAUPRC: +0.1202
  → Saved best model (Val ΔAUPRC: +0.1202)
Epoch   8/100 | Steps: 100 | Train BCE: 0.4071 | Train ΔAUPRC: +0.1761 | Val ΔAUPRC: +0.1336
  → Saved best model (Val ΔAUPRC: +0.1336)
Epoch   9/100 | Steps: 100 | Train BCE: 0.4173 | Train ΔAUPRC: +0.1826 | Val ΔAUPRC: +0.1340
  → Saved best model (Val ΔAUPRC: +0.1340)
Epoch  10/100 | Steps: 100 | Train BCE: 0.4066 | Train ΔAUPRC: +0.1783 | Val ΔAUPRC: +0.1231
Epoch  11/100 | Steps: 100 | Train BCE: 0.4038 | Train ΔAUPRC: +0.1819 | Val ΔAUPRC: +0.1500
  → Saved best model (Val ΔAUPRC: +0.1500)
Epoch  12/100 | Steps: 100 | Train BCE: 0.4078 | Train ΔAUPRC: +0.1903 | Val ΔAUPRC: +0.1426
Epoch  13/100 | Steps: 100 | Train BCE: 0.3957 | Train ΔAUPRC: +0.1927 | Val ΔAUPRC: +0.1575
  → Saved best model (Val ΔAUPRC: +0.1575)
Epoch  14/100 | Steps: 100 | Train BCE: 0.3888 | Train ΔAUPRC: +0.1809 | Val ΔAUPRC: +0.1595
  → Saved best model (Val ΔAUPRC: +0.1595)
Epoch  15/100 | Steps: 100 | Train BCE: 0.3990 | Train ΔAUPRC: +0.1902 | Val ΔAUPRC: +0.1584
Epoch  16/100 | Steps: 100 | Train BCE: 0.4029 | Train ΔAUPRC: +0.1983 | Val ΔAUPRC: +0.1463
Epoch  17/100 | Steps: 100 | Train BCE: 0.3921 | Train ΔAUPRC: +0.1912 | Val ΔAUPRC: +0.1721
  → Saved best model (Val ΔAUPRC: +0.1721)
Epoch  18/100 | Steps: 100 | Train BCE: 0.3811 | Train ΔAUPRC: +0.1897 | Val ΔAUPRC: +0.1707
Epoch  19/100 | Steps: 100 | Train BCE: 0.3859 | Train ΔAUPRC: +0.1986 | Val ΔAUPRC: +0.1733
  → Saved best model (Val ΔAUPRC: +0.1733)
Epoch  20/100 | Steps: 100 | Train BCE: 0.3816 | Train ΔAUPRC: +0.1974 | Val ΔAUPRC: +0.1621
Epoch  21/100 | Steps: 100 | Train BCE: 0.3779 | Train ΔAUPRC: +0.2070 | Val ΔAUPRC: +0.1581
Epoch  22/100 | Steps: 100 | Train BCE: 0.3808 | Train ΔAUPRC: +0.2091 | Val ΔAUPRC: +0.1783
  → Saved best model (Val ΔAUPRC: +0.1783)
Epoch  23/100 | Steps: 100 | Train BCE: 0.3792 | Train ΔAUPRC: +0.2001 | Val ΔAUPRC: +0.1759
Epoch  24/100 | Steps: 100 | Train BCE: 0.3647 | Train ΔAUPRC: +0.2135 | Val ΔAUPRC: +0.1677
Epoch  25/100 | Steps: 100 | Train BCE: 0.3711 | Train ΔAUPRC: +0.2074 | Val ΔAUPRC: +0.1741
Epoch  26/100 | Steps: 100 | Train BCE: 0.3663 | Train ΔAUPRC: +0.2203 | Val ΔAUPRC: +0.1793
  → Saved best model (Val ΔAUPRC: +0.1793)
Epoch  27/100 | Steps: 100 | Train BCE: 0.3653 | Train ΔAUPRC: +0.2077 | Val ΔAUPRC: +0.1749
Epoch  28/100 | Steps: 100 | Train BCE: 0.3748 | Train ΔAUPRC: +0.2099 | Val ΔAUPRC: +0.1890
  → Saved best model (Val ΔAUPRC: +0.1890)
Epoch  29/100 | Steps: 100 | Train BCE: 0.3770 | Train ΔAUPRC: +0.2173 | Val ΔAUPRC: +0.1766
Epoch  30/100 | Steps: 100 | Train BCE: 0.3711 | Train ΔAUPRC: +0.2114 | Val ΔAUPRC: +0.1907
  → Saved best model (Val ΔAUPRC: +0.1907)
Epoch  31/100 | Steps: 100 | Train BCE: 0.3618 | Train ΔAUPRC: +0.2174 | Val ΔAUPRC: +0.1797
Epoch  32/100 | Steps: 100 | Train BCE: 0.3713 | Train ΔAUPRC: +0.2296 | Val ΔAUPRC: +0.1816
Epoch  33/100 | Steps: 100 | Train BCE: 0.3739 | Train ΔAUPRC: +0.2067 | Val ΔAUPRC: +0.1661
Epoch  34/100 | Steps: 100 | Train BCE: 0.3686 | Train ΔAUPRC: +0.2200 | Val ΔAUPRC: +0.1785
Epoch  35/100 | Steps: 100 | Train BCE: 0.3541 | Train ΔAUPRC: +0.2217 | Val ΔAUPRC: +0.1981
  → Saved best model (Val ΔAUPRC: +0.1981)
Epoch  36/100 | Steps: 100 | Train BCE: 0.3624 | Train ΔAUPRC: +0.2192 | Val ΔAUPRC: +0.1861
Epoch  37/100 | Steps: 100 | Train BCE: 0.3589 | Train ΔAUPRC: +0.2266 | Val ΔAUPRC: +0.1764
Epoch  38/100 | Steps: 100 | Train BCE: 0.3711 | Train ΔAUPRC: +0.2319 | Val ΔAUPRC: +0.1741
Epoch  39/100 | Steps: 100 | Train BCE: 0.3577 | Train ΔAUPRC: +0.2300 | Val ΔAUPRC: +0.1948
Epoch  40/100 | Steps: 100 | Train BCE: 0.3619 | Train ΔAUPRC: +0.2260 | Val ΔAUPRC: +0.1998
  → Saved best model (Val ΔAUPRC: +0.1998)
Epoch  41/100 | Steps: 100 | Train BCE: 0.3573 | Train ΔAUPRC: +0.2301 | Val ΔAUPRC: +0.1893
Epoch  42/100 | Steps: 100 | Train BCE: 0.3413 | Train ΔAUPRC: +0.2294 | Val ΔAUPRC: +0.1972
Epoch  43/100 | Steps: 100 | Train BCE: 0.3546 | Train ΔAUPRC: +0.2286 | Val ΔAUPRC: +0.2017
  → Saved best model (Val ΔAUPRC: +0.2017)
Epoch  44/100 | Steps: 100 | Train BCE: 0.3366 | Train ΔAUPRC: +0.2212 | Val ΔAUPRC: +0.1816
Epoch  45/100 | Steps: 100 | Train BCE: 0.3565 | Train ΔAUPRC: +0.2314 | Val ΔAUPRC: +0.1977
Epoch  46/100 | Steps: 100 | Train BCE: 0.3359 | Train ΔAUPRC: +0.2287 | Val ΔAUPRC: +0.2109
  → Saved best model (Val ΔAUPRC: +0.2109)
Epoch  47/100 | Steps: 100 | Train BCE: 0.3374 | Train ΔAUPRC: +0.2416 | Val ΔAUPRC: +0.1932
Epoch  48/100 | Steps: 100 | Train BCE: 0.3624 | Train ΔAUPRC: +0.2262 | Val ΔAUPRC: +0.1920
Epoch  49/100 | Steps: 100 | Train BCE: 0.3325 | Train ΔAUPRC: +0.2393 | Val ΔAUPRC: +0.2002
Epoch  50/100 | Steps: 100 | Train BCE: 0.3386 | Train ΔAUPRC: +0.2327 | Val ΔAUPRC: +0.1968
Epoch  51/100 | Steps: 100 | Train BCE: 0.3350 | Train ΔAUPRC: +0.2333 | Val ΔAUPRC: +0.1984
Epoch  52/100 | Steps: 100 | Train BCE: 0.3436 | Train ΔAUPRC: +0.2417 | Val ΔAUPRC: +0.1883
Epoch  53/100 | Steps: 100 | Train BCE: 0.3446 | Train ΔAUPRC: +0.2419 | Val ΔAUPRC: +0.1983
Epoch  54/100 | Steps: 100 | Train BCE: 0.3329 | Train ΔAUPRC: +0.2365 | Val ΔAUPRC: +0.1931
Epoch  55/100 | Steps: 100 | Train BCE: 0.3447 | Train ΔAUPRC: +0.2405 | Val ΔAUPRC: +0.1808
Epoch  56/100 | Steps: 100 | Train BCE: 0.3400 | Train ΔAUPRC: +0.2342 | Val ΔAUPRC: +0.2190
  → Saved best model (Val ΔAUPRC: +0.2190)
Epoch  57/100 | Steps: 100 | Train BCE: 0.3434 | Train ΔAUPRC: +0.2356 | Val ΔAUPRC: +0.1970
Epoch  58/100 | Steps: 100 | Train BCE: 0.3459 | Train ΔAUPRC: +0.2315 | Val ΔAUPRC: +0.1747
Epoch  59/100 | Steps: 100 | Train BCE: 0.3243 | Train ΔAUPRC: +0.2501 | Val ΔAUPRC: +0.1837
Epoch  60/100 | Steps: 100 | Train BCE: 0.3427 | Train ΔAUPRC: +0.2411 | Val ΔAUPRC: +0.1796
Epoch  61/100 | Steps: 100 | Train BCE: 0.3418 | Train ΔAUPRC: +0.2355 | Val ΔAUPRC: +0.2134
Epoch  62/100 | Steps: 100 | Train BCE: 0.3316 | Train ΔAUPRC: +0.2483 | Val ΔAUPRC: +0.1942
Epoch  63/100 | Steps: 100 | Train BCE: 0.3421 | Train ΔAUPRC: +0.2332 | Val ΔAUPRC: +0.2014
Epoch  64/100 | Steps: 100 | Train BCE: 0.3414 | Train ΔAUPRC: +0.2374 | Val ΔAUPRC: +0.2040
Epoch  65/100 | Steps: 100 | Train BCE: 0.3428 | Train ΔAUPRC: +0.2420 | Val ΔAUPRC: +0.1931
Epoch  66/100 | Steps: 100 | Train BCE: 0.3262 | Train ΔAUPRC: +0.2437 | Val ΔAUPRC: +0.1972
Epoch  67/100 | Steps: 100 | Train BCE: 0.3360 | Train ΔAUPRC: +0.2405 | Val ΔAUPRC: +0.1923
Epoch  68/100 | Steps: 100 | Train BCE: 0.3539 | Train ΔAUPRC: +0.2473 | Val ΔAUPRC: +0.2053
Epoch  69/100 | Steps: 100 | Train BCE: 0.3398 | Train ΔAUPRC: +0.2398 | Val ΔAUPRC: +0.1881
Epoch  70/100 | Steps: 100 | Train BCE: 0.3417 | Train ΔAUPRC: +0.2427 | Val ΔAUPRC: +0.2000
Epoch  71/100 | Steps: 100 | Train BCE: 0.3419 | Train ΔAUPRC: +0.2428 | Val ΔAUPRC: +0.2029
Epoch  72/100 | Steps: 100 | Train BCE: 0.3416 | Train ΔAUPRC: +0.2450 | Val ΔAUPRC: +0.2064
Epoch  73/100 | Steps: 100 | Train BCE: 0.3355 | Train ΔAUPRC: +0.2414 | Val ΔAUPRC: +0.1955
Epoch  74/100 | Steps: 100 | Train BCE: 0.3349 | Train ΔAUPRC: +0.2499 | Val ΔAUPRC: +0.1968
Epoch  75/100 | Steps: 100 | Train BCE: 0.3393 | Train ΔAUPRC: +0.2471 | Val ΔAUPRC: +0.2043
Epoch  76/100 | Steps: 100 | Train BCE: 0.3352 | Train ΔAUPRC: +0.2426 | Val ΔAUPRC: +0.2017
Epoch  77/100 | Steps: 100 | Train BCE: 0.3192 | Train ΔAUPRC: +0.2519 | Val ΔAUPRC: +0.1942
Epoch  78/100 | Steps: 100 | Train BCE: 0.3296 | Train ΔAUPRC: +0.2384 | Val ΔAUPRC: +0.1951
Epoch  79/100 | Steps: 100 | Train BCE: 0.3346 | Train ΔAUPRC: +0.2544 | Val ΔAUPRC: +0.2005
Epoch  80/100 | Steps: 100 | Train BCE: 0.3313 | Train ΔAUPRC: +0.2466 | Val ΔAUPRC: +0.1864
Epoch  81/100 | Steps: 100 | Train BCE: 0.3263 | Train ΔAUPRC: +0.2447 | Val ΔAUPRC: +0.2120
Epoch  82/100 | Steps: 100 | Train BCE: 0.3357 | Train ΔAUPRC: +0.2509 | Val ΔAUPRC: +0.1925
Epoch  83/100 | Steps: 100 | Train BCE: 0.3278 | Train ΔAUPRC: +0.2478 | Val ΔAUPRC: +0.1879
Epoch  84/100 | Steps: 100 | Train BCE: 0.3336 | Train ΔAUPRC: +0.2496 | Val ΔAUPRC: +0.2115
Epoch  85/100 | Steps: 100 | Train BCE: 0.3533 | Train ΔAUPRC: +0.2487 | Val ΔAUPRC: +0.1835
Epoch  86/100 | Steps: 100 | Train BCE: 0.3260 | Train ΔAUPRC: +0.2483 | Val ΔAUPRC: +0.1961
Epoch  87/100 | Steps: 100 | Train BCE: 0.3345 | Train ΔAUPRC: +0.2535 | Val ΔAUPRC: +0.1990
Epoch  88/100 | Steps: 100 | Train BCE: 0.3212 | Train ΔAUPRC: +0.2424 | Val ΔAUPRC: +0.1881
Epoch  89/100 | Steps: 100 | Train BCE: 0.3263 | Train ΔAUPRC: +0.2532 | Val ΔAUPRC: +0.1870
Epoch  90/100 | Steps: 100 | Train BCE: 0.3265 | Train ΔAUPRC: +0.2518 | Val ΔAUPRC: +0.2033
Epoch  91/100 | Steps: 100 | Train BCE: 0.3366 | Train ΔAUPRC: +0.2571 | Val ΔAUPRC: +0.1954
Epoch  92/100 | Steps: 100 | Train BCE: 0.3318 | Train ΔAUPRC: +0.2546 | Val ΔAUPRC: +0.1968
Epoch  93/100 | Steps: 100 | Train BCE: 0.3158 | Train ΔAUPRC: +0.2473 | Val ΔAUPRC: +0.2062
Epoch  94/100 | Steps: 100 | Train BCE: 0.3262 | Train ΔAUPRC: +0.2525 | Val ΔAUPRC: +0.1838
Epoch  95/100 | Steps: 100 | Train BCE: 0.3314 | Train ΔAUPRC: +0.2486 | Val ΔAUPRC: +0.2057
Epoch  96/100 | Steps: 100 | Train BCE: 0.3308 | Train ΔAUPRC: +0.2431 | Val ΔAUPRC: +0.2163
Epoch  97/100 | Steps: 100 | Train BCE: 0.3150 | Train ΔAUPRC: +0.2548 | Val ΔAUPRC: +0.2060
Epoch  98/100 | Steps: 100 | Train BCE: 0.3290 | Train ΔAUPRC: +0.2503 | Val ΔAUPRC: +0.1939
Epoch  99/100 | Steps: 100 | Train BCE: 0.3304 | Train ΔAUPRC: +0.2462 | Val ΔAUPRC: +0.2014
Epoch 100/100 | Steps: 100 | Train BCE: 0.3242 | Train ΔAUPRC: +0.2574 | Val ΔAUPRC: +0.1998

Pretraining complete. Best Val ΔAUPRC: +0.2190
  RAM after pretrain: 1.2 GB

[3/4] Evaluating on DrugOOD...
  lbap_core_ic50_scaffold: train pool=22025, ood_test=19480, iid_test=31388
  lbap_core_ic50_size: train pool=37497, ood_test=16761, iid_test=12721
  lbap_core_ic50_assay: train pool=34953, ood_test=19463, iid_test=11960
  RAM after DrugOOD load: 3.6 GB
Loaded fsmol_gnn/classification model from epoch 56 (Val ΔAUPRC=+0.2190)
lbap_core_ic50_scaffold             | ctx=  16 | ood_test | ΔAUPRC: +0.0000±0.0000 | RMSE: nan | Spearman: nan
lbap_core_ic50_scaffold             | ctx=  16 | iid_test | ΔAUPRC: +0.0000±0.0000 | RMSE: nan | Spearman: nan
lbap_core_ic50_scaffold             | ctx=  32 | ood_test | ΔAUPRC: +0.0121±0.0171 | RMSE: nan | Spearman: nan
lbap_core_ic50_scaffold             | ctx=  32 | iid_test | ΔAUPRC: +0.0077±0.0110 | RMSE: nan | Spearman: nan
lbap_core_ic50_scaffold             | ctx=  64 | ood_test | ΔAUPRC: +0.0197±0.0165 | RMSE: nan | Spearman: nan
lbap_core_ic50_scaffold             | ctx=  64 | iid_test | ΔAUPRC: +0.0149±0.0113 | RMSE: nan | Spearman: nan
lbap_core_ic50_scaffold             | ctx= 128 | ood_test | ΔAUPRC: +0.0304±0.0046 | RMSE: nan | Spearman: nan
lbap_core_ic50_scaffold             | ctx= 128 | iid_test | ΔAUPRC: +0.0284±0.0051 | RMSE: nan | Spearman: nan
lbap_core_ic50_scaffold             | ctx= 256 | ood_test | ΔAUPRC: +0.0419±0.0178 | RMSE: nan | Spearman: nan
lbap_core_ic50_scaffold             | ctx= 256 | iid_test | ΔAUPRC: +0.0380±0.0058 | RMSE: nan | Spearman: nan
lbap_core_ic50_scaffold             | ctx= 512 | ood_test | ΔAUPRC: +0.0513±0.0184 | RMSE: nan | Spearman: nan
lbap_core_ic50_scaffold             | ctx= 512 | iid_test | ΔAUPRC: +0.0477±0.0044 | RMSE: nan | Spearman: nan
lbap_core_ic50_size                 | ctx=  16 | ood_test | ΔAUPRC: +0.0174±0.0054 | RMSE: nan | Spearman: nan
lbap_core_ic50_size                 | ctx=  16 | iid_test | ΔAUPRC: +0.0121±0.0065 | RMSE: nan | Spearman: nan
lbap_core_ic50_size                 | ctx=  32 | ood_test | ΔAUPRC: +0.0089±0.0137 | RMSE: nan | Spearman: nan
lbap_core_ic50_size                 | ctx=  32 | iid_test | ΔAUPRC: +0.0074±0.0071 | RMSE: nan | Spearman: nan
lbap_core_ic50_size                 | ctx=  64 | ood_test | ΔAUPRC: +0.0187±0.0107 | RMSE: nan | Spearman: nan
lbap_core_ic50_size                 | ctx=  64 | iid_test | ΔAUPRC: +0.0094±0.0059 | RMSE: nan | Spearman: nan
lbap_core_ic50_size                 | ctx= 128 | ood_test | ΔAUPRC: +0.0193±0.0117 | RMSE: nan | Spearman: nan
lbap_core_ic50_size                 | ctx= 128 | iid_test | ΔAUPRC: +0.0132±0.0098 | RMSE: nan | Spearman: nan
lbap_core_ic50_size                 | ctx= 256 | ood_test | ΔAUPRC: +0.0347±0.0037 | RMSE: nan | Spearman: nan
lbap_core_ic50_size                 | ctx= 256 | iid_test | ΔAUPRC: +0.0313±0.0038 | RMSE: nan | Spearman: nan
lbap_core_ic50_size                 | ctx= 512 | ood_test | ΔAUPRC: +0.0443±0.0063 | RMSE: nan | Spearman: nan
lbap_core_ic50_size                 | ctx= 512 | iid_test | ΔAUPRC: +0.0351±0.0027 | RMSE: nan | Spearman: nan
lbap_core_ic50_assay                | ctx=  16 | ood_test | ΔAUPRC: +0.0055±0.0113 | RMSE: nan | Spearman: nan
lbap_core_ic50_assay                | ctx=  16 | iid_test | ΔAUPRC: +0.0165±0.0111 | RMSE: nan | Spearman: nan
lbap_core_ic50_assay                | ctx=  32 | ood_test | ΔAUPRC: +0.0052±0.0121 | RMSE: nan | Spearman: nan
lbap_core_ic50_assay                | ctx=  32 | iid_test | ΔAUPRC: +0.0141±0.0132 | RMSE: nan | Spearman: nan
lbap_core_ic50_assay                | ctx=  64 | ood_test | ΔAUPRC: +0.0367±0.0032 | RMSE: nan | Spearman: nan
lbap_core_ic50_assay                | ctx=  64 | iid_test | ΔAUPRC: +0.0551±0.0061 | RMSE: nan | Spearman: nan
lbap_core_ic50_assay                | ctx= 128 | ood_test | ΔAUPRC: +0.0481±0.0024 | RMSE: nan | Spearman: nan
lbap_core_ic50_assay                | ctx= 128 | iid_test | ΔAUPRC: +0.0667±0.0013 | RMSE: nan | Spearman: nan
lbap_core_ic50_assay                | ctx= 256 | ood_test | ΔAUPRC: +0.0505±0.0027 | RMSE: nan | Spearman: nan
lbap_core_ic50_assay                | ctx= 256 | iid_test | ΔAUPRC: +0.0688±0.0005 | RMSE: nan | Spearman: nan
lbap_core_ic50_assay                | ctx= 512 | ood_test | ΔAUPRC: +0.0597±0.0019 | RMSE: nan | Spearman: nan
lbap_core_ic50_assay                | ctx= 512 | iid_test | ΔAUPRC: +0.0758±0.0038 | RMSE: nan | Spearman: nan
  Saved => /home/chjo00006/PTN/outputs/results/fsmol_gnn_classification_random_seed2/drugood_results.csv

=== DrugOOD results (long-form) ===
                    split_type query_set  context_set_size  actual_context_n  n_test  n_seeds  delta_auprc  delta_auprc_std  rmse  rmse_std  mae  spearman  spearman_std
index                                                                                                                                                                   
0      lbap_core_ic50_scaffold  ood_test                16                16   19480        3     0.000000         0.000000   NaN       NaN  NaN       NaN           NaN
1      lbap_core_ic50_scaffold  iid_test                16                16   31388        3     0.000000         0.000000   NaN       NaN  NaN       NaN           NaN
2      lbap_core_ic50_scaffold  ood_test                32                32   19480        3     0.012119         0.017139   NaN       NaN  NaN       NaN           NaN
3      lbap_core_ic50_scaffold  iid_test                32                32   31388        3     0.007747         0.010955   NaN       NaN  NaN       NaN           NaN
4      lbap_core_ic50_scaffold  ood_test                64                64   19480        3     0.019684         0.016522   NaN       NaN  NaN       NaN           NaN
5      lbap_core_ic50_scaffold  iid_test                64                64   31388        3     0.014917         0.011252   NaN       NaN  NaN       NaN           NaN
6      lbap_core_ic50_scaffold  ood_test               128               128   19480        3     0.030383         0.004632   NaN       NaN  NaN       NaN           NaN
7      lbap_core_ic50_scaffold  iid_test               128               128   31388        3     0.028371         0.005051   NaN       NaN  NaN       NaN           NaN
8      lbap_core_ic50_scaffold  ood_test               256               256   19480        3     0.041918         0.017751   NaN       NaN  NaN       NaN           NaN
9      lbap_core_ic50_scaffold  iid_test               256               256   31388        3     0.037958         0.005788   NaN       NaN  NaN       NaN           NaN
10     lbap_core_ic50_scaffold  ood_test               512               512   19480        3     0.051344         0.018443   NaN       NaN  NaN       NaN           NaN
11     lbap_core_ic50_scaffold  iid_test               512               512   31388        3     0.047660         0.004389   NaN       NaN  NaN       NaN           NaN
12         lbap_core_ic50_size  ood_test                16                16   16761        3     0.017435         0.005422   NaN       NaN  NaN       NaN           NaN
13         lbap_core_ic50_size  iid_test                16                16   12721        3     0.012076         0.006545   NaN       NaN  NaN       NaN           NaN
14         lbap_core_ic50_size  ood_test                32                32   16761        3     0.008896         0.013710   NaN       NaN  NaN       NaN           NaN
15         lbap_core_ic50_size  iid_test                32                32   12721        3     0.007373         0.007133   NaN       NaN  NaN       NaN           NaN
16         lbap_core_ic50_size  ood_test                64                64   16761        3     0.018687         0.010734   NaN       NaN  NaN       NaN           NaN
17         lbap_core_ic50_size  iid_test                64                64   12721        3     0.009442         0.005865   NaN       NaN  NaN       NaN           NaN
18         lbap_core_ic50_size  ood_test               128               128   16761        3     0.019306         0.011658   NaN       NaN  NaN       NaN           NaN
19         lbap_core_ic50_size  iid_test               128               128   12721        3     0.013233         0.009811   NaN       NaN  NaN       NaN           NaN
20         lbap_core_ic50_size  ood_test               256               256   16761        3     0.034658         0.003668   NaN       NaN  NaN       NaN           NaN
21         lbap_core_ic50_size  iid_test               256               256   12721        3     0.031278         0.003806   NaN       NaN  NaN       NaN           NaN
22         lbap_core_ic50_size  ood_test               512               512   16761        3     0.044251         0.006310   NaN       NaN  NaN       NaN           NaN
23         lbap_core_ic50_size  iid_test               512               512   12721        3     0.035141         0.002718   NaN       NaN  NaN       NaN           NaN
24        lbap_core_ic50_assay  ood_test                16                16   19463        3     0.005455         0.011317   NaN       NaN  NaN       NaN           NaN
25        lbap_core_ic50_assay  iid_test                16                16   11960        3     0.016492         0.011108   NaN       NaN  NaN       NaN           NaN
26        lbap_core_ic50_assay  ood_test                32                32   19463        3     0.005226         0.012105   NaN       NaN  NaN       NaN           NaN
27        lbap_core_ic50_assay  iid_test                32                32   11960        3     0.014065         0.013232   NaN       NaN  NaN       NaN           NaN
28        lbap_core_ic50_assay  ood_test                64                64   19463        3     0.036676         0.003180   NaN       NaN  NaN       NaN           NaN
29        lbap_core_ic50_assay  iid_test                64                64   11960        3     0.055114         0.006099   NaN       NaN  NaN       NaN           NaN
30        lbap_core_ic50_assay  ood_test               128               128   19463        3     0.048065         0.002430   NaN       NaN  NaN       NaN           NaN
31        lbap_core_ic50_assay  iid_test               128               128   11960        3     0.066672         0.001260   NaN       NaN  NaN       NaN           NaN
32        lbap_core_ic50_assay  ood_test               256               256   19463        3     0.050517         0.002722   NaN       NaN  NaN       NaN           NaN
33        lbap_core_ic50_assay  iid_test               256               256   11960        3     0.068822         0.000544   NaN       NaN  NaN       NaN           NaN
34        lbap_core_ic50_assay  ood_test               512               512   19463        3     0.059720         0.001946   NaN       NaN  NaN       NaN           NaN
35        lbap_core_ic50_assay  iid_test               512               512   11960        3     0.075779         0.003795   NaN       NaN  NaN       NaN           NaN

=== Summary: mean ΔAUPRC per split × query_set ===
split_type               query_set
lbap_core_ic50_assay     iid_test     0.0495
                         ood_test     0.0343
lbap_core_ic50_scaffold  iid_test     0.0228
                         ood_test     0.0259
lbap_core_ic50_size      iid_test     0.0181
                         ood_test     0.0239
Name: delta_auprc, dtype: float64

[4/4] FS-Mol test evaluation...

  [4a] Inside-task OOD (scaffold split, n_support=16)...
  Loading assay 1/157...
============================================================
  Data-loss report: test/
============================================================
  Molecules in raw files        :     56,220
  -- Dropped (inexact Relation) :     12,429  (22.1%)
  -- Dropped (bad/missing fields):       129  (0.2%)
  -- Dropped (task too small)   :          0  (0.0%)
  ----------------------------------------
  Total molecules lost          :     12,558  (22.3%)
  Molecules used for training   :     43,662  (77.7%)
  ---
  Tasks in directory            :        157
  Tasks dropped (<32 molecules)  :          3  (1.9%)
  Tasks kept                    :        154  (98.1%)
============================================================
  Test assays loaded: 154

Inside-task OOD: 153 assays evaluated, 1 skipped (no scaffold group with ≥3 molecules).
  Mean Spearman : nan  (0/153 assays non-nan)
  Mean RMSE     : nan
  Mean ΔAUPRC   : 0.0212
  Saved => /home/chjo00006/PTN/outputs/results/fsmol_gnn_classification_random_seed2/inside_task_ood.csv

  [4b] Support-size sweep (random / scaffold / size splits)...

  -- split_type = random --
  [random] 20/154 assays...  [random] 40/154 assays...  [random] 60/154 assays...  [random] 80/154 assays...  [random] 100/154 assays...  [random] 120/154 assays...  [random] 140/154 assays...
  Done [random]. 154 assays × 6 support sizes.

=== FS-Mol Test [random]: mean metrics per support size ===
              delta_auprc  spearman  rmse
support_size                             
16                 0.1303       NaN   NaN
32                 0.1574       NaN   NaN
64                 0.1882       NaN   NaN
128                0.2251       NaN   NaN
256                0.1530       NaN   NaN
512                0.1629       NaN   NaN
  Predictions saved → /home/chjo00006/PTN/outputs/results/fsmol_gnn_classification_random_seed2/fsmol_test_predictions_random.csv  (825,490 rows)

  -- split_type = scaffold --
  [scaffold] 60/154 assays...  [scaffold] 80/154 assays...  [scaffold] 100/154 assays...  [scaffold] 120/154 assays...  [scaffold] 140/154 assays...
  Done [scaffold]. 144 assays × 6 support sizes.

=== FS-Mol Test [scaffold]: mean metrics per support size ===
              delta_auprc  spearman  rmse
support_size                             
16                 0.0523       NaN   NaN
32                 0.0527       NaN   NaN
64                 0.0525       NaN   NaN
128                0.0525       NaN   NaN
256                0.0080       NaN   NaN
512                0.0070       NaN   NaN
  Predictions saved → /home/chjo00006/PTN/outputs/results/fsmol_gnn_classification_random_seed2/fsmol_test_predictions_scaffold.csv  (1,022,570 rows)

  -- split_type = size --
  [size] 20/154 assays...  [size] 40/154 assays...  [size] 60/154 assays...  [size] 80/154 assays...  [size] 100/154 assays...  [size] 120/154 assays...  [size] 140/154 assays...
  Done [size]. 154 assays × 6 support sizes.

=== FS-Mol Test [size]: mean metrics per support size ===
              delta_auprc  spearman  rmse
support_size                             
16                 0.1059       NaN   NaN
32                 0.1276       NaN   NaN
64                 0.1462       NaN   NaN
128                0.1504       NaN   NaN
256                0.0747       NaN   NaN
512                0.1083       NaN   NaN
  Predictions saved → /home/chjo00006/PTN/outputs/results/fsmol_gnn_classification_random_seed2/fsmol_test_predictions_size.csv  (536,650 rows)

  All 3 curves saved => /home/chjo00006/PTN/outputs/results/fsmol_gnn_classification_random_seed2/fsmol_test_results.csv

=== FS-Mol Test: mean ΔAUPRC and N assays per split_type × support_size ===
                         delta_auprc  n_assays
split_type support_size                       
random     16                 0.1303       154
           32                 0.1574       154
           64                 0.1882       153
           128                0.2251       148
           256                0.1530        29
           512                0.1629        11
scaffold   16                 0.0523       144
           32                 0.0527       144
           64                 0.0525       144
           128                0.0525       142
           256                0.0080        29
           512                0.0070        11
size       16                 0.1059       154
           32                 0.1276       154
           64                 0.1462       153
           128                0.1504       148
           256                0.0747        29
           512                0.1083        11
