============================================================
Prototypical Network: Molecular OOD
  encoder=ecfp  head=classification  split=random  seed=0
  run_tag => ecfp_classification_random_seed0
  checkpoint => /home/chjo00006/PTN/checkpoints/ptn_ecfp_classification_random_seed0.pt
============================================================

[1/4] Indexing FS-Mol files...
  Train: 26868  Val: 40  Test: 157
  RAM: 0.5 GB

[2/4] Pretraining on FS-Mol...
Training on: cuda
  Streaming ECFP dataset: 26868 training files, n_support=64
  Streaming ECFP dataset: 40 training files, n_support=64
  AMP dtype: torch.bfloat16 (bf16 supported: True)
  Epochs: 100  |  Tasks/step: 16  |  LR: 0.001
  Train files: 26868  |  Val files: 40
  Episodes/epoch: 1600  |  Steps/epoch: ~100
Epoch   1/100 | Steps: 100 | Train BCE: 0.4520 | Train ΔAUPRC: +0.1418 | Val ΔAUPRC: +0.1342
  → Saved best model (Val ΔAUPRC: +0.1342)
Epoch   2/100 | Steps: 100 | Train BCE: 0.4322 | Train ΔAUPRC: +0.1615 | Val ΔAUPRC: +0.1438
  → Saved best model (Val ΔAUPRC: +0.1438)
Epoch   3/100 | Steps: 100 | Train BCE: 0.4316 | Train ΔAUPRC: +0.1802 | Val ΔAUPRC: +0.1344
Epoch   4/100 | Steps: 100 | Train BCE: 0.4264 | Train ΔAUPRC: +0.1857 | Val ΔAUPRC: +0.1393
Epoch   5/100 | Steps: 100 | Train BCE: 0.4082 | Train ΔAUPRC: +0.1895 | Val ΔAUPRC: +0.1368
Epoch   6/100 | Steps: 100 | Train BCE: 0.4135 | Train ΔAUPRC: +0.1844 | Val ΔAUPRC: +0.1503
  → Saved best model (Val ΔAUPRC: +0.1503)
Epoch   7/100 | Steps: 100 | Train BCE: 0.4154 | Train ΔAUPRC: +0.1944 | Val ΔAUPRC: +0.1522
  → Saved best model (Val ΔAUPRC: +0.1522)
Epoch   8/100 | Steps: 100 | Train BCE: 0.4053 | Train ΔAUPRC: +0.1951 | Val ΔAUPRC: +0.1520
Epoch   9/100 | Steps: 100 | Train BCE: 0.3976 | Train ΔAUPRC: +0.2039 | Val ΔAUPRC: +0.1587
  → Saved best model (Val ΔAUPRC: +0.1587)
Epoch  10/100 | Steps: 100 | Train BCE: 0.4155 | Train ΔAUPRC: +0.2090 | Val ΔAUPRC: +0.1499
Epoch  11/100 | Steps: 100 | Train BCE: 0.3983 | Train ΔAUPRC: +0.2101 | Val ΔAUPRC: +0.1481
Epoch  12/100 | Steps: 100 | Train BCE: 0.3976 | Train ΔAUPRC: +0.2036 | Val ΔAUPRC: +0.1464
Epoch  13/100 | Steps: 100 | Train BCE: 0.3930 | Train ΔAUPRC: +0.2158 | Val ΔAUPRC: +0.1514
Epoch  14/100 | Steps: 100 | Train BCE: 0.3866 | Train ΔAUPRC: +0.2173 | Val ΔAUPRC: +0.1557
Epoch  15/100 | Steps: 100 | Train BCE: 0.3808 | Train ΔAUPRC: +0.2189 | Val ΔAUPRC: +0.1611
  → Saved best model (Val ΔAUPRC: +0.1611)
Epoch  16/100 | Steps: 100 | Train BCE: 0.4028 | Train ΔAUPRC: +0.2298 | Val ΔAUPRC: +0.1450
Epoch  17/100 | Steps: 100 | Train BCE: 0.3779 | Train ΔAUPRC: +0.2176 | Val ΔAUPRC: +0.1578
Epoch  18/100 | Steps: 100 | Train BCE: 0.3904 | Train ΔAUPRC: +0.2152 | Val ΔAUPRC: +0.1679
  → Saved best model (Val ΔAUPRC: +0.1679)
Epoch  19/100 | Steps: 100 | Train BCE: 0.3791 | Train ΔAUPRC: +0.2239 | Val ΔAUPRC: +0.1592
Epoch  20/100 | Steps: 100 | Train BCE: 0.3747 | Train ΔAUPRC: +0.2252 | Val ΔAUPRC: +0.1683
  → Saved best model (Val ΔAUPRC: +0.1683)
Epoch  21/100 | Steps: 100 | Train BCE: 0.3703 | Train ΔAUPRC: +0.2285 | Val ΔAUPRC: +0.1606
Epoch  22/100 | Steps: 100 | Train BCE: 0.3743 | Train ΔAUPRC: +0.2275 | Val ΔAUPRC: +0.1528
Epoch  23/100 | Steps: 100 | Train BCE: 0.3897 | Train ΔAUPRC: +0.2255 | Val ΔAUPRC: +0.1540
Epoch  24/100 | Steps: 100 | Train BCE: 0.3603 | Train ΔAUPRC: +0.2307 | Val ΔAUPRC: +0.1561
Epoch  25/100 | Steps: 100 | Train BCE: 0.3729 | Train ΔAUPRC: +0.2330 | Val ΔAUPRC: +0.1466
Epoch  26/100 | Steps: 100 | Train BCE: 0.3767 | Train ΔAUPRC: +0.2336 | Val ΔAUPRC: +0.1562
Epoch  27/100 | Steps: 100 | Train BCE: 0.3549 | Train ΔAUPRC: +0.2381 | Val ΔAUPRC: +0.1644
Epoch  28/100 | Steps: 100 | Train BCE: 0.3643 | Train ΔAUPRC: +0.2373 | Val ΔAUPRC: +0.1660
Epoch  29/100 | Steps: 100 | Train BCE: 0.3613 | Train ΔAUPRC: +0.2442 | Val ΔAUPRC: +0.1633
Epoch  30/100 | Steps: 100 | Train BCE: 0.3592 | Train ΔAUPRC: +0.2447 | Val ΔAUPRC: +0.1518
Epoch  31/100 | Steps: 100 | Train BCE: 0.3579 | Train ΔAUPRC: +0.2526 | Val ΔAUPRC: +0.1603
Epoch  32/100 | Steps: 100 | Train BCE: 0.3678 | Train ΔAUPRC: +0.2464 | Val ΔAUPRC: +0.1705
  → Saved best model (Val ΔAUPRC: +0.1705)
Epoch  33/100 | Steps: 100 | Train BCE: 0.3451 | Train ΔAUPRC: +0.2483 | Val ΔAUPRC: +0.1558
Epoch  34/100 | Steps: 100 | Train BCE: 0.3555 | Train ΔAUPRC: +0.2575 | Val ΔAUPRC: +0.1700
Epoch  35/100 | Steps: 100 | Train BCE: 0.3567 | Train ΔAUPRC: +0.2561 | Val ΔAUPRC: +0.1597
Epoch  36/100 | Steps: 100 | Train BCE: 0.3522 | Train ΔAUPRC: +0.2525 | Val ΔAUPRC: +0.1397
Epoch  37/100 | Steps: 100 | Train BCE: 0.3493 | Train ΔAUPRC: +0.2488 | Val ΔAUPRC: +0.1580
Epoch  38/100 | Steps: 100 | Train BCE: 0.3452 | Train ΔAUPRC: +0.2585 | Val ΔAUPRC: +0.1642
Epoch  39/100 | Steps: 100 | Train BCE: 0.3518 | Train ΔAUPRC: +0.2479 | Val ΔAUPRC: +0.1626
Epoch  40/100 | Steps: 100 | Train BCE: 0.3556 | Train ΔAUPRC: +0.2548 | Val ΔAUPRC: +0.1683
Epoch  41/100 | Steps: 100 | Train BCE: 0.3429 | Train ΔAUPRC: +0.2476 | Val ΔAUPRC: +0.1664
Epoch  42/100 | Steps: 100 | Train BCE: 0.3507 | Train ΔAUPRC: +0.2572 | Val ΔAUPRC: +0.1547
Epoch  43/100 | Steps: 100 | Train BCE: 0.3456 | Train ΔAUPRC: +0.2623 | Val ΔAUPRC: +0.1568
Epoch  44/100 | Steps: 100 | Train BCE: 0.3471 | Train ΔAUPRC: +0.2612 | Val ΔAUPRC: +0.1506
Epoch  45/100 | Steps: 100 | Train BCE: 0.3467 | Train ΔAUPRC: +0.2697 | Val ΔAUPRC: +0.1604
Epoch  46/100 | Steps: 100 | Train BCE: 0.3375 | Train ΔAUPRC: +0.2684 | Val ΔAUPRC: +0.1623
Epoch  47/100 | Steps: 100 | Train BCE: 0.3386 | Train ΔAUPRC: +0.2656 | Val ΔAUPRC: +0.1552
Epoch  48/100 | Steps: 100 | Train BCE: 0.3331 | Train ΔAUPRC: +0.2793 | Val ΔAUPRC: +0.1631
Epoch  49/100 | Steps: 100 | Train BCE: 0.3337 | Train ΔAUPRC: +0.2747 | Val ΔAUPRC: +0.1545
Epoch  50/100 | Steps: 100 | Train BCE: 0.3304 | Train ΔAUPRC: +0.2673 | Val ΔAUPRC: +0.1628
Epoch  51/100 | Steps: 100 | Train BCE: 0.3415 | Train ΔAUPRC: +0.2726 | Val ΔAUPRC: +0.1517
Epoch  52/100 | Steps: 100 | Train BCE: 0.3411 | Train ΔAUPRC: +0.2686 | Val ΔAUPRC: +0.1566
Epoch  53/100 | Steps: 100 | Train BCE: 0.3254 | Train ΔAUPRC: +0.2672 | Val ΔAUPRC: +0.1658
Epoch  54/100 | Steps: 100 | Train BCE: 0.3319 | Train ΔAUPRC: +0.2762 | Val ΔAUPRC: +0.1491
Epoch  55/100 | Steps: 100 | Train BCE: 0.3364 | Train ΔAUPRC: +0.2718 | Val ΔAUPRC: +0.1386
Epoch  56/100 | Steps: 100 | Train BCE: 0.3285 | Train ΔAUPRC: +0.2685 | Val ΔAUPRC: +0.1623
Epoch  57/100 | Steps: 100 | Train BCE: 0.3309 | Train ΔAUPRC: +0.2744 | Val ΔAUPRC: +0.1598

Early stopping at epoch 57 (no improvement for 25 epochs).

Pretraining complete. Best Val ΔAUPRC: +0.1705
  RAM after pretrain: 1.5 GB

[3/4] Evaluating on DrugOOD...
  lbap_core_ic50_scaffold: train pool=22025, ood_test=19480, iid_test=31388
  lbap_core_ic50_size: train pool=37497, ood_test=16761, iid_test=12721
  lbap_core_ic50_assay: train pool=34953, ood_test=19463, iid_test=11960
  RAM after DrugOOD load: 3.8 GB
Loaded ecfp/classification model from epoch 32 (Val ΔAUPRC=+0.1705)
lbap_core_ic50_scaffold             | ctx=  16 | ood_test | ΔAUPRC: +0.0000±0.0000 | RMSE: nan | Spearman: nan
lbap_core_ic50_scaffold             | ctx=  16 | iid_test | ΔAUPRC: +0.0000±0.0000 | RMSE: nan | Spearman: nan
lbap_core_ic50_scaffold             | ctx=  32 | ood_test | ΔAUPRC: +0.0031±0.0044 | RMSE: nan | Spearman: nan
lbap_core_ic50_scaffold             | ctx=  32 | iid_test | ΔAUPRC: -0.0015±0.0021 | RMSE: nan | Spearman: nan
lbap_core_ic50_scaffold             | ctx=  64 | ood_test | ΔAUPRC: -0.0141±0.0150 | RMSE: nan | Spearman: nan
lbap_core_ic50_scaffold             | ctx=  64 | iid_test | ΔAUPRC: -0.0090±0.0069 | RMSE: nan | Spearman: nan
lbap_core_ic50_scaffold             | ctx= 128 | ood_test | ΔAUPRC: +0.0055±0.0080 | RMSE: nan | Spearman: nan
lbap_core_ic50_scaffold             | ctx= 128 | iid_test | ΔAUPRC: +0.0017±0.0040 | RMSE: nan | Spearman: nan
lbap_core_ic50_scaffold             | ctx= 256 | ood_test | ΔAUPRC: +0.0040±0.0196 | RMSE: nan | Spearman: nan
lbap_core_ic50_scaffold             | ctx= 256 | iid_test | ΔAUPRC: -0.0013±0.0074 | RMSE: nan | Spearman: nan
lbap_core_ic50_scaffold             | ctx= 512 | ood_test | ΔAUPRC: +0.0120±0.0348 | RMSE: nan | Spearman: nan
lbap_core_ic50_scaffold             | ctx= 512 | iid_test | ΔAUPRC: +0.0018±0.0157 | RMSE: nan | Spearman: nan
lbap_core_ic50_size                 | ctx=  16 | ood_test | ΔAUPRC: -0.0055±0.0200 | RMSE: nan | Spearman: nan
lbap_core_ic50_size                 | ctx=  16 | iid_test | ΔAUPRC: -0.0035±0.0060 | RMSE: nan | Spearman: nan
lbap_core_ic50_size                 | ctx=  32 | ood_test | ΔAUPRC: -0.0031±0.0187 | RMSE: nan | Spearman: nan
lbap_core_ic50_size                 | ctx=  32 | iid_test | ΔAUPRC: -0.0015±0.0034 | RMSE: nan | Spearman: nan
lbap_core_ic50_size                 | ctx=  64 | ood_test | ΔAUPRC: -0.0012±0.0192 | RMSE: nan | Spearman: nan
lbap_core_ic50_size                 | ctx=  64 | iid_test | ΔAUPRC: -0.0011±0.0031 | RMSE: nan | Spearman: nan
lbap_core_ic50_size                 | ctx= 128 | ood_test | ΔAUPRC: +0.0106±0.0158 | RMSE: nan | Spearman: nan
lbap_core_ic50_size                 | ctx= 128 | iid_test | ΔAUPRC: +0.0038±0.0026 | RMSE: nan | Spearman: nan
lbap_core_ic50_size                 | ctx= 256 | ood_test | ΔAUPRC: +0.0203±0.0090 | RMSE: nan | Spearman: nan
lbap_core_ic50_size                 | ctx= 256 | iid_test | ΔAUPRC: +0.0049±0.0032 | RMSE: nan | Spearman: nan
lbap_core_ic50_size                 | ctx= 512 | ood_test | ΔAUPRC: +0.0277±0.0054 | RMSE: nan | Spearman: nan
lbap_core_ic50_size                 | ctx= 512 | iid_test | ΔAUPRC: +0.0065±0.0038 | RMSE: nan | Spearman: nan
lbap_core_ic50_assay                | ctx=  16 | ood_test | ΔAUPRC: +0.0161±0.0025 | RMSE: nan | Spearman: nan
lbap_core_ic50_assay                | ctx=  16 | iid_test | ΔAUPRC: +0.0285±0.0044 | RMSE: nan | Spearman: nan
lbap_core_ic50_assay                | ctx=  32 | ood_test | ΔAUPRC: +0.0177±0.0035 | RMSE: nan | Spearman: nan
lbap_core_ic50_assay                | ctx=  32 | iid_test | ΔAUPRC: +0.0298±0.0038 | RMSE: nan | Spearman: nan
lbap_core_ic50_assay                | ctx=  64 | ood_test | ΔAUPRC: +0.0118±0.0065 | RMSE: nan | Spearman: nan
lbap_core_ic50_assay                | ctx=  64 | iid_test | ΔAUPRC: +0.0248±0.0057 | RMSE: nan | Spearman: nan
lbap_core_ic50_assay                | ctx= 128 | ood_test | ΔAUPRC: +0.0171±0.0043 | RMSE: nan | Spearman: nan
lbap_core_ic50_assay                | ctx= 128 | iid_test | ΔAUPRC: +0.0313±0.0030 | RMSE: nan | Spearman: nan
lbap_core_ic50_assay                | ctx= 256 | ood_test | ΔAUPRC: +0.0204±0.0035 | RMSE: nan | Spearman: nan
lbap_core_ic50_assay                | ctx= 256 | iid_test | ΔAUPRC: +0.0350±0.0024 | RMSE: nan | Spearman: nan
lbap_core_ic50_assay                | ctx= 512 | ood_test | ΔAUPRC: +0.0214±0.0035 | RMSE: nan | Spearman: nan
lbap_core_ic50_assay                | ctx= 512 | iid_test | ΔAUPRC: +0.0346±0.0040 | RMSE: nan | Spearman: nan
  Saved => /home/chjo00006/PTN/outputs/results/ecfp_classification_random_seed0/drugood_results.csv

=== DrugOOD results (long-form) ===
                    split_type query_set  context_set_size  actual_context_n  n_test  n_seeds  delta_auprc  delta_auprc_std  rmse  rmse_std  mae  spearman  spearman_std
index                                                                                                                                                                   
0      lbap_core_ic50_scaffold  ood_test                16                16   19480        3     0.000000         0.000000   NaN       NaN  NaN       NaN           NaN
1      lbap_core_ic50_scaffold  iid_test                16                16   31388        3     0.000000         0.000000   NaN       NaN  NaN       NaN           NaN
2      lbap_core_ic50_scaffold  ood_test                32                32   19480        3     0.003142         0.004443   NaN       NaN  NaN       NaN           NaN
3      lbap_core_ic50_scaffold  iid_test                32                32   31388        3    -0.001474         0.002085   NaN       NaN  NaN       NaN           NaN
4      lbap_core_ic50_scaffold  ood_test                64                64   19480        3    -0.014127         0.014979   NaN       NaN  NaN       NaN           NaN
5      lbap_core_ic50_scaffold  iid_test                64                64   31388        3    -0.008988         0.006878   NaN       NaN  NaN       NaN           NaN
6      lbap_core_ic50_scaffold  ood_test               128               128   19480        3     0.005469         0.008011   NaN       NaN  NaN       NaN           NaN
7      lbap_core_ic50_scaffold  iid_test               128               128   31388        3     0.001671         0.003960   NaN       NaN  NaN       NaN           NaN
8      lbap_core_ic50_scaffold  ood_test               256               256   19480        3     0.004028         0.019621   NaN       NaN  NaN       NaN           NaN
9      lbap_core_ic50_scaffold  iid_test               256               256   31388        3    -0.001270         0.007414   NaN       NaN  NaN       NaN           NaN
10     lbap_core_ic50_scaffold  ood_test               512               512   19480        3     0.012012         0.034764   NaN       NaN  NaN       NaN           NaN
11     lbap_core_ic50_scaffold  iid_test               512               512   31388        3     0.001814         0.015661   NaN       NaN  NaN       NaN           NaN
12         lbap_core_ic50_size  ood_test                16                16   16761        3    -0.005544         0.019991   NaN       NaN  NaN       NaN           NaN
13         lbap_core_ic50_size  iid_test                16                16   12721        3    -0.003514         0.005997   NaN       NaN  NaN       NaN           NaN
14         lbap_core_ic50_size  ood_test                32                32   16761        3    -0.003054         0.018679   NaN       NaN  NaN       NaN           NaN
15         lbap_core_ic50_size  iid_test                32                32   12721        3    -0.001517         0.003373   NaN       NaN  NaN       NaN           NaN
16         lbap_core_ic50_size  ood_test                64                64   16761        3    -0.001222         0.019234   NaN       NaN  NaN       NaN           NaN
17         lbap_core_ic50_size  iid_test                64                64   12721        3    -0.001136         0.003125   NaN       NaN  NaN       NaN           NaN
18         lbap_core_ic50_size  ood_test               128               128   16761        3     0.010573         0.015845   NaN       NaN  NaN       NaN           NaN
19         lbap_core_ic50_size  iid_test               128               128   12721        3     0.003792         0.002604   NaN       NaN  NaN       NaN           NaN
20         lbap_core_ic50_size  ood_test               256               256   16761        3     0.020290         0.009023   NaN       NaN  NaN       NaN           NaN
21         lbap_core_ic50_size  iid_test               256               256   12721        3     0.004882         0.003203   NaN       NaN  NaN       NaN           NaN
22         lbap_core_ic50_size  ood_test               512               512   16761        3     0.027668         0.005372   NaN       NaN  NaN       NaN           NaN
23         lbap_core_ic50_size  iid_test               512               512   12721        3     0.006521         0.003816   NaN       NaN  NaN       NaN           NaN
24        lbap_core_ic50_assay  ood_test                16                16   19463        3     0.016100         0.002453   NaN       NaN  NaN       NaN           NaN
25        lbap_core_ic50_assay  iid_test                16                16   11960        3     0.028468         0.004404   NaN       NaN  NaN       NaN           NaN
26        lbap_core_ic50_assay  ood_test                32                32   19463        3     0.017656         0.003465   NaN       NaN  NaN       NaN           NaN
27        lbap_core_ic50_assay  iid_test                32                32   11960        3     0.029792         0.003781   NaN       NaN  NaN       NaN           NaN
28        lbap_core_ic50_assay  ood_test                64                64   19463        3     0.011800         0.006494   NaN       NaN  NaN       NaN           NaN
29        lbap_core_ic50_assay  iid_test                64                64   11960        3     0.024804         0.005708   NaN       NaN  NaN       NaN           NaN
30        lbap_core_ic50_assay  ood_test               128               128   19463        3     0.017097         0.004316   NaN       NaN  NaN       NaN           NaN
31        lbap_core_ic50_assay  iid_test               128               128   11960        3     0.031347         0.003028   NaN       NaN  NaN       NaN           NaN
32        lbap_core_ic50_assay  ood_test               256               256   19463        3     0.020405         0.003480   NaN       NaN  NaN       NaN           NaN
33        lbap_core_ic50_assay  iid_test               256               256   11960        3     0.035023         0.002442   NaN       NaN  NaN       NaN           NaN
34        lbap_core_ic50_assay  ood_test               512               512   19463        3     0.021425         0.003519   NaN       NaN  NaN       NaN           NaN
35        lbap_core_ic50_assay  iid_test               512               512   11960        3     0.034558         0.004003   NaN       NaN  NaN       NaN           NaN

=== Summary: mean ΔAUPRC per split × query_set ===
split_type               query_set
lbap_core_ic50_assay     iid_test     0.0307
                         ood_test     0.0174
lbap_core_ic50_scaffold  iid_test    -0.0014
                         ood_test     0.0018
lbap_core_ic50_size      iid_test     0.0015
                         ood_test     0.0081
Name: delta_auprc, dtype: float64

[4/4] FS-Mol test evaluation...

  [4a] Inside-task OOD (scaffold split, n_support=16)...
  Loading assay 1/157...
============================================================
  Data-loss report: test/
============================================================
  Molecules in raw files        :     56,220
  -- Dropped (inexact Relation) :     12,429  (22.1%)
  -- Dropped (bad/missing fields):       129  (0.2%)
  -- Dropped (task too small)   :          0  (0.0%)
  ----------------------------------------
  Total molecules lost          :     12,558  (22.3%)
  Molecules used for training   :     43,662  (77.7%)
  ---
  Tasks in directory            :        157
  Tasks dropped (<32 molecules)  :          3  (1.9%)
  Tasks kept                    :        154  (98.1%)
============================================================
  Test assays loaded: 154

Inside-task OOD: 153 assays evaluated, 1 skipped (no scaffold group with ≥3 molecules).
  Mean Spearman : nan  (0/153 assays non-nan)
  Mean RMSE     : nan
  Mean ΔAUPRC   : 0.0175
  Saved => /home/chjo00006/PTN/outputs/results/ecfp_classification_random_seed0/inside_task_ood.csv

  [4b] Support-size sweep (random / scaffold / size splits)...

  -- split_type = random --
  [random] 20/154 assays...  [random] 40/154 assays...  [random] 60/154 assays...  [random] 80/154 assays...  [random] 100/154 assays...  [random] 120/154 assays...  [random] 140/154 assays...
  Done [random]. 154 assays × 6 support sizes.

=== FS-Mol Test [random]: mean metrics per support size ===
              delta_auprc  spearman  rmse
support_size                             
16                 0.1255       NaN   NaN
32                 0.1427       NaN   NaN
64                 0.1628       NaN   NaN
128                0.1873       NaN   NaN
256                0.0866       NaN   NaN
512                0.0802       NaN   NaN
  Predictions saved → /home/chjo00006/PTN/outputs/results/ecfp_classification_random_seed0/fsmol_test_predictions_random.csv  (825,490 rows)

  -- split_type = scaffold --
  [scaffold] 60/154 assays...  [scaffold] 80/154 assays...  [scaffold] 100/154 assays...  [scaffold] 120/154 assays...  [scaffold] 140/154 assays...
  Done [scaffold]. 144 assays × 6 support sizes.

=== FS-Mol Test [scaffold]: mean metrics per support size ===
              delta_auprc  spearman  rmse
support_size                             
16                 0.0619       NaN   NaN
32                 0.0569       NaN   NaN
64                 0.0536       NaN   NaN
128                0.0601       NaN   NaN
256                0.0078       NaN   NaN
512                0.0078       NaN   NaN
  Predictions saved → /home/chjo00006/PTN/outputs/results/ecfp_classification_random_seed0/fsmol_test_predictions_scaffold.csv  (1,022,570 rows)

  -- split_type = size --
  [size] 20/154 assays...  [size] 40/154 assays...  [size] 60/154 assays...  [size] 80/154 assays...  [size] 100/154 assays...  [size] 120/154 assays...  [size] 140/154 assays...
  Done [size]. 154 assays × 6 support sizes.

=== FS-Mol Test [size]: mean metrics per support size ===
              delta_auprc  spearman  rmse
support_size                             
16                 0.1080       NaN   NaN
32                 0.1238       NaN   NaN
64                 0.1324       NaN   NaN
128                0.1356       NaN   NaN
256                0.0409       NaN   NaN
512                0.0540       NaN   NaN
  Predictions saved → /home/chjo00006/PTN/outputs/results/ecfp_classification_random_seed0/fsmol_test_predictions_size.csv  (536,650 rows)

  All 3 curves saved => /home/chjo00006/PTN/outputs/results/ecfp_classification_random_seed0/fsmol_test_results.csv

=== FS-Mol Test: mean ΔAUPRC and N assays per split_type × support_size ===
                         delta_auprc  n_assays
split_type support_size                       
random     16                 0.1255       154
           32                 0.1427       154
           64                 0.1628       153
           128                0.1873       148
           256                0.0866        29
           512                0.0802        11
scaffold   16                 0.0619       144
           32                 0.0569       144
           64                 0.0536       144
           128                0.0601       142
           256                0.0078        29
           512                0.0078        11
size       16                 0.1080       154
           32                 0.1238       154
           64                 0.1324       153
           128                0.1356       148
           256                0.0409        29
           512                0.0540        11
