============================================================
Prototypical Network: Molecular OOD
  encoder=fsmol_gnn  head=classification  split=shift_aware  seed=0
  run_tag => fsmol_gnn_classification_shift_aware_seed0
  checkpoint => /home/chjo00006/PTN/checkpoints/ptn_fsmol_gnn_classification_shift_aware_seed0.pt
============================================================

[1/4] Indexing FS-Mol files...
  Train: 26868  Val: 40  Test: 157
  RAM: 0.5 GB

[2/4] Pretraining on FS-Mol...
  Computing FS-Mol degree histogram for PNA scalers...
  FS-Mol degree histogram over 26624 molecules (500 assays).
Training on: cuda
  Streaming GNN dataset: 26868 training files, n_support=64
  Streaming GNN dataset: 40 training files, n_support=64
  AMP dtype: torch.bfloat16 (bf16 supported: True)
  Epochs: 100  |  Tasks/step: 16  |  LR: 0.0001
  Train files: 26868  |  Val files: 40
  Episodes/epoch: 1600  |  Steps/epoch: ~100
Epoch   1/100 | Steps: 100 | Train BCE: 1.7651 | Train ΔAUPRC: +0.0889 | Val ΔAUPRC: +0.0931
  → Saved best model (Val ΔAUPRC: +0.0931)
Epoch   2/100 | Steps: 100 | Train BCE: 0.4697 | Train ΔAUPRC: +0.1391 | Val ΔAUPRC: +0.0875
Epoch   3/100 | Steps: 100 | Train BCE: 0.4919 | Train ΔAUPRC: +0.1535 | Val ΔAUPRC: +0.0936
  → Saved best model (Val ΔAUPRC: +0.0936)
Epoch   4/100 | Steps: 100 | Train BCE: 0.4403 | Train ΔAUPRC: +0.1609 | Val ΔAUPRC: +0.1058
  → Saved best model (Val ΔAUPRC: +0.1058)
Epoch   5/100 | Steps: 100 | Train BCE: 0.4374 | Train ΔAUPRC: +0.1658 | Val ΔAUPRC: +0.0933
Epoch   6/100 | Steps: 100 | Train BCE: 0.4206 | Train ΔAUPRC: +0.1758 | Val ΔAUPRC: +0.0961
Epoch   7/100 | Steps: 100 | Train BCE: 0.4452 | Train ΔAUPRC: +0.1686 | Val ΔAUPRC: +0.0981
Epoch   8/100 | Steps: 100 | Train BCE: 0.4324 | Train ΔAUPRC: +0.1729 | Val ΔAUPRC: +0.1353
  → Saved best model (Val ΔAUPRC: +0.1353)
Epoch   9/100 | Steps: 100 | Train BCE: 0.4089 | Train ΔAUPRC: +0.1770 | Val ΔAUPRC: +0.1284
Epoch  10/100 | Steps: 100 | Train BCE: 0.4198 | Train ΔAUPRC: +0.1894 | Val ΔAUPRC: +0.1311
Epoch  11/100 | Steps: 100 | Train BCE: 0.4125 | Train ΔAUPRC: +0.1788 | Val ΔAUPRC: +0.1329
Epoch  12/100 | Steps: 100 | Train BCE: 0.4015 | Train ΔAUPRC: +0.1821 | Val ΔAUPRC: +0.1238
Epoch  13/100 | Steps: 100 | Train BCE: 0.4019 | Train ΔAUPRC: +0.1801 | Val ΔAUPRC: +0.1534
  → Saved best model (Val ΔAUPRC: +0.1534)
Epoch  14/100 | Steps: 100 | Train BCE: 0.3940 | Train ΔAUPRC: +0.1907 | Val ΔAUPRC: +0.1393
Epoch  15/100 | Steps: 100 | Train BCE: 0.3955 | Train ΔAUPRC: +0.1901 | Val ΔAUPRC: +0.1536
  → Saved best model (Val ΔAUPRC: +0.1536)
Epoch  16/100 | Steps: 100 | Train BCE: 0.4056 | Train ΔAUPRC: +0.1923 | Val ΔAUPRC: +0.1512
Epoch  17/100 | Steps: 100 | Train BCE: 0.4004 | Train ΔAUPRC: +0.2031 | Val ΔAUPRC: +0.1613
  → Saved best model (Val ΔAUPRC: +0.1613)
Epoch  18/100 | Steps: 100 | Train BCE: 0.3945 | Train ΔAUPRC: +0.1964 | Val ΔAUPRC: +0.1696
  → Saved best model (Val ΔAUPRC: +0.1696)
Epoch  19/100 | Steps: 100 | Train BCE: 0.3911 | Train ΔAUPRC: +0.1986 | Val ΔAUPRC: +0.1610
Epoch  20/100 | Steps: 100 | Train BCE: 0.3865 | Train ΔAUPRC: +0.1945 | Val ΔAUPRC: +0.1482
Epoch  21/100 | Steps: 100 | Train BCE: 0.3696 | Train ΔAUPRC: +0.2061 | Val ΔAUPRC: +0.1678
Epoch  22/100 | Steps: 100 | Train BCE: 0.3809 | Train ΔAUPRC: +0.2057 | Val ΔAUPRC: +0.1548
Epoch  23/100 | Steps: 100 | Train BCE: 0.3730 | Train ΔAUPRC: +0.2083 | Val ΔAUPRC: +0.1769
  → Saved best model (Val ΔAUPRC: +0.1769)
Epoch  24/100 | Steps: 100 | Train BCE: 0.3703 | Train ΔAUPRC: +0.2093 | Val ΔAUPRC: +0.1630
Epoch  25/100 | Steps: 100 | Train BCE: 0.3777 | Train ΔAUPRC: +0.2038 | Val ΔAUPRC: +0.1606
Epoch  26/100 | Steps: 100 | Train BCE: 0.3722 | Train ΔAUPRC: +0.2040 | Val ΔAUPRC: +0.1659
Epoch  27/100 | Steps: 100 | Train BCE: 0.3873 | Train ΔAUPRC: +0.2059 | Val ΔAUPRC: +0.1753
Epoch  28/100 | Steps: 100 | Train BCE: 0.3826 | Train ΔAUPRC: +0.2159 | Val ΔAUPRC: +0.1678
Epoch  29/100 | Steps: 100 | Train BCE: 0.3792 | Train ΔAUPRC: +0.2069 | Val ΔAUPRC: +0.1655
Epoch  30/100 | Steps: 100 | Train BCE: 0.3791 | Train ΔAUPRC: +0.2101 | Val ΔAUPRC: +0.1837
  → Saved best model (Val ΔAUPRC: +0.1837)
Epoch  31/100 | Steps: 100 | Train BCE: 0.3656 | Train ΔAUPRC: +0.2157 | Val ΔAUPRC: +0.1729
Epoch  32/100 | Steps: 100 | Train BCE: 0.3651 | Train ΔAUPRC: +0.2092 | Val ΔAUPRC: +0.1781
Epoch  33/100 | Steps: 100 | Train BCE: 0.3502 | Train ΔAUPRC: +0.2189 | Val ΔAUPRC: +0.1756
Epoch  34/100 | Steps: 100 | Train BCE: 0.3751 | Train ΔAUPRC: +0.2203 | Val ΔAUPRC: +0.1726
Epoch  35/100 | Steps: 100 | Train BCE: 0.3650 | Train ΔAUPRC: +0.2148 | Val ΔAUPRC: +0.1746
Epoch  36/100 | Steps: 100 | Train BCE: 0.3518 | Train ΔAUPRC: +0.2233 | Val ΔAUPRC: +0.1709
Epoch  37/100 | Steps: 100 | Train BCE: 0.3603 | Train ΔAUPRC: +0.2287 | Val ΔAUPRC: +0.1905
  → Saved best model (Val ΔAUPRC: +0.1905)
Epoch  38/100 | Steps: 100 | Train BCE: 0.3544 | Train ΔAUPRC: +0.2162 | Val ΔAUPRC: +0.1764
Epoch  39/100 | Steps: 100 | Train BCE: 0.3544 | Train ΔAUPRC: +0.2199 | Val ΔAUPRC: +0.1849
Epoch  40/100 | Steps: 100 | Train BCE: 0.3442 | Train ΔAUPRC: +0.2240 | Val ΔAUPRC: +0.1807
Epoch  41/100 | Steps: 100 | Train BCE: 0.3618 | Train ΔAUPRC: +0.2172 | Val ΔAUPRC: +0.1942
  → Saved best model (Val ΔAUPRC: +0.1942)
Epoch  42/100 | Steps: 100 | Train BCE: 0.3361 | Train ΔAUPRC: +0.2250 | Val ΔAUPRC: +0.1670
Epoch  43/100 | Steps: 100 | Train BCE: 0.3491 | Train ΔAUPRC: +0.2213 | Val ΔAUPRC: +0.1844
Epoch  44/100 | Steps: 100 | Train BCE: 0.3426 | Train ΔAUPRC: +0.2294 | Val ΔAUPRC: +0.1727
Epoch  45/100 | Steps: 100 | Train BCE: 0.3460 | Train ΔAUPRC: +0.2298 | Val ΔAUPRC: +0.1887
Epoch  46/100 | Steps: 100 | Train BCE: 0.3442 | Train ΔAUPRC: +0.2334 | Val ΔAUPRC: +0.1891
Epoch  47/100 | Steps: 100 | Train BCE: 0.3480 | Train ΔAUPRC: +0.2383 | Val ΔAUPRC: +0.1869
Epoch  48/100 | Steps: 100 | Train BCE: 0.3465 | Train ΔAUPRC: +0.2194 | Val ΔAUPRC: +0.2019
  → Saved best model (Val ΔAUPRC: +0.2019)
Epoch  49/100 | Steps: 100 | Train BCE: 0.3478 | Train ΔAUPRC: +0.2335 | Val ΔAUPRC: +0.1924
Epoch  50/100 | Steps: 100 | Train BCE: 0.3405 | Train ΔAUPRC: +0.2259 | Val ΔAUPRC: +0.1952
Epoch  51/100 | Steps: 100 | Train BCE: 0.3549 | Train ΔAUPRC: +0.2344 | Val ΔAUPRC: +0.1917
Epoch  52/100 | Steps: 100 | Train BCE: 0.3508 | Train ΔAUPRC: +0.2211 | Val ΔAUPRC: +0.1828
Epoch  53/100 | Steps: 100 | Train BCE: 0.3571 | Train ΔAUPRC: +0.2427 | Val ΔAUPRC: +0.1907
Epoch  54/100 | Steps: 100 | Train BCE: 0.3534 | Train ΔAUPRC: +0.2411 | Val ΔAUPRC: +0.1709
Epoch  55/100 | Steps: 100 | Train BCE: 0.3463 | Train ΔAUPRC: +0.2211 | Val ΔAUPRC: +0.1841
Epoch  56/100 | Steps: 100 | Train BCE: 0.3403 | Train ΔAUPRC: +0.2373 | Val ΔAUPRC: +0.1932
Epoch  57/100 | Steps: 100 | Train BCE: 0.3472 | Train ΔAUPRC: +0.2348 | Val ΔAUPRC: +0.1795
Epoch  58/100 | Steps: 100 | Train BCE: 0.3322 | Train ΔAUPRC: +0.2399 | Val ΔAUPRC: +0.1859
Epoch  59/100 | Steps: 100 | Train BCE: 0.3353 | Train ΔAUPRC: +0.2391 | Val ΔAUPRC: +0.1930
Epoch  60/100 | Steps: 100 | Train BCE: 0.3370 | Train ΔAUPRC: +0.2431 | Val ΔAUPRC: +0.1887
Epoch  61/100 | Steps: 100 | Train BCE: 0.3333 | Train ΔAUPRC: +0.2399 | Val ΔAUPRC: +0.1720
Epoch  62/100 | Steps: 100 | Train BCE: 0.3403 | Train ΔAUPRC: +0.2389 | Val ΔAUPRC: +0.1850
Epoch  63/100 | Steps: 100 | Train BCE: 0.3386 | Train ΔAUPRC: +0.2373 | Val ΔAUPRC: +0.1862
Epoch  64/100 | Steps: 100 | Train BCE: 0.3369 | Train ΔAUPRC: +0.2414 | Val ΔAUPRC: +0.1885
Epoch  65/100 | Steps: 100 | Train BCE: 0.3298 | Train ΔAUPRC: +0.2482 | Val ΔAUPRC: +0.1936
Epoch  66/100 | Steps: 100 | Train BCE: 0.3540 | Train ΔAUPRC: +0.2457 | Val ΔAUPRC: +0.1887
Epoch  67/100 | Steps: 100 | Train BCE: 0.3477 | Train ΔAUPRC: +0.2421 | Val ΔAUPRC: +0.2007
Epoch  68/100 | Steps: 100 | Train BCE: 0.3334 | Train ΔAUPRC: +0.2387 | Val ΔAUPRC: +0.1979
Epoch  69/100 | Steps: 100 | Train BCE: 0.3418 | Train ΔAUPRC: +0.2451 | Val ΔAUPRC: +0.1950
Epoch  70/100 | Steps: 100 | Train BCE: 0.3437 | Train ΔAUPRC: +0.2486 | Val ΔAUPRC: +0.2028
  → Saved best model (Val ΔAUPRC: +0.2028)
Epoch  71/100 | Steps: 100 | Train BCE: 0.3443 | Train ΔAUPRC: +0.2478 | Val ΔAUPRC: +0.1999
Epoch  72/100 | Steps: 100 | Train BCE: 0.3276 | Train ΔAUPRC: +0.2434 | Val ΔAUPRC: +0.1919
Epoch  73/100 | Steps: 100 | Train BCE: 0.3304 | Train ΔAUPRC: +0.2320 | Val ΔAUPRC: +0.1994
Epoch  74/100 | Steps: 100 | Train BCE: 0.3363 | Train ΔAUPRC: +0.2398 | Val ΔAUPRC: +0.2081
  → Saved best model (Val ΔAUPRC: +0.2081)
Epoch  75/100 | Steps: 100 | Train BCE: 0.3280 | Train ΔAUPRC: +0.2379 | Val ΔAUPRC: +0.2017
Epoch  76/100 | Steps: 100 | Train BCE: 0.3336 | Train ΔAUPRC: +0.2428 | Val ΔAUPRC: +0.2023
Epoch  77/100 | Steps: 100 | Train BCE: 0.3313 | Train ΔAUPRC: +0.2391 | Val ΔAUPRC: +0.1979
Epoch  78/100 | Steps: 100 | Train BCE: 0.3517 | Train ΔAUPRC: +0.2349 | Val ΔAUPRC: +0.2008
Epoch  79/100 | Steps: 100 | Train BCE: 0.3386 | Train ΔAUPRC: +0.2368 | Val ΔAUPRC: +0.2051
Epoch  80/100 | Steps: 100 | Train BCE: 0.3342 | Train ΔAUPRC: +0.2426 | Val ΔAUPRC: +0.1975
Epoch  81/100 | Steps: 100 | Train BCE: 0.3361 | Train ΔAUPRC: +0.2477 | Val ΔAUPRC: +0.1876
Epoch  82/100 | Steps: 100 | Train BCE: 0.3366 | Train ΔAUPRC: +0.2463 | Val ΔAUPRC: +0.1900
Epoch  83/100 | Steps: 100 | Train BCE: 0.3326 | Train ΔAUPRC: +0.2472 | Val ΔAUPRC: +0.1875
Epoch  84/100 | Steps: 100 | Train BCE: 0.3270 | Train ΔAUPRC: +0.2509 | Val ΔAUPRC: +0.1868
Epoch  85/100 | Steps: 100 | Train BCE: 0.3464 | Train ΔAUPRC: +0.2458 | Val ΔAUPRC: +0.1825
Epoch  86/100 | Steps: 100 | Train BCE: 0.3325 | Train ΔAUPRC: +0.2437 | Val ΔAUPRC: +0.1833
Epoch  87/100 | Steps: 100 | Train BCE: 0.3392 | Train ΔAUPRC: +0.2478 | Val ΔAUPRC: +0.1845
Epoch  88/100 | Steps: 100 | Train BCE: 0.3332 | Train ΔAUPRC: +0.2455 | Val ΔAUPRC: +0.1854
Epoch  89/100 | Steps: 100 | Train BCE: 0.3377 | Train ΔAUPRC: +0.2442 | Val ΔAUPRC: +0.1891
Epoch  90/100 | Steps: 100 | Train BCE: 0.3363 | Train ΔAUPRC: +0.2397 | Val ΔAUPRC: +0.1946
Epoch  91/100 | Steps: 100 | Train BCE: 0.3333 | Train ΔAUPRC: +0.2394 | Val ΔAUPRC: +0.2048
Epoch  92/100 | Steps: 100 | Train BCE: 0.3277 | Train ΔAUPRC: +0.2499 | Val ΔAUPRC: +0.1953
Epoch  93/100 | Steps: 100 | Train BCE: 0.3246 | Train ΔAUPRC: +0.2422 | Val ΔAUPRC: +0.1925
Epoch  94/100 | Steps: 100 | Train BCE: 0.3258 | Train ΔAUPRC: +0.2490 | Val ΔAUPRC: +0.1924
Epoch  95/100 | Steps: 100 | Train BCE: 0.3353 | Train ΔAUPRC: +0.2483 | Val ΔAUPRC: +0.1928
Epoch  96/100 | Steps: 100 | Train BCE: 0.3277 | Train ΔAUPRC: +0.2513 | Val ΔAUPRC: +0.1966
Epoch  97/100 | Steps: 100 | Train BCE: 0.3420 | Train ΔAUPRC: +0.2474 | Val ΔAUPRC: +0.1932
Epoch  98/100 | Steps: 100 | Train BCE: 0.3232 | Train ΔAUPRC: +0.2455 | Val ΔAUPRC: +0.2091
  → Saved best model (Val ΔAUPRC: +0.2091)
Epoch  99/100 | Steps: 100 | Train BCE: 0.3232 | Train ΔAUPRC: +0.2436 | Val ΔAUPRC: +0.2033
Epoch 100/100 | Steps: 100 | Train BCE: 0.3272 | Train ΔAUPRC: +0.2511 | Val ΔAUPRC: +0.1959

Pretraining complete. Best Val ΔAUPRC: +0.2091
  RAM after pretrain: 1.3 GB

[3/4] Evaluating on DrugOOD...
  lbap_core_ic50_scaffold: train pool=22025, ood_test=19480, iid_test=31388
  lbap_core_ic50_size: train pool=37497, ood_test=16761, iid_test=12721
  lbap_core_ic50_assay: train pool=34953, ood_test=19463, iid_test=11960
  RAM after DrugOOD load: 3.6 GB
Loaded fsmol_gnn/classification model from epoch 98 (Val ΔAUPRC=+0.2091)
lbap_core_ic50_scaffold             | ctx=  16 | ood_test | ΔAUPRC: +0.0000±0.0000 | RMSE: nan | Spearman: nan
lbap_core_ic50_scaffold             | ctx=  16 | iid_test | ΔAUPRC: +0.0000±0.0000 | RMSE: nan | Spearman: nan
lbap_core_ic50_scaffold             | ctx=  32 | ood_test | ΔAUPRC: +0.0182±0.0258 | RMSE: nan | Spearman: nan
lbap_core_ic50_scaffold             | ctx=  32 | iid_test | ΔAUPRC: +0.0104±0.0148 | RMSE: nan | Spearman: nan
lbap_core_ic50_scaffold             | ctx=  64 | ood_test | ΔAUPRC: +0.0182±0.0224 | RMSE: nan | Spearman: nan
lbap_core_ic50_scaffold             | ctx=  64 | iid_test | ΔAUPRC: +0.0202±0.0143 | RMSE: nan | Spearman: nan
lbap_core_ic50_scaffold             | ctx= 128 | ood_test | ΔAUPRC: +0.0285±0.0139 | RMSE: nan | Spearman: nan
lbap_core_ic50_scaffold             | ctx= 128 | iid_test | ΔAUPRC: +0.0327±0.0046 | RMSE: nan | Spearman: nan
lbap_core_ic50_scaffold             | ctx= 256 | ood_test | ΔAUPRC: +0.0307±0.0230 | RMSE: nan | Spearman: nan
lbap_core_ic50_scaffold             | ctx= 256 | iid_test | ΔAUPRC: +0.0396±0.0072 | RMSE: nan | Spearman: nan
lbap_core_ic50_scaffold             | ctx= 512 | ood_test | ΔAUPRC: +0.0356±0.0076 | RMSE: nan | Spearman: nan
lbap_core_ic50_scaffold             | ctx= 512 | iid_test | ΔAUPRC: +0.0442±0.0051 | RMSE: nan | Spearman: nan
lbap_core_ic50_size                 | ctx=  16 | ood_test | ΔAUPRC: +0.0204±0.0111 | RMSE: nan | Spearman: nan
lbap_core_ic50_size                 | ctx=  16 | iid_test | ΔAUPRC: +0.0089±0.0020 | RMSE: nan | Spearman: nan
lbap_core_ic50_size                 | ctx=  32 | ood_test | ΔAUPRC: +0.0108±0.0123 | RMSE: nan | Spearman: nan
lbap_core_ic50_size                 | ctx=  32 | iid_test | ΔAUPRC: +0.0095±0.0040 | RMSE: nan | Spearman: nan
lbap_core_ic50_size                 | ctx=  64 | ood_test | ΔAUPRC: +0.0094±0.0135 | RMSE: nan | Spearman: nan
lbap_core_ic50_size                 | ctx=  64 | iid_test | ΔAUPRC: +0.0077±0.0075 | RMSE: nan | Spearman: nan
lbap_core_ic50_size                 | ctx= 128 | ood_test | ΔAUPRC: +0.0119±0.0227 | RMSE: nan | Spearman: nan
lbap_core_ic50_size                 | ctx= 128 | iid_test | ΔAUPRC: +0.0131±0.0128 | RMSE: nan | Spearman: nan
lbap_core_ic50_size                 | ctx= 256 | ood_test | ΔAUPRC: +0.0406±0.0135 | RMSE: nan | Spearman: nan
lbap_core_ic50_size                 | ctx= 256 | iid_test | ΔAUPRC: +0.0307±0.0045 | RMSE: nan | Spearman: nan
lbap_core_ic50_size                 | ctx= 512 | ood_test | ΔAUPRC: +0.0480±0.0088 | RMSE: nan | Spearman: nan
lbap_core_ic50_size                 | ctx= 512 | iid_test | ΔAUPRC: +0.0354±0.0043 | RMSE: nan | Spearman: nan
lbap_core_ic50_assay                | ctx=  16 | ood_test | ΔAUPRC: +0.0069±0.0015 | RMSE: nan | Spearman: nan
lbap_core_ic50_assay                | ctx=  16 | iid_test | ΔAUPRC: +0.0200±0.0057 | RMSE: nan | Spearman: nan
lbap_core_ic50_assay                | ctx=  32 | ood_test | ΔAUPRC: +0.0120±0.0034 | RMSE: nan | Spearman: nan
lbap_core_ic50_assay                | ctx=  32 | iid_test | ΔAUPRC: +0.0244±0.0074 | RMSE: nan | Spearman: nan
lbap_core_ic50_assay                | ctx=  64 | ood_test | ΔAUPRC: +0.0316±0.0036 | RMSE: nan | Spearman: nan
lbap_core_ic50_assay                | ctx=  64 | iid_test | ΔAUPRC: +0.0524±0.0056 | RMSE: nan | Spearman: nan
lbap_core_ic50_assay                | ctx= 128 | ood_test | ΔAUPRC: +0.0433±0.0060 | RMSE: nan | Spearman: nan
lbap_core_ic50_assay                | ctx= 128 | iid_test | ΔAUPRC: +0.0617±0.0012 | RMSE: nan | Spearman: nan
lbap_core_ic50_assay                | ctx= 256 | ood_test | ΔAUPRC: +0.0454±0.0035 | RMSE: nan | Spearman: nan
lbap_core_ic50_assay                | ctx= 256 | iid_test | ΔAUPRC: +0.0655±0.0007 | RMSE: nan | Spearman: nan
lbap_core_ic50_assay                | ctx= 512 | ood_test | ΔAUPRC: +0.0546±0.0033 | RMSE: nan | Spearman: nan
lbap_core_ic50_assay                | ctx= 512 | iid_test | ΔAUPRC: +0.0729±0.0043 | RMSE: nan | Spearman: nan
  Saved => /home/chjo00006/PTN/outputs/results/fsmol_gnn_classification_shift_aware_seed0/drugood_results.csv

=== DrugOOD results (long-form) ===
                    split_type query_set  context_set_size  actual_context_n  n_test  n_seeds  delta_auprc  delta_auprc_std  rmse  rmse_std  mae  spearman  spearman_std
index                                                                                                                                                                   
0      lbap_core_ic50_scaffold  ood_test                16                16   19480        3     0.000000         0.000000   NaN       NaN  NaN       NaN           NaN
1      lbap_core_ic50_scaffold  iid_test                16                16   31388        3     0.000000         0.000000   NaN       NaN  NaN       NaN           NaN
2      lbap_core_ic50_scaffold  ood_test                32                32   19480        3     0.018241         0.025796   NaN       NaN  NaN       NaN           NaN
3      lbap_core_ic50_scaffold  iid_test                32                32   31388        3     0.010431         0.014752   NaN       NaN  NaN       NaN           NaN
4      lbap_core_ic50_scaffold  ood_test                64                64   19480        3     0.018162         0.022376   NaN       NaN  NaN       NaN           NaN
5      lbap_core_ic50_scaffold  iid_test                64                64   31388        3     0.020217         0.014337   NaN       NaN  NaN       NaN           NaN
6      lbap_core_ic50_scaffold  ood_test               128               128   19480        3     0.028484         0.013875   NaN       NaN  NaN       NaN           NaN
7      lbap_core_ic50_scaffold  iid_test               128               128   31388        3     0.032704         0.004643   NaN       NaN  NaN       NaN           NaN
8      lbap_core_ic50_scaffold  ood_test               256               256   19480        3     0.030718         0.022977   NaN       NaN  NaN       NaN           NaN
9      lbap_core_ic50_scaffold  iid_test               256               256   31388        3     0.039595         0.007209   NaN       NaN  NaN       NaN           NaN
10     lbap_core_ic50_scaffold  ood_test               512               512   19480        3     0.035578         0.007582   NaN       NaN  NaN       NaN           NaN
11     lbap_core_ic50_scaffold  iid_test               512               512   31388        3     0.044197         0.005133   NaN       NaN  NaN       NaN           NaN
12         lbap_core_ic50_size  ood_test                16                16   16761        3     0.020402         0.011088   NaN       NaN  NaN       NaN           NaN
13         lbap_core_ic50_size  iid_test                16                16   12721        3     0.008927         0.002041   NaN       NaN  NaN       NaN           NaN
14         lbap_core_ic50_size  ood_test                32                32   16761        3     0.010802         0.012259   NaN       NaN  NaN       NaN           NaN
15         lbap_core_ic50_size  iid_test                32                32   12721        3     0.009491         0.003973   NaN       NaN  NaN       NaN           NaN
16         lbap_core_ic50_size  ood_test                64                64   16761        3     0.009428         0.013450   NaN       NaN  NaN       NaN           NaN
17         lbap_core_ic50_size  iid_test                64                64   12721        3     0.007738         0.007468   NaN       NaN  NaN       NaN           NaN
18         lbap_core_ic50_size  ood_test               128               128   16761        3     0.011920         0.022714   NaN       NaN  NaN       NaN           NaN
19         lbap_core_ic50_size  iid_test               128               128   12721        3     0.013101         0.012790   NaN       NaN  NaN       NaN           NaN
20         lbap_core_ic50_size  ood_test               256               256   16761        3     0.040622         0.013525   NaN       NaN  NaN       NaN           NaN
21         lbap_core_ic50_size  iid_test               256               256   12721        3     0.030737         0.004542   NaN       NaN  NaN       NaN           NaN
22         lbap_core_ic50_size  ood_test               512               512   16761        3     0.048037         0.008788   NaN       NaN  NaN       NaN           NaN
23         lbap_core_ic50_size  iid_test               512               512   12721        3     0.035407         0.004313   NaN       NaN  NaN       NaN           NaN
24        lbap_core_ic50_assay  ood_test                16                16   19463        3     0.006926         0.001529   NaN       NaN  NaN       NaN           NaN
25        lbap_core_ic50_assay  iid_test                16                16   11960        3     0.019951         0.005725   NaN       NaN  NaN       NaN           NaN
26        lbap_core_ic50_assay  ood_test                32                32   19463        3     0.011988         0.003436   NaN       NaN  NaN       NaN           NaN
27        lbap_core_ic50_assay  iid_test                32                32   11960        3     0.024369         0.007391   NaN       NaN  NaN       NaN           NaN
28        lbap_core_ic50_assay  ood_test                64                64   19463        3     0.031565         0.003618   NaN       NaN  NaN       NaN           NaN
29        lbap_core_ic50_assay  iid_test                64                64   11960        3     0.052380         0.005551   NaN       NaN  NaN       NaN           NaN
30        lbap_core_ic50_assay  ood_test               128               128   19463        3     0.043314         0.005988   NaN       NaN  NaN       NaN           NaN
31        lbap_core_ic50_assay  iid_test               128               128   11960        3     0.061724         0.001210   NaN       NaN  NaN       NaN           NaN
32        lbap_core_ic50_assay  ood_test               256               256   19463        3     0.045447         0.003450   NaN       NaN  NaN       NaN           NaN
33        lbap_core_ic50_assay  iid_test               256               256   11960        3     0.065452         0.000669   NaN       NaN  NaN       NaN           NaN
34        lbap_core_ic50_assay  ood_test               512               512   19463        3     0.054615         0.003329   NaN       NaN  NaN       NaN           NaN
35        lbap_core_ic50_assay  iid_test               512               512   11960        3     0.072907         0.004302   NaN       NaN  NaN       NaN           NaN

=== Summary: mean ΔAUPRC per split × query_set ===
split_type               query_set
lbap_core_ic50_assay     iid_test     0.0495
                         ood_test     0.0323
lbap_core_ic50_scaffold  iid_test     0.0245
                         ood_test     0.0219
lbap_core_ic50_size      iid_test     0.0176
                         ood_test     0.0235
Name: delta_auprc, dtype: float64

[4/4] FS-Mol test evaluation...

  [4a] Inside-task OOD (scaffold split, n_support=16)...
  Loading assay 1/157...
============================================================
  Data-loss report: test/
============================================================
  Molecules in raw files        :     56,220
  -- Dropped (inexact Relation) :     12,429  (22.1%)
  -- Dropped (bad/missing fields):       129  (0.2%)
  -- Dropped (task too small)   :          0  (0.0%)
  ----------------------------------------
  Total molecules lost          :     12,558  (22.3%)
  Molecules used for training   :     43,662  (77.7%)
  ---
  Tasks in directory            :        157
  Tasks dropped (<32 molecules)  :          3  (1.9%)
  Tasks kept                    :        154  (98.1%)
============================================================
  Test assays loaded: 154

Inside-task OOD: 153 assays evaluated, 1 skipped (no scaffold group with ≥3 molecules).
  Mean Spearman : nan  (0/153 assays non-nan)
  Mean RMSE     : nan
  Mean ΔAUPRC   : 0.0212
  Saved => /home/chjo00006/PTN/outputs/results/fsmol_gnn_classification_shift_aware_seed0/inside_task_ood.csv

  [4b] Support-size sweep (random / scaffold / size splits)...

  -- split_type = random --
  [random] 20/154 assays...  [random] 40/154 assays...  [random] 60/154 assays...  [random] 80/154 assays...  [random] 100/154 assays...  [random] 120/154 assays...  [random] 140/154 assays...
  Done [random]. 154 assays × 6 support sizes.

=== FS-Mol Test [random]: mean metrics per support size ===
              delta_auprc  spearman  rmse
support_size                             
16                 0.1293       NaN   NaN
32                 0.1557       NaN   NaN
64                 0.1851       NaN   NaN
128                0.2203       NaN   NaN
256                0.1546       NaN   NaN
512                0.1588       NaN   NaN
  Predictions saved → /home/chjo00006/PTN/outputs/results/fsmol_gnn_classification_shift_aware_seed0/fsmol_test_predictions_random.csv  (825,490 rows)

  -- split_type = scaffold --
  [scaffold] 60/154 assays...  [scaffold] 80/154 assays...  [scaffold] 100/154 assays...  [scaffold] 120/154 assays...  [scaffold] 140/154 assays...
  Done [scaffold]. 144 assays × 6 support sizes.

=== FS-Mol Test [scaffold]: mean metrics per support size ===
              delta_auprc  spearman  rmse
support_size                             
16                 0.0549       NaN   NaN
32                 0.0548       NaN   NaN
64                 0.0539       NaN   NaN
128                0.0546       NaN   NaN
256                0.0151       NaN   NaN
512                0.0064       NaN   NaN
  Predictions saved → /home/chjo00006/PTN/outputs/results/fsmol_gnn_classification_shift_aware_seed0/fsmol_test_predictions_scaffold.csv  (1,022,570 rows)

  -- split_type = size --
  [size] 20/154 assays...  [size] 40/154 assays...  [size] 60/154 assays...  [size] 80/154 assays...  [size] 100/154 assays...  [size] 120/154 assays...  [size] 140/154 assays...
  Done [size]. 154 assays × 6 support sizes.

=== FS-Mol Test [size]: mean metrics per support size ===
              delta_auprc  spearman  rmse
support_size                             
16                 0.1035       NaN   NaN
32                 0.1233       NaN   NaN
64                 0.1417       NaN   NaN
128                0.1459       NaN   NaN
256                0.0725       NaN   NaN
512                0.1026       NaN   NaN
  Predictions saved → /home/chjo00006/PTN/outputs/results/fsmol_gnn_classification_shift_aware_seed0/fsmol_test_predictions_size.csv  (536,650 rows)

  All 3 curves saved => /home/chjo00006/PTN/outputs/results/fsmol_gnn_classification_shift_aware_seed0/fsmol_test_results.csv

=== FS-Mol Test: mean ΔAUPRC and N assays per split_type × support_size ===
                         delta_auprc  n_assays
split_type support_size                       
random     16                 0.1293       154
           32                 0.1557       154
           64                 0.1851       153
           128                0.2203       148
           256                0.1546        29
           512                0.1588        11
scaffold   16                 0.0549       144
           32                 0.0548       144
           64                 0.0539       144
           128                0.0546       142
           256                0.0151        29
           512                0.0064        11
size       16                 0.1035       154
           32                 0.1233       154
           64                 0.1417       153
           128                0.1459       148
           256                0.0725        29
           512                0.1026        11
