Device: cuda

Loading FS-Mol test assays...
  Loading assay 1/157...
============================================================
  Data-loss report: test/
============================================================
  Molecules in raw files        :     56,220
  -- Dropped (inexact Relation) :     12,429  (22.1%)
  -- Dropped (bad/missing fields):       129  (0.2%)
  -- Dropped (task too small)   :          0  (0.0%)
  ----------------------------------------
  Total molecules lost          :     12,558  (22.3%)
  Molecules used for training   :     43,662  (77.7%)
  ---
  Tasks in directory            :        157
  Tasks dropped (<32 molecules)  :          3  (1.9%)
  Tasks kept                    :        154  (98.1%)
============================================================
  154 test assays loaded.

============================================================
  ecfp_classification_random_seed0
============================================================
Loaded ecfp/classification model from epoch 32 (Val ΔAUPRC=+0.1705)

  -- split_type=scaffold --
  [scaffold] 60/154 assays...
  [scaffold] 80/154 assays...
  [scaffold] 100/154 assays...
  [scaffold] 120/154 assays...
  [scaffold] 140/154 assays...
  Done [scaffold]. 144 assays × 6 support sizes.

=== FS-Mol Test [scaffold]: mean metrics per support size ===
              delta_auprc  spearman  rmse
support_size                             
16                 0.0555       NaN   NaN
32                 0.0534       NaN   NaN
64                 0.0473       NaN   NaN
128                0.0544       NaN   NaN
256                0.0037       NaN   NaN
512                0.0007       NaN   NaN
  [scaffold] 60/154 assays...
  [scaffold] 80/154 assays...
  [scaffold] 100/154 assays...
  [scaffold] 120/154 assays...
  [scaffold] 140/154 assays...
  Done [scaffold]. 144 assays × 6 support sizes.

=== FS-Mol Test [scaffold]: mean metrics per support size ===
              delta_auprc  spearman  rmse
support_size                             
16                 0.0554       NaN   NaN
32                 0.0536       NaN   NaN
64                 0.0476       NaN   NaN
128                0.0549       NaN   NaN
256                0.0037       NaN   NaN
512                0.0006       NaN   NaN

  -- split_type=random --
  [random] 20/154 assays...
  [random] 40/154 assays...
  [random] 60/154 assays...
  [random] 80/154 assays...
  [random] 100/154 assays...
  [random] 120/154 assays...
  [random] 140/154 assays...
  Done [random]. 154 assays × 6 support sizes.

=== FS-Mol Test [random]: mean metrics per support size ===
              delta_auprc  spearman  rmse
support_size                             
16                 0.1245       NaN   NaN
32                 0.1422       NaN   NaN
64                 0.1634       NaN   NaN
128                0.1883       NaN   NaN
256                0.0930       NaN   NaN
512                0.0854       NaN   NaN
  [random] 20/154 assays...
  [random] 40/154 assays...
  [random] 60/154 assays...
  [random] 80/154 assays...
  [random] 100/154 assays...
  [random] 120/154 assays...
  [random] 140/154 assays...
  Done [random]. 154 assays × 6 support sizes.

=== FS-Mol Test [random]: mean metrics per support size ===
              delta_auprc  spearman  rmse
support_size                             
16                 0.1242       NaN   NaN
32                 0.1414       NaN   NaN
64                 0.1623       NaN   NaN
128                0.1892       NaN   NaN
256                0.0932       NaN   NaN
512                0.0833       NaN   NaN

  Saved -> /home/chjo00006/PTN/outputs/results/ecfp_classification_random_seed0/fsmol_test_results_ttpa.csv

============================================================
  TTPA vs Standard: ecfp_classification_random_seed0
============================================================

  [scaffold]
       n    standard        ttpa       delta
      16     +0.0555     +0.0554     -0.0000
      32     +0.0534     +0.0536     +0.0002
      64     +0.0473     +0.0476     +0.0003
     128     +0.0544     +0.0549     +0.0006
     256     +0.0037     +0.0037     -0.0000
     512     +0.0007     +0.0006     -0.0001

  [random]
       n    standard        ttpa       delta
      16     +0.1245     +0.1242     -0.0003
      32     +0.1422     +0.1414     -0.0009
      64     +0.1634     +0.1623     -0.0011
     128     +0.1883     +0.1892     +0.0009
     256     +0.0930     +0.0932     +0.0002
     512     +0.0854     +0.0833     -0.0021

============================================================
  ecfp_classification_random_seed1
============================================================
Loaded ecfp/classification model from epoch 39 (Val ΔAUPRC=+0.1740)

  -- split_type=scaffold --
  [scaffold] 60/154 assays...
  [scaffold] 80/154 assays...
  [scaffold] 100/154 assays...
  [scaffold] 120/154 assays...
  [scaffold] 140/154 assays...
  Done [scaffold]. 144 assays × 6 support sizes.

=== FS-Mol Test [scaffold]: mean metrics per support size ===
              delta_auprc  spearman  rmse
support_size                             
16                 0.0611       NaN   NaN
32                 0.0589       NaN   NaN
64                 0.0588       NaN   NaN
128                0.0631       NaN   NaN
256                0.0063       NaN   NaN
512                0.0026       NaN   NaN
  [scaffold] 60/154 assays...
  [scaffold] 80/154 assays...
  [scaffold] 100/154 assays...
  [scaffold] 120/154 assays...
  [scaffold] 140/154 assays...
  Done [scaffold]. 144 assays × 6 support sizes.

=== FS-Mol Test [scaffold]: mean metrics per support size ===
              delta_auprc  spearman  rmse
support_size                             
16                 0.0609       NaN   NaN
32                 0.0587       NaN   NaN
64                 0.0585       NaN   NaN
128                0.0627       NaN   NaN
256                0.0061       NaN   NaN
512                0.0025       NaN   NaN

  -- split_type=random --
  [random] 20/154 assays...
  [random] 40/154 assays...
  [random] 60/154 assays...
  [random] 80/154 assays...
  [random] 100/154 assays...
  [random] 120/154 assays...
  [random] 140/154 assays...
  Done [random]. 154 assays × 6 support sizes.

=== FS-Mol Test [random]: mean metrics per support size ===
              delta_auprc  spearman  rmse
support_size                             
16                 0.1264       NaN   NaN
32                 0.1417       NaN   NaN
64                 0.1609       NaN   NaN
128                0.1860       NaN   NaN
256                0.0918       NaN   NaN
512                0.0768       NaN   NaN
  [random] 20/154 assays...
  [random] 40/154 assays...
  [random] 60/154 assays...
  [random] 80/154 assays...
  [random] 100/154 assays...
  [random] 120/154 assays...
  [random] 140/154 assays...
  Done [random]. 154 assays × 6 support sizes.

=== FS-Mol Test [random]: mean metrics per support size ===
              delta_auprc  spearman  rmse
support_size                             
16                 0.1257       NaN   NaN
32                 0.1407       NaN   NaN
64                 0.1598       NaN   NaN
128                0.1863       NaN   NaN
256                0.0911       NaN   NaN
512                0.0765       NaN   NaN

  Saved -> /home/chjo00006/PTN/outputs/results/ecfp_classification_random_seed1/fsmol_test_results_ttpa.csv

============================================================
  TTPA vs Standard: ecfp_classification_random_seed1
============================================================

  [scaffold]
       n    standard        ttpa       delta
      16     +0.0611     +0.0609     -0.0002
      32     +0.0589     +0.0587     -0.0002
      64     +0.0588     +0.0585     -0.0003
     128     +0.0631     +0.0627     -0.0003
     256     +0.0063     +0.0061     -0.0002
     512     +0.0026     +0.0025     -0.0001

  [random]
       n    standard        ttpa       delta
      16     +0.1264     +0.1257     -0.0007
      32     +0.1417     +0.1407     -0.0010
      64     +0.1609     +0.1598     -0.0012
     128     +0.1860     +0.1863     +0.0003
     256     +0.0918     +0.0911     -0.0008
     512     +0.0768     +0.0765     -0.0003

============================================================
  ecfp_classification_random_seed2
============================================================
Loaded ecfp/classification model from epoch 61 (Val ΔAUPRC=+0.1810)

  -- split_type=scaffold --
  [scaffold] 60/154 assays...
  [scaffold] 80/154 assays...
  [scaffold] 100/154 assays...
  [scaffold] 120/154 assays...
  [scaffold] 140/154 assays...
  Done [scaffold]. 144 assays × 6 support sizes.

=== FS-Mol Test [scaffold]: mean metrics per support size ===
              delta_auprc  spearman  rmse
support_size                             
16                 0.0636       NaN   NaN
32                 0.0583       NaN   NaN
64                 0.0588       NaN   NaN
128                0.0631       NaN   NaN
256                0.0023       NaN   NaN
512                0.0066       NaN   NaN
  [scaffold] 60/154 assays...
  [scaffold] 80/154 assays...
  [scaffold] 100/154 assays...
  [scaffold] 120/154 assays...
  [scaffold] 140/154 assays...
  Done [scaffold]. 144 assays × 6 support sizes.

=== FS-Mol Test [scaffold]: mean metrics per support size ===
              delta_auprc  spearman  rmse
support_size                             
16                 0.0632       NaN   NaN
32                 0.0580       NaN   NaN
64                 0.0584       NaN   NaN
128                0.0624       NaN   NaN
256                0.0023       NaN   NaN
512                0.0066       NaN   NaN

  -- split_type=random --
  [random] 20/154 assays...
  [random] 40/154 assays...
  [random] 60/154 assays...
  [random] 80/154 assays...
  [random] 100/154 assays...
  [random] 120/154 assays...
  [random] 140/154 assays...
  Done [random]. 154 assays × 6 support sizes.

=== FS-Mol Test [random]: mean metrics per support size ===
              delta_auprc  spearman  rmse
support_size                             
16                 0.1251       NaN   NaN
32                 0.1410       NaN   NaN
64                 0.1606       NaN   NaN
128                0.1863       NaN   NaN
256                0.0920       NaN   NaN
512                0.0823       NaN   NaN
  [random] 20/154 assays...
  [random] 40/154 assays...
  [random] 60/154 assays...
  [random] 80/154 assays...
  [random] 100/154 assays...
  [random] 120/154 assays...
  [random] 140/154 assays...
  Done [random]. 154 assays × 6 support sizes.

=== FS-Mol Test [random]: mean metrics per support size ===
              delta_auprc  spearman  rmse
support_size                             
16                 0.1242       NaN   NaN
32                 0.1401       NaN   NaN
64                 0.1592       NaN   NaN
128                0.1858       NaN   NaN
256                0.0905       NaN   NaN
512                0.0833       NaN   NaN

  Saved -> /home/chjo00006/PTN/outputs/results/ecfp_classification_random_seed2/fsmol_test_results_ttpa.csv

============================================================
  TTPA vs Standard: ecfp_classification_random_seed2
============================================================

  [scaffold]
       n    standard        ttpa       delta
      16     +0.0636     +0.0632     -0.0004
      32     +0.0583     +0.0580     -0.0003
      64     +0.0588     +0.0584     -0.0004
     128     +0.0631     +0.0624     -0.0007
     256     +0.0023     +0.0023     +0.0000
     512     +0.0066     +0.0066     -0.0000

  [random]
       n    standard        ttpa       delta
      16     +0.1251     +0.1242     -0.0009
      32     +0.1410     +0.1401     -0.0009
      64     +0.1606     +0.1592     -0.0014
     128     +0.1863     +0.1858     -0.0005
     256     +0.0920     +0.0905     -0.0016
     512     +0.0823     +0.0833     +0.0009

============================================================
  3-seed aggregate: ecfp_classification_random
============================================================
                                    mean     std
method   split_type support_size                
standard random     16            0.1254  0.1085
                    32            0.1416  0.1145
                    64            0.1616  0.1176
                    128           0.1869  0.1199
                    256           0.0923  0.0696
                    512           0.0815  0.0443
         scaffold   16            0.0600  0.0929
                    32            0.0569  0.0866
                    64            0.0550  0.0874
                    128           0.0602  0.0895
                    256           0.0041  0.0232
                    512           0.0033  0.0148
ttpa     random     16            0.1247  0.1083
                    32            0.1407  0.1142
                    64            0.1604  0.1178
                    128           0.1871  0.1199
                    256           0.0916  0.0694
                    512           0.0810  0.0435
         scaffold   16            0.0598  0.0928
                    32            0.0567  0.0864
                    64            0.0548  0.0873
                    128           0.0600  0.0895
                    256           0.0040  0.0231
                    512           0.0032  0.0148

  Saved -> /home/chjo00006/PTN/outputs/results/ecfp_classification_random_ttpa_aggregate.csv

============================================================
  ecfp_classification_shift_aware_seed0
============================================================
Loaded ecfp/classification model from epoch 18 (Val ΔAUPRC=+0.1615)

  -- split_type=scaffold --
  [scaffold] 60/154 assays...
  [scaffold] 80/154 assays...
  [scaffold] 100/154 assays...
  [scaffold] 120/154 assays...
  [scaffold] 140/154 assays...
  Done [scaffold]. 144 assays × 6 support sizes.

=== FS-Mol Test [scaffold]: mean metrics per support size ===
              delta_auprc  spearman  rmse
support_size                             
16                 0.0484       NaN   NaN
32                 0.0473       NaN   NaN
64                 0.0448       NaN   NaN
128                0.0484       NaN   NaN
256                0.0017       NaN   NaN
512                0.0048       NaN   NaN
  [scaffold] 60/154 assays...
  [scaffold] 80/154 assays...
  [scaffold] 100/154 assays...
  [scaffold] 120/154 assays...
  [scaffold] 140/154 assays...
  Done [scaffold]. 144 assays × 6 support sizes.

=== FS-Mol Test [scaffold]: mean metrics per support size ===
              delta_auprc  spearman  rmse
support_size                             
16                 0.0483       NaN   NaN
32                 0.0472       NaN   NaN
64                 0.0446       NaN   NaN
128                0.0481       NaN   NaN
256                0.0017       NaN   NaN
512                0.0047       NaN   NaN

  -- split_type=random --
  [random] 20/154 assays...
  [random] 40/154 assays...
  [random] 60/154 assays...
  [random] 80/154 assays...
  [random] 100/154 assays...
  [random] 120/154 assays...
  [random] 140/154 assays...
  Done [random]. 154 assays × 6 support sizes.

=== FS-Mol Test [random]: mean metrics per support size ===
              delta_auprc  spearman  rmse
support_size                             
16                 0.1155       NaN   NaN
32                 0.1338       NaN   NaN
64                 0.1555       NaN   NaN
128                0.1784       NaN   NaN
256                0.0960       NaN   NaN
512                0.0727       NaN   NaN
  [random] 20/154 assays...
  [random] 40/154 assays...
  [random] 60/154 assays...
  [random] 80/154 assays...
  [random] 100/154 assays...
  [random] 120/154 assays...
  [random] 140/154 assays...
  Done [random]. 154 assays × 6 support sizes.

=== FS-Mol Test [random]: mean metrics per support size ===
              delta_auprc  spearman  rmse
support_size                             
16                 0.1152       NaN   NaN
32                 0.1327       NaN   NaN
64                 0.1546       NaN   NaN
128                0.1785       NaN   NaN
256                0.0947       NaN   NaN
512                0.0740       NaN   NaN

  Saved -> /home/chjo00006/PTN/outputs/results/ecfp_classification_shift_aware_seed0/fsmol_test_results_ttpa.csv

============================================================
  TTPA vs Standard: ecfp_classification_shift_aware_seed0
============================================================

  [scaffold]
       n    standard        ttpa       delta
      16     +0.0484     +0.0483     -0.0000
      32     +0.0473     +0.0472     -0.0002
      64     +0.0448     +0.0446     -0.0002
     128     +0.0484     +0.0481     -0.0003
     256     +0.0017     +0.0017     -0.0001
     512     +0.0048     +0.0047     -0.0001

  [random]
       n    standard        ttpa       delta
      16     +0.1155     +0.1152     -0.0003
      32     +0.1338     +0.1327     -0.0011
      64     +0.1555     +0.1546     -0.0009
     128     +0.1784     +0.1785     +0.0001
     256     +0.0960     +0.0947     -0.0014
     512     +0.0727     +0.0740     +0.0013

============================================================
  ecfp_classification_shift_aware_seed1
============================================================
Loaded ecfp/classification model from epoch 25 (Val ΔAUPRC=+0.1659)

  -- split_type=scaffold --
  [scaffold] 60/154 assays...
  [scaffold] 80/154 assays...
  [scaffold] 100/154 assays...
  [scaffold] 120/154 assays...
  [scaffold] 140/154 assays...
  Done [scaffold]. 144 assays × 6 support sizes.

=== FS-Mol Test [scaffold]: mean metrics per support size ===
              delta_auprc  spearman  rmse
support_size                             
16                 0.0495       NaN   NaN
32                 0.0449       NaN   NaN
64                 0.0418       NaN   NaN
128                0.0458       NaN   NaN
256                0.0084       NaN   NaN
512                0.0049       NaN   NaN
  [scaffold] 60/154 assays...
  [scaffold] 80/154 assays...
  [scaffold] 100/154 assays...
  [scaffold] 120/154 assays...
  [scaffold] 140/154 assays...
  Done [scaffold]. 144 assays × 6 support sizes.

=== FS-Mol Test [scaffold]: mean metrics per support size ===
              delta_auprc  spearman  rmse
support_size                             
16                 0.0497       NaN   NaN
32                 0.0448       NaN   NaN
64                 0.0419       NaN   NaN
128                0.0459       NaN   NaN
256                0.0081       NaN   NaN
512                0.0053       NaN   NaN

  -- split_type=random --
  [random] 20/154 assays...
  [random] 40/154 assays...
  [random] 60/154 assays...
  [random] 80/154 assays...
  [random] 100/154 assays...
  [random] 120/154 assays...
  [random] 140/154 assays...
  Done [random]. 154 assays × 6 support sizes.

=== FS-Mol Test [random]: mean metrics per support size ===
              delta_auprc  spearman  rmse
support_size                             
16                 0.1189       NaN   NaN
32                 0.1349       NaN   NaN
64                 0.1535       NaN   NaN
128                0.1821       NaN   NaN
256                0.0925       NaN   NaN
512                0.0764       NaN   NaN
  [random] 20/154 assays...
  [random] 40/154 assays...
  [random] 60/154 assays...
  [random] 80/154 assays...
  [random] 100/154 assays...
  [random] 120/154 assays...
  [random] 140/154 assays...
  Done [random]. 154 assays × 6 support sizes.

=== FS-Mol Test [random]: mean metrics per support size ===
              delta_auprc  spearman  rmse
support_size                             
16                 0.1180       NaN   NaN
32                 0.1349       NaN   NaN
64                 0.1523       NaN   NaN
128                0.1810       NaN   NaN
256                0.0933       NaN   NaN
512                0.0759       NaN   NaN

  Saved -> /home/chjo00006/PTN/outputs/results/ecfp_classification_shift_aware_seed1/fsmol_test_results_ttpa.csv

============================================================
  TTPA vs Standard: ecfp_classification_shift_aware_seed1
============================================================

  [scaffold]
       n    standard        ttpa       delta
      16     +0.0495     +0.0497     +0.0002
      32     +0.0449     +0.0448     -0.0000
      64     +0.0418     +0.0419     +0.0001
     128     +0.0458     +0.0459     +0.0000
     256     +0.0084     +0.0081     -0.0003
     512     +0.0049     +0.0053     +0.0004

  [random]
       n    standard        ttpa       delta
      16     +0.1189     +0.1180     -0.0009
      32     +0.1349     +0.1349     -0.0001
      64     +0.1535     +0.1523     -0.0012
     128     +0.1821     +0.1810     -0.0011
     256     +0.0925     +0.0933     +0.0008
     512     +0.0764     +0.0759     -0.0005

============================================================
  ecfp_classification_shift_aware_seed2
============================================================
Loaded ecfp/classification model from epoch 63 (Val ΔAUPRC=+0.1719)

  -- split_type=scaffold --
  [scaffold] 60/154 assays...
  [scaffold] 80/154 assays...
  [scaffold] 100/154 assays...
  [scaffold] 120/154 assays...
  [scaffold] 140/154 assays...
  Done [scaffold]. 144 assays × 6 support sizes.

=== FS-Mol Test [scaffold]: mean metrics per support size ===
              delta_auprc  spearman  rmse
support_size                             
16                 0.0640       NaN   NaN
32                 0.0599       NaN   NaN
64                 0.0579       NaN   NaN
128                0.0657       NaN   NaN
256               -0.0031       NaN   NaN
512                0.0031       NaN   NaN
  [scaffold] 60/154 assays...
  [scaffold] 80/154 assays...
  [scaffold] 100/154 assays...
  [scaffold] 120/154 assays...
  [scaffold] 140/154 assays...
  Done [scaffold]. 144 assays × 6 support sizes.

=== FS-Mol Test [scaffold]: mean metrics per support size ===
              delta_auprc  spearman  rmse
support_size                             
16                 0.0638       NaN   NaN
32                 0.0597       NaN   NaN
64                 0.0578       NaN   NaN
128                0.0655       NaN   NaN
256               -0.0032       NaN   NaN
512                0.0030       NaN   NaN

  -- split_type=random --
  [random] 20/154 assays...
  [random] 40/154 assays...
  [random] 60/154 assays...
  [random] 80/154 assays...
  [random] 100/154 assays...
  [random] 120/154 assays...
  [random] 140/154 assays...
  Done [random]. 154 assays × 6 support sizes.

=== FS-Mol Test [random]: mean metrics per support size ===
              delta_auprc  spearman  rmse
support_size                             
16                 0.1220       NaN   NaN
32                 0.1428       NaN   NaN
64                 0.1618       NaN   NaN
128                0.1826       NaN   NaN
256                0.0704       NaN   NaN
512                0.0680       NaN   NaN
  [random] 20/154 assays...
  [random] 40/154 assays...
  [random] 60/154 assays...
  [random] 80/154 assays...
  [random] 100/154 assays...
  [random] 120/154 assays...
  [random] 140/154 assays...
  Done [random]. 154 assays × 6 support sizes.

=== FS-Mol Test [random]: mean metrics per support size ===
              delta_auprc  spearman  rmse
support_size                             
16                 0.1215       NaN   NaN
32                 0.1418       NaN   NaN
64                 0.1609       NaN   NaN
128                0.1814       NaN   NaN
256                0.0698       NaN   NaN
512                0.0672       NaN   NaN

  Saved -> /home/chjo00006/PTN/outputs/results/ecfp_classification_shift_aware_seed2/fsmol_test_results_ttpa.csv

============================================================
  TTPA vs Standard: ecfp_classification_shift_aware_seed2
============================================================

  [scaffold]
       n    standard        ttpa       delta
      16     +0.0640     +0.0638     -0.0002
      32     +0.0599     +0.0597     -0.0002
      64     +0.0579     +0.0578     -0.0001
     128     +0.0657     +0.0655     -0.0002
     256     -0.0031     -0.0032     -0.0000
     512     +0.0031     +0.0030     -0.0001

  [random]
       n    standard        ttpa       delta
      16     +0.1220     +0.1215     -0.0005
      32     +0.1428     +0.1418     -0.0009
      64     +0.1618     +0.1609     -0.0009
     128     +0.1826     +0.1814     -0.0012
     256     +0.0704     +0.0698     -0.0006
     512     +0.0680     +0.0672     -0.0009

============================================================
  3-seed aggregate: ecfp_classification_shift_aware
============================================================
                                    mean     std
method   split_type support_size                
standard random     16            0.1188  0.1034
                    32            0.1372  0.1088
                    64            0.1569  0.1141
                    128           0.1810  0.1188
                    256           0.0863  0.0737
                    512           0.0724  0.0405
         scaffold   16            0.0540  0.0891
                    32            0.0507  0.0832
                    64            0.0481  0.0839
                    128           0.0533  0.0831
                    256           0.0023  0.0168
                    512           0.0042  0.0143
ttpa     random     16            0.1182  0.1030
                    32            0.1365  0.1085
                    64            0.1560  0.1140
                    128           0.1803  0.1188
                    256           0.0859  0.0733
                    512           0.0724  0.0403
         scaffold   16            0.0540  0.0895
                    32            0.0506  0.0833
                    64            0.0481  0.0843
                    128           0.0531  0.0834
                    256           0.0022  0.0165
                    512           0.0043  0.0146

  Saved -> /home/chjo00006/PTN/outputs/results/ecfp_classification_shift_aware_ttpa_aggregate.csv

============================================================
  fsmol_gnn_classification_random_seed0
============================================================
Loaded fsmol_gnn/classification model from epoch 11 (Val ΔAUPRC=+0.1515)

  -- split_type=scaffold --
  [scaffold] 60/154 assays...
  [scaffold] 80/154 assays...
  [scaffold] 100/154 assays...
  [scaffold] 120/154 assays...
  [scaffold] 140/154 assays...
  Done [scaffold]. 144 assays × 6 support sizes.

=== FS-Mol Test [scaffold]: mean metrics per support size ===
              delta_auprc  spearman  rmse
support_size                             
16                 0.0425       NaN   NaN
32                 0.0407       NaN   NaN
64                 0.0430       NaN   NaN
128                0.0425       NaN   NaN
256                0.0128       NaN   NaN
512                0.0117       NaN   NaN
  [scaffold] 60/154 assays...
  [scaffold] 80/154 assays...
  [scaffold] 100/154 assays...
  [scaffold] 120/154 assays...
  [scaffold] 140/154 assays...
  Done [scaffold]. 144 assays × 6 support sizes.

=== FS-Mol Test [scaffold]: mean metrics per support size ===
              delta_auprc  spearman  rmse
support_size                             
16                 0.0432       NaN   NaN
32                 0.0410       NaN   NaN
64                 0.0437       NaN   NaN
128                0.0430       NaN   NaN
256                0.0130       NaN   NaN
512                0.0116       NaN   NaN

  -- split_type=random --
  [random] 20/154 assays...
  [random] 40/154 assays...
  [random] 60/154 assays...
  [random] 80/154 assays...
  [random] 100/154 assays...
  [random] 120/154 assays...
  [random] 140/154 assays...
  Done [random]. 154 assays × 6 support sizes.

=== FS-Mol Test [random]: mean metrics per support size ===
              delta_auprc  spearman  rmse
support_size                             
16                 0.1105       NaN   NaN
32                 0.1346       NaN   NaN
64                 0.1614       NaN   NaN
128                0.1966       NaN   NaN
256                0.1491       NaN   NaN
512                0.1504       NaN   NaN
  [random] 20/154 assays...
  [random] 40/154 assays...
  [random] 60/154 assays...
  [random] 80/154 assays...
  [random] 100/154 assays...
  [random] 120/154 assays...
  [random] 140/154 assays...
  Done [random]. 154 assays × 6 support sizes.

=== FS-Mol Test [random]: mean metrics per support size ===
              delta_auprc  spearman  rmse
support_size                             
16                 0.1095       NaN   NaN
32                 0.1338       NaN   NaN
64                 0.1600       NaN   NaN
128                0.1967       NaN   NaN
256                0.1496       NaN   NaN
512                0.1522       NaN   NaN

  Saved -> /home/chjo00006/PTN/outputs/results/fsmol_gnn_classification_random_seed0/fsmol_test_results_ttpa.csv

============================================================
  TTPA vs Standard: fsmol_gnn_classification_random_seed0
============================================================

  [scaffold]
       n    standard        ttpa       delta
      16     +0.0425     +0.0432     +0.0007
      32     +0.0407     +0.0410     +0.0003
      64     +0.0430     +0.0437     +0.0007
     128     +0.0425     +0.0430     +0.0005
     256     +0.0128     +0.0130     +0.0002
     512     +0.0117     +0.0116     -0.0001

  [random]
       n    standard        ttpa       delta
      16     +0.1105     +0.1095     -0.0009
      32     +0.1346     +0.1338     -0.0008
      64     +0.1614     +0.1600     -0.0013
     128     +0.1966     +0.1967     +0.0001
     256     +0.1491     +0.1496     +0.0005
     512     +0.1504     +0.1522     +0.0017

============================================================
  fsmol_gnn_classification_random_seed1
============================================================
Loaded fsmol_gnn/classification model from epoch 71 (Val ΔAUPRC=+0.2134)

  -- split_type=scaffold --
  [scaffold] 60/154 assays...
  [scaffold] 80/154 assays...
  [scaffold] 100/154 assays...
  [scaffold] 120/154 assays...
  [scaffold] 140/154 assays...
  Done [scaffold]. 144 assays × 6 support sizes.

=== FS-Mol Test [scaffold]: mean metrics per support size ===
              delta_auprc  spearman  rmse
support_size                             
16                 0.0526       NaN   NaN
32                 0.0523       NaN   NaN
64                 0.0534       NaN   NaN
128                0.0521       NaN   NaN
256                0.0140       NaN   NaN
512                0.0068       NaN   NaN
  [scaffold] 60/154 assays...
  [scaffold] 80/154 assays...
  [scaffold] 100/154 assays...
  [scaffold] 120/154 assays...
  [scaffold] 140/154 assays...
  Done [scaffold]. 144 assays × 6 support sizes.

=== FS-Mol Test [scaffold]: mean metrics per support size ===
              delta_auprc  spearman  rmse
support_size                             
16                 0.0532       NaN   NaN
32                 0.0524       NaN   NaN
64                 0.0538       NaN   NaN
128                0.0525       NaN   NaN
256                0.0139       NaN   NaN
512                0.0063       NaN   NaN

  -- split_type=random --
  [random] 20/154 assays...
  [random] 40/154 assays...
  [random] 60/154 assays...
  [random] 80/154 assays...
  [random] 100/154 assays...
  [random] 120/154 assays...
  [random] 140/154 assays...
  Done [random]. 154 assays × 6 support sizes.

=== FS-Mol Test [random]: mean metrics per support size ===
              delta_auprc  spearman  rmse
support_size                             
16                 0.1310       NaN   NaN
32                 0.1584       NaN   NaN
64                 0.1880       NaN   NaN
128                0.2280       NaN   NaN
256                0.1590       NaN   NaN
512                0.1740       NaN   NaN
  [random] 20/154 assays...
  [random] 40/154 assays...
  [random] 60/154 assays...
  [random] 80/154 assays...
  [random] 100/154 assays...
  [random] 120/154 assays...
  [random] 140/154 assays...
  Done [random]. 154 assays × 6 support sizes.

=== FS-Mol Test [random]: mean metrics per support size ===
              delta_auprc  spearman  rmse
support_size                             
16                 0.1299       NaN   NaN
32                 0.1574       NaN   NaN
64                 0.1869       NaN   NaN
128                0.2268       NaN   NaN
256                0.1591       NaN   NaN
512                0.1731       NaN   NaN

  Saved -> /home/chjo00006/PTN/outputs/results/fsmol_gnn_classification_random_seed1/fsmol_test_results_ttpa.csv

============================================================
  TTPA vs Standard: fsmol_gnn_classification_random_seed1
============================================================

  [scaffold]
       n    standard        ttpa       delta
      16     +0.0526     +0.0532     +0.0005
      32     +0.0523     +0.0524     +0.0001
      64     +0.0534     +0.0538     +0.0004
     128     +0.0521     +0.0525     +0.0005
     256     +0.0140     +0.0139     -0.0001
     512     +0.0068     +0.0063     -0.0005

  [random]
       n    standard        ttpa       delta
      16     +0.1310     +0.1299     -0.0011
      32     +0.1584     +0.1574     -0.0010
      64     +0.1880     +0.1869     -0.0011
     128     +0.2280     +0.2268     -0.0012
     256     +0.1590     +0.1591     +0.0001
     512     +0.1740     +0.1731     -0.0009

============================================================
  fsmol_gnn_classification_random_seed2
============================================================
Loaded fsmol_gnn/classification model from epoch 81 (Val ΔAUPRC=+0.2094)

  -- split_type=scaffold --
  [scaffold] 60/154 assays...
  [scaffold] 80/154 assays...
  [scaffold] 100/154 assays...
  [scaffold] 120/154 assays...
  [scaffold] 140/154 assays...
  Done [scaffold]. 144 assays × 6 support sizes.

=== FS-Mol Test [scaffold]: mean metrics per support size ===
              delta_auprc  spearman  rmse
support_size                             
16                 0.0535       NaN   NaN
32                 0.0524       NaN   NaN
64                 0.0538       NaN   NaN
128                0.0538       NaN   NaN
256                0.0125       NaN   NaN
512                0.0102       NaN   NaN
  [scaffold] 60/154 assays...
  [scaffold] 80/154 assays...
  [scaffold] 100/154 assays...
  [scaffold] 120/154 assays...
  [scaffold] 140/154 assays...
  Done [scaffold]. 144 assays × 6 support sizes.

=== FS-Mol Test [scaffold]: mean metrics per support size ===
              delta_auprc  spearman  rmse
support_size                             
16                 0.0537       NaN   NaN
32                 0.0523       NaN   NaN
64                 0.0539       NaN   NaN
128                0.0540       NaN   NaN
256                0.0125       NaN   NaN
512                0.0101       NaN   NaN

  -- split_type=random --
  [random] 20/154 assays...
  [random] 40/154 assays...
  [random] 60/154 assays...
  [random] 80/154 assays...
  [random] 100/154 assays...
  [random] 120/154 assays...
  [random] 140/154 assays...
  Done [random]. 154 assays × 6 support sizes.

=== FS-Mol Test [random]: mean metrics per support size ===
              delta_auprc  spearman  rmse
support_size                             
16                 0.1302       NaN   NaN
32                 0.1596       NaN   NaN
64                 0.1891       NaN   NaN
128                0.2253       NaN   NaN
256                0.1560       NaN   NaN
512                0.1685       NaN   NaN
  [random] 20/154 assays...
  [random] 40/154 assays...
  [random] 60/154 assays...
  [random] 80/154 assays...
  [random] 100/154 assays...
  [random] 120/154 assays...
  [random] 140/154 assays...
  Done [random]. 154 assays × 6 support sizes.

=== FS-Mol Test [random]: mean metrics per support size ===
              delta_auprc  spearman  rmse
support_size                             
16                 0.1293       NaN   NaN
32                 0.1588       NaN   NaN
64                 0.1878       NaN   NaN
128                0.2244       NaN   NaN
256                0.1563       NaN   NaN
512                0.1677       NaN   NaN

  Saved -> /home/chjo00006/PTN/outputs/results/fsmol_gnn_classification_random_seed2/fsmol_test_results_ttpa.csv

============================================================
  TTPA vs Standard: fsmol_gnn_classification_random_seed2
============================================================

  [scaffold]
       n    standard        ttpa       delta
      16     +0.0535     +0.0537     +0.0002
      32     +0.0524     +0.0523     -0.0001
      64     +0.0538     +0.0539     +0.0001
     128     +0.0538     +0.0540     +0.0002
     256     +0.0125     +0.0125     +0.0000
     512     +0.0102     +0.0101     -0.0002

  [random]
       n    standard        ttpa       delta
      16     +0.1302     +0.1293     -0.0009
      32     +0.1596     +0.1588     -0.0008
      64     +0.1891     +0.1878     -0.0013
     128     +0.2253     +0.2244     -0.0009
     256     +0.1560     +0.1563     +0.0003
     512     +0.1685     +0.1677     -0.0008

============================================================
  3-seed aggregate: fsmol_gnn_classification_random
============================================================
                                    mean     std
method   split_type support_size                
standard random     16            0.1239  0.0971
                    32            0.1509  0.1087
                    64            0.1795  0.1182
                    128           0.2166  0.1280
                    256           0.1547  0.1224
                    512           0.1643  0.0555
         scaffold   16            0.0495  0.0729
                    32            0.0485  0.0712
                    64            0.0500  0.0702
                    128           0.0495  0.0689
                    256           0.0131  0.0267
                    512           0.0096  0.0154
ttpa     random     16            0.1229  0.0967
                    32            0.1500  0.1083
                    64            0.1782  0.1180
                    128           0.2160  0.1270
                    256           0.1550  0.1218
                    512           0.1643  0.0550
         scaffold   16            0.0500  0.0735
                    32            0.0486  0.0713
                    64            0.0504  0.0710
                    128           0.0499  0.0694
                    256           0.0131  0.0269
                    512           0.0093  0.0156

  Saved -> /home/chjo00006/PTN/outputs/results/fsmol_gnn_classification_random_ttpa_aggregate.csv

============================================================
  fsmol_gnn_classification_shift_aware_seed0
============================================================
Loaded fsmol_gnn/classification model from epoch 98 (Val ΔAUPRC=+0.2091)

  -- split_type=scaffold --
  [scaffold] 60/154 assays...
  [scaffold] 80/154 assays...
  [scaffold] 100/154 assays...
  [scaffold] 120/154 assays...
  [scaffold] 140/154 assays...
  Done [scaffold]. 144 assays × 6 support sizes.

=== FS-Mol Test [scaffold]: mean metrics per support size ===
              delta_auprc  spearman  rmse
support_size                             
16                 0.0504       NaN   NaN
32                 0.0497       NaN   NaN
64                 0.0499       NaN   NaN
128                0.0516       NaN   NaN
256                0.0139       NaN   NaN
512                0.0103       NaN   NaN
  [scaffold] 60/154 assays...
  [scaffold] 80/154 assays...
  [scaffold] 100/154 assays...
  [scaffold] 120/154 assays...
  [scaffold] 140/154 assays...
  Done [scaffold]. 144 assays × 6 support sizes.

=== FS-Mol Test [scaffold]: mean metrics per support size ===
              delta_auprc  spearman  rmse
support_size                             
16                 0.0502       NaN   NaN
32                 0.0495       NaN   NaN
64                 0.0498       NaN   NaN
128                0.0516       NaN   NaN
256                0.0139       NaN   NaN
512                0.0100       NaN   NaN

  -- split_type=random --
  [random] 20/154 assays...
  [random] 40/154 assays...
  [random] 60/154 assays...
  [random] 80/154 assays...
  [random] 100/154 assays...
  [random] 120/154 assays...
  [random] 140/154 assays...
  Done [random]. 154 assays × 6 support sizes.

=== FS-Mol Test [random]: mean metrics per support size ===
              delta_auprc  spearman  rmse
support_size                             
16                 0.1269       NaN   NaN
32                 0.1531       NaN   NaN
64                 0.1847       NaN   NaN
128                0.2207       NaN   NaN
256                0.1525       NaN   NaN
512                0.1625       NaN   NaN
  [random] 20/154 assays...
  [random] 40/154 assays...
  [random] 60/154 assays...
  [random] 80/154 assays...
  [random] 100/154 assays...
  [random] 120/154 assays...
  [random] 140/154 assays...
  Done [random]. 154 assays × 6 support sizes.

=== FS-Mol Test [random]: mean metrics per support size ===
              delta_auprc  spearman  rmse
support_size                             
16                 0.1261       NaN   NaN
32                 0.1523       NaN   NaN
64                 0.1835       NaN   NaN
128                0.2201       NaN   NaN
256                0.1525       NaN   NaN
512                0.1631       NaN   NaN

  Saved -> /home/chjo00006/PTN/outputs/results/fsmol_gnn_classification_shift_aware_seed0/fsmol_test_results_ttpa.csv

============================================================
  TTPA vs Standard: fsmol_gnn_classification_shift_aware_seed0
============================================================

  [scaffold]
       n    standard        ttpa       delta
      16     +0.0504     +0.0502     -0.0002
      32     +0.0497     +0.0495     -0.0002
      64     +0.0499     +0.0498     -0.0002
     128     +0.0516     +0.0516     -0.0000
     256     +0.0139     +0.0139     -0.0000
     512     +0.0103     +0.0100     -0.0003

  [random]
       n    standard        ttpa       delta
      16     +0.1269     +0.1261     -0.0008
      32     +0.1531     +0.1523     -0.0008
      64     +0.1847     +0.1835     -0.0012
     128     +0.2207     +0.2201     -0.0006
     256     +0.1525     +0.1525     +0.0001
     512     +0.1625     +0.1631     +0.0006

============================================================
  fsmol_gnn_classification_shift_aware_seed1
============================================================
Loaded fsmol_gnn/classification model from epoch 70 (Val ΔAUPRC=+0.2053)

  -- split_type=scaffold --
  [scaffold] 60/154 assays...
  [scaffold] 80/154 assays...
  [scaffold] 100/154 assays...
  [scaffold] 120/154 assays...
  [scaffold] 140/154 assays...
  Done [scaffold]. 144 assays × 6 support sizes.

=== FS-Mol Test [scaffold]: mean metrics per support size ===
              delta_auprc  spearman  rmse
support_size                             
16                 0.0528       NaN   NaN
32                 0.0524       NaN   NaN
64                 0.0517       NaN   NaN
128                0.0512       NaN   NaN
256                0.0115       NaN   NaN
512                0.0105       NaN   NaN
  [scaffold] 60/154 assays...
  [scaffold] 80/154 assays...
  [scaffold] 100/154 assays...
  [scaffold] 120/154 assays...
  [scaffold] 140/154 assays...
  Done [scaffold]. 144 assays × 6 support sizes.

=== FS-Mol Test [scaffold]: mean metrics per support size ===
              delta_auprc  spearman  rmse
support_size                             
16                 0.0532       NaN   NaN
32                 0.0524       NaN   NaN
64                 0.0521       NaN   NaN
128                0.0515       NaN   NaN
256                0.0114       NaN   NaN
512                0.0102       NaN   NaN

  -- split_type=random --
  [random] 20/154 assays...
  [random] 40/154 assays...
  [random] 60/154 assays...
  [random] 80/154 assays...
  [random] 100/154 assays...
  [random] 120/154 assays...
  [random] 140/154 assays...
  Done [random]. 154 assays × 6 support sizes.

=== FS-Mol Test [random]: mean metrics per support size ===
              delta_auprc  spearman  rmse
support_size                             
16                 0.1288       NaN   NaN
32                 0.1559       NaN   NaN
64                 0.1837       NaN   NaN
128                0.2222       NaN   NaN
256                0.1543       NaN   NaN
512                0.1666       NaN   NaN
  [random] 20/154 assays...
  [random] 40/154 assays...
  [random] 60/154 assays...
  [random] 80/154 assays...
  [random] 100/154 assays...
  [random] 120/154 assays...
  [random] 140/154 assays...
  Done [random]. 154 assays × 6 support sizes.

=== FS-Mol Test [random]: mean metrics per support size ===
              delta_auprc  spearman  rmse
support_size                             
16                 0.1276       NaN   NaN
32                 0.1549       NaN   NaN
64                 0.1824       NaN   NaN
128                0.2214       NaN   NaN
256                0.1552       NaN   NaN
512                0.1664       NaN   NaN

  Saved -> /home/chjo00006/PTN/outputs/results/fsmol_gnn_classification_shift_aware_seed1/fsmol_test_results_ttpa.csv

============================================================
  TTPA vs Standard: fsmol_gnn_classification_shift_aware_seed1
============================================================

  [scaffold]
       n    standard        ttpa       delta
      16     +0.0528     +0.0532     +0.0003
      32     +0.0524     +0.0524     +0.0001
      64     +0.0517     +0.0521     +0.0004
     128     +0.0512     +0.0515     +0.0003
     256     +0.0115     +0.0114     -0.0001
     512     +0.0105     +0.0102     -0.0003

  [random]
       n    standard        ttpa       delta
      16     +0.1288     +0.1276     -0.0012
      32     +0.1559     +0.1549     -0.0010
      64     +0.1837     +0.1824     -0.0013
     128     +0.2222     +0.2214     -0.0007
     256     +0.1543     +0.1552     +0.0009
     512     +0.1666     +0.1664     -0.0002

============================================================
  fsmol_gnn_classification_shift_aware_seed2
============================================================
Loaded fsmol_gnn/classification model from epoch 81 (Val ΔAUPRC=+0.2091)

  -- split_type=scaffold --
  [scaffold] 60/154 assays...
  [scaffold] 80/154 assays...
  [scaffold] 100/154 assays...
  [scaffold] 120/154 assays...
  [scaffold] 140/154 assays...
  Done [scaffold]. 144 assays × 6 support sizes.

=== FS-Mol Test [scaffold]: mean metrics per support size ===
              delta_auprc  spearman  rmse
support_size                             
16                 0.0467       NaN   NaN
32                 0.0468       NaN   NaN
64                 0.0467       NaN   NaN
128                0.0469       NaN   NaN
256                0.0110       NaN   NaN
512                0.0111       NaN   NaN
  [scaffold] 60/154 assays...
  [scaffold] 80/154 assays...
  [scaffold] 100/154 assays...
  [scaffold] 120/154 assays...
  [scaffold] 140/154 assays...
  Done [scaffold]. 144 assays × 6 support sizes.

=== FS-Mol Test [scaffold]: mean metrics per support size ===
              delta_auprc  spearman  rmse
support_size                             
16                 0.0471       NaN   NaN
32                 0.0470       NaN   NaN
64                 0.0471       NaN   NaN
128                0.0475       NaN   NaN
256                0.0108       NaN   NaN
512                0.0110       NaN   NaN

  -- split_type=random --
  [random] 20/154 assays...
  [random] 40/154 assays...
  [random] 60/154 assays...
  [random] 80/154 assays...
  [random] 100/154 assays...
  [random] 120/154 assays...
  [random] 140/154 assays...
  Done [random]. 154 assays × 6 support sizes.

=== FS-Mol Test [random]: mean metrics per support size ===
              delta_auprc  spearman  rmse
support_size                             
16                 0.1237       NaN   NaN
32                 0.1525       NaN   NaN
64                 0.1800       NaN   NaN
128                0.2180       NaN   NaN
256                0.1523       NaN   NaN
512                0.1561       NaN   NaN
  [random] 20/154 assays...
  [random] 40/154 assays...
  [random] 60/154 assays...
  [random] 80/154 assays...
  [random] 100/154 assays...
  [random] 120/154 assays...
  [random] 140/154 assays...
  Done [random]. 154 assays × 6 support sizes.

=== FS-Mol Test [random]: mean metrics per support size ===
              delta_auprc  spearman  rmse
support_size                             
16                 0.1229       NaN   NaN
32                 0.1513       NaN   NaN
64                 0.1790       NaN   NaN
128                0.2172       NaN   NaN
256                0.1523       NaN   NaN
512                0.1560       NaN   NaN

  Saved -> /home/chjo00006/PTN/outputs/results/fsmol_gnn_classification_shift_aware_seed2/fsmol_test_results_ttpa.csv

============================================================
  TTPA vs Standard: fsmol_gnn_classification_shift_aware_seed2
============================================================

  [scaffold]
       n    standard        ttpa       delta
      16     +0.0467     +0.0471     +0.0004
      32     +0.0468     +0.0470     +0.0002
      64     +0.0467     +0.0471     +0.0004
     128     +0.0469     +0.0475     +0.0006
     256     +0.0110     +0.0108     -0.0002
     512     +0.0111     +0.0110     -0.0000

  [random]
       n    standard        ttpa       delta
      16     +0.1237     +0.1229     -0.0008
      32     +0.1525     +0.1513     -0.0013
      64     +0.1800     +0.1790     -0.0010
     128     +0.2180     +0.2172     -0.0008
     256     +0.1523     +0.1523     +0.0000
     512     +0.1561     +0.1560     -0.0000

============================================================
  3-seed aggregate: fsmol_gnn_classification_shift_aware
============================================================
                                    mean     std
method   split_type support_size                
standard random     16            0.1264  0.0958
                    32            0.1538  0.1079
                    64            0.1828  0.1166
                    128           0.2203  0.1278
                    256           0.1530  0.1194
                    512           0.1617  0.0492
         scaffold   16            0.0500  0.0737
                    32            0.0496  0.0711
                    64            0.0494  0.0703
                    128           0.0499  0.0688
                    256           0.0121  0.0277
                    512           0.0106  0.0200
ttpa     random     16            0.1255  0.0954
                    32            0.1528  0.1074
                    64            0.1816  0.1166
                    128           0.2196  0.1274
                    256           0.1533  0.1189
                    512           0.1618  0.0491
         scaffold   16            0.0502  0.0738
                    32            0.0497  0.0710
                    64            0.0497  0.0705
                    128           0.0502  0.0690
                    256           0.0120  0.0280
                    512           0.0104  0.0197

  Saved -> /home/chjo00006/PTN/outputs/results/fsmol_gnn_classification_shift_aware_ttpa_aggregate.csv

Done.
