============================================================
Prototypical Network: Molecular OOD
  encoder=fsmol_gnn  head=classification  split=random  seed=1
  run_tag => fsmol_gnn_classification_random_seed1
  checkpoint => /home/chjo00006/PTN/checkpoints/ptn_fsmol_gnn_classification_random_seed1.pt
============================================================

[1/4] Indexing FS-Mol files...
  Train: 26868  Val: 40  Test: 157
  RAM: 0.5 GB

[2/4] Pretraining on FS-Mol...
  Computing FS-Mol degree histogram for PNA scalers...
  FS-Mol degree histogram over 35962 molecules (500 assays).
Training on: cuda
  Streaming GNN dataset: 26868 training files, n_support=64
  Streaming GNN dataset: 40 training files, n_support=64
  AMP dtype: torch.bfloat16 (bf16 supported: True)
  Epochs: 100  |  Tasks/step: 16  |  LR: 0.0001
  Train files: 26868  |  Val files: 40
  Episodes/epoch: 1600  |  Steps/epoch: ~100
Epoch   1/100 | Steps: 100 | Train BCE: 1.5147 | Train ΔAUPRC: +0.0897 | Val ΔAUPRC: +0.0839
  → Saved best model (Val ΔAUPRC: +0.0839)
Epoch   2/100 | Steps: 100 | Train BCE: 0.4713 | Train ΔAUPRC: +0.1430 | Val ΔAUPRC: +0.0975
  → Saved best model (Val ΔAUPRC: +0.0975)
Epoch   3/100 | Steps: 100 | Train BCE: 0.4414 | Train ΔAUPRC: +0.1540 | Val ΔAUPRC: +0.1073
  → Saved best model (Val ΔAUPRC: +0.1073)
Epoch   4/100 | Steps: 100 | Train BCE: 0.4228 | Train ΔAUPRC: +0.1608 | Val ΔAUPRC: +0.1109
  → Saved best model (Val ΔAUPRC: +0.1109)
Epoch   5/100 | Steps: 100 | Train BCE: 0.4273 | Train ΔAUPRC: +0.1733 | Val ΔAUPRC: +0.1207
  → Saved best model (Val ΔAUPRC: +0.1207)
Epoch   6/100 | Steps: 100 | Train BCE: 0.4359 | Train ΔAUPRC: +0.1722 | Val ΔAUPRC: +0.1163
Epoch   7/100 | Steps: 100 | Train BCE: 0.4261 | Train ΔAUPRC: +0.1769 | Val ΔAUPRC: +0.1295
  → Saved best model (Val ΔAUPRC: +0.1295)
Epoch   8/100 | Steps: 100 | Train BCE: 0.4176 | Train ΔAUPRC: +0.1781 | Val ΔAUPRC: +0.1293
Epoch   9/100 | Steps: 100 | Train BCE: 0.4055 | Train ΔAUPRC: +0.1823 | Val ΔAUPRC: +0.1355
  → Saved best model (Val ΔAUPRC: +0.1355)
Epoch  10/100 | Steps: 100 | Train BCE: 0.4174 | Train ΔAUPRC: +0.1786 | Val ΔAUPRC: +0.1453
  → Saved best model (Val ΔAUPRC: +0.1453)
Epoch  11/100 | Steps: 100 | Train BCE: 0.4120 | Train ΔAUPRC: +0.1869 | Val ΔAUPRC: +0.1543
  → Saved best model (Val ΔAUPRC: +0.1543)
Epoch  12/100 | Steps: 100 | Train BCE: 0.4032 | Train ΔAUPRC: +0.2012 | Val ΔAUPRC: +0.1433
Epoch  13/100 | Steps: 100 | Train BCE: 0.4035 | Train ΔAUPRC: +0.1952 | Val ΔAUPRC: +0.1535
Epoch  14/100 | Steps: 100 | Train BCE: 0.3959 | Train ΔAUPRC: +0.1980 | Val ΔAUPRC: +0.1484
Epoch  15/100 | Steps: 100 | Train BCE: 0.3750 | Train ΔAUPRC: +0.1965 | Val ΔAUPRC: +0.1549
  → Saved best model (Val ΔAUPRC: +0.1549)
Epoch  16/100 | Steps: 100 | Train BCE: 0.4059 | Train ΔAUPRC: +0.1954 | Val ΔAUPRC: +0.1537
Epoch  17/100 | Steps: 100 | Train BCE: 0.3872 | Train ΔAUPRC: +0.1981 | Val ΔAUPRC: +0.1575
  → Saved best model (Val ΔAUPRC: +0.1575)
Epoch  18/100 | Steps: 100 | Train BCE: 0.3855 | Train ΔAUPRC: +0.2000 | Val ΔAUPRC: +0.1721
  → Saved best model (Val ΔAUPRC: +0.1721)
Epoch  19/100 | Steps: 100 | Train BCE: 0.3823 | Train ΔAUPRC: +0.2021 | Val ΔAUPRC: +0.1651
Epoch  20/100 | Steps: 100 | Train BCE: 0.3772 | Train ΔAUPRC: +0.2038 | Val ΔAUPRC: +0.1701
Epoch  21/100 | Steps: 100 | Train BCE: 0.3848 | Train ΔAUPRC: +0.2023 | Val ΔAUPRC: +0.1690
Epoch  22/100 | Steps: 100 | Train BCE: 0.3838 | Train ΔAUPRC: +0.2098 | Val ΔAUPRC: +0.1717
Epoch  23/100 | Steps: 100 | Train BCE: 0.3812 | Train ΔAUPRC: +0.2132 | Val ΔAUPRC: +0.1766
  → Saved best model (Val ΔAUPRC: +0.1766)
Epoch  24/100 | Steps: 100 | Train BCE: 0.3676 | Train ΔAUPRC: +0.2086 | Val ΔAUPRC: +0.1748
Epoch  25/100 | Steps: 100 | Train BCE: 0.3637 | Train ΔAUPRC: +0.2116 | Val ΔAUPRC: +0.1960
  → Saved best model (Val ΔAUPRC: +0.1960)
Epoch  26/100 | Steps: 100 | Train BCE: 0.3698 | Train ΔAUPRC: +0.2171 | Val ΔAUPRC: +0.1702
Epoch  27/100 | Steps: 100 | Train BCE: 0.3706 | Train ΔAUPRC: +0.2112 | Val ΔAUPRC: +0.1777
Epoch  28/100 | Steps: 100 | Train BCE: 0.3740 | Train ΔAUPRC: +0.2100 | Val ΔAUPRC: +0.1662
Epoch  29/100 | Steps: 100 | Train BCE: 0.3755 | Train ΔAUPRC: +0.2105 | Val ΔAUPRC: +0.1667
Epoch  30/100 | Steps: 100 | Train BCE: 0.3567 | Train ΔAUPRC: +0.2211 | Val ΔAUPRC: +0.1733
Epoch  31/100 | Steps: 100 | Train BCE: 0.3700 | Train ΔAUPRC: +0.2118 | Val ΔAUPRC: +0.1685
Epoch  32/100 | Steps: 100 | Train BCE: 0.3509 | Train ΔAUPRC: +0.2176 | Val ΔAUPRC: +0.1843
Epoch  33/100 | Steps: 100 | Train BCE: 0.3652 | Train ΔAUPRC: +0.2221 | Val ΔAUPRC: +0.1846
Epoch  34/100 | Steps: 100 | Train BCE: 0.3595 | Train ΔAUPRC: +0.2222 | Val ΔAUPRC: +0.1746
Epoch  35/100 | Steps: 100 | Train BCE: 0.3610 | Train ΔAUPRC: +0.2213 | Val ΔAUPRC: +0.1817
Epoch  36/100 | Steps: 100 | Train BCE: 0.3580 | Train ΔAUPRC: +0.2182 | Val ΔAUPRC: +0.1749
Epoch  37/100 | Steps: 100 | Train BCE: 0.3652 | Train ΔAUPRC: +0.2208 | Val ΔAUPRC: +0.1933
Epoch  38/100 | Steps: 100 | Train BCE: 0.3502 | Train ΔAUPRC: +0.2170 | Val ΔAUPRC: +0.1844
Epoch  39/100 | Steps: 100 | Train BCE: 0.3506 | Train ΔAUPRC: +0.2193 | Val ΔAUPRC: +0.1828
Epoch  40/100 | Steps: 100 | Train BCE: 0.3569 | Train ΔAUPRC: +0.2251 | Val ΔAUPRC: +0.1844
Epoch  41/100 | Steps: 100 | Train BCE: 0.3619 | Train ΔAUPRC: +0.2184 | Val ΔAUPRC: +0.1850
Epoch  42/100 | Steps: 100 | Train BCE: 0.3586 | Train ΔAUPRC: +0.2322 | Val ΔAUPRC: +0.1802
Epoch  43/100 | Steps: 100 | Train BCE: 0.3679 | Train ΔAUPRC: +0.2310 | Val ΔAUPRC: +0.1757
Epoch  44/100 | Steps: 100 | Train BCE: 0.3418 | Train ΔAUPRC: +0.2268 | Val ΔAUPRC: +0.1754
Epoch  45/100 | Steps: 100 | Train BCE: 0.3480 | Train ΔAUPRC: +0.2295 | Val ΔAUPRC: +0.1654
Epoch  46/100 | Steps: 100 | Train BCE: 0.3510 | Train ΔAUPRC: +0.2278 | Val ΔAUPRC: +0.1907
Epoch  47/100 | Steps: 100 | Train BCE: 0.3422 | Train ΔAUPRC: +0.2301 | Val ΔAUPRC: +0.1726
Epoch  48/100 | Steps: 100 | Train BCE: 0.3581 | Train ΔAUPRC: +0.2354 | Val ΔAUPRC: +0.1960
  → Saved best model (Val ΔAUPRC: +0.1960)
Epoch  49/100 | Steps: 100 | Train BCE: 0.3337 | Train ΔAUPRC: +0.2369 | Val ΔAUPRC: +0.1924
Epoch  50/100 | Steps: 100 | Train BCE: 0.3477 | Train ΔAUPRC: +0.2295 | Val ΔAUPRC: +0.1895
Epoch  51/100 | Steps: 100 | Train BCE: 0.3341 | Train ΔAUPRC: +0.2268 | Val ΔAUPRC: +0.1859
Epoch  52/100 | Steps: 100 | Train BCE: 0.3481 | Train ΔAUPRC: +0.2247 | Val ΔAUPRC: +0.1879
Epoch  53/100 | Steps: 100 | Train BCE: 0.3488 | Train ΔAUPRC: +0.2373 | Val ΔAUPRC: +0.1938
Epoch  54/100 | Steps: 100 | Train BCE: 0.3491 | Train ΔAUPRC: +0.2362 | Val ΔAUPRC: +0.1848
Epoch  55/100 | Steps: 100 | Train BCE: 0.3375 | Train ΔAUPRC: +0.2263 | Val ΔAUPRC: +0.1932
Epoch  56/100 | Steps: 100 | Train BCE: 0.3369 | Train ΔAUPRC: +0.2373 | Val ΔAUPRC: +0.1809
Epoch  57/100 | Steps: 100 | Train BCE: 0.3354 | Train ΔAUPRC: +0.2418 | Val ΔAUPRC: +0.1949
Epoch  58/100 | Steps: 100 | Train BCE: 0.3479 | Train ΔAUPRC: +0.2307 | Val ΔAUPRC: +0.1869
Epoch  59/100 | Steps: 100 | Train BCE: 0.3367 | Train ΔAUPRC: +0.2422 | Val ΔAUPRC: +0.1977
  → Saved best model (Val ΔAUPRC: +0.1977)
Epoch  60/100 | Steps: 100 | Train BCE: 0.3424 | Train ΔAUPRC: +0.2327 | Val ΔAUPRC: +0.1929
Epoch  61/100 | Steps: 100 | Train BCE: 0.3407 | Train ΔAUPRC: +0.2393 | Val ΔAUPRC: +0.1878
Epoch  62/100 | Steps: 100 | Train BCE: 0.3379 | Train ΔAUPRC: +0.2461 | Val ΔAUPRC: +0.1893
Epoch  63/100 | Steps: 100 | Train BCE: 0.3342 | Train ΔAUPRC: +0.2441 | Val ΔAUPRC: +0.1922
Epoch  64/100 | Steps: 100 | Train BCE: 0.3414 | Train ΔAUPRC: +0.2407 | Val ΔAUPRC: +0.1988
  → Saved best model (Val ΔAUPRC: +0.1988)
Epoch  65/100 | Steps: 100 | Train BCE: 0.3371 | Train ΔAUPRC: +0.2381 | Val ΔAUPRC: +0.2017
  → Saved best model (Val ΔAUPRC: +0.2017)
Epoch  66/100 | Steps: 100 | Train BCE: 0.3447 | Train ΔAUPRC: +0.2423 | Val ΔAUPRC: +0.1901
Epoch  67/100 | Steps: 100 | Train BCE: 0.3241 | Train ΔAUPRC: +0.2379 | Val ΔAUPRC: +0.2041
  → Saved best model (Val ΔAUPRC: +0.2041)
Epoch  68/100 | Steps: 100 | Train BCE: 0.3441 | Train ΔAUPRC: +0.2414 | Val ΔAUPRC: +0.1921
Epoch  69/100 | Steps: 100 | Train BCE: 0.3322 | Train ΔAUPRC: +0.2408 | Val ΔAUPRC: +0.1937
Epoch  70/100 | Steps: 100 | Train BCE: 0.3398 | Train ΔAUPRC: +0.2467 | Val ΔAUPRC: +0.2112
  → Saved best model (Val ΔAUPRC: +0.2112)
Epoch  71/100 | Steps: 100 | Train BCE: 0.3171 | Train ΔAUPRC: +0.2432 | Val ΔAUPRC: +0.2134
  → Saved best model (Val ΔAUPRC: +0.2134)
Epoch  72/100 | Steps: 100 | Train BCE: 0.3325 | Train ΔAUPRC: +0.2467 | Val ΔAUPRC: +0.2029
Epoch  73/100 | Steps: 100 | Train BCE: 0.3468 | Train ΔAUPRC: +0.2448 | Val ΔAUPRC: +0.1889
Epoch  74/100 | Steps: 100 | Train BCE: 0.3265 | Train ΔAUPRC: +0.2469 | Val ΔAUPRC: +0.2024
Epoch  75/100 | Steps: 100 | Train BCE: 0.3301 | Train ΔAUPRC: +0.2538 | Val ΔAUPRC: +0.2026
Epoch  76/100 | Steps: 100 | Train BCE: 0.3262 | Train ΔAUPRC: +0.2480 | Val ΔAUPRC: +0.1961
Epoch  77/100 | Steps: 100 | Train BCE: 0.3415 | Train ΔAUPRC: +0.2522 | Val ΔAUPRC: +0.1940
Epoch  78/100 | Steps: 100 | Train BCE: 0.3213 | Train ΔAUPRC: +0.2557 | Val ΔAUPRC: +0.1974
Epoch  79/100 | Steps: 100 | Train BCE: 0.3301 | Train ΔAUPRC: +0.2487 | Val ΔAUPRC: +0.1979
Epoch  80/100 | Steps: 100 | Train BCE: 0.3404 | Train ΔAUPRC: +0.2444 | Val ΔAUPRC: +0.1902
Epoch  81/100 | Steps: 100 | Train BCE: 0.3267 | Train ΔAUPRC: +0.2471 | Val ΔAUPRC: +0.2004
Epoch  82/100 | Steps: 100 | Train BCE: 0.3405 | Train ΔAUPRC: +0.2478 | Val ΔAUPRC: +0.1850
Epoch  83/100 | Steps: 100 | Train BCE: 0.3284 | Train ΔAUPRC: +0.2525 | Val ΔAUPRC: +0.1922
Epoch  84/100 | Steps: 100 | Train BCE: 0.3345 | Train ΔAUPRC: +0.2484 | Val ΔAUPRC: +0.1947
Epoch  85/100 | Steps: 100 | Train BCE: 0.3224 | Train ΔAUPRC: +0.2481 | Val ΔAUPRC: +0.1913
Epoch  86/100 | Steps: 100 | Train BCE: 0.3371 | Train ΔAUPRC: +0.2524 | Val ΔAUPRC: +0.2085
Epoch  87/100 | Steps: 100 | Train BCE: 0.3281 | Train ΔAUPRC: +0.2507 | Val ΔAUPRC: +0.2006
Epoch  88/100 | Steps: 100 | Train BCE: 0.3344 | Train ΔAUPRC: +0.2553 | Val ΔAUPRC: +0.1951
Epoch  89/100 | Steps: 100 | Train BCE: 0.3384 | Train ΔAUPRC: +0.2462 | Val ΔAUPRC: +0.1893
Epoch  90/100 | Steps: 100 | Train BCE: 0.3362 | Train ΔAUPRC: +0.2502 | Val ΔAUPRC: +0.1885
Epoch  91/100 | Steps: 100 | Train BCE: 0.3218 | Train ΔAUPRC: +0.2458 | Val ΔAUPRC: +0.2024
Epoch  92/100 | Steps: 100 | Train BCE: 0.3256 | Train ΔAUPRC: +0.2501 | Val ΔAUPRC: +0.2108
Epoch  93/100 | Steps: 100 | Train BCE: 0.3341 | Train ΔAUPRC: +0.2549 | Val ΔAUPRC: +0.1977
Epoch  94/100 | Steps: 100 | Train BCE: 0.3305 | Train ΔAUPRC: +0.2486 | Val ΔAUPRC: +0.1847
Epoch  95/100 | Steps: 100 | Train BCE: 0.3406 | Train ΔAUPRC: +0.2501 | Val ΔAUPRC: +0.1881
Epoch  96/100 | Steps: 100 | Train BCE: 0.3292 | Train ΔAUPRC: +0.2507 | Val ΔAUPRC: +0.1954
Epoch  97/100 | Steps: 100 | Train BCE: 0.3316 | Train ΔAUPRC: +0.2461 | Val ΔAUPRC: +0.1998
Epoch  98/100 | Steps: 100 | Train BCE: 0.3391 | Train ΔAUPRC: +0.2533 | Val ΔAUPRC: +0.1931
Epoch  99/100 | Steps: 100 | Train BCE: 0.3337 | Train ΔAUPRC: +0.2488 | Val ΔAUPRC: +0.2099
Epoch 100/100 | Steps: 100 | Train BCE: 0.3245 | Train ΔAUPRC: +0.2562 | Val ΔAUPRC: +0.1957

Pretraining complete. Best Val ΔAUPRC: +0.2134
  RAM after pretrain: 1.4 GB

[3/4] Evaluating on DrugOOD...
  lbap_core_ic50_scaffold: train pool=22025, ood_test=19480, iid_test=31388
  lbap_core_ic50_size: train pool=37497, ood_test=16761, iid_test=12721
  lbap_core_ic50_assay: train pool=34953, ood_test=19463, iid_test=11960
  RAM after DrugOOD load: 3.7 GB
Loaded fsmol_gnn/classification model from epoch 71 (Val ΔAUPRC=+0.2134)
lbap_core_ic50_scaffold             | ctx=  16 | ood_test | ΔAUPRC: +0.0000±0.0000 | RMSE: nan | Spearman: nan
lbap_core_ic50_scaffold             | ctx=  16 | iid_test | ΔAUPRC: +0.0000±0.0000 | RMSE: nan | Spearman: nan
lbap_core_ic50_scaffold             | ctx=  32 | ood_test | ΔAUPRC: +0.0198±0.0281 | RMSE: nan | Spearman: nan
lbap_core_ic50_scaffold             | ctx=  32 | iid_test | ΔAUPRC: +0.0094±0.0133 | RMSE: nan | Spearman: nan
lbap_core_ic50_scaffold             | ctx=  64 | ood_test | ΔAUPRC: +0.0236±0.0223 | RMSE: nan | Spearman: nan
lbap_core_ic50_scaffold             | ctx=  64 | iid_test | ΔAUPRC: +0.0152±0.0117 | RMSE: nan | Spearman: nan
lbap_core_ic50_scaffold             | ctx= 128 | ood_test | ΔAUPRC: +0.0455±0.0030 | RMSE: nan | Spearman: nan
lbap_core_ic50_scaffold             | ctx= 128 | iid_test | ΔAUPRC: +0.0309±0.0030 | RMSE: nan | Spearman: nan
lbap_core_ic50_scaffold             | ctx= 256 | ood_test | ΔAUPRC: +0.0482±0.0159 | RMSE: nan | Spearman: nan
lbap_core_ic50_scaffold             | ctx= 256 | iid_test | ΔAUPRC: +0.0358±0.0077 | RMSE: nan | Spearman: nan
lbap_core_ic50_scaffold             | ctx= 512 | ood_test | ΔAUPRC: +0.0518±0.0232 | RMSE: nan | Spearman: nan
lbap_core_ic50_scaffold             | ctx= 512 | iid_test | ΔAUPRC: +0.0425±0.0033 | RMSE: nan | Spearman: nan
lbap_core_ic50_size                 | ctx=  16 | ood_test | ΔAUPRC: +0.0215±0.0032 | RMSE: nan | Spearman: nan
lbap_core_ic50_size                 | ctx=  16 | iid_test | ΔAUPRC: +0.0093±0.0022 | RMSE: nan | Spearman: nan
lbap_core_ic50_size                 | ctx=  32 | ood_test | ΔAUPRC: +0.0101±0.0068 | RMSE: nan | Spearman: nan
lbap_core_ic50_size                 | ctx=  32 | iid_test | ΔAUPRC: +0.0092±0.0030 | RMSE: nan | Spearman: nan
lbap_core_ic50_size                 | ctx=  64 | ood_test | ΔAUPRC: +0.0157±0.0137 | RMSE: nan | Spearman: nan
lbap_core_ic50_size                 | ctx=  64 | iid_test | ΔAUPRC: +0.0098±0.0075 | RMSE: nan | Spearman: nan
lbap_core_ic50_size                 | ctx= 128 | ood_test | ΔAUPRC: +0.0129±0.0183 | RMSE: nan | Spearman: nan
lbap_core_ic50_size                 | ctx= 128 | iid_test | ΔAUPRC: +0.0141±0.0088 | RMSE: nan | Spearman: nan
lbap_core_ic50_size                 | ctx= 256 | ood_test | ΔAUPRC: +0.0449±0.0080 | RMSE: nan | Spearman: nan
lbap_core_ic50_size                 | ctx= 256 | iid_test | ΔAUPRC: +0.0298±0.0020 | RMSE: nan | Spearman: nan
lbap_core_ic50_size                 | ctx= 512 | ood_test | ΔAUPRC: +0.0504±0.0033 | RMSE: nan | Spearman: nan
lbap_core_ic50_size                 | ctx= 512 | iid_test | ΔAUPRC: +0.0331±0.0016 | RMSE: nan | Spearman: nan
lbap_core_ic50_assay                | ctx=  16 | ood_test | ΔAUPRC: +0.0060±0.0155 | RMSE: nan | Spearman: nan
lbap_core_ic50_assay                | ctx=  16 | iid_test | ΔAUPRC: +0.0246±0.0172 | RMSE: nan | Spearman: nan
lbap_core_ic50_assay                | ctx=  32 | ood_test | ΔAUPRC: +0.0093±0.0151 | RMSE: nan | Spearman: nan
lbap_core_ic50_assay                | ctx=  32 | iid_test | ΔAUPRC: +0.0235±0.0189 | RMSE: nan | Spearman: nan
lbap_core_ic50_assay                | ctx=  64 | ood_test | ΔAUPRC: +0.0333±0.0062 | RMSE: nan | Spearman: nan
lbap_core_ic50_assay                | ctx=  64 | iid_test | ΔAUPRC: +0.0516±0.0072 | RMSE: nan | Spearman: nan
lbap_core_ic50_assay                | ctx= 128 | ood_test | ΔAUPRC: +0.0487±0.0036 | RMSE: nan | Spearman: nan
lbap_core_ic50_assay                | ctx= 128 | iid_test | ΔAUPRC: +0.0627±0.0025 | RMSE: nan | Spearman: nan
lbap_core_ic50_assay                | ctx= 256 | ood_test | ΔAUPRC: +0.0513±0.0024 | RMSE: nan | Spearman: nan
lbap_core_ic50_assay                | ctx= 256 | iid_test | ΔAUPRC: +0.0680±0.0031 | RMSE: nan | Spearman: nan
lbap_core_ic50_assay                | ctx= 512 | ood_test | ΔAUPRC: +0.0598±0.0057 | RMSE: nan | Spearman: nan
lbap_core_ic50_assay                | ctx= 512 | iid_test | ΔAUPRC: +0.0735±0.0042 | RMSE: nan | Spearman: nan
  Saved => /home/chjo00006/PTN/outputs/results/fsmol_gnn_classification_random_seed1/drugood_results.csv

=== DrugOOD results (long-form) ===
                    split_type query_set  context_set_size  actual_context_n  n_test  n_seeds  delta_auprc  delta_auprc_std  rmse  rmse_std  mae  spearman  spearman_std
index                                                                                                                                                                   
0      lbap_core_ic50_scaffold  ood_test                16                16   19480        3     0.000000         0.000000   NaN       NaN  NaN       NaN           NaN
1      lbap_core_ic50_scaffold  iid_test                16                16   31388        3     0.000000         0.000000   NaN       NaN  NaN       NaN           NaN
2      lbap_core_ic50_scaffold  ood_test                32                32   19480        3     0.019843         0.028062   NaN       NaN  NaN       NaN           NaN
3      lbap_core_ic50_scaffold  iid_test                32                32   31388        3     0.009434         0.013341   NaN       NaN  NaN       NaN           NaN
4      lbap_core_ic50_scaffold  ood_test                64                64   19480        3     0.023585         0.022350   NaN       NaN  NaN       NaN           NaN
5      lbap_core_ic50_scaffold  iid_test                64                64   31388        3     0.015152         0.011662   NaN       NaN  NaN       NaN           NaN
6      lbap_core_ic50_scaffold  ood_test               128               128   19480        3     0.045529         0.003029   NaN       NaN  NaN       NaN           NaN
7      lbap_core_ic50_scaffold  iid_test               128               128   31388        3     0.030909         0.003047   NaN       NaN  NaN       NaN           NaN
8      lbap_core_ic50_scaffold  ood_test               256               256   19480        3     0.048233         0.015927   NaN       NaN  NaN       NaN           NaN
9      lbap_core_ic50_scaffold  iid_test               256               256   31388        3     0.035801         0.007679   NaN       NaN  NaN       NaN           NaN
10     lbap_core_ic50_scaffold  ood_test               512               512   19480        3     0.051846         0.023187   NaN       NaN  NaN       NaN           NaN
11     lbap_core_ic50_scaffold  iid_test               512               512   31388        3     0.042550         0.003348   NaN       NaN  NaN       NaN           NaN
12         lbap_core_ic50_size  ood_test                16                16   16761        3     0.021495         0.003188   NaN       NaN  NaN       NaN           NaN
13         lbap_core_ic50_size  iid_test                16                16   12721        3     0.009263         0.002183   NaN       NaN  NaN       NaN           NaN
14         lbap_core_ic50_size  ood_test                32                32   16761        3     0.010125         0.006844   NaN       NaN  NaN       NaN           NaN
15         lbap_core_ic50_size  iid_test                32                32   12721        3     0.009250         0.003007   NaN       NaN  NaN       NaN           NaN
16         lbap_core_ic50_size  ood_test                64                64   16761        3     0.015748         0.013701   NaN       NaN  NaN       NaN           NaN
17         lbap_core_ic50_size  iid_test                64                64   12721        3     0.009755         0.007489   NaN       NaN  NaN       NaN           NaN
18         lbap_core_ic50_size  ood_test               128               128   16761        3     0.012914         0.018270   NaN       NaN  NaN       NaN           NaN
19         lbap_core_ic50_size  iid_test               128               128   12721        3     0.014127         0.008828   NaN       NaN  NaN       NaN           NaN
20         lbap_core_ic50_size  ood_test               256               256   16761        3     0.044872         0.007982   NaN       NaN  NaN       NaN           NaN
21         lbap_core_ic50_size  iid_test               256               256   12721        3     0.029765         0.002031   NaN       NaN  NaN       NaN           NaN
22         lbap_core_ic50_size  ood_test               512               512   16761        3     0.050394         0.003287   NaN       NaN  NaN       NaN           NaN
23         lbap_core_ic50_size  iid_test               512               512   12721        3     0.033111         0.001575   NaN       NaN  NaN       NaN           NaN
24        lbap_core_ic50_assay  ood_test                16                16   19463        3     0.005962         0.015472   NaN       NaN  NaN       NaN           NaN
25        lbap_core_ic50_assay  iid_test                16                16   11960        3     0.024595         0.017237   NaN       NaN  NaN       NaN           NaN
26        lbap_core_ic50_assay  ood_test                32                32   19463        3     0.009287         0.015050   NaN       NaN  NaN       NaN           NaN
27        lbap_core_ic50_assay  iid_test                32                32   11960        3     0.023458         0.018920   NaN       NaN  NaN       NaN           NaN
28        lbap_core_ic50_assay  ood_test                64                64   19463        3     0.033307         0.006165   NaN       NaN  NaN       NaN           NaN
29        lbap_core_ic50_assay  iid_test                64                64   11960        3     0.051633         0.007202   NaN       NaN  NaN       NaN           NaN
30        lbap_core_ic50_assay  ood_test               128               128   19463        3     0.048659         0.003579   NaN       NaN  NaN       NaN           NaN
31        lbap_core_ic50_assay  iid_test               128               128   11960        3     0.062707         0.002455   NaN       NaN  NaN       NaN           NaN
32        lbap_core_ic50_assay  ood_test               256               256   19463        3     0.051340         0.002367   NaN       NaN  NaN       NaN           NaN
33        lbap_core_ic50_assay  iid_test               256               256   11960        3     0.067980         0.003144   NaN       NaN  NaN       NaN           NaN
34        lbap_core_ic50_assay  ood_test               512               512   19463        3     0.059758         0.005651   NaN       NaN  NaN       NaN           NaN
35        lbap_core_ic50_assay  iid_test               512               512   11960        3     0.073543         0.004201   NaN       NaN  NaN       NaN           NaN

=== Summary: mean ΔAUPRC per split × query_set ===
split_type               query_set
lbap_core_ic50_assay     iid_test     0.0507
                         ood_test     0.0347
lbap_core_ic50_scaffold  iid_test     0.0223
                         ood_test     0.0315
lbap_core_ic50_size      iid_test     0.0175
                         ood_test     0.0259
Name: delta_auprc, dtype: float64

[4/4] FS-Mol test evaluation...

  [4a] Inside-task OOD (scaffold split, n_support=16)...
  Loading assay 1/157...
============================================================
  Data-loss report: test/
============================================================
  Molecules in raw files        :     56,220
  -- Dropped (inexact Relation) :     12,429  (22.1%)
  -- Dropped (bad/missing fields):       129  (0.2%)
  -- Dropped (task too small)   :          0  (0.0%)
  ----------------------------------------
  Total molecules lost          :     12,558  (22.3%)
  Molecules used for training   :     43,662  (77.7%)
  ---
  Tasks in directory            :        157
  Tasks dropped (<32 molecules)  :          3  (1.9%)
  Tasks kept                    :        154  (98.1%)
============================================================
  Test assays loaded: 154

Inside-task OOD: 153 assays evaluated, 1 skipped (no scaffold group with ≥3 molecules).
  Mean Spearman : nan  (0/153 assays non-nan)
  Mean RMSE     : nan
  Mean ΔAUPRC   : 0.0201
  Saved => /home/chjo00006/PTN/outputs/results/fsmol_gnn_classification_random_seed1/inside_task_ood.csv

  [4b] Support-size sweep (random / scaffold / size splits)...

  -- split_type = random --
  [random] 20/154 assays...  [random] 40/154 assays...  [random] 60/154 assays...  [random] 80/154 assays...  [random] 100/154 assays...  [random] 120/154 assays...  [random] 140/154 assays...
  Done [random]. 154 assays × 6 support sizes.

=== FS-Mol Test [random]: mean metrics per support size ===
              delta_auprc  spearman  rmse
support_size                             
16                 0.1291       NaN   NaN
32                 0.1572       NaN   NaN
64                 0.1879       NaN   NaN
128                0.2274       NaN   NaN
256                0.1558       NaN   NaN
512                0.1672       NaN   NaN
  Predictions saved → /home/chjo00006/PTN/outputs/results/fsmol_gnn_classification_random_seed1/fsmol_test_predictions_random.csv  (825,490 rows)

  -- split_type = scaffold --
  [scaffold] 60/154 assays...  [scaffold] 80/154 assays...  [scaffold] 100/154 assays...  [scaffold] 120/154 assays...  [scaffold] 140/154 assays...
  Done [scaffold]. 144 assays × 6 support sizes.

=== FS-Mol Test [scaffold]: mean metrics per support size ===
              delta_auprc  spearman  rmse
support_size                             
16                 0.0565       NaN   NaN
32                 0.0569       NaN   NaN
64                 0.0564       NaN   NaN
128                0.0572       NaN   NaN
256                0.0134       NaN   NaN
512                0.0032       NaN   NaN
  Predictions saved → /home/chjo00006/PTN/outputs/results/fsmol_gnn_classification_random_seed1/fsmol_test_predictions_scaffold.csv  (1,022,570 rows)

  -- split_type = size --
  [size] 20/154 assays...  [size] 40/154 assays...  [size] 60/154 assays...  [size] 80/154 assays...  [size] 100/154 assays...  [size] 120/154 assays...  [size] 140/154 assays...
  Done [size]. 154 assays × 6 support sizes.

=== FS-Mol Test [size]: mean metrics per support size ===
              delta_auprc  spearman  rmse
support_size                             
16                 0.1037       NaN   NaN
32                 0.1249       NaN   NaN
64                 0.1439       NaN   NaN
128                0.1465       NaN   NaN
256                0.0730       NaN   NaN
512                0.1103       NaN   NaN
  Predictions saved → /home/chjo00006/PTN/outputs/results/fsmol_gnn_classification_random_seed1/fsmol_test_predictions_size.csv  (536,650 rows)

  All 3 curves saved => /home/chjo00006/PTN/outputs/results/fsmol_gnn_classification_random_seed1/fsmol_test_results.csv

=== FS-Mol Test: mean ΔAUPRC and N assays per split_type × support_size ===
                         delta_auprc  n_assays
split_type support_size                       
random     16                 0.1291       154
           32                 0.1572       154
           64                 0.1879       153
           128                0.2274       148
           256                0.1558        29
           512                0.1672        11
scaffold   16                 0.0565       144
           32                 0.0569       144
           64                 0.0564       144
           128                0.0572       142
           256                0.0134        29
           512                0.0032        11
size       16                 0.1037       154
           32                 0.1249       154
           64                 0.1439       153
           128                0.1465       148
           256                0.0730        29
           512                0.1103        11
