============================================================
Prototypical Network: Molecular OOD
  encoder=fsmol_gnn  head=classification  split=random  seed=1
  run_tag => fsmol_gnn_classification_random_seed1
  checkpoint => /home/chjo00006/PTN/checkpoints/ptn_fsmol_gnn_classification_random_seed1.pt
============================================================

[1/4] Indexing FS-Mol files...
  Train: 26868  Val: 40  Test: 157
  RAM: 0.5 GB

[2/4] Pretraining on FS-Mol...
  Computing FS-Mol degree histogram for PNA scalers...
  FS-Mol degree histogram over 27113 molecules (500 assays).
Training on: cuda
  Streaming GNN dataset: 26868 training files, n_support=64
  Streaming GNN dataset: 40 training files, n_support=64
  Epochs: 100  |  Tasks/step: 16  |  LR: 0.0001
  Train files: 26868  |  Val files: 40
  Episodes/epoch: 1600  |  Steps/epoch: ~100
Epoch   1/100 | Steps: 100 | Train BCE: 1.7155 | Train ΔAUPRC: +0.0886 | Val ΔAUPRC: +0.0751
  → Saved best model (Val ΔAUPRC: +0.0751)
Epoch   2/100 | Steps: 100 | Train BCE: 0.4834 | Train ΔAUPRC: +0.1372 | Val ΔAUPRC: +0.1033
  → Saved best model (Val ΔAUPRC: +0.1033)
Epoch   3/100 | Steps: 100 | Train BCE: 0.4381 | Train ΔAUPRC: +0.1602 | Val ΔAUPRC: +0.0992
Epoch   4/100 | Steps: 100 | Train BCE: 0.4474 | Train ΔAUPRC: +0.1628 | Val ΔAUPRC: +0.1011
Epoch   5/100 | Steps: 100 | Train BCE: 0.4299 | Train ΔAUPRC: +0.1677 | Val ΔAUPRC: +0.1148
  → Saved best model (Val ΔAUPRC: +0.1148)
Epoch   6/100 | Steps: 100 | Train BCE: 0.4192 | Train ΔAUPRC: +0.1753 | Val ΔAUPRC: +0.1141
Epoch   7/100 | Steps: 100 | Train BCE: 0.4298 | Train ΔAUPRC: +0.1693 | Val ΔAUPRC: +0.1344
  → Saved best model (Val ΔAUPRC: +0.1344)
Epoch   8/100 | Steps: 100 | Train BCE: 0.4179 | Train ΔAUPRC: +0.1848 | Val ΔAUPRC: +0.1214
Epoch   9/100 | Steps: 100 | Train BCE: 0.4213 | Train ΔAUPRC: +0.1859 | Val ΔAUPRC: +0.1408
  → Saved best model (Val ΔAUPRC: +0.1408)
Epoch  10/100 | Steps: 100 | Train BCE: 0.3845 | Train ΔAUPRC: +0.1843 | Val ΔAUPRC: +0.1580
  → Saved best model (Val ΔAUPRC: +0.1580)
Epoch  11/100 | Steps: 100 | Train BCE: 0.4077 | Train ΔAUPRC: +0.1857 | Val ΔAUPRC: +0.1590
  → Saved best model (Val ΔAUPRC: +0.1590)
Epoch  12/100 | Steps: 100 | Train BCE: 0.3953 | Train ΔAUPRC: +0.1931 | Val ΔAUPRC: +0.1458
Epoch  13/100 | Steps: 100 | Train BCE: 0.3917 | Train ΔAUPRC: +0.1931 | Val ΔAUPRC: +0.1444
Epoch  14/100 | Steps: 100 | Train BCE: 0.3930 | Train ΔAUPRC: +0.1974 | Val ΔAUPRC: +0.1508
Epoch  15/100 | Steps: 100 | Train BCE: 0.4026 | Train ΔAUPRC: +0.1949 | Val ΔAUPRC: +0.1640
  → Saved best model (Val ΔAUPRC: +0.1640)
Epoch  16/100 | Steps: 100 | Train BCE: 0.3801 | Train ΔAUPRC: +0.1982 | Val ΔAUPRC: +0.1489
Epoch  17/100 | Steps: 100 | Train BCE: 0.3858 | Train ΔAUPRC: +0.2021 | Val ΔAUPRC: +0.1581
Epoch  18/100 | Steps: 100 | Train BCE: 0.3725 | Train ΔAUPRC: +0.2021 | Val ΔAUPRC: +0.1657
  → Saved best model (Val ΔAUPRC: +0.1657)
Epoch  19/100 | Steps: 100 | Train BCE: 0.3846 | Train ΔAUPRC: +0.1986 | Val ΔAUPRC: +0.1732
  → Saved best model (Val ΔAUPRC: +0.1732)
Epoch  20/100 | Steps: 100 | Train BCE: 0.3736 | Train ΔAUPRC: +0.2094 | Val ΔAUPRC: +0.1813
  → Saved best model (Val ΔAUPRC: +0.1813)
Epoch  21/100 | Steps: 100 | Train BCE: 0.3798 | Train ΔAUPRC: +0.2009 | Val ΔAUPRC: +0.1590
Epoch  22/100 | Steps: 100 | Train BCE: 0.3737 | Train ΔAUPRC: +0.2174 | Val ΔAUPRC: +0.1746
Epoch  23/100 | Steps: 100 | Train BCE: 0.3758 | Train ΔAUPRC: +0.2158 | Val ΔAUPRC: +0.1651
Epoch  24/100 | Steps: 100 | Train BCE: 0.3795 | Train ΔAUPRC: +0.2020 | Val ΔAUPRC: +0.1741
Epoch  25/100 | Steps: 100 | Train BCE: 0.3749 | Train ΔAUPRC: +0.2065 | Val ΔAUPRC: +0.1912
  → Saved best model (Val ΔAUPRC: +0.1912)
Epoch  26/100 | Steps: 100 | Train BCE: 0.3652 | Train ΔAUPRC: +0.2122 | Val ΔAUPRC: +0.1600
Epoch  27/100 | Steps: 100 | Train BCE: 0.3703 | Train ΔAUPRC: +0.2119 | Val ΔAUPRC: +0.1746
Epoch  28/100 | Steps: 100 | Train BCE: 0.3737 | Train ΔAUPRC: +0.2170 | Val ΔAUPRC: +0.1742
Epoch  29/100 | Steps: 100 | Train BCE: 0.3759 | Train ΔAUPRC: +0.2208 | Val ΔAUPRC: +0.1708
Epoch  30/100 | Steps: 100 | Train BCE: 0.3659 | Train ΔAUPRC: +0.2113 | Val ΔAUPRC: +0.1836
Epoch  31/100 | Steps: 100 | Train BCE: 0.3694 | Train ΔAUPRC: +0.2131 | Val ΔAUPRC: +0.1769
Epoch  32/100 | Steps: 100 | Train BCE: 0.3619 | Train ΔAUPRC: +0.2203 | Val ΔAUPRC: +0.1808
Epoch  33/100 | Steps: 100 | Train BCE: 0.3513 | Train ΔAUPRC: +0.2240 | Val ΔAUPRC: +0.1907
Epoch  34/100 | Steps: 100 | Train BCE: 0.3535 | Train ΔAUPRC: +0.2229 | Val ΔAUPRC: +0.1864
Epoch  35/100 | Steps: 100 | Train BCE: 0.3468 | Train ΔAUPRC: +0.2198 | Val ΔAUPRC: +0.1809
Epoch  36/100 | Steps: 100 | Train BCE: 0.3717 | Train ΔAUPRC: +0.2275 | Val ΔAUPRC: +0.1771
Epoch  37/100 | Steps: 100 | Train BCE: 0.3481 | Train ΔAUPRC: +0.2218 | Val ΔAUPRC: +0.1838
Epoch  38/100 | Steps: 100 | Train BCE: 0.3490 | Train ΔAUPRC: +0.2220 | Val ΔAUPRC: +0.1914
  → Saved best model (Val ΔAUPRC: +0.1914)
Epoch  39/100 | Steps: 100 | Train BCE: 0.3601 | Train ΔAUPRC: +0.2188 | Val ΔAUPRC: +0.1974
  → Saved best model (Val ΔAUPRC: +0.1974)
Epoch  40/100 | Steps: 100 | Train BCE: 0.3489 | Train ΔAUPRC: +0.2295 | Val ΔAUPRC: +0.1817
Epoch  41/100 | Steps: 100 | Train BCE: 0.3578 | Train ΔAUPRC: +0.2296 | Val ΔAUPRC: +0.1846
Epoch  42/100 | Steps: 100 | Train BCE: 0.3481 | Train ΔAUPRC: +0.2306 | Val ΔAUPRC: +0.1846
Epoch  43/100 | Steps: 100 | Train BCE: 0.3502 | Train ΔAUPRC: +0.2258 | Val ΔAUPRC: +0.1764
Epoch  44/100 | Steps: 100 | Train BCE: 0.3466 | Train ΔAUPRC: +0.2304 | Val ΔAUPRC: +0.1747
Epoch  45/100 | Steps: 100 | Train BCE: 0.3450 | Train ΔAUPRC: +0.2290 | Val ΔAUPRC: +0.1651
Epoch  46/100 | Steps: 100 | Train BCE: 0.3500 | Train ΔAUPRC: +0.2328 | Val ΔAUPRC: +0.1945
Epoch  47/100 | Steps: 100 | Train BCE: 0.3443 | Train ΔAUPRC: +0.2298 | Val ΔAUPRC: +0.1796
Epoch  48/100 | Steps: 100 | Train BCE: 0.3444 | Train ΔAUPRC: +0.2337 | Val ΔAUPRC: +0.1931
Epoch  49/100 | Steps: 100 | Train BCE: 0.3539 | Train ΔAUPRC: +0.2276 | Val ΔAUPRC: +0.1930
Epoch  50/100 | Steps: 100 | Train BCE: 0.3467 | Train ΔAUPRC: +0.2368 | Val ΔAUPRC: +0.1942
Epoch  51/100 | Steps: 100 | Train BCE: 0.3498 | Train ΔAUPRC: +0.2385 | Val ΔAUPRC: +0.1830
Epoch  52/100 | Steps: 100 | Train BCE: 0.3371 | Train ΔAUPRC: +0.2458 | Val ΔAUPRC: +0.1944
Epoch  53/100 | Steps: 100 | Train BCE: 0.3401 | Train ΔAUPRC: +0.2355 | Val ΔAUPRC: +0.1977
  → Saved best model (Val ΔAUPRC: +0.1977)
Epoch  54/100 | Steps: 100 | Train BCE: 0.3486 | Train ΔAUPRC: +0.2319 | Val ΔAUPRC: +0.1840
Epoch  55/100 | Steps: 100 | Train BCE: 0.3508 | Train ΔAUPRC: +0.2395 | Val ΔAUPRC: +0.1948
Epoch  56/100 | Steps: 100 | Train BCE: 0.3348 | Train ΔAUPRC: +0.2388 | Val ΔAUPRC: +0.1843
Epoch  57/100 | Steps: 100 | Train BCE: 0.3384 | Train ΔAUPRC: +0.2443 | Val ΔAUPRC: +0.1966
Epoch  58/100 | Steps: 100 | Train BCE: 0.3405 | Train ΔAUPRC: +0.2461 | Val ΔAUPRC: +0.1923
Epoch  59/100 | Steps: 100 | Train BCE: 0.3372 | Train ΔAUPRC: +0.2446 | Val ΔAUPRC: +0.1944
Epoch  60/100 | Steps: 100 | Train BCE: 0.3443 | Train ΔAUPRC: +0.2423 | Val ΔAUPRC: +0.1918
Epoch  61/100 | Steps: 100 | Train BCE: 0.3312 | Train ΔAUPRC: +0.2400 | Val ΔAUPRC: +0.1895
Epoch  62/100 | Steps: 100 | Train BCE: 0.3386 | Train ΔAUPRC: +0.2416 | Val ΔAUPRC: +0.2002
  → Saved best model (Val ΔAUPRC: +0.2002)
Epoch  63/100 | Steps: 100 | Train BCE: 0.3418 | Train ΔAUPRC: +0.2442 | Val ΔAUPRC: +0.1938
Epoch  64/100 | Steps: 100 | Train BCE: 0.3371 | Train ΔAUPRC: +0.2445 | Val ΔAUPRC: +0.1957
Epoch  65/100 | Steps: 100 | Train BCE: 0.3418 | Train ΔAUPRC: +0.2410 | Val ΔAUPRC: +0.1983
Epoch  66/100 | Steps: 100 | Train BCE: 0.3352 | Train ΔAUPRC: +0.2455 | Val ΔAUPRC: +0.1876
Epoch  67/100 | Steps: 100 | Train BCE: 0.3412 | Train ΔAUPRC: +0.2503 | Val ΔAUPRC: +0.1992
Epoch  68/100 | Steps: 100 | Train BCE: 0.3368 | Train ΔAUPRC: +0.2426 | Val ΔAUPRC: +0.1934
Epoch  69/100 | Steps: 100 | Train BCE: 0.3422 | Train ΔAUPRC: +0.2356 | Val ΔAUPRC: +0.2030
  → Saved best model (Val ΔAUPRC: +0.2030)
Epoch  70/100 | Steps: 100 | Train BCE: 0.3314 | Train ΔAUPRC: +0.2457 | Val ΔAUPRC: +0.2142
  → Saved best model (Val ΔAUPRC: +0.2142)
Epoch  71/100 | Steps: 100 | Train BCE: 0.3375 | Train ΔAUPRC: +0.2483 | Val ΔAUPRC: +0.2055
Epoch  72/100 | Steps: 100 | Train BCE: 0.3432 | Train ΔAUPRC: +0.2490 | Val ΔAUPRC: +0.1974
Epoch  73/100 | Steps: 100 | Train BCE: 0.3417 | Train ΔAUPRC: +0.2420 | Val ΔAUPRC: +0.1948
Epoch  74/100 | Steps: 100 | Train BCE: 0.3345 | Train ΔAUPRC: +0.2428 | Val ΔAUPRC: +0.2042
Epoch  75/100 | Steps: 100 | Train BCE: 0.3339 | Train ΔAUPRC: +0.2442 | Val ΔAUPRC: +0.2028
Epoch  76/100 | Steps: 100 | Train BCE: 0.3416 | Train ΔAUPRC: +0.2404 | Val ΔAUPRC: +0.1986
Epoch  77/100 | Steps: 100 | Train BCE: 0.3404 | Train ΔAUPRC: +0.2491 | Val ΔAUPRC: +0.1890
Epoch  78/100 | Steps: 100 | Train BCE: 0.3223 | Train ΔAUPRC: +0.2509 | Val ΔAUPRC: +0.1974
Epoch  79/100 | Steps: 100 | Train BCE: 0.3450 | Train ΔAUPRC: +0.2465 | Val ΔAUPRC: +0.1972
Epoch  80/100 | Steps: 100 | Train BCE: 0.3347 | Train ΔAUPRC: +0.2419 | Val ΔAUPRC: +0.1856
Epoch  81/100 | Steps: 100 | Train BCE: 0.3291 | Train ΔAUPRC: +0.2495 | Val ΔAUPRC: +0.1956
Epoch  82/100 | Steps: 100 | Train BCE: 0.3387 | Train ΔAUPRC: +0.2546 | Val ΔAUPRC: +0.1901
Epoch  83/100 | Steps: 100 | Train BCE: 0.3329 | Train ΔAUPRC: +0.2549 | Val ΔAUPRC: +0.1919
Epoch  84/100 | Steps: 100 | Train BCE: 0.3310 | Train ΔAUPRC: +0.2534 | Val ΔAUPRC: +0.1964
Epoch  85/100 | Steps: 100 | Train BCE: 0.3347 | Train ΔAUPRC: +0.2623 | Val ΔAUPRC: +0.1867
Epoch  86/100 | Steps: 100 | Train BCE: 0.3336 | Train ΔAUPRC: +0.2454 | Val ΔAUPRC: +0.2100
Epoch  87/100 | Steps: 100 | Train BCE: 0.3393 | Train ΔAUPRC: +0.2438 | Val ΔAUPRC: +0.2060
Epoch  88/100 | Steps: 100 | Train BCE: 0.3306 | Train ΔAUPRC: +0.2468 | Val ΔAUPRC: +0.1923
Epoch  89/100 | Steps: 100 | Train BCE: 0.3186 | Train ΔAUPRC: +0.2454 | Val ΔAUPRC: +0.1906
Epoch  90/100 | Steps: 100 | Train BCE: 0.3293 | Train ΔAUPRC: +0.2556 | Val ΔAUPRC: +0.1892
Epoch  91/100 | Steps: 100 | Train BCE: 0.3295 | Train ΔAUPRC: +0.2469 | Val ΔAUPRC: +0.1883
Epoch  92/100 | Steps: 100 | Train BCE: 0.3257 | Train ΔAUPRC: +0.2461 | Val ΔAUPRC: +0.2173
  → Saved best model (Val ΔAUPRC: +0.2173)
Epoch  93/100 | Steps: 100 | Train BCE: 0.3322 | Train ΔAUPRC: +0.2515 | Val ΔAUPRC: +0.2004
Epoch  94/100 | Steps: 100 | Train BCE: 0.3296 | Train ΔAUPRC: +0.2450 | Val ΔAUPRC: +0.1977
Epoch  95/100 | Steps: 100 | Train BCE: 0.3458 | Train ΔAUPRC: +0.2564 | Val ΔAUPRC: +0.1873
Epoch  96/100 | Steps: 100 | Train BCE: 0.3300 | Train ΔAUPRC: +0.2473 | Val ΔAUPRC: +0.1923
Epoch  97/100 | Steps: 100 | Train BCE: 0.3342 | Train ΔAUPRC: +0.2402 | Val ΔAUPRC: +0.2022
Epoch  98/100 | Steps: 100 | Train BCE: 0.3226 | Train ΔAUPRC: +0.2368 | Val ΔAUPRC: +0.1880
Epoch  99/100 | Steps: 100 | Train BCE: 0.3234 | Train ΔAUPRC: +0.2457 | Val ΔAUPRC: +0.2098
Epoch 100/100 | Steps: 100 | Train BCE: 0.3178 | Train ΔAUPRC: +0.2469 | Val ΔAUPRC: +0.2005

Pretraining complete. Best Val ΔAUPRC: +0.2173
  RAM after pretrain: 1.3 GB

[3/4] Evaluating on DrugOOD...
  lbap_core_ic50_scaffold: train pool=22025, ood_test=19480, iid_test=31388
  lbap_core_ic50_size: train pool=37497, ood_test=16761, iid_test=12721
  lbap_core_ic50_assay: train pool=34953, ood_test=19463, iid_test=11960
  RAM after DrugOOD load: 3.6 GB
Loaded fsmol_gnn/classification model from epoch 92 (Val ΔAUPRC=+0.2173)
lbap_core_ic50_scaffold             | ctx=  16 | ood_test | ΔAUPRC: +0.0000±0.0000 | RMSE: nan | Spearman: nan
lbap_core_ic50_scaffold             | ctx=  16 | iid_test | ΔAUPRC: +0.0000±0.0000 | RMSE: nan | Spearman: nan
lbap_core_ic50_scaffold             | ctx=  32 | ood_test | ΔAUPRC: +0.0173±0.0244 | RMSE: nan | Spearman: nan
lbap_core_ic50_scaffold             | ctx=  32 | iid_test | ΔAUPRC: +0.0118±0.0167 | RMSE: nan | Spearman: nan
lbap_core_ic50_scaffold             | ctx=  64 | ood_test | ΔAUPRC: +0.0134±0.0284 | RMSE: nan | Spearman: nan
lbap_core_ic50_scaffold             | ctx=  64 | iid_test | ΔAUPRC: +0.0148±0.0134 | RMSE: nan | Spearman: nan
lbap_core_ic50_scaffold             | ctx= 128 | ood_test | ΔAUPRC: +0.0391±0.0138 | RMSE: nan | Spearman: nan
lbap_core_ic50_scaffold             | ctx= 128 | iid_test | ΔAUPRC: +0.0273±0.0060 | RMSE: nan | Spearman: nan
lbap_core_ic50_scaffold             | ctx= 256 | ood_test | ΔAUPRC: +0.0306±0.0285 | RMSE: nan | Spearman: nan
lbap_core_ic50_scaffold             | ctx= 256 | iid_test | ΔAUPRC: +0.0339±0.0090 | RMSE: nan | Spearman: nan
lbap_core_ic50_scaffold             | ctx= 512 | ood_test | ΔAUPRC: +0.0328±0.0258 | RMSE: nan | Spearman: nan
lbap_core_ic50_scaffold             | ctx= 512 | iid_test | ΔAUPRC: +0.0410±0.0031 | RMSE: nan | Spearman: nan
lbap_core_ic50_size                 | ctx=  16 | ood_test | ΔAUPRC: +0.0122±0.0182 | RMSE: nan | Spearman: nan
lbap_core_ic50_size                 | ctx=  16 | iid_test | ΔAUPRC: +0.0063±0.0031 | RMSE: nan | Spearman: nan
lbap_core_ic50_size                 | ctx=  32 | ood_test | ΔAUPRC: +0.0061±0.0181 | RMSE: nan | Spearman: nan
lbap_core_ic50_size                 | ctx=  32 | iid_test | ΔAUPRC: +0.0067±0.0053 | RMSE: nan | Spearman: nan
lbap_core_ic50_size                 | ctx=  64 | ood_test | ΔAUPRC: +0.0201±0.0074 | RMSE: nan | Spearman: nan
lbap_core_ic50_size                 | ctx=  64 | iid_test | ΔAUPRC: +0.0087±0.0026 | RMSE: nan | Spearman: nan
lbap_core_ic50_size                 | ctx= 128 | ood_test | ΔAUPRC: +0.0297±0.0098 | RMSE: nan | Spearman: nan
lbap_core_ic50_size                 | ctx= 128 | iid_test | ΔAUPRC: +0.0146±0.0044 | RMSE: nan | Spearman: nan
lbap_core_ic50_size                 | ctx= 256 | ood_test | ΔAUPRC: +0.0448±0.0055 | RMSE: nan | Spearman: nan
lbap_core_ic50_size                 | ctx= 256 | iid_test | ΔAUPRC: +0.0291±0.0023 | RMSE: nan | Spearman: nan
lbap_core_ic50_size                 | ctx= 512 | ood_test | ΔAUPRC: +0.0535±0.0059 | RMSE: nan | Spearman: nan
lbap_core_ic50_size                 | ctx= 512 | iid_test | ΔAUPRC: +0.0361±0.0021 | RMSE: nan | Spearman: nan
lbap_core_ic50_assay                | ctx=  16 | ood_test | ΔAUPRC: -0.0033±0.0198 | RMSE: nan | Spearman: nan
lbap_core_ic50_assay                | ctx=  16 | iid_test | ΔAUPRC: +0.0125±0.0235 | RMSE: nan | Spearman: nan
lbap_core_ic50_assay                | ctx=  32 | ood_test | ΔAUPRC: +0.0038±0.0128 | RMSE: nan | Spearman: nan
lbap_core_ic50_assay                | ctx=  32 | iid_test | ΔAUPRC: +0.0172±0.0193 | RMSE: nan | Spearman: nan
lbap_core_ic50_assay                | ctx=  64 | ood_test | ΔAUPRC: +0.0295±0.0067 | RMSE: nan | Spearman: nan
lbap_core_ic50_assay                | ctx=  64 | iid_test | ΔAUPRC: +0.0442±0.0064 | RMSE: nan | Spearman: nan
lbap_core_ic50_assay                | ctx= 128 | ood_test | ΔAUPRC: +0.0438±0.0041 | RMSE: nan | Spearman: nan
lbap_core_ic50_assay                | ctx= 128 | iid_test | ΔAUPRC: +0.0546±0.0035 | RMSE: nan | Spearman: nan
lbap_core_ic50_assay                | ctx= 256 | ood_test | ΔAUPRC: +0.0485±0.0058 | RMSE: nan | Spearman: nan
lbap_core_ic50_assay                | ctx= 256 | iid_test | ΔAUPRC: +0.0646±0.0023 | RMSE: nan | Spearman: nan
lbap_core_ic50_assay                | ctx= 512 | ood_test | ΔAUPRC: +0.0603±0.0039 | RMSE: nan | Spearman: nan
lbap_core_ic50_assay                | ctx= 512 | iid_test | ΔAUPRC: +0.0738±0.0043 | RMSE: nan | Spearman: nan
  Saved => /home/chjo00006/PTN/outputs/results/fsmol_gnn_classification_random_seed1/drugood_results.csv

=== DrugOOD results (long-form) ===
                    split_type query_set  context_set_size  actual_context_n  n_test  n_seeds  delta_auprc  delta_auprc_std  rmse  rmse_std  mae  spearman  spearman_std
index                                                                                                                                                                   
0      lbap_core_ic50_scaffold  ood_test                16                16   19480        3     0.000000         0.000000   NaN       NaN  NaN       NaN           NaN
1      lbap_core_ic50_scaffold  iid_test                16                16   31388        3     0.000000         0.000000   NaN       NaN  NaN       NaN           NaN
2      lbap_core_ic50_scaffold  ood_test                32                32   19480        3     0.017263         0.024414   NaN       NaN  NaN       NaN           NaN
3      lbap_core_ic50_scaffold  iid_test                32                32   31388        3     0.011790         0.016674   NaN       NaN  NaN       NaN           NaN
4      lbap_core_ic50_scaffold  ood_test                64                64   19480        3     0.013394         0.028390   NaN       NaN  NaN       NaN           NaN
5      lbap_core_ic50_scaffold  iid_test                64                64   31388        3     0.014791         0.013449   NaN       NaN  NaN       NaN           NaN
6      lbap_core_ic50_scaffold  ood_test               128               128   19480        3     0.039084         0.013811   NaN       NaN  NaN       NaN           NaN
7      lbap_core_ic50_scaffold  iid_test               128               128   31388        3     0.027283         0.005953   NaN       NaN  NaN       NaN           NaN
8      lbap_core_ic50_scaffold  ood_test               256               256   19480        3     0.030569         0.028484   NaN       NaN  NaN       NaN           NaN
9      lbap_core_ic50_scaffold  iid_test               256               256   31388        3     0.033894         0.009014   NaN       NaN  NaN       NaN           NaN
10     lbap_core_ic50_scaffold  ood_test               512               512   19480        3     0.032777         0.025798   NaN       NaN  NaN       NaN           NaN
11     lbap_core_ic50_scaffold  iid_test               512               512   31388        3     0.040968         0.003082   NaN       NaN  NaN       NaN           NaN
12         lbap_core_ic50_size  ood_test                16                16   16761        3     0.012188         0.018242   NaN       NaN  NaN       NaN           NaN
13         lbap_core_ic50_size  iid_test                16                16   12721        3     0.006291         0.003093   NaN       NaN  NaN       NaN           NaN
14         lbap_core_ic50_size  ood_test                32                32   16761        3     0.006109         0.018063   NaN       NaN  NaN       NaN           NaN
15         lbap_core_ic50_size  iid_test                32                32   12721        3     0.006699         0.005323   NaN       NaN  NaN       NaN           NaN
16         lbap_core_ic50_size  ood_test                64                64   16761        3     0.020063         0.007409   NaN       NaN  NaN       NaN           NaN
17         lbap_core_ic50_size  iid_test                64                64   12721        3     0.008731         0.002553   NaN       NaN  NaN       NaN           NaN
18         lbap_core_ic50_size  ood_test               128               128   16761        3     0.029746         0.009758   NaN       NaN  NaN       NaN           NaN
19         lbap_core_ic50_size  iid_test               128               128   12721        3     0.014595         0.004427   NaN       NaN  NaN       NaN           NaN
20         lbap_core_ic50_size  ood_test               256               256   16761        3     0.044801         0.005489   NaN       NaN  NaN       NaN           NaN
21         lbap_core_ic50_size  iid_test               256               256   12721        3     0.029085         0.002252   NaN       NaN  NaN       NaN           NaN
22         lbap_core_ic50_size  ood_test               512               512   16761        3     0.053548         0.005871   NaN       NaN  NaN       NaN           NaN
23         lbap_core_ic50_size  iid_test               512               512   12721        3     0.036137         0.002141   NaN       NaN  NaN       NaN           NaN
24        lbap_core_ic50_assay  ood_test                16                16   19463        3    -0.003331         0.019759   NaN       NaN  NaN       NaN           NaN
25        lbap_core_ic50_assay  iid_test                16                16   11960        3     0.012505         0.023548   NaN       NaN  NaN       NaN           NaN
26        lbap_core_ic50_assay  ood_test                32                32   19463        3     0.003766         0.012823   NaN       NaN  NaN       NaN           NaN
27        lbap_core_ic50_assay  iid_test                32                32   11960        3     0.017246         0.019310   NaN       NaN  NaN       NaN           NaN
28        lbap_core_ic50_assay  ood_test                64                64   19463        3     0.029523         0.006659   NaN       NaN  NaN       NaN           NaN
29        lbap_core_ic50_assay  iid_test                64                64   11960        3     0.044208         0.006396   NaN       NaN  NaN       NaN           NaN
30        lbap_core_ic50_assay  ood_test               128               128   19463        3     0.043770         0.004107   NaN       NaN  NaN       NaN           NaN
31        lbap_core_ic50_assay  iid_test               128               128   11960        3     0.054553         0.003493   NaN       NaN  NaN       NaN           NaN
32        lbap_core_ic50_assay  ood_test               256               256   19463        3     0.048541         0.005829   NaN       NaN  NaN       NaN           NaN
33        lbap_core_ic50_assay  iid_test               256               256   11960        3     0.064576         0.002273   NaN       NaN  NaN       NaN           NaN
34        lbap_core_ic50_assay  ood_test               512               512   19463        3     0.060275         0.003910   NaN       NaN  NaN       NaN           NaN
35        lbap_core_ic50_assay  iid_test               512               512   11960        3     0.073779         0.004303   NaN       NaN  NaN       NaN           NaN

=== Summary: mean ΔAUPRC per split × query_set ===
split_type               query_set
lbap_core_ic50_assay     iid_test     0.0445
                         ood_test     0.0304
lbap_core_ic50_scaffold  iid_test     0.0215
                         ood_test     0.0222
lbap_core_ic50_size      iid_test     0.0169
                         ood_test     0.0277
Name: delta_auprc, dtype: float64

[4/4] FS-Mol test evaluation...

  [4a] Inside-task OOD (scaffold split, n_support=16)...
  Loading assay 1/157...
============================================================
  Data-loss report: test/
============================================================
  Molecules in raw files        :     56,220
  -- Dropped (inexact Relation) :     12,429  (22.1%)
  -- Dropped (bad/missing fields):       129  (0.2%)
  -- Dropped (task too small)   :          0  (0.0%)
  ----------------------------------------
  Total molecules lost          :     12,558  (22.3%)
  Molecules used for training   :     43,662  (77.7%)
  ---
  Tasks in directory            :        157
  Tasks dropped (<32 molecules)  :          3  (1.9%)
  Tasks kept                    :        154  (98.1%)
============================================================
  Test assays loaded: 154

Inside-task OOD: 153 assays evaluated, 1 skipped (no scaffold group with ≥3 molecules).
  Mean Spearman : nan  (0/153 assays non-nan)
  Mean RMSE     : nan
  Mean ΔAUPRC   : 0.0199
  Saved => /home/chjo00006/PTN/outputs/results/fsmol_gnn_classification_random_seed1/inside_task_ood.csv

  [4b] Support-size sweep (random / scaffold / size splits)...

  -- split_type = random --
  [random] 20/154 assays...  [random] 40/154 assays...  [random] 60/154 assays...  [random] 80/154 assays...  [random] 100/154 assays...  [random] 120/154 assays...  [random] 140/154 assays...
  Done [random]. 154 assays × 6 support sizes.

=== FS-Mol Test [random]: mean metrics per support size ===
              delta_auprc  spearman  rmse
support_size                             
16                 0.1286       NaN   NaN
32                 0.1565       NaN   NaN
64                 0.1864       NaN   NaN
128                0.2255       NaN   NaN
256                0.1545       NaN   NaN
512                0.1644       NaN   NaN
  Predictions saved → /home/chjo00006/PTN/outputs/results/fsmol_gnn_classification_random_seed1/fsmol_test_predictions_random.csv  (825,490 rows)

  -- split_type = scaffold --
  [scaffold] 60/154 assays...  [scaffold] 80/154 assays...  [scaffold] 100/154 assays...  [scaffold] 120/154 assays...  [scaffold] 140/154 assays...
  Done [scaffold]. 144 assays × 6 support sizes.

=== FS-Mol Test [scaffold]: mean metrics per support size ===
              delta_auprc  spearman  rmse
support_size                             
16                 0.0504       NaN   NaN
32                 0.0531       NaN   NaN
64                 0.0517       NaN   NaN
128                0.0504       NaN   NaN
256                0.0134       NaN   NaN
512                0.0083       NaN   NaN
  Predictions saved → /home/chjo00006/PTN/outputs/results/fsmol_gnn_classification_random_seed1/fsmol_test_predictions_scaffold.csv  (1,022,570 rows)

  -- split_type = size --
  [size] 20/154 assays...  [size] 40/154 assays...  [size] 60/154 assays...  [size] 80/154 assays...  [size] 100/154 assays...  [size] 120/154 assays...  [size] 140/154 assays...
  Done [size]. 154 assays × 6 support sizes.

=== FS-Mol Test [size]: mean metrics per support size ===
              delta_auprc  spearman  rmse
support_size                             
16                 0.1058       NaN   NaN
32                 0.1275       NaN   NaN
64                 0.1502       NaN   NaN
128                0.1535       NaN   NaN
256                0.0736       NaN   NaN
512                0.1089       NaN   NaN
  Predictions saved → /home/chjo00006/PTN/outputs/results/fsmol_gnn_classification_random_seed1/fsmol_test_predictions_size.csv  (536,650 rows)

  All 3 curves saved => /home/chjo00006/PTN/outputs/results/fsmol_gnn_classification_random_seed1/fsmol_test_results.csv

=== FS-Mol Test: mean ΔAUPRC and N assays per split_type × support_size ===
                         delta_auprc  n_assays
split_type support_size                       
random     16                 0.1286       154
           32                 0.1565       154
           64                 0.1864       153
           128                0.2255       148
           256                0.1545        29
           512                0.1644        11
scaffold   16                 0.0504       144
           32                 0.0531       144
           64                 0.0517       144
           128                0.0504       142
           256                0.0134        29
           512                0.0083        11
size       16                 0.1058       154
           32                 0.1275       154
           64                 0.1502       153
           128                0.1535       148
           256                0.0736        29
           512                0.1089        11
