============================================================
Prototypical Network: Molecular OOD
  encoder=ecfp  head=classification  split=random  seed=2
  run_tag => ecfp_classification_random_seed2
  checkpoint => /home/chjo00006/PTN/checkpoints/ptn_ecfp_classification_random_seed2.pt
============================================================

[1/4] Indexing FS-Mol files...
  Train: 26868  Val: 40  Test: 157
  RAM: 0.5 GB

[2/4] Pretraining on FS-Mol...
Training on: cuda
  Streaming ECFP dataset: 26868 training files, n_support=64
  Streaming ECFP dataset: 40 training files, n_support=64
  Epochs: 100  |  Tasks/step: 16  |  LR: 0.001
  Train files: 26868  |  Val files: 40
  Episodes/epoch: 1600  |  Steps/epoch: ~100
Epoch   1/100 | Steps: 100 | Train BCE: 0.4463 | Train ΔAUPRC: +0.1446 | Val ΔAUPRC: +0.1128
  → Saved best model (Val ΔAUPRC: +0.1128)
Epoch   2/100 | Steps: 100 | Train BCE: 0.4304 | Train ΔAUPRC: +0.1751 | Val ΔAUPRC: +0.1447
  → Saved best model (Val ΔAUPRC: +0.1447)
Epoch   3/100 | Steps: 100 | Train BCE: 0.4373 | Train ΔAUPRC: +0.1796 | Val ΔAUPRC: +0.1579
  → Saved best model (Val ΔAUPRC: +0.1579)
Epoch   4/100 | Steps: 100 | Train BCE: 0.4261 | Train ΔAUPRC: +0.1844 | Val ΔAUPRC: +0.1471
Epoch   5/100 | Steps: 100 | Train BCE: 0.4185 | Train ΔAUPRC: +0.1959 | Val ΔAUPRC: +0.1339
Epoch   6/100 | Steps: 100 | Train BCE: 0.4124 | Train ΔAUPRC: +0.1959 | Val ΔAUPRC: +0.1531
Epoch   7/100 | Steps: 100 | Train BCE: 0.4029 | Train ΔAUPRC: +0.1932 | Val ΔAUPRC: +0.1587
  → Saved best model (Val ΔAUPRC: +0.1587)
Epoch   8/100 | Steps: 100 | Train BCE: 0.4027 | Train ΔAUPRC: +0.1940 | Val ΔAUPRC: +0.1367
Epoch   9/100 | Steps: 100 | Train BCE: 0.4126 | Train ΔAUPRC: +0.1956 | Val ΔAUPRC: +0.1647
  → Saved best model (Val ΔAUPRC: +0.1647)
Epoch  10/100 | Steps: 100 | Train BCE: 0.3994 | Train ΔAUPRC: +0.1991 | Val ΔAUPRC: +0.1515
Epoch  11/100 | Steps: 100 | Train BCE: 0.3937 | Train ΔAUPRC: +0.2075 | Val ΔAUPRC: +0.1547
Epoch  12/100 | Steps: 100 | Train BCE: 0.4012 | Train ΔAUPRC: +0.2090 | Val ΔAUPRC: +0.1554
Epoch  13/100 | Steps: 100 | Train BCE: 0.3939 | Train ΔAUPRC: +0.2139 | Val ΔAUPRC: +0.1531
Epoch  14/100 | Steps: 100 | Train BCE: 0.3919 | Train ΔAUPRC: +0.2031 | Val ΔAUPRC: +0.1495
Epoch  15/100 | Steps: 100 | Train BCE: 0.4005 | Train ΔAUPRC: +0.2157 | Val ΔAUPRC: +0.1493
Epoch  16/100 | Steps: 100 | Train BCE: 0.3934 | Train ΔAUPRC: +0.2298 | Val ΔAUPRC: +0.1660
  → Saved best model (Val ΔAUPRC: +0.1660)
Epoch  17/100 | Steps: 100 | Train BCE: 0.3852 | Train ΔAUPRC: +0.2170 | Val ΔAUPRC: +0.1471
Epoch  18/100 | Steps: 100 | Train BCE: 0.3769 | Train ΔAUPRC: +0.2180 | Val ΔAUPRC: +0.1448
Epoch  19/100 | Steps: 100 | Train BCE: 0.3795 | Train ΔAUPRC: +0.2295 | Val ΔAUPRC: +0.1409
Epoch  20/100 | Steps: 100 | Train BCE: 0.3767 | Train ΔAUPRC: +0.2251 | Val ΔAUPRC: +0.1377
Epoch  21/100 | Steps: 100 | Train BCE: 0.3679 | Train ΔAUPRC: +0.2373 | Val ΔAUPRC: +0.1643
Epoch  22/100 | Steps: 100 | Train BCE: 0.3795 | Train ΔAUPRC: +0.2416 | Val ΔAUPRC: +0.1545
Epoch  23/100 | Steps: 100 | Train BCE: 0.3839 | Train ΔAUPRC: +0.2252 | Val ΔAUPRC: +0.1498
Epoch  24/100 | Steps: 100 | Train BCE: 0.3644 | Train ΔAUPRC: +0.2423 | Val ΔAUPRC: +0.1447
Epoch  25/100 | Steps: 100 | Train BCE: 0.3638 | Train ΔAUPRC: +0.2356 | Val ΔAUPRC: +0.1557
Epoch  26/100 | Steps: 100 | Train BCE: 0.3642 | Train ΔAUPRC: +0.2516 | Val ΔAUPRC: +0.1570
Epoch  27/100 | Steps: 100 | Train BCE: 0.3650 | Train ΔAUPRC: +0.2335 | Val ΔAUPRC: +0.1443
Epoch  28/100 | Steps: 100 | Train BCE: 0.3800 | Train ΔAUPRC: +0.2392 | Val ΔAUPRC: +0.1664
  → Saved best model (Val ΔAUPRC: +0.1664)
Epoch  29/100 | Steps: 100 | Train BCE: 0.3781 | Train ΔAUPRC: +0.2407 | Val ΔAUPRC: +0.1579
Epoch  30/100 | Steps: 100 | Train BCE: 0.3694 | Train ΔAUPRC: +0.2406 | Val ΔAUPRC: +0.1460
Epoch  31/100 | Steps: 100 | Train BCE: 0.3576 | Train ΔAUPRC: +0.2478 | Val ΔAUPRC: +0.1592
Epoch  32/100 | Steps: 100 | Train BCE: 0.3624 | Train ΔAUPRC: +0.2606 | Val ΔAUPRC: +0.1466
Epoch  33/100 | Steps: 100 | Train BCE: 0.3673 | Train ΔAUPRC: +0.2391 | Val ΔAUPRC: +0.1601
Epoch  34/100 | Steps: 100 | Train BCE: 0.3679 | Train ΔAUPRC: +0.2491 | Val ΔAUPRC: +0.1435
Epoch  35/100 | Steps: 100 | Train BCE: 0.3478 | Train ΔAUPRC: +0.2561 | Val ΔAUPRC: +0.1536
Epoch  36/100 | Steps: 100 | Train BCE: 0.3536 | Train ΔAUPRC: +0.2526 | Val ΔAUPRC: +0.1547
Epoch  37/100 | Steps: 100 | Train BCE: 0.3543 | Train ΔAUPRC: +0.2599 | Val ΔAUPRC: +0.1616
Epoch  38/100 | Steps: 100 | Train BCE: 0.3568 | Train ΔAUPRC: +0.2649 | Val ΔAUPRC: +0.1521
Epoch  39/100 | Steps: 100 | Train BCE: 0.3493 | Train ΔAUPRC: +0.2634 | Val ΔAUPRC: +0.1573
Epoch  40/100 | Steps: 100 | Train BCE: 0.3504 | Train ΔAUPRC: +0.2605 | Val ΔAUPRC: +0.1623
Epoch  41/100 | Steps: 100 | Train BCE: 0.3491 | Train ΔAUPRC: +0.2600 | Val ΔAUPRC: +0.1435
Epoch  42/100 | Steps: 100 | Train BCE: 0.3357 | Train ΔAUPRC: +0.2622 | Val ΔAUPRC: +0.1584
Epoch  43/100 | Steps: 100 | Train BCE: 0.3507 | Train ΔAUPRC: +0.2609 | Val ΔAUPRC: +0.1633
Epoch  44/100 | Steps: 100 | Train BCE: 0.3352 | Train ΔAUPRC: +0.2530 | Val ΔAUPRC: +0.1674
  → Saved best model (Val ΔAUPRC: +0.1674)
Epoch  45/100 | Steps: 100 | Train BCE: 0.3494 | Train ΔAUPRC: +0.2646 | Val ΔAUPRC: +0.1357
Epoch  46/100 | Steps: 100 | Train BCE: 0.3311 | Train ΔAUPRC: +0.2629 | Val ΔAUPRC: +0.1589
Epoch  47/100 | Steps: 100 | Train BCE: 0.3350 | Train ΔAUPRC: +0.2719 | Val ΔAUPRC: +0.1632
Epoch  48/100 | Steps: 100 | Train BCE: 0.3513 | Train ΔAUPRC: +0.2616 | Val ΔAUPRC: +0.1680
  → Saved best model (Val ΔAUPRC: +0.1680)
Epoch  49/100 | Steps: 100 | Train BCE: 0.3274 | Train ΔAUPRC: +0.2673 | Val ΔAUPRC: +0.1588
Epoch  50/100 | Steps: 100 | Train BCE: 0.3258 | Train ΔAUPRC: +0.2697 | Val ΔAUPRC: +0.1417
Epoch  51/100 | Steps: 100 | Train BCE: 0.3310 | Train ΔAUPRC: +0.2660 | Val ΔAUPRC: +0.1682
  → Saved best model (Val ΔAUPRC: +0.1682)
Epoch  52/100 | Steps: 100 | Train BCE: 0.3317 | Train ΔAUPRC: +0.2845 | Val ΔAUPRC: +0.1598
Epoch  53/100 | Steps: 100 | Train BCE: 0.3349 | Train ΔAUPRC: +0.2768 | Val ΔAUPRC: +0.1557
Epoch  54/100 | Steps: 100 | Train BCE: 0.3280 | Train ΔAUPRC: +0.2670 | Val ΔAUPRC: +0.1556
Epoch  55/100 | Steps: 100 | Train BCE: 0.3340 | Train ΔAUPRC: +0.2778 | Val ΔAUPRC: +0.1512
Epoch  56/100 | Steps: 100 | Train BCE: 0.3351 | Train ΔAUPRC: +0.2674 | Val ΔAUPRC: +0.1497
Epoch  57/100 | Steps: 100 | Train BCE: 0.3338 | Train ΔAUPRC: +0.2694 | Val ΔAUPRC: +0.1521
Epoch  58/100 | Steps: 100 | Train BCE: 0.3403 | Train ΔAUPRC: +0.2675 | Val ΔAUPRC: +0.1651
Epoch  59/100 | Steps: 100 | Train BCE: 0.3121 | Train ΔAUPRC: +0.2900 | Val ΔAUPRC: +0.1521
Epoch  60/100 | Steps: 100 | Train BCE: 0.3312 | Train ΔAUPRC: +0.2823 | Val ΔAUPRC: +0.1479
Epoch  61/100 | Steps: 100 | Train BCE: 0.3364 | Train ΔAUPRC: +0.2694 | Val ΔAUPRC: +0.1535
Epoch  62/100 | Steps: 100 | Train BCE: 0.3189 | Train ΔAUPRC: +0.2875 | Val ΔAUPRC: +0.1613
Epoch  63/100 | Steps: 100 | Train BCE: 0.3351 | Train ΔAUPRC: +0.2716 | Val ΔAUPRC: +0.1606
Epoch  64/100 | Steps: 100 | Train BCE: 0.3328 | Train ΔAUPRC: +0.2756 | Val ΔAUPRC: +0.1523
Epoch  65/100 | Steps: 100 | Train BCE: 0.3362 | Train ΔAUPRC: +0.2767 | Val ΔAUPRC: +0.1573
Epoch  66/100 | Steps: 100 | Train BCE: 0.3184 | Train ΔAUPRC: +0.2785 | Val ΔAUPRC: +0.1534
Epoch  67/100 | Steps: 100 | Train BCE: 0.3172 | Train ΔAUPRC: +0.2804 | Val ΔAUPRC: +0.1458
Epoch  68/100 | Steps: 100 | Train BCE: 0.3394 | Train ΔAUPRC: +0.2854 | Val ΔAUPRC: +0.1495
Epoch  69/100 | Steps: 100 | Train BCE: 0.3276 | Train ΔAUPRC: +0.2771 | Val ΔAUPRC: +0.1553
Epoch  70/100 | Steps: 100 | Train BCE: 0.3320 | Train ΔAUPRC: +0.2764 | Val ΔAUPRC: +0.1656
Epoch  71/100 | Steps: 100 | Train BCE: 0.3339 | Train ΔAUPRC: +0.2765 | Val ΔAUPRC: +0.1605
Epoch  72/100 | Steps: 100 | Train BCE: 0.3262 | Train ΔAUPRC: +0.2852 | Val ΔAUPRC: +0.1578
Epoch  73/100 | Steps: 100 | Train BCE: 0.3200 | Train ΔAUPRC: +0.2795 | Val ΔAUPRC: +0.1379
Epoch  74/100 | Steps: 100 | Train BCE: 0.3153 | Train ΔAUPRC: +0.2967 | Val ΔAUPRC: +0.1606
Epoch  75/100 | Steps: 100 | Train BCE: 0.3202 | Train ΔAUPRC: +0.2903 | Val ΔAUPRC: +0.1478
Epoch  76/100 | Steps: 100 | Train BCE: 0.3274 | Train ΔAUPRC: +0.2803 | Val ΔAUPRC: +0.1683
  → Saved best model (Val ΔAUPRC: +0.1683)
Epoch  77/100 | Steps: 100 | Train BCE: 0.3040 | Train ΔAUPRC: +0.2936 | Val ΔAUPRC: +0.1511
Epoch  78/100 | Steps: 100 | Train BCE: 0.3133 | Train ΔAUPRC: +0.2886 | Val ΔAUPRC: +0.1687
  → Saved best model (Val ΔAUPRC: +0.1687)
Epoch  79/100 | Steps: 100 | Train BCE: 0.3152 | Train ΔAUPRC: +0.2970 | Val ΔAUPRC: +0.1588
Epoch  80/100 | Steps: 100 | Train BCE: 0.3136 | Train ΔAUPRC: +0.2893 | Val ΔAUPRC: +0.1454
Epoch  81/100 | Steps: 100 | Train BCE: 0.3099 | Train ΔAUPRC: +0.2883 | Val ΔAUPRC: +0.1588
Epoch  82/100 | Steps: 100 | Train BCE: 0.3169 | Train ΔAUPRC: +0.2936 | Val ΔAUPRC: +0.1654
Epoch  83/100 | Steps: 100 | Train BCE: 0.3132 | Train ΔAUPRC: +0.2848 | Val ΔAUPRC: +0.1592
Epoch  84/100 | Steps: 100 | Train BCE: 0.3143 | Train ΔAUPRC: +0.2925 | Val ΔAUPRC: +0.1498
Epoch  85/100 | Steps: 100 | Train BCE: 0.3265 | Train ΔAUPRC: +0.2919 | Val ΔAUPRC: +0.1454
Epoch  86/100 | Steps: 100 | Train BCE: 0.3085 | Train ΔAUPRC: +0.2915 | Val ΔAUPRC: +0.1564
Epoch  87/100 | Steps: 100 | Train BCE: 0.3108 | Train ΔAUPRC: +0.2997 | Val ΔAUPRC: +0.1619
Epoch  88/100 | Steps: 100 | Train BCE: 0.3070 | Train ΔAUPRC: +0.2884 | Val ΔAUPRC: +0.1571
Epoch  89/100 | Steps: 100 | Train BCE: 0.3083 | Train ΔAUPRC: +0.2942 | Val ΔAUPRC: +0.1588
Epoch  90/100 | Steps: 100 | Train BCE: 0.3077 | Train ΔAUPRC: +0.2918 | Val ΔAUPRC: +0.1430
Epoch  91/100 | Steps: 100 | Train BCE: 0.3126 | Train ΔAUPRC: +0.3022 | Val ΔAUPRC: +0.1581
Epoch  92/100 | Steps: 100 | Train BCE: 0.3106 | Train ΔAUPRC: +0.2967 | Val ΔAUPRC: +0.1632
Epoch  93/100 | Steps: 100 | Train BCE: 0.2963 | Train ΔAUPRC: +0.2877 | Val ΔAUPRC: +0.1565
Epoch  94/100 | Steps: 100 | Train BCE: 0.3058 | Train ΔAUPRC: +0.2952 | Val ΔAUPRC: +0.1656
Epoch  95/100 | Steps: 100 | Train BCE: 0.3113 | Train ΔAUPRC: +0.2909 | Val ΔAUPRC: +0.1662
Epoch  96/100 | Steps: 100 | Train BCE: 0.3110 | Train ΔAUPRC: +0.2912 | Val ΔAUPRC: +0.1491
Epoch  97/100 | Steps: 100 | Train BCE: 0.2924 | Train ΔAUPRC: +0.2993 | Val ΔAUPRC: +0.1686
Epoch  98/100 | Steps: 100 | Train BCE: 0.3067 | Train ΔAUPRC: +0.2962 | Val ΔAUPRC: +0.1556
Epoch  99/100 | Steps: 100 | Train BCE: 0.3111 | Train ΔAUPRC: +0.2897 | Val ΔAUPRC: +0.1725
  → Saved best model (Val ΔAUPRC: +0.1725)
Epoch 100/100 | Steps: 100 | Train BCE: 0.3001 | Train ΔAUPRC: +0.3042 | Val ΔAUPRC: +0.1578

Pretraining complete. Best Val ΔAUPRC: +0.1725
  RAM after pretrain: 1.3 GB

[3/4] Evaluating on DrugOOD...
  lbap_core_ic50_scaffold: train pool=22025, ood_test=19480, iid_test=31388
  lbap_core_ic50_size: train pool=37497, ood_test=16761, iid_test=12721
  lbap_core_ic50_assay: train pool=34953, ood_test=19463, iid_test=11960
  RAM after DrugOOD load: 3.6 GB
Loaded ecfp/classification model from epoch 99 (Val ΔAUPRC=+0.1725)
lbap_core_ic50_scaffold             | ctx=  16 | ood_test | ΔAUPRC: +0.0000±0.0000 | RMSE: nan | Spearman: nan
lbap_core_ic50_scaffold             | ctx=  16 | iid_test | ΔAUPRC: +0.0000±0.0000 | RMSE: nan | Spearman: nan
lbap_core_ic50_scaffold             | ctx=  32 | ood_test | ΔAUPRC: +0.0090±0.0128 | RMSE: nan | Spearman: nan
lbap_core_ic50_scaffold             | ctx=  32 | iid_test | ΔAUPRC: +0.0068±0.0097 | RMSE: nan | Spearman: nan
lbap_core_ic50_scaffold             | ctx=  64 | ood_test | ΔAUPRC: +0.0107±0.0083 | RMSE: nan | Spearman: nan
lbap_core_ic50_scaffold             | ctx=  64 | iid_test | ΔAUPRC: +0.0094±0.0069 | RMSE: nan | Spearman: nan
lbap_core_ic50_scaffold             | ctx= 128 | ood_test | ΔAUPRC: +0.0325±0.0042 | RMSE: nan | Spearman: nan
lbap_core_ic50_scaffold             | ctx= 128 | iid_test | ΔAUPRC: +0.0276±0.0013 | RMSE: nan | Spearman: nan
lbap_core_ic50_scaffold             | ctx= 256 | ood_test | ΔAUPRC: +0.0363±0.0036 | RMSE: nan | Spearman: nan
lbap_core_ic50_scaffold             | ctx= 256 | iid_test | ΔAUPRC: +0.0306±0.0013 | RMSE: nan | Spearman: nan
lbap_core_ic50_scaffold             | ctx= 512 | ood_test | ΔAUPRC: +0.0275±0.0097 | RMSE: nan | Spearman: nan
lbap_core_ic50_scaffold             | ctx= 512 | iid_test | ΔAUPRC: +0.0269±0.0037 | RMSE: nan | Spearman: nan
lbap_core_ic50_size                 | ctx=  16 | ood_test | ΔAUPRC: +0.0201±0.0141 | RMSE: nan | Spearman: nan
lbap_core_ic50_size                 | ctx=  16 | iid_test | ΔAUPRC: +0.0056±0.0096 | RMSE: nan | Spearman: nan
lbap_core_ic50_size                 | ctx=  32 | ood_test | ΔAUPRC: +0.0220±0.0029 | RMSE: nan | Spearman: nan
lbap_core_ic50_size                 | ctx=  32 | iid_test | ΔAUPRC: +0.0143±0.0068 | RMSE: nan | Spearman: nan
lbap_core_ic50_size                 | ctx=  64 | ood_test | ΔAUPRC: +0.0266±0.0208 | RMSE: nan | Spearman: nan
lbap_core_ic50_size                 | ctx=  64 | iid_test | ΔAUPRC: +0.0173±0.0056 | RMSE: nan | Spearman: nan
lbap_core_ic50_size                 | ctx= 128 | ood_test | ΔAUPRC: +0.0298±0.0135 | RMSE: nan | Spearman: nan
lbap_core_ic50_size                 | ctx= 128 | iid_test | ΔAUPRC: +0.0184±0.0040 | RMSE: nan | Spearman: nan
lbap_core_ic50_size                 | ctx= 256 | ood_test | ΔAUPRC: +0.0287±0.0027 | RMSE: nan | Spearman: nan
lbap_core_ic50_size                 | ctx= 256 | iid_test | ΔAUPRC: +0.0203±0.0018 | RMSE: nan | Spearman: nan
lbap_core_ic50_size                 | ctx= 512 | ood_test | ΔAUPRC: +0.0283±0.0024 | RMSE: nan | Spearman: nan
lbap_core_ic50_size                 | ctx= 512 | iid_test | ΔAUPRC: +0.0191±0.0030 | RMSE: nan | Spearman: nan
lbap_core_ic50_assay                | ctx=  16 | ood_test | ΔAUPRC: +0.0141±0.0187 | RMSE: nan | Spearman: nan
lbap_core_ic50_assay                | ctx=  16 | iid_test | ΔAUPRC: +0.0142±0.0172 | RMSE: nan | Spearman: nan
lbap_core_ic50_assay                | ctx=  32 | ood_test | ΔAUPRC: +0.0141±0.0159 | RMSE: nan | Spearman: nan
lbap_core_ic50_assay                | ctx=  32 | iid_test | ΔAUPRC: +0.0177±0.0088 | RMSE: nan | Spearman: nan
lbap_core_ic50_assay                | ctx=  64 | ood_test | ΔAUPRC: +0.0227±0.0121 | RMSE: nan | Spearman: nan
lbap_core_ic50_assay                | ctx=  64 | iid_test | ΔAUPRC: +0.0306±0.0085 | RMSE: nan | Spearman: nan
lbap_core_ic50_assay                | ctx= 128 | ood_test | ΔAUPRC: +0.0246±0.0049 | RMSE: nan | Spearman: nan
lbap_core_ic50_assay                | ctx= 128 | iid_test | ΔAUPRC: +0.0371±0.0036 | RMSE: nan | Spearman: nan
lbap_core_ic50_assay                | ctx= 256 | ood_test | ΔAUPRC: +0.0225±0.0134 | RMSE: nan | Spearman: nan
lbap_core_ic50_assay                | ctx= 256 | iid_test | ΔAUPRC: +0.0327±0.0077 | RMSE: nan | Spearman: nan
lbap_core_ic50_assay                | ctx= 512 | ood_test | ΔAUPRC: +0.0266±0.0068 | RMSE: nan | Spearman: nan
lbap_core_ic50_assay                | ctx= 512 | iid_test | ΔAUPRC: +0.0378±0.0031 | RMSE: nan | Spearman: nan
  Saved => /home/chjo00006/PTN/outputs/results/ecfp_classification_random_seed2/drugood_results.csv

=== DrugOOD results (long-form) ===
                    split_type query_set  context_set_size  actual_context_n  n_test  n_seeds  delta_auprc  delta_auprc_std  rmse  rmse_std  mae  spearman  spearman_std
index                                                                                                                                                                   
0      lbap_core_ic50_scaffold  ood_test                16                16   19480        3     0.000000         0.000000   NaN       NaN  NaN       NaN           NaN
1      lbap_core_ic50_scaffold  iid_test                16                16   31388        3     0.000000         0.000000   NaN       NaN  NaN       NaN           NaN
2      lbap_core_ic50_scaffold  ood_test                32                32   19480        3     0.009030         0.012770   NaN       NaN  NaN       NaN           NaN
3      lbap_core_ic50_scaffold  iid_test                32                32   31388        3     0.006846         0.009682   NaN       NaN  NaN       NaN           NaN
4      lbap_core_ic50_scaffold  ood_test                64                64   19480        3     0.010700         0.008312   NaN       NaN  NaN       NaN           NaN
5      lbap_core_ic50_scaffold  iid_test                64                64   31388        3     0.009445         0.006922   NaN       NaN  NaN       NaN           NaN
6      lbap_core_ic50_scaffold  ood_test               128               128   19480        3     0.032537         0.004243   NaN       NaN  NaN       NaN           NaN
7      lbap_core_ic50_scaffold  iid_test               128               128   31388        3     0.027572         0.001266   NaN       NaN  NaN       NaN           NaN
8      lbap_core_ic50_scaffold  ood_test               256               256   19480        3     0.036292         0.003646   NaN       NaN  NaN       NaN           NaN
9      lbap_core_ic50_scaffold  iid_test               256               256   31388        3     0.030558         0.001307   NaN       NaN  NaN       NaN           NaN
10     lbap_core_ic50_scaffold  ood_test               512               512   19480        3     0.027502         0.009728   NaN       NaN  NaN       NaN           NaN
11     lbap_core_ic50_scaffold  iid_test               512               512   31388        3     0.026867         0.003681   NaN       NaN  NaN       NaN           NaN
12         lbap_core_ic50_size  ood_test                16                16   16761        3     0.020114         0.014127   NaN       NaN  NaN       NaN           NaN
13         lbap_core_ic50_size  iid_test                16                16   12721        3     0.005626         0.009579   NaN       NaN  NaN       NaN           NaN
14         lbap_core_ic50_size  ood_test                32                32   16761        3     0.022040         0.002911   NaN       NaN  NaN       NaN           NaN
15         lbap_core_ic50_size  iid_test                32                32   12721        3     0.014309         0.006821   NaN       NaN  NaN       NaN           NaN
16         lbap_core_ic50_size  ood_test                64                64   16761        3     0.026557         0.020758   NaN       NaN  NaN       NaN           NaN
17         lbap_core_ic50_size  iid_test                64                64   12721        3     0.017291         0.005633   NaN       NaN  NaN       NaN           NaN
18         lbap_core_ic50_size  ood_test               128               128   16761        3     0.029808         0.013521   NaN       NaN  NaN       NaN           NaN
19         lbap_core_ic50_size  iid_test               128               128   12721        3     0.018449         0.004034   NaN       NaN  NaN       NaN           NaN
20         lbap_core_ic50_size  ood_test               256               256   16761        3     0.028653         0.002734   NaN       NaN  NaN       NaN           NaN
21         lbap_core_ic50_size  iid_test               256               256   12721        3     0.020327         0.001834   NaN       NaN  NaN       NaN           NaN
22         lbap_core_ic50_size  ood_test               512               512   16761        3     0.028326         0.002438   NaN       NaN  NaN       NaN           NaN
23         lbap_core_ic50_size  iid_test               512               512   12721        3     0.019099         0.003020   NaN       NaN  NaN       NaN           NaN
24        lbap_core_ic50_assay  ood_test                16                16   19463        3     0.014084         0.018684   NaN       NaN  NaN       NaN           NaN
25        lbap_core_ic50_assay  iid_test                16                16   11960        3     0.014217         0.017154   NaN       NaN  NaN       NaN           NaN
26        lbap_core_ic50_assay  ood_test                32                32   19463        3     0.014146         0.015869   NaN       NaN  NaN       NaN           NaN
27        lbap_core_ic50_assay  iid_test                32                32   11960        3     0.017719         0.008773   NaN       NaN  NaN       NaN           NaN
28        lbap_core_ic50_assay  ood_test                64                64   19463        3     0.022710         0.012104   NaN       NaN  NaN       NaN           NaN
29        lbap_core_ic50_assay  iid_test                64                64   11960        3     0.030621         0.008470   NaN       NaN  NaN       NaN           NaN
30        lbap_core_ic50_assay  ood_test               128               128   19463        3     0.024650         0.004919   NaN       NaN  NaN       NaN           NaN
31        lbap_core_ic50_assay  iid_test               128               128   11960        3     0.037053         0.003561   NaN       NaN  NaN       NaN           NaN
32        lbap_core_ic50_assay  ood_test               256               256   19463        3     0.022450         0.013444   NaN       NaN  NaN       NaN           NaN
33        lbap_core_ic50_assay  iid_test               256               256   11960        3     0.032677         0.007698   NaN       NaN  NaN       NaN           NaN
34        lbap_core_ic50_assay  ood_test               512               512   19463        3     0.026566         0.006820   NaN       NaN  NaN       NaN           NaN
35        lbap_core_ic50_assay  iid_test               512               512   11960        3     0.037804         0.003106   NaN       NaN  NaN       NaN           NaN

=== Summary: mean ΔAUPRC per split × query_set ===
split_type               query_set
lbap_core_ic50_assay     iid_test     0.0283
                         ood_test     0.0208
lbap_core_ic50_scaffold  iid_test     0.0169
                         ood_test     0.0193
lbap_core_ic50_size      iid_test     0.0159
                         ood_test     0.0259
Name: delta_auprc, dtype: float64

[4/4] FS-Mol test evaluation...

  [4a] Inside-task OOD (scaffold split, n_support=16)...
  Loading assay 1/157...
============================================================
  Data-loss report: test/
============================================================
  Molecules in raw files        :     56,220
  -- Dropped (inexact Relation) :     12,429  (22.1%)
  -- Dropped (bad/missing fields):       129  (0.2%)
  -- Dropped (task too small)   :          0  (0.0%)
  ----------------------------------------
  Total molecules lost          :     12,558  (22.3%)
  Molecules used for training   :     43,662  (77.7%)
  ---
  Tasks in directory            :        157
  Tasks dropped (<32 molecules)  :          3  (1.9%)
  Tasks kept                    :        154  (98.1%)
============================================================
  Test assays loaded: 154

Inside-task OOD: 153 assays evaluated, 1 skipped (no scaffold group with ≥3 molecules).
  Mean Spearman : nan  (0/153 assays non-nan)
  Mean RMSE     : nan
  Mean ΔAUPRC   : 0.0208
  Saved => /home/chjo00006/PTN/outputs/results/ecfp_classification_random_seed2/inside_task_ood.csv

  [4b] Support-size sweep (random / scaffold / size splits)...

  -- split_type = random --
  [random] 20/154 assays...  [random] 40/154 assays...  [random] 60/154 assays...  [random] 80/154 assays...  [random] 100/154 assays...  [random] 120/154 assays...  [random] 140/154 assays...
  Done [random]. 154 assays × 6 support sizes.

=== FS-Mol Test [random]: mean metrics per support size ===
              delta_auprc  spearman  rmse
support_size                             
16                 0.1235       NaN   NaN
32                 0.1384       NaN   NaN
64                 0.1567       NaN   NaN
128                0.1823       NaN   NaN
256                0.0809       NaN   NaN
512                0.0710       NaN   NaN
  Predictions saved → /home/chjo00006/PTN/outputs/results/ecfp_classification_random_seed2/fsmol_test_predictions_random.csv  (825,490 rows)

  -- split_type = scaffold --
  [scaffold] 60/154 assays...  [scaffold] 80/154 assays...  [scaffold] 100/154 assays...  [scaffold] 120/154 assays...  [scaffold] 140/154 assays...
  Done [scaffold]. 144 assays × 6 support sizes.

=== FS-Mol Test [scaffold]: mean metrics per support size ===
              delta_auprc  spearman  rmse
support_size                             
16                 0.0614       NaN   NaN
32                 0.0568       NaN   NaN
64                 0.0574       NaN   NaN
128                0.0613       NaN   NaN
256                0.0040       NaN   NaN
512                0.0060       NaN   NaN
  Predictions saved → /home/chjo00006/PTN/outputs/results/ecfp_classification_random_seed2/fsmol_test_predictions_scaffold.csv  (1,022,570 rows)

  -- split_type = size --
  [size] 20/154 assays...  [size] 40/154 assays...  [size] 60/154 assays...  [size] 80/154 assays...  [size] 100/154 assays...  [size] 120/154 assays...  [size] 140/154 assays...
  Done [size]. 154 assays × 6 support sizes.

=== FS-Mol Test [size]: mean metrics per support size ===
              delta_auprc  spearman  rmse
support_size                             
16                 0.1068       NaN   NaN
32                 0.1218       NaN   NaN
64                 0.1286       NaN   NaN
128                0.1319       NaN   NaN
256                0.0358       NaN   NaN
512                0.0465       NaN   NaN
  Predictions saved → /home/chjo00006/PTN/outputs/results/ecfp_classification_random_seed2/fsmol_test_predictions_size.csv  (536,650 rows)

  All 3 curves saved => /home/chjo00006/PTN/outputs/results/ecfp_classification_random_seed2/fsmol_test_results.csv

=== FS-Mol Test: mean ΔAUPRC and N assays per split_type × support_size ===
                         delta_auprc  n_assays
split_type support_size                       
random     16                 0.1235       154
           32                 0.1384       154
           64                 0.1567       153
           128                0.1823       148
           256                0.0809        29
           512                0.0710        11
scaffold   16                 0.0614       144
           32                 0.0568       144
           64                 0.0574       144
           128                0.0613       142
           256                0.0040        29
           512                0.0060        11
size       16                 0.1068       154
           32                 0.1218       154
           64                 0.1286       153
           128                0.1319       148
           256                0.0358        29
           512                0.0465        11
