============================================================
Prototypical Network: Molecular OOD
  encoder=fsmol_gnn  head=classification  split=random  seed=0
  run_tag => fsmol_gnn_classification_random_seed0
  checkpoint => /home/chjo00006/PTN/checkpoints/ptn_fsmol_gnn_classification_random_seed0.pt
============================================================

[1/4] Indexing FS-Mol files...
  Train: 26868  Val: 40  Test: 157
  RAM: 0.5 GB

[2/4] Pretraining on FS-Mol...
  Computing FS-Mol degree histogram for PNA scalers...
  FS-Mol degree histogram over 34670 molecules (500 assays).
Training on: cuda
  Streaming GNN dataset: 26868 training files, n_support=64
  Streaming GNN dataset: 40 training files, n_support=64
  AMP dtype: torch.bfloat16 (bf16 supported: True)
  Epochs: 100  |  Tasks/step: 16  |  LR: 0.0001
  Train files: 26868  |  Val files: 40
  Episodes/epoch: 1600  |  Steps/epoch: ~100
Epoch   1/100 | Steps: 100 | Train BCE: 1.6356 | Train ΔAUPRC: +0.0922 | Val ΔAUPRC: +0.0931
  → Saved best model (Val ΔAUPRC: +0.0931)
Epoch   2/100 | Steps: 100 | Train BCE: 0.4626 | Train ΔAUPRC: +0.1412 | Val ΔAUPRC: +0.0956
  → Saved best model (Val ΔAUPRC: +0.0956)
Epoch   3/100 | Steps: 100 | Train BCE: 0.4453 | Train ΔAUPRC: +0.1640 | Val ΔAUPRC: +0.0973
  → Saved best model (Val ΔAUPRC: +0.0973)
Epoch   4/100 | Steps: 100 | Train BCE: 0.4500 | Train ΔAUPRC: +0.1700 | Val ΔAUPRC: +0.1197
  → Saved best model (Val ΔAUPRC: +0.1197)
Epoch   5/100 | Steps: 100 | Train BCE: 0.4189 | Train ΔAUPRC: +0.1725 | Val ΔAUPRC: +0.1042
Epoch   6/100 | Steps: 100 | Train BCE: 0.4278 | Train ΔAUPRC: +0.1602 | Val ΔAUPRC: +0.1307
  → Saved best model (Val ΔAUPRC: +0.1307)
Epoch   7/100 | Steps: 100 | Train BCE: 0.4208 | Train ΔAUPRC: +0.1773 | Val ΔAUPRC: +0.1184
Epoch   8/100 | Steps: 100 | Train BCE: 0.4170 | Train ΔAUPRC: +0.1703 | Val ΔAUPRC: +0.1426
  → Saved best model (Val ΔAUPRC: +0.1426)
Epoch   9/100 | Steps: 100 | Train BCE: 0.4011 | Train ΔAUPRC: +0.1845 | Val ΔAUPRC: +0.1402
Epoch  10/100 | Steps: 100 | Train BCE: 0.4227 | Train ΔAUPRC: +0.1898 | Val ΔAUPRC: +0.1481
  → Saved best model (Val ΔAUPRC: +0.1481)
Epoch  11/100 | Steps: 100 | Train BCE: 0.4005 | Train ΔAUPRC: +0.1916 | Val ΔAUPRC: +0.1520
  → Saved best model (Val ΔAUPRC: +0.1520)
Epoch  12/100 | Steps: 100 | Train BCE: 0.3957 | Train ΔAUPRC: +0.1860 | Val ΔAUPRC: +0.1464
Epoch  13/100 | Steps: 100 | Train BCE: 0.3977 | Train ΔAUPRC: +0.1972 | Val ΔAUPRC: +0.1553
  → Saved best model (Val ΔAUPRC: +0.1553)
Epoch  14/100 | Steps: 100 | Train BCE: 0.3973 | Train ΔAUPRC: +0.1930 | Val ΔAUPRC: +0.1458
Epoch  15/100 | Steps: 100 | Train BCE: 0.3941 | Train ΔAUPRC: +0.1961 | Val ΔAUPRC: +0.1629
  → Saved best model (Val ΔAUPRC: +0.1629)
Epoch  16/100 | Steps: 100 | Train BCE: 0.4102 | Train ΔAUPRC: +0.2018 | Val ΔAUPRC: +0.1621
Epoch  17/100 | Steps: 100 | Train BCE: 0.3789 | Train ΔAUPRC: +0.1964 | Val ΔAUPRC: +0.1705
  → Saved best model (Val ΔAUPRC: +0.1705)
Epoch  18/100 | Steps: 100 | Train BCE: 0.3915 | Train ΔAUPRC: +0.1965 | Val ΔAUPRC: +0.1692
Epoch  19/100 | Steps: 100 | Train BCE: 0.3721 | Train ΔAUPRC: +0.1994 | Val ΔAUPRC: +0.1650
Epoch  20/100 | Steps: 100 | Train BCE: 0.3755 | Train ΔAUPRC: +0.2030 | Val ΔAUPRC: +0.1660
Epoch  21/100 | Steps: 100 | Train BCE: 0.3708 | Train ΔAUPRC: +0.2110 | Val ΔAUPRC: +0.1688
Epoch  22/100 | Steps: 100 | Train BCE: 0.3793 | Train ΔAUPRC: +0.2036 | Val ΔAUPRC: +0.1561
Epoch  23/100 | Steps: 100 | Train BCE: 0.3915 | Train ΔAUPRC: +0.2027 | Val ΔAUPRC: +0.1846
  → Saved best model (Val ΔAUPRC: +0.1846)
Epoch  24/100 | Steps: 100 | Train BCE: 0.3569 | Train ΔAUPRC: +0.2092 | Val ΔAUPRC: +0.1703
Epoch  25/100 | Steps: 100 | Train BCE: 0.3680 | Train ΔAUPRC: +0.2108 | Val ΔAUPRC: +0.1665
Epoch  26/100 | Steps: 100 | Train BCE: 0.3689 | Train ΔAUPRC: +0.2111 | Val ΔAUPRC: +0.1736
Epoch  27/100 | Steps: 100 | Train BCE: 0.3606 | Train ΔAUPRC: +0.2127 | Val ΔAUPRC: +0.1873
  → Saved best model (Val ΔAUPRC: +0.1873)
Epoch  28/100 | Steps: 100 | Train BCE: 0.3621 | Train ΔAUPRC: +0.2134 | Val ΔAUPRC: +0.1812
Epoch  29/100 | Steps: 100 | Train BCE: 0.3671 | Train ΔAUPRC: +0.2176 | Val ΔAUPRC: +0.1751
Epoch  30/100 | Steps: 100 | Train BCE: 0.3600 | Train ΔAUPRC: +0.2161 | Val ΔAUPRC: +0.1848
Epoch  31/100 | Steps: 100 | Train BCE: 0.3596 | Train ΔAUPRC: +0.2257 | Val ΔAUPRC: +0.1962
  → Saved best model (Val ΔAUPRC: +0.1962)
Epoch  32/100 | Steps: 100 | Train BCE: 0.3650 | Train ΔAUPRC: +0.2180 | Val ΔAUPRC: +0.1879
Epoch  33/100 | Steps: 100 | Train BCE: 0.3509 | Train ΔAUPRC: +0.2163 | Val ΔAUPRC: +0.1873
Epoch  34/100 | Steps: 100 | Train BCE: 0.3624 | Train ΔAUPRC: +0.2300 | Val ΔAUPRC: +0.1859
Epoch  35/100 | Steps: 100 | Train BCE: 0.3623 | Train ΔAUPRC: +0.2203 | Val ΔAUPRC: +0.1899
Epoch  36/100 | Steps: 100 | Train BCE: 0.3567 | Train ΔAUPRC: +0.2214 | Val ΔAUPRC: +0.1778
Epoch  37/100 | Steps: 100 | Train BCE: 0.3509 | Train ΔAUPRC: +0.2240 | Val ΔAUPRC: +0.1948
Epoch  38/100 | Steps: 100 | Train BCE: 0.3474 | Train ΔAUPRC: +0.2330 | Val ΔAUPRC: +0.1849
Epoch  39/100 | Steps: 100 | Train BCE: 0.3607 | Train ΔAUPRC: +0.2190 | Val ΔAUPRC: +0.1974
  → Saved best model (Val ΔAUPRC: +0.1974)
Epoch  40/100 | Steps: 100 | Train BCE: 0.3622 | Train ΔAUPRC: +0.2251 | Val ΔAUPRC: +0.1874
Epoch  41/100 | Steps: 100 | Train BCE: 0.3505 | Train ΔAUPRC: +0.2119 | Val ΔAUPRC: +0.1955
Epoch  42/100 | Steps: 100 | Train BCE: 0.3575 | Train ΔAUPRC: +0.2234 | Val ΔAUPRC: +0.1761
Epoch  43/100 | Steps: 100 | Train BCE: 0.3484 | Train ΔAUPRC: +0.2348 | Val ΔAUPRC: +0.1919
Epoch  44/100 | Steps: 100 | Train BCE: 0.3540 | Train ΔAUPRC: +0.2245 | Val ΔAUPRC: +0.1723
Epoch  45/100 | Steps: 100 | Train BCE: 0.3535 | Train ΔAUPRC: +0.2379 | Val ΔAUPRC: +0.2070
  → Saved best model (Val ΔAUPRC: +0.2070)
Epoch  46/100 | Steps: 100 | Train BCE: 0.3442 | Train ΔAUPRC: +0.2362 | Val ΔAUPRC: +0.1881
Epoch  47/100 | Steps: 100 | Train BCE: 0.3476 | Train ΔAUPRC: +0.2288 | Val ΔAUPRC: +0.1935
Epoch  48/100 | Steps: 100 | Train BCE: 0.3438 | Train ΔAUPRC: +0.2397 | Val ΔAUPRC: +0.2045
Epoch  49/100 | Steps: 100 | Train BCE: 0.3416 | Train ΔAUPRC: +0.2426 | Val ΔAUPRC: +0.1962
Epoch  50/100 | Steps: 100 | Train BCE: 0.3359 | Train ΔAUPRC: +0.2347 | Val ΔAUPRC: +0.1993
Epoch  51/100 | Steps: 100 | Train BCE: 0.3469 | Train ΔAUPRC: +0.2386 | Val ΔAUPRC: +0.1951
Epoch  52/100 | Steps: 100 | Train BCE: 0.3459 | Train ΔAUPRC: +0.2367 | Val ΔAUPRC: +0.1972
Epoch  53/100 | Steps: 100 | Train BCE: 0.3265 | Train ΔAUPRC: +0.2367 | Val ΔAUPRC: +0.1853
Epoch  54/100 | Steps: 100 | Train BCE: 0.3446 | Train ΔAUPRC: +0.2357 | Val ΔAUPRC: +0.1779
Epoch  55/100 | Steps: 100 | Train BCE: 0.3407 | Train ΔAUPRC: +0.2400 | Val ΔAUPRC: +0.1875
Epoch  56/100 | Steps: 100 | Train BCE: 0.3385 | Train ΔAUPRC: +0.2346 | Val ΔAUPRC: +0.1916
Epoch  57/100 | Steps: 100 | Train BCE: 0.3390 | Train ΔAUPRC: +0.2381 | Val ΔAUPRC: +0.1924
Epoch  58/100 | Steps: 100 | Train BCE: 0.3424 | Train ΔAUPRC: +0.2415 | Val ΔAUPRC: +0.1894
Epoch  59/100 | Steps: 100 | Train BCE: 0.3382 | Train ΔAUPRC: +0.2461 | Val ΔAUPRC: +0.1952
Epoch  60/100 | Steps: 100 | Train BCE: 0.3326 | Train ΔAUPRC: +0.2451 | Val ΔAUPRC: +0.1983
Epoch  61/100 | Steps: 100 | Train BCE: 0.3390 | Train ΔAUPRC: +0.2418 | Val ΔAUPRC: +0.1897
Epoch  62/100 | Steps: 100 | Train BCE: 0.3354 | Train ΔAUPRC: +0.2388 | Val ΔAUPRC: +0.1904
Epoch  63/100 | Steps: 100 | Train BCE: 0.3463 | Train ΔAUPRC: +0.2480 | Val ΔAUPRC: +0.1925
Epoch  64/100 | Steps: 100 | Train BCE: 0.3307 | Train ΔAUPRC: +0.2461 | Val ΔAUPRC: +0.1947
Epoch  65/100 | Steps: 100 | Train BCE: 0.3392 | Train ΔAUPRC: +0.2425 | Val ΔAUPRC: +0.2051
Epoch  66/100 | Steps: 100 | Train BCE: 0.3344 | Train ΔAUPRC: +0.2490 | Val ΔAUPRC: +0.1910
Epoch  67/100 | Steps: 100 | Train BCE: 0.3426 | Train ΔAUPRC: +0.2352 | Val ΔAUPRC: +0.2060
Epoch  68/100 | Steps: 100 | Train BCE: 0.3362 | Train ΔAUPRC: +0.2424 | Val ΔAUPRC: +0.2043
Epoch  69/100 | Steps: 100 | Train BCE: 0.3326 | Train ΔAUPRC: +0.2469 | Val ΔAUPRC: +0.1986
Epoch  70/100 | Steps: 100 | Train BCE: 0.3504 | Train ΔAUPRC: +0.2447 | Val ΔAUPRC: +0.2093
  → Saved best model (Val ΔAUPRC: +0.2093)
Epoch  71/100 | Steps: 100 | Train BCE: 0.3352 | Train ΔAUPRC: +0.2446 | Val ΔAUPRC: +0.2053
Epoch  72/100 | Steps: 100 | Train BCE: 0.3295 | Train ΔAUPRC: +0.2391 | Val ΔAUPRC: +0.1942
Epoch  73/100 | Steps: 100 | Train BCE: 0.3355 | Train ΔAUPRC: +0.2422 | Val ΔAUPRC: +0.2018
Epoch  74/100 | Steps: 100 | Train BCE: 0.3301 | Train ΔAUPRC: +0.2413 | Val ΔAUPRC: +0.2140
  → Saved best model (Val ΔAUPRC: +0.2140)
Epoch  75/100 | Steps: 100 | Train BCE: 0.3407 | Train ΔAUPRC: +0.2519 | Val ΔAUPRC: +0.2045
Epoch  76/100 | Steps: 100 | Train BCE: 0.3381 | Train ΔAUPRC: +0.2401 | Val ΔAUPRC: +0.2048
Epoch  77/100 | Steps: 100 | Train BCE: 0.3343 | Train ΔAUPRC: +0.2435 | Val ΔAUPRC: +0.2059
Epoch  78/100 | Steps: 100 | Train BCE: 0.3246 | Train ΔAUPRC: +0.2463 | Val ΔAUPRC: +0.1988
Epoch  79/100 | Steps: 100 | Train BCE: 0.3248 | Train ΔAUPRC: +0.2504 | Val ΔAUPRC: +0.2017
Epoch  80/100 | Steps: 100 | Train BCE: 0.3334 | Train ΔAUPRC: +0.2455 | Val ΔAUPRC: +0.2077
Epoch  81/100 | Steps: 100 | Train BCE: 0.3289 | Train ΔAUPRC: +0.2463 | Val ΔAUPRC: +0.2037
Epoch  82/100 | Steps: 100 | Train BCE: 0.3326 | Train ΔAUPRC: +0.2476 | Val ΔAUPRC: +0.1978
Epoch  83/100 | Steps: 100 | Train BCE: 0.3367 | Train ΔAUPRC: +0.2443 | Val ΔAUPRC: +0.1907
Epoch  84/100 | Steps: 100 | Train BCE: 0.3363 | Train ΔAUPRC: +0.2461 | Val ΔAUPRC: +0.1972
Epoch  85/100 | Steps: 100 | Train BCE: 0.3374 | Train ΔAUPRC: +0.2461 | Val ΔAUPRC: +0.1922
Epoch  86/100 | Steps: 100 | Train BCE: 0.3298 | Train ΔAUPRC: +0.2492 | Val ΔAUPRC: +0.1945
Epoch  87/100 | Steps: 100 | Train BCE: 0.3343 | Train ΔAUPRC: +0.2389 | Val ΔAUPRC: +0.1951
Epoch  88/100 | Steps: 100 | Train BCE: 0.3351 | Train ΔAUPRC: +0.2473 | Val ΔAUPRC: +0.1941
Epoch  89/100 | Steps: 100 | Train BCE: 0.3157 | Train ΔAUPRC: +0.2423 | Val ΔAUPRC: +0.1881
Epoch  90/100 | Steps: 100 | Train BCE: 0.3213 | Train ΔAUPRC: +0.2521 | Val ΔAUPRC: +0.2029
Epoch  91/100 | Steps: 100 | Train BCE: 0.3322 | Train ΔAUPRC: +0.2546 | Val ΔAUPRC: +0.2032
Epoch  92/100 | Steps: 100 | Train BCE: 0.3342 | Train ΔAUPRC: +0.2554 | Val ΔAUPRC: +0.1944
Epoch  93/100 | Steps: 100 | Train BCE: 0.3226 | Train ΔAUPRC: +0.2445 | Val ΔAUPRC: +0.2062
Epoch  94/100 | Steps: 100 | Train BCE: 0.3230 | Train ΔAUPRC: +0.2537 | Val ΔAUPRC: +0.1955
Epoch  95/100 | Steps: 100 | Train BCE: 0.3259 | Train ΔAUPRC: +0.2513 | Val ΔAUPRC: +0.1968
Epoch  96/100 | Steps: 100 | Train BCE: 0.3338 | Train ΔAUPRC: +0.2530 | Val ΔAUPRC: +0.1886
Epoch  97/100 | Steps: 100 | Train BCE: 0.3283 | Train ΔAUPRC: +0.2529 | Val ΔAUPRC: +0.1984
Epoch  98/100 | Steps: 100 | Train BCE: 0.3276 | Train ΔAUPRC: +0.2511 | Val ΔAUPRC: +0.2152
  → Saved best model (Val ΔAUPRC: +0.2152)
Epoch  99/100 | Steps: 100 | Train BCE: 0.3252 | Train ΔAUPRC: +0.2499 | Val ΔAUPRC: +0.2137
Epoch 100/100 | Steps: 100 | Train BCE: 0.3293 | Train ΔAUPRC: +0.2514 | Val ΔAUPRC: +0.1954

Pretraining complete. Best Val ΔAUPRC: +0.2152
  RAM after pretrain: 1.2 GB

[3/4] Evaluating on DrugOOD...
  lbap_core_ic50_scaffold: train pool=22025, ood_test=19480, iid_test=31388
  lbap_core_ic50_size: train pool=37497, ood_test=16761, iid_test=12721
  lbap_core_ic50_assay: train pool=34953, ood_test=19463, iid_test=11960
  RAM after DrugOOD load: 3.6 GB
Loaded fsmol_gnn/classification model from epoch 98 (Val ΔAUPRC=+0.2152)
lbap_core_ic50_scaffold             | ctx=  16 | ood_test | ΔAUPRC: +0.0000±0.0000 | RMSE: nan | Spearman: nan
lbap_core_ic50_scaffold             | ctx=  16 | iid_test | ΔAUPRC: +0.0000±0.0000 | RMSE: nan | Spearman: nan
lbap_core_ic50_scaffold             | ctx=  32 | ood_test | ΔAUPRC: +0.0167±0.0236 | RMSE: nan | Spearman: nan
lbap_core_ic50_scaffold             | ctx=  32 | iid_test | ΔAUPRC: +0.0096±0.0136 | RMSE: nan | Spearman: nan
lbap_core_ic50_scaffold             | ctx=  64 | ood_test | ΔAUPRC: +0.0190±0.0170 | RMSE: nan | Spearman: nan
lbap_core_ic50_scaffold             | ctx=  64 | iid_test | ΔAUPRC: +0.0145±0.0112 | RMSE: nan | Spearman: nan
lbap_core_ic50_scaffold             | ctx= 128 | ood_test | ΔAUPRC: +0.0400±0.0159 | RMSE: nan | Spearman: nan
lbap_core_ic50_scaffold             | ctx= 128 | iid_test | ΔAUPRC: +0.0265±0.0070 | RMSE: nan | Spearman: nan
lbap_core_ic50_scaffold             | ctx= 256 | ood_test | ΔAUPRC: +0.0562±0.0134 | RMSE: nan | Spearman: nan
lbap_core_ic50_scaffold             | ctx= 256 | iid_test | ΔAUPRC: +0.0355±0.0101 | RMSE: nan | Spearman: nan
lbap_core_ic50_scaffold             | ctx= 512 | ood_test | ΔAUPRC: +0.0543±0.0164 | RMSE: nan | Spearman: nan
lbap_core_ic50_scaffold             | ctx= 512 | iid_test | ΔAUPRC: +0.0428±0.0050 | RMSE: nan | Spearman: nan
lbap_core_ic50_size                 | ctx=  16 | ood_test | ΔAUPRC: +0.0232±0.0062 | RMSE: nan | Spearman: nan
lbap_core_ic50_size                 | ctx=  16 | iid_test | ΔAUPRC: +0.0057±0.0065 | RMSE: nan | Spearman: nan
lbap_core_ic50_size                 | ctx=  32 | ood_test | ΔAUPRC: +0.0123±0.0096 | RMSE: nan | Spearman: nan
lbap_core_ic50_size                 | ctx=  32 | iid_test | ΔAUPRC: +0.0082±0.0033 | RMSE: nan | Spearman: nan
lbap_core_ic50_size                 | ctx=  64 | ood_test | ΔAUPRC: +0.0120±0.0046 | RMSE: nan | Spearman: nan
lbap_core_ic50_size                 | ctx=  64 | iid_test | ΔAUPRC: +0.0088±0.0023 | RMSE: nan | Spearman: nan
lbap_core_ic50_size                 | ctx= 128 | ood_test | ΔAUPRC: +0.0188±0.0153 | RMSE: nan | Spearman: nan
lbap_core_ic50_size                 | ctx= 128 | iid_test | ΔAUPRC: +0.0171±0.0068 | RMSE: nan | Spearman: nan
lbap_core_ic50_size                 | ctx= 256 | ood_test | ΔAUPRC: +0.0396±0.0086 | RMSE: nan | Spearman: nan
lbap_core_ic50_size                 | ctx= 256 | iid_test | ΔAUPRC: +0.0303±0.0020 | RMSE: nan | Spearman: nan
lbap_core_ic50_size                 | ctx= 512 | ood_test | ΔAUPRC: +0.0493±0.0030 | RMSE: nan | Spearman: nan
lbap_core_ic50_size                 | ctx= 512 | iid_test | ΔAUPRC: +0.0365±0.0002 | RMSE: nan | Spearman: nan
lbap_core_ic50_assay                | ctx=  16 | ood_test | ΔAUPRC: +0.0157±0.0102 | RMSE: nan | Spearman: nan
lbap_core_ic50_assay                | ctx=  16 | iid_test | ΔAUPRC: +0.0219±0.0139 | RMSE: nan | Spearman: nan
lbap_core_ic50_assay                | ctx=  32 | ood_test | ΔAUPRC: +0.0103±0.0140 | RMSE: nan | Spearman: nan
lbap_core_ic50_assay                | ctx=  32 | iid_test | ΔAUPRC: +0.0195±0.0167 | RMSE: nan | Spearman: nan
lbap_core_ic50_assay                | ctx=  64 | ood_test | ΔAUPRC: +0.0380±0.0060 | RMSE: nan | Spearman: nan
lbap_core_ic50_assay                | ctx=  64 | iid_test | ΔAUPRC: +0.0501±0.0055 | RMSE: nan | Spearman: nan
lbap_core_ic50_assay                | ctx= 128 | ood_test | ΔAUPRC: +0.0503±0.0037 | RMSE: nan | Spearman: nan
lbap_core_ic50_assay                | ctx= 128 | iid_test | ΔAUPRC: +0.0633±0.0025 | RMSE: nan | Spearman: nan
lbap_core_ic50_assay                | ctx= 256 | ood_test | ΔAUPRC: +0.0513±0.0032 | RMSE: nan | Spearman: nan
lbap_core_ic50_assay                | ctx= 256 | iid_test | ΔAUPRC: +0.0672±0.0023 | RMSE: nan | Spearman: nan
lbap_core_ic50_assay                | ctx= 512 | ood_test | ΔAUPRC: +0.0598±0.0016 | RMSE: nan | Spearman: nan
lbap_core_ic50_assay                | ctx= 512 | iid_test | ΔAUPRC: +0.0745±0.0060 | RMSE: nan | Spearman: nan
