============================================================
Prototypical Network: Molecular OOD
  encoder=ecfp  head=classification  split=shift_aware
  run_tag => ecfp_classification_shift_aware
  checkpoint => /home/chjo00006/PTN/checkpoints/ptn_ecfp_classification_shift_aware.pt
============================================================

[1/4] Indexing FS-Mol files...
  Train: 26868  Val: 40  Test: 157
  RAM: 0.5 GB

[2/4] Pretraining on FS-Mol...
Training on: cuda
  Streaming ECFP dataset: 26868 training files, min 64 molecules per assay
  Streaming ECFP dataset: 40 training files, min 64 molecules per assay
  Epochs: 100  |  Tasks/step: 16  |  LR: 0.001
  Train files: 26868  |  Val files: 40
  Episodes/epoch: 1600  |  Steps/epoch: ~100
Epoch   1/100 | Steps: 100 | Train BCE: 0.4210 | Train ΔAUPRC: +0.1483 | Val ΔAUPRC: +0.1045
  → Saved best model (Val ΔAUPRC: +0.1045)
Epoch   2/100 | Steps: 100 | Train BCE: 0.4025 | Train ΔAUPRC: +0.1688 | Val ΔAUPRC: +0.1141
  → Saved best model (Val ΔAUPRC: +0.1141)
Epoch   3/100 | Steps: 100 | Train BCE: 0.4186 | Train ΔAUPRC: +0.1727 | Val ΔAUPRC: +0.1305
  → Saved best model (Val ΔAUPRC: +0.1305)
Epoch   4/100 | Steps: 100 | Train BCE: 0.4025 | Train ΔAUPRC: +0.1771 | Val ΔAUPRC: +0.1357
  → Saved best model (Val ΔAUPRC: +0.1357)
Epoch   5/100 | Steps: 100 | Train BCE: 0.4077 | Train ΔAUPRC: +0.1873 | Val ΔAUPRC: +0.1344
Epoch   6/100 | Steps: 100 | Train BCE: 0.3977 | Train ΔAUPRC: +0.1861 | Val ΔAUPRC: +0.1466
  → Saved best model (Val ΔAUPRC: +0.1466)
Epoch   7/100 | Steps: 100 | Train BCE: 0.4095 | Train ΔAUPRC: +0.1830 | Val ΔAUPRC: +0.1257
Epoch   8/100 | Steps: 100 | Train BCE: 0.4036 | Train ΔAUPRC: +0.1924 | Val ΔAUPRC: +0.1435
Epoch   9/100 | Steps: 100 | Train BCE: 0.4024 | Train ΔAUPRC: +0.1898 | Val ΔAUPRC: +0.1490
  → Saved best model (Val ΔAUPRC: +0.1490)
Epoch  10/100 | Steps: 100 | Train BCE: 0.3796 | Train ΔAUPRC: +0.2069 | Val ΔAUPRC: +0.1517
  → Saved best model (Val ΔAUPRC: +0.1517)
Epoch  11/100 | Steps: 100 | Train BCE: 0.3987 | Train ΔAUPRC: +0.1979 | Val ΔAUPRC: +0.1424
Epoch  12/100 | Steps: 100 | Train BCE: 0.3900 | Train ΔAUPRC: +0.1996 | Val ΔAUPRC: +0.1474
Epoch  13/100 | Steps: 100 | Train BCE: 0.3840 | Train ΔAUPRC: +0.2030 | Val ΔAUPRC: +0.1474
Epoch  14/100 | Steps: 100 | Train BCE: 0.3811 | Train ΔAUPRC: +0.2111 | Val ΔAUPRC: +0.1436
Epoch  15/100 | Steps: 100 | Train BCE: 0.3802 | Train ΔAUPRC: +0.2094 | Val ΔAUPRC: +0.1180
Epoch  16/100 | Steps: 100 | Train BCE: 0.3808 | Train ΔAUPRC: +0.2181 | Val ΔAUPRC: +0.1393
Epoch  17/100 | Steps: 100 | Train BCE: 0.3806 | Train ΔAUPRC: +0.2134 | Val ΔAUPRC: +0.1323
Epoch  18/100 | Steps: 100 | Train BCE: 0.3777 | Train ΔAUPRC: +0.2160 | Val ΔAUPRC: +0.1382
Epoch  19/100 | Steps: 100 | Train BCE: 0.3702 | Train ΔAUPRC: +0.2162 | Val ΔAUPRC: +0.1493
Epoch  20/100 | Steps: 100 | Train BCE: 0.3734 | Train ΔAUPRC: +0.2113 | Val ΔAUPRC: +0.1491
Epoch  21/100 | Steps: 100 | Train BCE: 0.3707 | Train ΔAUPRC: +0.2287 | Val ΔAUPRC: +0.1504
Epoch  22/100 | Steps: 100 | Train BCE: 0.3701 | Train ΔAUPRC: +0.2273 | Val ΔAUPRC: +0.1408
Epoch  23/100 | Steps: 100 | Train BCE: 0.3628 | Train ΔAUPRC: +0.2269 | Val ΔAUPRC: +0.1532
  → Saved best model (Val ΔAUPRC: +0.1532)
Epoch  24/100 | Steps: 100 | Train BCE: 0.3653 | Train ΔAUPRC: +0.2318 | Val ΔAUPRC: +0.1541
  → Saved best model (Val ΔAUPRC: +0.1541)
Epoch  25/100 | Steps: 100 | Train BCE: 0.3768 | Train ΔAUPRC: +0.2297 | Val ΔAUPRC: +0.1480
Epoch  26/100 | Steps: 100 | Train BCE: 0.3594 | Train ΔAUPRC: +0.2383 | Val ΔAUPRC: +0.1336
Epoch  27/100 | Steps: 100 | Train BCE: 0.3582 | Train ΔAUPRC: +0.2393 | Val ΔAUPRC: +0.1559
  → Saved best model (Val ΔAUPRC: +0.1559)
Epoch  28/100 | Steps: 100 | Train BCE: 0.3761 | Train ΔAUPRC: +0.2453 | Val ΔAUPRC: +0.1364
Epoch  29/100 | Steps: 100 | Train BCE: 0.3586 | Train ΔAUPRC: +0.2502 | Val ΔAUPRC: +0.1407
Epoch  30/100 | Steps: 100 | Train BCE: 0.3535 | Train ΔAUPRC: +0.2332 | Val ΔAUPRC: +0.1502
Epoch  31/100 | Steps: 100 | Train BCE: 0.3555 | Train ΔAUPRC: +0.2466 | Val ΔAUPRC: +0.1497
Epoch  32/100 | Steps: 100 | Train BCE: 0.3533 | Train ΔAUPRC: +0.2428 | Val ΔAUPRC: +0.1437
Epoch  33/100 | Steps: 100 | Train BCE: 0.3503 | Train ΔAUPRC: +0.2580 | Val ΔAUPRC: +0.1404
Epoch  34/100 | Steps: 100 | Train BCE: 0.3509 | Train ΔAUPRC: +0.2554 | Val ΔAUPRC: +0.1497
Epoch  35/100 | Steps: 100 | Train BCE: 0.3442 | Train ΔAUPRC: +0.2509 | Val ΔAUPRC: +0.1504
Epoch  36/100 | Steps: 100 | Train BCE: 0.3495 | Train ΔAUPRC: +0.2603 | Val ΔAUPRC: +0.1537
Epoch  37/100 | Steps: 100 | Train BCE: 0.3334 | Train ΔAUPRC: +0.2626 | Val ΔAUPRC: +0.1383
Epoch  38/100 | Steps: 100 | Train BCE: 0.3528 | Train ΔAUPRC: +0.2534 | Val ΔAUPRC: +0.1452
Epoch  39/100 | Steps: 100 | Train BCE: 0.3571 | Train ΔAUPRC: +0.2524 | Val ΔAUPRC: +0.1384
Epoch  40/100 | Steps: 100 | Train BCE: 0.3442 | Train ΔAUPRC: +0.2486 | Val ΔAUPRC: +0.1380
Epoch  41/100 | Steps: 100 | Train BCE: 0.3443 | Train ΔAUPRC: +0.2613 | Val ΔAUPRC: +0.1386
Epoch  42/100 | Steps: 100 | Train BCE: 0.3447 | Train ΔAUPRC: +0.2531 | Val ΔAUPRC: +0.1438
Epoch  43/100 | Steps: 100 | Train BCE: 0.3344 | Train ΔAUPRC: +0.2661 | Val ΔAUPRC: +0.1515
Epoch  44/100 | Steps: 100 | Train BCE: 0.3450 | Train ΔAUPRC: +0.2596 | Val ΔAUPRC: +0.1476
Epoch  45/100 | Steps: 100 | Train BCE: 0.3272 | Train ΔAUPRC: +0.2614 | Val ΔAUPRC: +0.1435
Epoch  46/100 | Steps: 100 | Train BCE: 0.3356 | Train ΔAUPRC: +0.2792 | Val ΔAUPRC: +0.1497
Epoch  47/100 | Steps: 100 | Train BCE: 0.3341 | Train ΔAUPRC: +0.2575 | Val ΔAUPRC: +0.1476
Epoch  48/100 | Steps: 100 | Train BCE: 0.3427 | Train ΔAUPRC: +0.2702 | Val ΔAUPRC: +0.1421
Epoch  49/100 | Steps: 100 | Train BCE: 0.3467 | Train ΔAUPRC: +0.2758 | Val ΔAUPRC: +0.1387
Epoch  50/100 | Steps: 100 | Train BCE: 0.3335 | Train ΔAUPRC: +0.2756 | Val ΔAUPRC: +0.1613
  → Saved best model (Val ΔAUPRC: +0.1613)
Epoch  51/100 | Steps: 100 | Train BCE: 0.3313 | Train ΔAUPRC: +0.2666 | Val ΔAUPRC: +0.1413
Epoch  52/100 | Steps: 100 | Train BCE: 0.3290 | Train ΔAUPRC: +0.2599 | Val ΔAUPRC: +0.1514
Epoch  53/100 | Steps: 100 | Train BCE: 0.3289 | Train ΔAUPRC: +0.2702 | Val ΔAUPRC: +0.1492
Epoch  54/100 | Steps: 100 | Train BCE: 0.3291 | Train ΔAUPRC: +0.2794 | Val ΔAUPRC: +0.1429
Epoch  55/100 | Steps: 100 | Train BCE: 0.3329 | Train ΔAUPRC: +0.2758 | Val ΔAUPRC: +0.1481
Epoch  56/100 | Steps: 100 | Train BCE: 0.3189 | Train ΔAUPRC: +0.2725 | Val ΔAUPRC: +0.1643
  → Saved best model (Val ΔAUPRC: +0.1643)
Epoch  57/100 | Steps: 100 | Train BCE: 0.3235 | Train ΔAUPRC: +0.2806 | Val ΔAUPRC: +0.1491
Epoch  58/100 | Steps: 100 | Train BCE: 0.3259 | Train ΔAUPRC: +0.2768 | Val ΔAUPRC: +0.1354
Epoch  59/100 | Steps: 100 | Train BCE: 0.3270 | Train ΔAUPRC: +0.2739 | Val ΔAUPRC: +0.1500
Epoch  60/100 | Steps: 100 | Train BCE: 0.3231 | Train ΔAUPRC: +0.2864 | Val ΔAUPRC: +0.1481
Epoch  61/100 | Steps: 100 | Train BCE: 0.3245 | Train ΔAUPRC: +0.2796 | Val ΔAUPRC: +0.1577
Epoch  62/100 | Steps: 100 | Train BCE: 0.3240 | Train ΔAUPRC: +0.2854 | Val ΔAUPRC: +0.1521
Epoch  63/100 | Steps: 100 | Train BCE: 0.3135 | Train ΔAUPRC: +0.2862 | Val ΔAUPRC: +0.1464
Epoch  64/100 | Steps: 100 | Train BCE: 0.3283 | Train ΔAUPRC: +0.2778 | Val ΔAUPRC: +0.1547
Epoch  65/100 | Steps: 100 | Train BCE: 0.3182 | Train ΔAUPRC: +0.2844 | Val ΔAUPRC: +0.1441
Epoch  66/100 | Steps: 100 | Train BCE: 0.3081 | Train ΔAUPRC: +0.2926 | Val ΔAUPRC: +0.1473
Epoch  67/100 | Steps: 100 | Train BCE: 0.3168 | Train ΔAUPRC: +0.2929 | Val ΔAUPRC: +0.1481
Epoch  68/100 | Steps: 100 | Train BCE: 0.3101 | Train ΔAUPRC: +0.2830 | Val ΔAUPRC: +0.1537
Epoch  69/100 | Steps: 100 | Train BCE: 0.3216 | Train ΔAUPRC: +0.2783 | Val ΔAUPRC: +0.1572
Epoch  70/100 | Steps: 100 | Train BCE: 0.3249 | Train ΔAUPRC: +0.2718 | Val ΔAUPRC: +0.1603
Epoch  71/100 | Steps: 100 | Train BCE: 0.3208 | Train ΔAUPRC: +0.2803 | Val ΔAUPRC: +0.1581
Epoch  72/100 | Steps: 100 | Train BCE: 0.3021 | Train ΔAUPRC: +0.3026 | Val ΔAUPRC: +0.1462
Epoch  73/100 | Steps: 100 | Train BCE: 0.3058 | Train ΔAUPRC: +0.2814 | Val ΔAUPRC: +0.1525
Epoch  74/100 | Steps: 100 | Train BCE: 0.3072 | Train ΔAUPRC: +0.2843 | Val ΔAUPRC: +0.1522
Epoch  75/100 | Steps: 100 | Train BCE: 0.3008 | Train ΔAUPRC: +0.2930 | Val ΔAUPRC: +0.1447
Epoch  76/100 | Steps: 100 | Train BCE: 0.2965 | Train ΔAUPRC: +0.2942 | Val ΔAUPRC: +0.1683
  → Saved best model (Val ΔAUPRC: +0.1683)
Epoch  77/100 | Steps: 100 | Train BCE: 0.3214 | Train ΔAUPRC: +0.2865 | Val ΔAUPRC: +0.1717
  → Saved best model (Val ΔAUPRC: +0.1717)
Epoch  78/100 | Steps: 100 | Train BCE: 0.3094 | Train ΔAUPRC: +0.2905 | Val ΔAUPRC: +0.1560
Epoch  79/100 | Steps: 100 | Train BCE: 0.3074 | Train ΔAUPRC: +0.3064 | Val ΔAUPRC: +0.1654
Epoch  80/100 | Steps: 100 | Train BCE: 0.3164 | Train ΔAUPRC: +0.2901 | Val ΔAUPRC: +0.1430
Epoch  81/100 | Steps: 100 | Train BCE: 0.3171 | Train ΔAUPRC: +0.2853 | Val ΔAUPRC: +0.1620
Epoch  82/100 | Steps: 100 | Train BCE: 0.3200 | Train ΔAUPRC: +0.2957 | Val ΔAUPRC: +0.1454
Epoch  83/100 | Steps: 100 | Train BCE: 0.3136 | Train ΔAUPRC: +0.2853 | Val ΔAUPRC: +0.1465
Epoch  84/100 | Steps: 100 | Train BCE: 0.3139 | Train ΔAUPRC: +0.2983 | Val ΔAUPRC: +0.1402
Epoch  85/100 | Steps: 100 | Train BCE: 0.3079 | Train ΔAUPRC: +0.2958 | Val ΔAUPRC: +0.1385
Epoch  86/100 | Steps: 100 | Train BCE: 0.3111 | Train ΔAUPRC: +0.3014 | Val ΔAUPRC: +0.1549
Epoch  87/100 | Steps: 100 | Train BCE: 0.2936 | Train ΔAUPRC: +0.2931 | Val ΔAUPRC: +0.1526
Epoch  88/100 | Steps: 100 | Train BCE: 0.3020 | Train ΔAUPRC: +0.3002 | Val ΔAUPRC: +0.1559
Epoch  89/100 | Steps: 100 | Train BCE: 0.3084 | Train ΔAUPRC: +0.2997 | Val ΔAUPRC: +0.1528
Epoch  90/100 | Steps: 100 | Train BCE: 0.3029 | Train ΔAUPRC: +0.2849 | Val ΔAUPRC: +0.1462
Epoch  91/100 | Steps: 100 | Train BCE: 0.3023 | Train ΔAUPRC: +0.2965 | Val ΔAUPRC: +0.1423
Epoch  92/100 | Steps: 100 | Train BCE: 0.3013 | Train ΔAUPRC: +0.2935 | Val ΔAUPRC: +0.1502
Epoch  93/100 | Steps: 100 | Train BCE: 0.3030 | Train ΔAUPRC: +0.3084 | Val ΔAUPRC: +0.1559
Epoch  94/100 | Steps: 100 | Train BCE: 0.2998 | Train ΔAUPRC: +0.3072 | Val ΔAUPRC: +0.1620
Epoch  95/100 | Steps: 100 | Train BCE: 0.3090 | Train ΔAUPRC: +0.2917 | Val ΔAUPRC: +0.1571
Epoch  96/100 | Steps: 100 | Train BCE: 0.3061 | Train ΔAUPRC: +0.2887 | Val ΔAUPRC: +0.1450
Epoch  97/100 | Steps: 100 | Train BCE: 0.2991 | Train ΔAUPRC: +0.2935 | Val ΔAUPRC: +0.1569
Epoch  98/100 | Steps: 100 | Train BCE: 0.2967 | Train ΔAUPRC: +0.3094 | Val ΔAUPRC: +0.1400
Epoch  99/100 | Steps: 100 | Train BCE: 0.2888 | Train ΔAUPRC: +0.3129 | Val ΔAUPRC: +0.1425
Epoch 100/100 | Steps: 100 | Train BCE: 0.2979 | Train ΔAUPRC: +0.2930 | Val ΔAUPRC: +0.1554

Pretraining complete. Best Val ΔAUPRC: +0.1717
  RAM after pretrain: 1.3 GB

[3/4] Evaluating on DrugOOD...
  lbap_core_ic50_scaffold: train pool=22025, ood_test=19480, iid_test=31388
  lbap_core_ic50_size: train pool=37497, ood_test=16761, iid_test=12721
  lbap_core_ic50_assay: train pool=34953, ood_test=19463, iid_test=11960
  RAM after DrugOOD load: 3.6 GB
Loaded ecfp/classification model from epoch 77 (Val ΔAUPRC=+0.1717)
lbap_core_ic50_scaffold             | ctx=  16 | ood_test | ΔAUPRC: +0.0000±0.0000 | RMSE: nan | Spearman: nan
lbap_core_ic50_scaffold             | ctx=  16 | iid_test | ΔAUPRC: +0.0000±0.0000 | RMSE: nan | Spearman: nan
lbap_core_ic50_scaffold             | ctx=  32 | ood_test | ΔAUPRC: +0.0059±0.0084 | RMSE: nan | Spearman: nan
lbap_core_ic50_scaffold             | ctx=  32 | iid_test | ΔAUPRC: +0.0046±0.0065 | RMSE: nan | Spearman: nan
lbap_core_ic50_scaffold             | ctx=  64 | ood_test | ΔAUPRC: +0.0009±0.0025 | RMSE: nan | Spearman: nan
lbap_core_ic50_scaffold             | ctx=  64 | iid_test | ΔAUPRC: +0.0016±0.0061 | RMSE: nan | Spearman: nan
lbap_core_ic50_scaffold             | ctx= 128 | ood_test | ΔAUPRC: +0.0243±0.0031 | RMSE: nan | Spearman: nan
lbap_core_ic50_scaffold             | ctx= 128 | iid_test | ΔAUPRC: +0.0047±0.0046 | RMSE: nan | Spearman: nan
lbap_core_ic50_scaffold             | ctx= 256 | ood_test | ΔAUPRC: +0.0125±0.0195 | RMSE: nan | Spearman: nan
lbap_core_ic50_scaffold             | ctx= 256 | iid_test | ΔAUPRC: +0.0121±0.0075 | RMSE: nan | Spearman: nan
lbap_core_ic50_scaffold             | ctx= 512 | ood_test | ΔAUPRC: +0.0247±0.0214 | RMSE: nan | Spearman: nan
lbap_core_ic50_scaffold             | ctx= 512 | iid_test | ΔAUPRC: +0.0134±0.0120 | RMSE: nan | Spearman: nan
lbap_core_ic50_size                 | ctx=  16 | ood_test | ΔAUPRC: +0.0265±0.0074 | RMSE: nan | Spearman: nan
lbap_core_ic50_size                 | ctx=  16 | iid_test | ΔAUPRC: +0.0090±0.0056 | RMSE: nan | Spearman: nan
lbap_core_ic50_size                 | ctx=  32 | ood_test | ΔAUPRC: +0.0032±0.0087 | RMSE: nan | Spearman: nan
lbap_core_ic50_size                 | ctx=  32 | iid_test | ΔAUPRC: +0.0072±0.0018 | RMSE: nan | Spearman: nan
lbap_core_ic50_size                 | ctx=  64 | ood_test | ΔAUPRC: -0.0055±0.0242 | RMSE: nan | Spearman: nan
lbap_core_ic50_size                 | ctx=  64 | iid_test | ΔAUPRC: +0.0041±0.0076 | RMSE: nan | Spearman: nan
lbap_core_ic50_size                 | ctx= 128 | ood_test | ΔAUPRC: +0.0055±0.0213 | RMSE: nan | Spearman: nan
lbap_core_ic50_size                 | ctx= 128 | iid_test | ΔAUPRC: +0.0075±0.0050 | RMSE: nan | Spearman: nan
lbap_core_ic50_size                 | ctx= 256 | ood_test | ΔAUPRC: +0.0246±0.0008 | RMSE: nan | Spearman: nan
lbap_core_ic50_size                 | ctx= 256 | iid_test | ΔAUPRC: +0.0144±0.0013 | RMSE: nan | Spearman: nan
lbap_core_ic50_size                 | ctx= 512 | ood_test | ΔAUPRC: +0.0296±0.0022 | RMSE: nan | Spearman: nan
lbap_core_ic50_size                 | ctx= 512 | iid_test | ΔAUPRC: +0.0165±0.0005 | RMSE: nan | Spearman: nan
lbap_core_ic50_assay                | ctx=  16 | ood_test | ΔAUPRC: +0.0109±0.0101 | RMSE: nan | Spearman: nan
lbap_core_ic50_assay                | ctx=  16 | iid_test | ΔAUPRC: +0.0098±0.0106 | RMSE: nan | Spearman: nan
lbap_core_ic50_assay                | ctx=  32 | ood_test | ΔAUPRC: +0.0095±0.0120 | RMSE: nan | Spearman: nan
lbap_core_ic50_assay                | ctx=  32 | iid_test | ΔAUPRC: +0.0079±0.0128 | RMSE: nan | Spearman: nan
lbap_core_ic50_assay                | ctx=  64 | ood_test | ΔAUPRC: +0.0174±0.0162 | RMSE: nan | Spearman: nan
lbap_core_ic50_assay                | ctx=  64 | iid_test | ΔAUPRC: +0.0163±0.0170 | RMSE: nan | Spearman: nan
lbap_core_ic50_assay                | ctx= 128 | ood_test | ΔAUPRC: +0.0147±0.0160 | RMSE: nan | Spearman: nan
lbap_core_ic50_assay                | ctx= 128 | iid_test | ΔAUPRC: +0.0134±0.0150 | RMSE: nan | Spearman: nan
lbap_core_ic50_assay                | ctx= 256 | ood_test | ΔAUPRC: +0.0177±0.0127 | RMSE: nan | Spearman: nan
lbap_core_ic50_assay                | ctx= 256 | iid_test | ΔAUPRC: +0.0172±0.0154 | RMSE: nan | Spearman: nan
lbap_core_ic50_assay                | ctx= 512 | ood_test | ΔAUPRC: +0.0232±0.0064 | RMSE: nan | Spearman: nan
lbap_core_ic50_assay                | ctx= 512 | iid_test | ΔAUPRC: +0.0252±0.0067 | RMSE: nan | Spearman: nan
  Saved => /home/chjo00006/PTN/outputs/results/drugood_results_ecfp_classification_shift_aware.csv

=== DrugOOD results (long-form) ===
                    split_type query_set  context_set_size  actual_context_n  n_test  n_seeds  delta_auprc  delta_auprc_std  rmse  rmse_std  mae  spearman  spearman_std
index                                                                                                                                                                   
0      lbap_core_ic50_scaffold  ood_test                16                16   19480        3     0.000000         0.000000   NaN       NaN  NaN       NaN           NaN
1      lbap_core_ic50_scaffold  iid_test                16                16   31388        3     0.000000         0.000000   NaN       NaN  NaN       NaN           NaN
2      lbap_core_ic50_scaffold  ood_test                32                32   19480        3     0.005933         0.008391   NaN       NaN  NaN       NaN           NaN
3      lbap_core_ic50_scaffold  iid_test                32                32   31388        3     0.004592         0.006494   NaN       NaN  NaN       NaN           NaN
4      lbap_core_ic50_scaffold  ood_test                64                64   19480        3     0.000887         0.002525   NaN       NaN  NaN       NaN           NaN
5      lbap_core_ic50_scaffold  iid_test                64                64   31388        3     0.001609         0.006074   NaN       NaN  NaN       NaN           NaN
6      lbap_core_ic50_scaffold  ood_test               128               128   19480        3     0.024255         0.003066   NaN       NaN  NaN       NaN           NaN
7      lbap_core_ic50_scaffold  iid_test               128               128   31388        3     0.004708         0.004611   NaN       NaN  NaN       NaN           NaN
8      lbap_core_ic50_scaffold  ood_test               256               256   19480        3     0.012469         0.019451   NaN       NaN  NaN       NaN           NaN
9      lbap_core_ic50_scaffold  iid_test               256               256   31388        3     0.012051         0.007543   NaN       NaN  NaN       NaN           NaN
10     lbap_core_ic50_scaffold  ood_test               512               512   19480        3     0.024722         0.021441   NaN       NaN  NaN       NaN           NaN
11     lbap_core_ic50_scaffold  iid_test               512               512   31388        3     0.013440         0.012005   NaN       NaN  NaN       NaN           NaN
12         lbap_core_ic50_size  ood_test                16                16   16761        3     0.026523         0.007357   NaN       NaN  NaN       NaN           NaN
13         lbap_core_ic50_size  iid_test                16                16   12721        3     0.009019         0.005609   NaN       NaN  NaN       NaN           NaN
14         lbap_core_ic50_size  ood_test                32                32   16761        3     0.003182         0.008690   NaN       NaN  NaN       NaN           NaN
15         lbap_core_ic50_size  iid_test                32                32   12721        3     0.007154         0.001839   NaN       NaN  NaN       NaN           NaN
16         lbap_core_ic50_size  ood_test                64                64   16761        3    -0.005467         0.024221   NaN       NaN  NaN       NaN           NaN
17         lbap_core_ic50_size  iid_test                64                64   12721        3     0.004130         0.007594   NaN       NaN  NaN       NaN           NaN
18         lbap_core_ic50_size  ood_test               128               128   16761        3     0.005473         0.021321   NaN       NaN  NaN       NaN           NaN
19         lbap_core_ic50_size  iid_test               128               128   12721        3     0.007505         0.004980   NaN       NaN  NaN       NaN           NaN
20         lbap_core_ic50_size  ood_test               256               256   16761        3     0.024624         0.000834   NaN       NaN  NaN       NaN           NaN
21         lbap_core_ic50_size  iid_test               256               256   12721        3     0.014361         0.001318   NaN       NaN  NaN       NaN           NaN
22         lbap_core_ic50_size  ood_test               512               512   16761        3     0.029617         0.002245   NaN       NaN  NaN       NaN           NaN
23         lbap_core_ic50_size  iid_test               512               512   12721        3     0.016521         0.000520   NaN       NaN  NaN       NaN           NaN
24        lbap_core_ic50_assay  ood_test                16                16   19463        3     0.010884         0.010119   NaN       NaN  NaN       NaN           NaN
25        lbap_core_ic50_assay  iid_test                16                16   11960        3     0.009848         0.010635   NaN       NaN  NaN       NaN           NaN
26        lbap_core_ic50_assay  ood_test                32                32   19463        3     0.009466         0.011986   NaN       NaN  NaN       NaN           NaN
27        lbap_core_ic50_assay  iid_test                32                32   11960        3     0.007865         0.012756   NaN       NaN  NaN       NaN           NaN
28        lbap_core_ic50_assay  ood_test                64                64   19463        3     0.017440         0.016191   NaN       NaN  NaN       NaN           NaN
29        lbap_core_ic50_assay  iid_test                64                64   11960        3     0.016342         0.016981   NaN       NaN  NaN       NaN           NaN
30        lbap_core_ic50_assay  ood_test               128               128   19463        3     0.014693         0.015996   NaN       NaN  NaN       NaN           NaN
31        lbap_core_ic50_assay  iid_test               128               128   11960        3     0.013426         0.014960   NaN       NaN  NaN       NaN           NaN
32        lbap_core_ic50_assay  ood_test               256               256   19463        3     0.017702         0.012747   NaN       NaN  NaN       NaN           NaN
33        lbap_core_ic50_assay  iid_test               256               256   11960        3     0.017222         0.015420   NaN       NaN  NaN       NaN           NaN
34        lbap_core_ic50_assay  ood_test               512               512   19463        3     0.023246         0.006397   NaN       NaN  NaN       NaN           NaN
35        lbap_core_ic50_assay  iid_test               512               512   11960        3     0.025238         0.006658   NaN       NaN  NaN       NaN           NaN

=== Summary: mean ΔAUPRC per split × query_set ===
split_type               query_set
lbap_core_ic50_assay     iid_test     0.0150
                         ood_test     0.0156
lbap_core_ic50_scaffold  iid_test     0.0061
                         ood_test     0.0114
lbap_core_ic50_size      iid_test     0.0098
                         ood_test     0.0140
Name: delta_auprc, dtype: float64

[4/4] FS-Mol test evaluation...

  [4a] Inside-task OOD (scaffold split, n_support=16)...
  Loading assay 1/157...
============================================================
  Data-loss report: test/
============================================================
  Molecules in raw files        :     56,220
  -- Dropped (inexact Relation) :     12,429  (22.1%)
  -- Dropped (bad/missing fields):       129  (0.2%)
  -- Dropped (task too small)   :          0  (0.0%)
  ----------------------------------------
  Total molecules lost          :     12,558  (22.3%)
  Molecules used for training   :     43,662  (77.7%)
  ---
  Tasks in directory            :        157
  Tasks dropped (<32 molecules)  :          3  (1.9%)
  Tasks kept                    :        154  (98.1%)
============================================================
  Test assays loaded: 154

Inside-task OOD: 153 assays evaluated, 1 skipped (no scaffold group with ≥3 molecules).
  Mean Spearman : nan  (0/153 assays non-nan)
  Mean RMSE     : nan
  Mean ΔAUPRC   : 0.0182
  Saved => /home/chjo00006/PTN/outputs/results/inside_task_ood_ecfp_classification_shift_aware.csv

  [4b] Support-size sweep (random / scaffold / size splits)...

  -- split_type = random --
  [random] 20/154 assays...  [random] 40/154 assays...  [random] 60/154 assays...  [random] 80/154 assays...  [random] 100/154 assays...  [random] 120/154 assays...  [random] 140/154 assays...
  Done [random]. 154 assays × 6 support sizes.

=== FS-Mol Test [random]: mean metrics per support size ===
              delta_auprc  spearman  rmse
support_size                             
16                 0.1181       NaN   NaN
32                 0.1377       NaN   NaN
64                 0.1551       NaN   NaN
128                0.1815       NaN   NaN
256                0.0872       NaN   NaN
512                0.0603       NaN   NaN
  Predictions saved → /home/chjo00006/PTN/outputs/results/fsmol_test_predictions_ecfp_classification_shift_aware_random.csv  (825,490 rows)

  -- split_type = scaffold --
  [scaffold] 60/154 assays...  [scaffold] 80/154 assays...  [scaffold] 100/154 assays...  [scaffold] 120/154 assays...  [scaffold] 140/154 assays...
  Done [scaffold]. 144 assays × 6 support sizes.

=== FS-Mol Test [scaffold]: mean metrics per support size ===
              delta_auprc  spearman  rmse
support_size                             
16                 0.0571       NaN   NaN
32                 0.0532       NaN   NaN
64                 0.0534       NaN   NaN
128                0.0579       NaN   NaN
256                0.0080       NaN   NaN
512                0.0013       NaN   NaN
  Predictions saved → /home/chjo00006/PTN/outputs/results/fsmol_test_predictions_ecfp_classification_shift_aware_scaffold.csv  (1,022,570 rows)

  -- split_type = size --
  [size] 20/154 assays...  [size] 40/154 assays...  [size] 60/154 assays...  [size] 80/154 assays...  [size] 100/154 assays...  [size] 120/154 assays...  [size] 140/154 assays...
  Done [size]. 154 assays × 6 support sizes.

=== FS-Mol Test [size]: mean metrics per support size ===
              delta_auprc  spearman  rmse
support_size                             
16                 0.1049       NaN   NaN
32                 0.1182       NaN   NaN
64                 0.1295       NaN   NaN
128                0.1300       NaN   NaN
256                0.0347       NaN   NaN
512                0.0291       NaN   NaN
  Predictions saved → /home/chjo00006/PTN/outputs/results/fsmol_test_predictions_ecfp_classification_shift_aware_size.csv  (536,650 rows)

  All 3 curves saved => /home/chjo00006/PTN/outputs/results/fsmol_test_results_ecfp_classification_shift_aware.csv

=== FS-Mol Test: mean ΔAUPRC per split_type × support_size ===
split_type  support_size
random      16              0.1181
            32              0.1377
            64              0.1551
            128             0.1815
            256             0.0872
            512             0.0603
scaffold    16              0.0571
            32              0.0532
            64              0.0534
            128             0.0579
            256             0.0080
            512             0.0013
size        16              0.1049
            32              0.1182
            64              0.1295
            128             0.1300
            256             0.0347
            512             0.0291
Name: delta_auprc, dtype: float64
