============================================================
Prototypical Network: Molecular OOD
  encoder=ecfp  head=classification  split=shift_aware
  run_tag => ecfp_classification_shift_aware
  checkpoint => /home/chjo00006/PTN/checkpoints/ptn_ecfp_classification_shift_aware.pt
============================================================

[1/4] Indexing FS-Mol files...
  Train: 26868  Val: 40  Test: 157
  RAM: 0.5 GB

[2/4] Pretraining on FS-Mol...
Training on: cuda
  Pool loaded: 62 assays in RAM (2000 files sampled)
  Pool loaded: 8 assays in RAM (40 files sampled)
Epoch   1/100 | Train BCE: 0.6541 | Train ΔAUPRC: +0.0843 | Val ΔAUPRC: +0.1304 | LR: 1.00e-03
  → Saved new best model (Val ΔAUPRC: +0.1304)
Epoch   2/100 | Train BCE: 0.6420 | Train ΔAUPRC: +0.0685 | Val ΔAUPRC: +0.1468 | LR: 1.00e-03
  → Saved new best model (Val ΔAUPRC: +0.1468)
Epoch   3/100 | Train BCE: 0.6568 | Train ΔAUPRC: +0.0807 | Val ΔAUPRC: +0.1477 | LR: 1.00e-03
  → Saved new best model (Val ΔAUPRC: +0.1477)
Epoch   4/100 | Train BCE: 0.6572 | Train ΔAUPRC: +0.0807 | Val ΔAUPRC: +0.1210 | LR: 1.00e-03
Epoch   5/100 | Train BCE: 0.6281 | Train ΔAUPRC: +0.1360 | Val ΔAUPRC: +0.1595 | LR: 1.00e-03
  → Saved new best model (Val ΔAUPRC: +0.1595)
Epoch   6/100 | Train BCE: 0.6234 | Train ΔAUPRC: +0.1155 | Val ΔAUPRC: +0.1382 | LR: 1.00e-03
Epoch   7/100 | Train BCE: 0.6449 | Train ΔAUPRC: +0.0999 | Val ΔAUPRC: +0.1016 | LR: 1.00e-03
Epoch   8/100 | Train BCE: 0.6365 | Train ΔAUPRC: +0.0803 | Val ΔAUPRC: +0.0999 | LR: 1.00e-03
Epoch   9/100 | Train BCE: 0.6387 | Train ΔAUPRC: +0.1039 | Val ΔAUPRC: +0.1285 | LR: 1.00e-03
Epoch  10/100 | Train BCE: 0.6369 | Train ΔAUPRC: +0.1090 | Val ΔAUPRC: +0.1130 | LR: 1.00e-03
Epoch  11/100 | Train BCE: 0.6369 | Train ΔAUPRC: +0.1179 | Val ΔAUPRC: +0.1381 | LR: 1.00e-03
Epoch  12/100 | Train BCE: 0.5980 | Train ΔAUPRC: +0.1197 | Val ΔAUPRC: +0.1101 | LR: 1.00e-03
Epoch  13/100 | Train BCE: 0.6354 | Train ΔAUPRC: +0.1190 | Val ΔAUPRC: +0.0957 | LR: 1.00e-03
Epoch  14/100 | Train BCE: 0.6325 | Train ΔAUPRC: +0.1092 | Val ΔAUPRC: +0.1133 | LR: 1.00e-03
Epoch  15/100 | Train BCE: 0.6299 | Train ΔAUPRC: +0.1178 | Val ΔAUPRC: +0.1369 | LR: 1.00e-03
Epoch  16/100 | Train BCE: 0.6536 | Train ΔAUPRC: +0.1037 | Val ΔAUPRC: +0.1263 | LR: 1.00e-03
Epoch  17/100 | Train BCE: 0.6121 | Train ΔAUPRC: +0.1260 | Val ΔAUPRC: +0.1333 | LR: 1.00e-03
Epoch  18/100 | Train BCE: 0.6254 | Train ΔAUPRC: +0.1128 | Val ΔAUPRC: +0.1508 | LR: 1.00e-03
Epoch  19/100 | Train BCE: 0.6192 | Train ΔAUPRC: +0.1414 | Val ΔAUPRC: +0.1616 | LR: 1.00e-03
  → Saved new best model (Val ΔAUPRC: +0.1616)
Epoch  20/100 | Train BCE: 0.6300 | Train ΔAUPRC: +0.1288 | Val ΔAUPRC: +0.1479 | LR: 1.00e-03
Epoch  21/100 | Train BCE: 0.6242 | Train ΔAUPRC: +0.1249 | Val ΔAUPRC: +0.1450 | LR: 1.00e-03
Epoch  22/100 | Train BCE: 0.6258 | Train ΔAUPRC: +0.1328 | Val ΔAUPRC: +0.1450 | LR: 1.00e-03
Epoch  23/100 | Train BCE: 0.6143 | Train ΔAUPRC: +0.1318 | Val ΔAUPRC: +0.1345 | LR: 1.00e-03
Epoch  24/100 | Train BCE: 0.6257 | Train ΔAUPRC: +0.1433 | Val ΔAUPRC: +0.1491 | LR: 1.00e-03
Epoch  25/100 | Train BCE: 0.6009 | Train ΔAUPRC: +0.1443 | Val ΔAUPRC: +0.1528 | LR: 1.00e-03
Epoch  26/100 | Train BCE: 0.5896 | Train ΔAUPRC: +0.1440 | Val ΔAUPRC: +0.1550 | LR: 1.00e-03
Epoch  27/100 | Train BCE: 0.6192 | Train ΔAUPRC: +0.1394 | Val ΔAUPRC: +0.1333 | LR: 1.00e-03
Epoch  28/100 | Train BCE: 0.5887 | Train ΔAUPRC: +0.1523 | Val ΔAUPRC: +0.1323 | LR: 1.00e-03
Epoch  29/100 | Train BCE: 0.5651 | Train ΔAUPRC: +0.1811 | Val ΔAUPRC: +0.1327 | LR: 1.00e-03
Epoch  30/100 | Train BCE: 0.6074 | Train ΔAUPRC: +0.1383 | Val ΔAUPRC: +0.1167 | LR: 1.00e-03
Epoch  31/100 | Train BCE: 0.5764 | Train ΔAUPRC: +0.1868 | Val ΔAUPRC: +0.1323 | LR: 1.00e-03
Epoch  32/100 | Train BCE: 0.5905 | Train ΔAUPRC: +0.1837 | Val ΔAUPRC: +0.1427 | LR: 1.00e-03
Epoch  33/100 | Train BCE: 0.5626 | Train ΔAUPRC: +0.1680 | Val ΔAUPRC: +0.1520 | LR: 1.00e-03
Epoch  34/100 | Train BCE: 0.5812 | Train ΔAUPRC: +0.1651 | Val ΔAUPRC: +0.1589 | LR: 1.00e-03
Epoch  35/100 | Train BCE: 0.5914 | Train ΔAUPRC: +0.1575 | Val ΔAUPRC: +0.1465 | LR: 1.00e-03
Epoch  36/100 | Train BCE: 0.5839 | Train ΔAUPRC: +0.1885 | Val ΔAUPRC: +0.1584 | LR: 1.00e-03
Epoch  37/100 | Train BCE: 0.5779 | Train ΔAUPRC: +0.1960 | Val ΔAUPRC: +0.1533 | LR: 1.00e-03
Epoch  38/100 | Train BCE: 0.5590 | Train ΔAUPRC: +0.1762 | Val ΔAUPRC: +0.1549 | LR: 1.00e-03
Epoch  39/100 | Train BCE: 0.5855 | Train ΔAUPRC: +0.1617 | Val ΔAUPRC: +0.1533 | LR: 1.00e-03
Epoch  40/100 | Train BCE: 0.5556 | Train ΔAUPRC: +0.1966 | Val ΔAUPRC: +0.1556 | LR: 5.00e-04
Epoch  41/100 | Train BCE: 0.6101 | Train ΔAUPRC: +0.1466 | Val ΔAUPRC: +0.1497 | LR: 5.00e-04
Epoch  42/100 | Train BCE: 0.5671 | Train ΔAUPRC: +0.1652 | Val ΔAUPRC: +0.1483 | LR: 5.00e-04
Epoch  43/100 | Train BCE: 0.5584 | Train ΔAUPRC: +0.2000 | Val ΔAUPRC: +0.1432 | LR: 5.00e-04
Epoch  44/100 | Train BCE: 0.5940 | Train ΔAUPRC: +0.1611 | Val ΔAUPRC: +0.1440 | LR: 5.00e-04

Early stopping at epoch 44 (no improvement for 25 epochs).

Pretraining complete. Best Val ΔAUPRC: +0.1616
  RAM after pretrain: 6.6 GB

[3/4] Evaluating on DrugOOD...
  lbap_core_ic50_scaffold: train pool=22025, ood_test=19480, iid_test=31388
  lbap_core_ic50_size: train pool=37497, ood_test=16761, iid_test=12721
  lbap_core_ic50_assay: train pool=34953, ood_test=19463, iid_test=11960
  RAM after DrugOOD load: 3.0 GB
Loaded ecfp/classification model from epoch 19 (Val ΔAUPRC=+0.1616)
lbap_core_ic50_scaffold             | ctx=  16 | ood_test | ΔAUPRC: +0.0085±0.0123 | RMSE: nan | Spearman: nan
lbap_core_ic50_scaffold             | ctx=  16 | iid_test | ΔAUPRC: +0.0076±0.0115 | RMSE: nan | Spearman: nan
lbap_core_ic50_scaffold             | ctx=  32 | ood_test | ΔAUPRC: +0.0201±0.0136 | RMSE: nan | Spearman: nan
lbap_core_ic50_scaffold             | ctx=  32 | iid_test | ΔAUPRC: +0.0067±0.0209 | RMSE: nan | Spearman: nan
lbap_core_ic50_scaffold             | ctx=  64 | ood_test | ΔAUPRC: +0.0199±0.0116 | RMSE: nan | Spearman: nan
lbap_core_ic50_scaffold             | ctx=  64 | iid_test | ΔAUPRC: +0.0172±0.0077 | RMSE: nan | Spearman: nan
lbap_core_ic50_scaffold             | ctx= 128 | ood_test | ΔAUPRC: +0.0181±0.0133 | RMSE: nan | Spearman: nan
lbap_core_ic50_scaffold             | ctx= 128 | iid_test | ΔAUPRC: +0.0176±0.0090 | RMSE: nan | Spearman: nan
lbap_core_ic50_scaffold             | ctx= 256 | ood_test | ΔAUPRC: +0.0215±0.0096 | RMSE: nan | Spearman: nan
lbap_core_ic50_scaffold             | ctx= 256 | iid_test | ΔAUPRC: +0.0187±0.0086 | RMSE: nan | Spearman: nan
lbap_core_ic50_scaffold             | ctx= 512 | ood_test | ΔAUPRC: +0.0248±0.0119 | RMSE: nan | Spearman: nan
lbap_core_ic50_scaffold             | ctx= 512 | iid_test | ΔAUPRC: +0.0247±0.0084 | RMSE: nan | Spearman: nan
lbap_core_ic50_size                 | ctx=  16 | ood_test | ΔAUPRC: +0.0131±0.0060 | RMSE: nan | Spearman: nan
lbap_core_ic50_size                 | ctx=  16 | iid_test | ΔAUPRC: +0.0101±0.0052 | RMSE: nan | Spearman: nan
lbap_core_ic50_size                 | ctx=  32 | ood_test | ΔAUPRC: +0.0033±0.0020 | RMSE: nan | Spearman: nan
lbap_core_ic50_size                 | ctx=  32 | iid_test | ΔAUPRC: +0.0042±0.0045 | RMSE: nan | Spearman: nan
lbap_core_ic50_size                 | ctx=  64 | ood_test | ΔAUPRC: +0.0277±0.0110 | RMSE: nan | Spearman: nan
lbap_core_ic50_size                 | ctx=  64 | iid_test | ΔAUPRC: +0.0159±0.0084 | RMSE: nan | Spearman: nan
lbap_core_ic50_size                 | ctx= 128 | ood_test | ΔAUPRC: +0.0203±0.0125 | RMSE: nan | Spearman: nan
lbap_core_ic50_size                 | ctx= 128 | iid_test | ΔAUPRC: +0.0133±0.0058 | RMSE: nan | Spearman: nan
lbap_core_ic50_size                 | ctx= 256 | ood_test | ΔAUPRC: +0.0334±0.0014 | RMSE: nan | Spearman: nan
lbap_core_ic50_size                 | ctx= 256 | iid_test | ΔAUPRC: +0.0175±0.0022 | RMSE: nan | Spearman: nan
lbap_core_ic50_size                 | ctx= 512 | ood_test | ΔAUPRC: +0.0273±0.0078 | RMSE: nan | Spearman: nan
lbap_core_ic50_size                 | ctx= 512 | iid_test | ΔAUPRC: +0.0141±0.0031 | RMSE: nan | Spearman: nan
lbap_core_ic50_assay                | ctx=  16 | ood_test | ΔAUPRC: +0.0264±0.0080 | RMSE: nan | Spearman: nan
lbap_core_ic50_assay                | ctx=  16 | iid_test | ΔAUPRC: +0.0348±0.0030 | RMSE: nan | Spearman: nan
lbap_core_ic50_assay                | ctx=  32 | ood_test | ΔAUPRC: +0.0214±0.0094 | RMSE: nan | Spearman: nan
lbap_core_ic50_assay                | ctx=  32 | iid_test | ΔAUPRC: +0.0293±0.0181 | RMSE: nan | Spearman: nan
lbap_core_ic50_assay                | ctx=  64 | ood_test | ΔAUPRC: +0.0120±0.0136 | RMSE: nan | Spearman: nan
lbap_core_ic50_assay                | ctx=  64 | iid_test | ΔAUPRC: +0.0250±0.0149 | RMSE: nan | Spearman: nan
lbap_core_ic50_assay                | ctx= 128 | ood_test | ΔAUPRC: +0.0180±0.0077 | RMSE: nan | Spearman: nan
lbap_core_ic50_assay                | ctx= 128 | iid_test | ΔAUPRC: +0.0361±0.0119 | RMSE: nan | Spearman: nan
lbap_core_ic50_assay                | ctx= 256 | ood_test | ΔAUPRC: +0.0203±0.0022 | RMSE: nan | Spearman: nan
lbap_core_ic50_assay                | ctx= 256 | iid_test | ΔAUPRC: +0.0397±0.0066 | RMSE: nan | Spearman: nan
lbap_core_ic50_assay                | ctx= 512 | ood_test | ΔAUPRC: +0.0259±0.0018 | RMSE: nan | Spearman: nan
lbap_core_ic50_assay                | ctx= 512 | iid_test | ΔAUPRC: +0.0466±0.0034 | RMSE: nan | Spearman: nan
  Saved => /home/chjo00006/PTN/outputs/results/drugood_results_ecfp_classification_shift_aware.csv

=== DrugOOD results (long-form) ===
                    split_type query_set  context_set_size  actual_context_n  n_test  n_seeds  delta_auprc  delta_auprc_std  rmse  rmse_std  mae  spearman  spearman_std
index                                                                                                                                                                   
0      lbap_core_ic50_scaffold  ood_test                16                16   19480        3     0.008508         0.012330   NaN       NaN  NaN       NaN           NaN
1      lbap_core_ic50_scaffold  iid_test                16                16   31388        3     0.007615         0.011543   NaN       NaN  NaN       NaN           NaN
2      lbap_core_ic50_scaffold  ood_test                32                32   19480        3     0.020068         0.013603   NaN       NaN  NaN       NaN           NaN
3      lbap_core_ic50_scaffold  iid_test                32                32   31388        3     0.006697         0.020903   NaN       NaN  NaN       NaN           NaN
4      lbap_core_ic50_scaffold  ood_test                64                64   19480        3     0.019938         0.011564   NaN       NaN  NaN       NaN           NaN
5      lbap_core_ic50_scaffold  iid_test                64                64   31388        3     0.017182         0.007698   NaN       NaN  NaN       NaN           NaN
6      lbap_core_ic50_scaffold  ood_test               128               128   19480        3     0.018107         0.013279   NaN       NaN  NaN       NaN           NaN
7      lbap_core_ic50_scaffold  iid_test               128               128   31388        3     0.017635         0.009023   NaN       NaN  NaN       NaN           NaN
8      lbap_core_ic50_scaffold  ood_test               256               256   19480        3     0.021547         0.009602   NaN       NaN  NaN       NaN           NaN
9      lbap_core_ic50_scaffold  iid_test               256               256   31388        3     0.018728         0.008568   NaN       NaN  NaN       NaN           NaN
10     lbap_core_ic50_scaffold  ood_test               512               512   19480        3     0.024833         0.011942   NaN       NaN  NaN       NaN           NaN
11     lbap_core_ic50_scaffold  iid_test               512               512   31388        3     0.024688         0.008361   NaN       NaN  NaN       NaN           NaN
12         lbap_core_ic50_size  ood_test                16                16   16761        3     0.013120         0.006025   NaN       NaN  NaN       NaN           NaN
13         lbap_core_ic50_size  iid_test                16                16   12721        3     0.010081         0.005233   NaN       NaN  NaN       NaN           NaN
14         lbap_core_ic50_size  ood_test                32                32   16761        3     0.003318         0.002016   NaN       NaN  NaN       NaN           NaN
15         lbap_core_ic50_size  iid_test                32                32   12721        3     0.004235         0.004541   NaN       NaN  NaN       NaN           NaN
16         lbap_core_ic50_size  ood_test                64                64   16761        3     0.027674         0.011018   NaN       NaN  NaN       NaN           NaN
17         lbap_core_ic50_size  iid_test                64                64   12721        3     0.015890         0.008379   NaN       NaN  NaN       NaN           NaN
18         lbap_core_ic50_size  ood_test               128               128   16761        3     0.020304         0.012463   NaN       NaN  NaN       NaN           NaN
19         lbap_core_ic50_size  iid_test               128               128   12721        3     0.013337         0.005820   NaN       NaN  NaN       NaN           NaN
20         lbap_core_ic50_size  ood_test               256               256   16761        3     0.033356         0.001373   NaN       NaN  NaN       NaN           NaN
21         lbap_core_ic50_size  iid_test               256               256   12721        3     0.017496         0.002200   NaN       NaN  NaN       NaN           NaN
22         lbap_core_ic50_size  ood_test               512               512   16761        3     0.027337         0.007753   NaN       NaN  NaN       NaN           NaN
23         lbap_core_ic50_size  iid_test               512               512   12721        3     0.014129         0.003139   NaN       NaN  NaN       NaN           NaN
24        lbap_core_ic50_assay  ood_test                16                16   19463        3     0.026412         0.008018   NaN       NaN  NaN       NaN           NaN
25        lbap_core_ic50_assay  iid_test                16                16   11960        3     0.034831         0.002982   NaN       NaN  NaN       NaN           NaN
26        lbap_core_ic50_assay  ood_test                32                32   19463        3     0.021373         0.009442   NaN       NaN  NaN       NaN           NaN
27        lbap_core_ic50_assay  iid_test                32                32   11960        3     0.029317         0.018149   NaN       NaN  NaN       NaN           NaN
28        lbap_core_ic50_assay  ood_test                64                64   19463        3     0.011954         0.013596   NaN       NaN  NaN       NaN           NaN
29        lbap_core_ic50_assay  iid_test                64                64   11960        3     0.024958         0.014869   NaN       NaN  NaN       NaN           NaN
30        lbap_core_ic50_assay  ood_test               128               128   19463        3     0.018018         0.007669   NaN       NaN  NaN       NaN           NaN
31        lbap_core_ic50_assay  iid_test               128               128   11960        3     0.036148         0.011851   NaN       NaN  NaN       NaN           NaN
32        lbap_core_ic50_assay  ood_test               256               256   19463        3     0.020270         0.002227   NaN       NaN  NaN       NaN           NaN
33        lbap_core_ic50_assay  iid_test               256               256   11960        3     0.039680         0.006562   NaN       NaN  NaN       NaN           NaN
34        lbap_core_ic50_assay  ood_test               512               512   19463        3     0.025923         0.001838   NaN       NaN  NaN       NaN           NaN
35        lbap_core_ic50_assay  iid_test               512               512   11960        3     0.046581         0.003440   NaN       NaN  NaN       NaN           NaN

=== Summary: mean ΔAUPRC per split × query_set ===
split_type               query_set
lbap_core_ic50_assay     iid_test     0.0353
                         ood_test     0.0207
lbap_core_ic50_scaffold  iid_test     0.0154
                         ood_test     0.0188
lbap_core_ic50_size      iid_test     0.0125
                         ood_test     0.0209
Name: delta_auprc, dtype: float64

[4/4] FS-Mol test evaluation...

  [4a] Inside-task OOD (scaffold split, n_support=16)...
  Loading assay 1/157...
============================================================
  Data-loss report: test/
============================================================
  Molecules in raw files        :     56,220
  -- Dropped (inexact Relation) :     12,429  (22.1%)
  -- Dropped (bad/missing fields):       129  (0.2%)
  -- Dropped (task too small)   :          0  (0.0%)
  ----------------------------------------
  Total molecules lost          :     12,558  (22.3%)
  Molecules used for training   :     43,662  (77.7%)
  ---
  Tasks in directory            :        157
  Tasks dropped (<32 molecules)  :          3  (1.9%)
  Tasks kept                    :        154  (98.1%)
============================================================
  Test assays loaded: 154

Inside-task OOD: 153 assays evaluated, 1 skipped (no scaffold group with ≥3 molecules).
  Mean Spearman : nan  (0/153 assays non-nan)
  Mean RMSE     : nan
  Mean ΔAUPRC   : 0.0227
  Saved => /home/chjo00006/PTN/outputs/results/inside_task_ood_ecfp_classification_shift_aware.csv

  [4b] Support-size sweep (random / scaffold / size splits)...

  -- split_type = random --
  [random] 20/154 assays...
  [random] 40/154 assays...
  [random] 60/154 assays...
  [random] 80/154 assays...
  [random] 100/154 assays...
  [random] 120/154 assays...
  [random] 140/154 assays...
  Done [random]. 154 assays × 6 support sizes.

=== FS-Mol Test [random]: mean metrics per support size ===
              delta_auprc  spearman  rmse
support_size                             
16                 0.0376       NaN   NaN
32                 0.0422       NaN   NaN
64                 0.0487       NaN   NaN
128                0.0756       NaN   NaN
256                0.1102       NaN   NaN
512                0.1045       NaN   NaN
  Predictions saved → /home/chjo00006/PTN/outputs/results/fsmol_test_predictions_ecfp_classification_shift_aware_random.csv  (825,490 rows)

  -- split_type = scaffold --
  [scaffold] 60/154 assays...
  [scaffold] 80/154 assays...
  [scaffold] 100/154 assays...
  [scaffold] 120/154 assays...
  [scaffold] 140/154 assays...
  Done [scaffold]. 144 assays × 6 support sizes.

=== FS-Mol Test [scaffold]: mean metrics per support size ===
              delta_auprc  spearman  rmse
support_size                             
16                 0.0101       NaN   NaN
32                 0.0101       NaN   NaN
64                 0.0097       NaN   NaN
128                0.0112       NaN   NaN
256                0.0067       NaN   NaN
512                0.0020       NaN   NaN
  Predictions saved → /home/chjo00006/PTN/outputs/results/fsmol_test_predictions_ecfp_classification_shift_aware_scaffold.csv  (1,022,570 rows)

  -- split_type = size --
  [size] 20/154 assays...
  [size] 40/154 assays...
  [size] 60/154 assays...
  [size] 80/154 assays...
  [size] 100/154 assays...
  [size] 120/154 assays...
  [size] 140/154 assays...
  Done [size]. 154 assays × 6 support sizes.

=== FS-Mol Test [size]: mean metrics per support size ===
              delta_auprc  spearman  rmse
support_size                             
16                 0.0347       NaN   NaN
32                 0.0318       NaN   NaN
64                 0.0356       NaN   NaN
128                0.0404       NaN   NaN
256                0.0691       NaN   NaN
512                0.0904       NaN   NaN
  Predictions saved → /home/chjo00006/PTN/outputs/results/fsmol_test_predictions_ecfp_classification_shift_aware_size.csv  (536,650 rows)

  All 3 curves saved => /home/chjo00006/PTN/outputs/results/fsmol_test_results_ecfp_classification_shift_aware.csv

=== FS-Mol Test: mean ΔAUPRC per split_type × support_size ===
split_type  support_size
random      16              0.0376
            32              0.0422
            64              0.0487
            128             0.0756
            256             0.1102
            512             0.1045
scaffold    16              0.0101
            32              0.0101
            64              0.0097
            128             0.0112
            256             0.0067
            512             0.0020
size        16              0.0347
            32              0.0318
            64              0.0356
            128             0.0404
            256             0.0691
            512             0.0904
Name: delta_auprc, dtype: float64
