============================================================
Prototypical Network: Molecular OOD
  head=regression  split=shift_aware
  checkpoint → /home/chjo00006/PTN/checkpoints/ptn_ecfp_regression.pt
============================================================

[1/4] Indexing FS-Mol files...
  Train: 26868  Val: 40  Test: 157
  RAM: 0.5 GB

[2/4] Pretraining on FS-Mol...
Training on: cuda
  Pool loaded: 466 assays in RAM (750 files sampled)
  Pool loaded: 38 assays in RAM (40 files sampled)
Epoch   1/100 | Train Loss: 0.7077 | Train RMSE: 0.8347 | Val RMSE: 0.5675 | Val MAE: 0.3580 | LR: 1.00e-03
  → Saved new best model (Val RMSE: 0.5675)
  → Saved val predictions (3,200 query points) → /home/chjo00006/PTN/checkpoints/ptn_ecfp_regression_best_val_preds.npz
Epoch   2/100 | Train Loss: 0.5834 | Train RMSE: 0.7576 | Val RMSE: 0.6230 | Val MAE: 0.4140 | LR: 1.00e-03
Epoch   3/100 | Train Loss: 0.7062 | Train RMSE: 0.8284 | Val RMSE: 0.5820 | Val MAE: 0.3832 | LR: 1.00e-03
Epoch   4/100 | Train Loss: 0.6193 | Train RMSE: 0.7804 | Val RMSE: 0.5679 | Val MAE: 0.3490 | LR: 1.00e-03
Epoch   5/100 | Train Loss: 0.6541 | Train RMSE: 0.7994 | Val RMSE: 0.6061 | Val MAE: 0.3843 | LR: 1.00e-03
Epoch   6/100 | Train Loss: 0.7368 | Train RMSE: 0.8512 | Val RMSE: 0.5731 | Val MAE: 0.3743 | LR: 1.00e-03
Epoch   7/100 | Train Loss: 0.6593 | Train RMSE: 0.8051 | Val RMSE: 0.5917 | Val MAE: 0.3878 | LR: 1.00e-03
Epoch   8/100 | Train Loss: 0.6733 | Train RMSE: 0.8133 | Val RMSE: 0.5445 | Val MAE: 0.3471 | LR: 1.00e-03
  → Saved new best model (Val RMSE: 0.5445)
  → Saved val predictions (3,200 query points) → /home/chjo00006/PTN/checkpoints/ptn_ecfp_regression_best_val_preds.npz
Epoch   9/100 | Train Loss: 0.6578 | Train RMSE: 0.8032 | Val RMSE: 0.5744 | Val MAE: 0.3882 | LR: 1.00e-03
Epoch  10/100 | Train Loss: 0.6828 | Train RMSE: 0.8167 | Val RMSE: 0.5670 | Val MAE: 0.3674 | LR: 1.00e-03
Epoch  11/100 | Train Loss: 0.7490 | Train RMSE: 0.8559 | Val RMSE: 0.5678 | Val MAE: 0.3692 | LR: 1.00e-03
Epoch  12/100 | Train Loss: 0.6676 | Train RMSE: 0.8106 | Val RMSE: 0.5989 | Val MAE: 0.3808 | LR: 1.00e-03
Epoch  13/100 | Train Loss: 0.5942 | Train RMSE: 0.7647 | Val RMSE: 0.5765 | Val MAE: 0.3681 | LR: 1.00e-03
Epoch  14/100 | Train Loss: 0.6254 | Train RMSE: 0.7860 | Val RMSE: 0.5315 | Val MAE: 0.3339 | LR: 1.00e-03
  → Saved new best model (Val RMSE: 0.5315)
  → Saved val predictions (3,200 query points) → /home/chjo00006/PTN/checkpoints/ptn_ecfp_regression_best_val_preds.npz
Epoch  15/100 | Train Loss: 0.7109 | Train RMSE: 0.8347 | Val RMSE: 0.5270 | Val MAE: 0.3364 | LR: 1.00e-03
  → Saved new best model (Val RMSE: 0.5270)
  → Saved val predictions (3,200 query points) → /home/chjo00006/PTN/checkpoints/ptn_ecfp_regression_best_val_preds.npz
Epoch  16/100 | Train Loss: 0.6312 | Train RMSE: 0.7859 | Val RMSE: 0.5646 | Val MAE: 0.3702 | LR: 1.00e-03
Epoch  17/100 | Train Loss: 0.6521 | Train RMSE: 0.7956 | Val RMSE: 0.5890 | Val MAE: 0.3814 | LR: 1.00e-03
Epoch  18/100 | Train Loss: 0.6780 | Train RMSE: 0.8157 | Val RMSE: 0.6182 | Val MAE: 0.4065 | LR: 1.00e-03
Epoch  19/100 | Train Loss: 0.6625 | Train RMSE: 0.8084 | Val RMSE: 0.5947 | Val MAE: 0.3873 | LR: 1.00e-03
Epoch  20/100 | Train Loss: 0.5909 | Train RMSE: 0.7638 | Val RMSE: 0.6333 | Val MAE: 0.4144 | LR: 1.00e-03
Epoch  21/100 | Train Loss: 0.6299 | Train RMSE: 0.7843 | Val RMSE: 0.6177 | Val MAE: 0.3989 | LR: 1.00e-03
Epoch  22/100 | Train Loss: 0.6602 | Train RMSE: 0.8078 | Val RMSE: 0.6129 | Val MAE: 0.3993 | LR: 1.00e-03
Epoch  23/100 | Train Loss: 0.6572 | Train RMSE: 0.8068 | Val RMSE: 0.6129 | Val MAE: 0.3977 | LR: 1.00e-03
Epoch  24/100 | Train Loss: 0.6548 | Train RMSE: 0.8018 | Val RMSE: 0.5961 | Val MAE: 0.3938 | LR: 1.00e-03
Epoch  25/100 | Train Loss: 0.7096 | Train RMSE: 0.8336 | Val RMSE: 0.6010 | Val MAE: 0.3905 | LR: 1.00e-03
Epoch  26/100 | Train Loss: 0.7156 | Train RMSE: 0.8301 | Val RMSE: 0.5890 | Val MAE: 0.3785 | LR: 1.00e-03
Epoch  27/100 | Train Loss: 0.6475 | Train RMSE: 0.8004 | Val RMSE: 0.5860 | Val MAE: 0.3755 | LR: 1.00e-03
Epoch  28/100 | Train Loss: 0.6975 | Train RMSE: 0.8270 | Val RMSE: 0.6068 | Val MAE: 0.3906 | LR: 1.00e-03
Epoch  29/100 | Train Loss: 0.6611 | Train RMSE: 0.8047 | Val RMSE: 0.5744 | Val MAE: 0.3806 | LR: 1.00e-03
Epoch  30/100 | Train Loss: 0.6847 | Train RMSE: 0.8185 | Val RMSE: 0.5951 | Val MAE: 0.3895 | LR: 1.00e-03
Epoch  31/100 | Train Loss: 0.6092 | Train RMSE: 0.7740 | Val RMSE: 0.6210 | Val MAE: 0.3869 | LR: 1.00e-03
Epoch  32/100 | Train Loss: 0.6541 | Train RMSE: 0.8004 | Val RMSE: 0.5980 | Val MAE: 0.3797 | LR: 1.00e-03
Epoch  33/100 | Train Loss: 0.6423 | Train RMSE: 0.7983 | Val RMSE: 0.5660 | Val MAE: 0.3691 | LR: 1.00e-03
Epoch  34/100 | Train Loss: 0.5841 | Train RMSE: 0.7591 | Val RMSE: 0.5909 | Val MAE: 0.3887 | LR: 1.00e-03
Epoch  35/100 | Train Loss: 0.6667 | Train RMSE: 0.8086 | Val RMSE: 0.5841 | Val MAE: 0.3721 | LR: 1.00e-03
Epoch  36/100 | Train Loss: 0.7172 | Train RMSE: 0.8348 | Val RMSE: 0.6181 | Val MAE: 0.4090 | LR: 5.00e-04
Epoch  37/100 | Train Loss: 0.6262 | Train RMSE: 0.7856 | Val RMSE: 0.5802 | Val MAE: 0.3734 | LR: 5.00e-04
Epoch  38/100 | Train Loss: 0.7080 | Train RMSE: 0.8331 | Val RMSE: 0.6034 | Val MAE: 0.3864 | LR: 5.00e-04
Epoch  39/100 | Train Loss: 0.5982 | Train RMSE: 0.7677 | Val RMSE: 0.6087 | Val MAE: 0.3938 | LR: 5.00e-04
Epoch  40/100 | Train Loss: 0.5549 | Train RMSE: 0.7380 | Val RMSE: 0.5643 | Val MAE: 0.3472 | LR: 5.00e-04
Epoch  41/100 | Train Loss: 0.6095 | Train RMSE: 0.7717 | Val RMSE: 0.5798 | Val MAE: 0.3743 | LR: 5.00e-04
Epoch  42/100 | Train Loss: 0.6459 | Train RMSE: 0.7983 | Val RMSE: 0.5712 | Val MAE: 0.3615 | LR: 5.00e-04
Epoch  43/100 | Train Loss: 0.6811 | Train RMSE: 0.8173 | Val RMSE: 0.6029 | Val MAE: 0.3892 | LR: 5.00e-04
Epoch  44/100 | Train Loss: 0.5862 | Train RMSE: 0.7541 | Val RMSE: 0.5946 | Val MAE: 0.3749 | LR: 5.00e-04
Epoch  45/100 | Train Loss: 0.6273 | Train RMSE: 0.7810 | Val RMSE: 0.5686 | Val MAE: 0.3625 | LR: 5.00e-04
Epoch  46/100 | Train Loss: 0.6640 | Train RMSE: 0.8090 | Val RMSE: 0.6202 | Val MAE: 0.4056 | LR: 5.00e-04
Epoch  47/100 | Train Loss: 0.6083 | Train RMSE: 0.7732 | Val RMSE: 0.5894 | Val MAE: 0.3894 | LR: 5.00e-04
Epoch  48/100 | Train Loss: 0.7207 | Train RMSE: 0.8346 | Val RMSE: 0.5954 | Val MAE: 0.3894 | LR: 5.00e-04
Epoch  49/100 | Train Loss: 0.5697 | Train RMSE: 0.7490 | Val RMSE: 0.6107 | Val MAE: 0.4015 | LR: 5.00e-04
Epoch  50/100 | Train Loss: 0.6453 | Train RMSE: 0.7962 | Val RMSE: 0.5691 | Val MAE: 0.3668 | LR: 5.00e-04
Epoch  51/100 | Train Loss: 0.7154 | Train RMSE: 0.8383 | Val RMSE: 0.5953 | Val MAE: 0.3821 | LR: 5.00e-04
Epoch  52/100 | Train Loss: 0.6117 | Train RMSE: 0.7761 | Val RMSE: 0.5620 | Val MAE: 0.3552 | LR: 5.00e-04
Epoch  53/100 | Train Loss: 0.6214 | Train RMSE: 0.7829 | Val RMSE: 0.6033 | Val MAE: 0.3951 | LR: 5.00e-04
Epoch  54/100 | Train Loss: 0.5750 | Train RMSE: 0.7510 | Val RMSE: 0.6268 | Val MAE: 0.4142 | LR: 5.00e-04
Epoch  55/100 | Train Loss: 0.5959 | Train RMSE: 0.7653 | Val RMSE: 0.5914 | Val MAE: 0.3849 | LR: 5.00e-04

Early stopping at epoch 55 (no improvement for 40 epochs).

Pretraining complete. Best Val RMSE: 0.5270
  RAM after pretrain: 4.3 GB

[3/4] Evaluating on DrugOOD...
  lbap_core_ic50_scaffold: train pool=22025, ood_test=19480, iid_test=31388
  lbap_core_ic50_size: train pool=37497, ood_test=16761, iid_test=12721
  lbap_core_ic50_assay: train pool=34953, ood_test=19463, iid_test=11960
  RAM after DrugOOD load: 5.7 GB
Loaded regression model from epoch 15 (Val RMSE=0.5270)
lbap_core_ic50_scaffold             | ctx=  16 | ood_test | ΔAUPRC: -0.0182±0.0038 | RMSE: 1.7854 | Spearman: -0.0997
lbap_core_ic50_scaffold             | ctx=  16 | iid_test | ΔAUPRC: -0.0135±0.0015 | RMSE: 1.4945 | Spearman: -0.0893
lbap_core_ic50_scaffold             | ctx=  32 | ood_test | ΔAUPRC: -0.0100±0.0217 | RMSE: 1.6157 | Spearman: -0.0818
lbap_core_ic50_scaffold             | ctx=  32 | iid_test | ΔAUPRC: -0.0080±0.0115 | RMSE: 1.4033 | Spearman: -0.0688
lbap_core_ic50_scaffold             | ctx=  64 | ood_test | ΔAUPRC: -0.0105±0.0115 | RMSE: 1.5992 | Spearman: -0.0386
lbap_core_ic50_scaffold             | ctx=  64 | iid_test | ΔAUPRC: -0.0069±0.0060 | RMSE: 1.3834 | Spearman: -0.0363
lbap_core_ic50_scaffold             | ctx= 128 | ood_test | ΔAUPRC: +0.0226±0.0058 | RMSE: 1.5858 | Spearman: 0.0762
lbap_core_ic50_scaffold             | ctx= 128 | iid_test | ΔAUPRC: +0.0095±0.0022 | RMSE: 1.3793 | Spearman: 0.0331
lbap_core_ic50_scaffold             | ctx= 256 | ood_test | ΔAUPRC: -0.0006±0.0154 | RMSE: 1.6006 | Spearman: 0.0264
lbap_core_ic50_scaffold             | ctx= 256 | iid_test | ΔAUPRC: -0.0024±0.0120 | RMSE: 1.3816 | Spearman: -0.0007
lbap_core_ic50_scaffold             | ctx= 512 | ood_test | ΔAUPRC: +0.0175±0.0179 | RMSE: 1.6170 | Spearman: 0.0455
lbap_core_ic50_scaffold             | ctx= 512 | iid_test | ΔAUPRC: +0.0086±0.0076 | RMSE: 1.3828 | Spearman: 0.0198
lbap_core_ic50_size                 | ctx=  16 | ood_test | ΔAUPRC: +0.0133±0.0056 | RMSE: 1.6241 | Spearman: 0.0452
lbap_core_ic50_size                 | ctx=  16 | iid_test | ΔAUPRC: +0.0045±0.0008 | RMSE: 1.3477 | Spearman: 0.0596
lbap_core_ic50_size                 | ctx=  32 | ood_test | ΔAUPRC: +0.0191±0.0096 | RMSE: 1.5978 | Spearman: 0.0617
lbap_core_ic50_size                 | ctx=  32 | iid_test | ΔAUPRC: +0.0059±0.0059 | RMSE: 1.3281 | Spearman: 0.0355
lbap_core_ic50_size                 | ctx=  64 | ood_test | ΔAUPRC: +0.0131±0.0033 | RMSE: 1.5487 | Spearman: 0.0457
lbap_core_ic50_size                 | ctx=  64 | iid_test | ΔAUPRC: +0.0029±0.0051 | RMSE: 1.3410 | Spearman: 0.0087
lbap_core_ic50_size                 | ctx= 128 | ood_test | ΔAUPRC: +0.0116±0.0055 | RMSE: 1.5430 | Spearman: 0.0479
lbap_core_ic50_size                 | ctx= 128 | iid_test | ΔAUPRC: +0.0063±0.0028 | RMSE: 1.3054 | Spearman: 0.0437
lbap_core_ic50_size                 | ctx= 256 | ood_test | ΔAUPRC: +0.0218±0.0134 | RMSE: 1.5702 | Spearman: 0.0874
lbap_core_ic50_size                 | ctx= 256 | iid_test | ΔAUPRC: +0.0095±0.0037 | RMSE: 1.2891 | Spearman: 0.0990
lbap_core_ic50_size                 | ctx= 512 | ood_test | ΔAUPRC: +0.0175±0.0160 | RMSE: 1.5769 | Spearman: 0.0775
lbap_core_ic50_size                 | ctx= 512 | iid_test | ΔAUPRC: +0.0087±0.0040 | RMSE: 1.2876 | Spearman: 0.1060
lbap_core_ic50_assay                | ctx=  16 | ood_test | ΔAUPRC: +0.0018±0.0116 | RMSE: 1.4955 | Spearman: -0.0043
lbap_core_ic50_assay                | ctx=  16 | iid_test | ΔAUPRC: +0.0037±0.0130 | RMSE: 1.4243 | Spearman: 0.0233
lbap_core_ic50_assay                | ctx=  32 | ood_test | ΔAUPRC: +0.0039±0.0121 | RMSE: 1.4468 | Spearman: 0.0145
lbap_core_ic50_assay                | ctx=  32 | iid_test | ΔAUPRC: +0.0074±0.0149 | RMSE: 1.3882 | Spearman: 0.0673
lbap_core_ic50_assay                | ctx=  64 | ood_test | ΔAUPRC: +0.0073±0.0096 | RMSE: 1.4408 | Spearman: 0.0358
lbap_core_ic50_assay                | ctx=  64 | iid_test | ΔAUPRC: +0.0090±0.0107 | RMSE: 1.3825 | Spearman: 0.0870
lbap_core_ic50_assay                | ctx= 128 | ood_test | ΔAUPRC: +0.0115±0.0073 | RMSE: 1.4242 | Spearman: 0.0472
lbap_core_ic50_assay                | ctx= 128 | iid_test | ΔAUPRC: +0.0170±0.0090 | RMSE: 1.3653 | Spearman: 0.1163
lbap_core_ic50_assay                | ctx= 256 | ood_test | ΔAUPRC: +0.0120±0.0067 | RMSE: 1.3985 | Spearman: 0.0463
lbap_core_ic50_assay                | ctx= 256 | iid_test | ΔAUPRC: +0.0164±0.0097 | RMSE: 1.3572 | Spearman: 0.1127
lbap_core_ic50_assay                | ctx= 512 | ood_test | ΔAUPRC: +0.0137±0.0063 | RMSE: 1.3717 | Spearman: 0.0559
lbap_core_ic50_assay                | ctx= 512 | iid_test | ΔAUPRC: +0.0175±0.0070 | RMSE: 1.3505 | Spearman: 0.1210

Results saved → /home/chjo00006/PTN/outputs/results/drugood_results.csv

=== DrugOOD results (long-form) ===
                    split_type query_set  context_set_size  actual_context_n  n_test  n_seeds  delta_auprc  delta_auprc_std      rmse  rmse_std       mae  spearman  spearman_std
index                                                                                                                                                                            
0      lbap_core_ic50_scaffold  ood_test                16                16   19480        3    -0.018164         0.003829  1.785444  0.111198  1.528835 -0.099659      0.019426
1      lbap_core_ic50_scaffold  iid_test                16                16   31388        3    -0.013468         0.001543  1.494466  0.057601  1.216815 -0.089290      0.001456
2      lbap_core_ic50_scaffold  ood_test                32                32   19480        3    -0.009951         0.021711  1.615745  0.076569  1.377683 -0.081826      0.072251
3      lbap_core_ic50_scaffold  iid_test                32                32   31388        3    -0.008021         0.011524  1.403321  0.024110  1.146576 -0.068845      0.050494
4      lbap_core_ic50_scaffold  ood_test                64                64   19480        3    -0.010540         0.011450  1.599244  0.014204  1.362850 -0.038567      0.044805
5      lbap_core_ic50_scaffold  iid_test                64                64   31388        3    -0.006930         0.006016  1.383443  0.006541  1.130798 -0.036295      0.016385
6      lbap_core_ic50_scaffold  ood_test               128               128   19480        3     0.022570         0.005790  1.585849  0.037830  1.351367  0.076205      0.016751
7      lbap_core_ic50_scaffold  iid_test               128               128   31388        3     0.009490         0.002193  1.379319  0.006977  1.127207  0.033126      0.026482
8      lbap_core_ic50_scaffold  ood_test               256               256   19480        3    -0.000622         0.015393  1.600578  0.037943  1.365458  0.026418      0.062663
9      lbap_core_ic50_scaffold  iid_test               256               256   31388        3    -0.002421         0.011985  1.381601  0.015827  1.128596 -0.000746      0.074880
10     lbap_core_ic50_scaffold  ood_test               512               512   19480        3     0.017501         0.017937  1.616963  0.026549  1.380483  0.045491      0.057496
11     lbap_core_ic50_scaffold  iid_test               512               512   31388        3     0.008600         0.007618  1.382796  0.009078  1.128894  0.019758      0.026220
12         lbap_core_ic50_size  ood_test                16                16   16761        3     0.013315         0.005641  1.624063  0.246607  1.408344  0.045158      0.020006
13         lbap_core_ic50_size  iid_test                16                16   12721        3     0.004465         0.000753  1.347697  0.039618  1.090215  0.059622      0.056910
14         lbap_core_ic50_size  ood_test                32                32   16761        3     0.019148         0.009640  1.597824  0.164475  1.380840  0.061654      0.027371
15         lbap_core_ic50_size  iid_test                32                32   12721        3     0.005947         0.005943  1.328081  0.022845  1.071758  0.035530      0.040088
16         lbap_core_ic50_size  ood_test                64                64   16761        3     0.013052         0.003285  1.548678  0.178858  1.335538  0.045699      0.029281
17         lbap_core_ic50_size  iid_test                64                64   12721        3     0.002942         0.005054  1.341044  0.032835  1.085764  0.008683      0.056675
18         lbap_core_ic50_size  ood_test               128               128   16761        3     0.011583         0.005537  1.542967  0.107238  1.332322  0.047936      0.023502
19         lbap_core_ic50_size  iid_test               128               128   12721        3     0.006328         0.002848  1.305406  0.017200  1.058040  0.043673      0.034166
20         lbap_core_ic50_size  ood_test               256               256   16761        3     0.021847         0.013416  1.570178  0.056805  1.357618  0.087364      0.041064
21         lbap_core_ic50_size  iid_test               256               256   12721        3     0.009535         0.003685  1.289087  0.003062  1.042255  0.099029      0.009741
22         lbap_core_ic50_size  ood_test               512               512   16761        3     0.017504         0.016047  1.576907  0.015165  1.363496  0.077549      0.033574
23         lbap_core_ic50_size  iid_test               512               512   12721        3     0.008722         0.003951  1.287579  0.000831  1.041433  0.105993      0.010309
24        lbap_core_ic50_assay  ood_test                16                16   19463        3     0.001784         0.011572  1.495517  0.064266  1.238626 -0.004349      0.064417
25        lbap_core_ic50_assay  iid_test                16                16   11960        3     0.003695         0.013044  1.424305  0.030175  1.164706  0.023272      0.072131
26        lbap_core_ic50_assay  ood_test                32                32   19463        3     0.003893         0.012144  1.446808  0.072421  1.200117  0.014532      0.062169
27        lbap_core_ic50_assay  iid_test                32                32   11960        3     0.007365         0.014931  1.388170  0.022420  1.138120  0.067280      0.064374
28        lbap_core_ic50_assay  ood_test                64                64   19463        3     0.007349         0.009604  1.440773  0.090112  1.196701  0.035809      0.046616
29        lbap_core_ic50_assay  iid_test                64                64   11960        3     0.008953         0.010653  1.382524  0.032628  1.135375  0.086987      0.026505
30        lbap_core_ic50_assay  ood_test               128               128   19463        3     0.011523         0.007334  1.424200  0.048943  1.182303  0.047201      0.033324
31        lbap_core_ic50_assay  iid_test               128               128   11960        3     0.016956         0.009001  1.365312  0.016692  1.121612  0.116350      0.021708
32        lbap_core_ic50_assay  ood_test               256               256   19463        3     0.011967         0.006696  1.398500  0.022303  1.160397  0.046280      0.031590
33        lbap_core_ic50_assay  iid_test               256               256   11960        3     0.016422         0.009667  1.357190  0.007421  1.117215  0.112703      0.017393
34        lbap_core_ic50_assay  ood_test               512               512   19463        3     0.013670         0.006308  1.371669  0.007477  1.138195  0.055903      0.027471
35        lbap_core_ic50_assay  iid_test               512               512   11960        3     0.017508         0.006996  1.350530  0.002278  1.113866  0.120960      0.011494

=== Summary: mean ΔAUPRC per split × query_set ===
split_type               query_set
lbap_core_ic50_assay     iid_test     0.0118
                         ood_test     0.0084
lbap_core_ic50_scaffold  iid_test    -0.0021
                         ood_test     0.0001
lbap_core_ic50_size      iid_test     0.0063
                         ood_test     0.0161
Name: delta_auprc, dtype: float64

[4/4] FS-Mol test evaluation...

  [4a] Inside-task OOD (scaffold split, n_support=16)...
  Loading assay 1/157...
============================================================
  Data-loss report: test/
============================================================
  Molecules in raw files        :     56,220
  -- Dropped (inexact Relation) :     12,429  (22.1%)
  -- Dropped (bad/missing fields):       129  (0.2%)
  -- Dropped (task too small)   :          0  (0.0%)
  ----------------------------------------
  Total molecules lost          :     12,558  (22.3%)
  Molecules used for training   :     43,662  (77.7%)
  ---
  Tasks in directory            :        157
  Tasks dropped (<32 molecules)  :          3  (1.9%)
  Tasks kept                    :        154  (98.1%)
============================================================
  Test assays loaded: 154

Inside-task OOD: 153 assays evaluated, 1 skipped (no scaffold group with ≥3 molecules).
  Mean Spearman : 0.0490  (126/153 assays non-nan)
  Mean RMSE     : 0.5935
  Mean ΔAUPRC   : 0.0359
  Saved → /home/chjo00006/PTN/outputs/results/inside_task_ood_results.csv

  [4b] Support-size sweep (random / scaffold / size splits)...

  -- split_type = random --
  [random] 20/157 assays...  [random] 40/157 assays...  [random] 60/157 assays...  [random] 80/157 assays...  [random] 100/157 assays...  [random] 120/157 assays...  [random] 140/157 assays...
  Done [random]. 154 assays × 6 support sizes.

=== FS-Mol Test [random]: mean metrics per support size ===
              delta_auprc  spearman    rmse
support_size                               
16                 0.0303    0.0849  0.5407
32                 0.0300    0.1063  0.5254
64                 0.0398    0.1308  0.5154
128                0.0624    0.1451  0.4997
256                0.0815    0.2021  0.7853
512                0.0589    0.1235  0.8019
  Predictions saved → /home/chjo00006/PTN/outputs/results/fsmol_test_predictions_random.csv  (825,490 rows)

  -- split_type = scaffold --
  [scaffold] 20/157 assays...  [scaffold] 40/157 assays...  [scaffold] 60/157 assays...  [scaffold] 80/157 assays...  [scaffold] 100/157 assays...  [scaffold] 120/157 assays...  [scaffold] 140/157 assays...
  Done [scaffold]. 144 assays × 6 support sizes.

=== FS-Mol Test [scaffold]: mean metrics per support size ===
              delta_auprc  spearman    rmse
support_size                               
16                 0.0171    0.0062  0.6290
32                 0.0198    0.0082  0.6192
64                 0.0172    0.0024  0.6278
128                0.0171   -0.0092  0.6257
256                0.0098    0.0096  0.9721
512                0.0062    0.0094  0.9715
  Predictions saved → /home/chjo00006/PTN/outputs/results/fsmol_test_predictions_scaffold.csv  (1,022,570 rows)

  -- split_type = size --
  [size] 20/157 assays...  [size] 40/157 assays...  [size] 60/157 assays...  [size] 80/157 assays...  [size] 100/157 assays...  [size] 120/157 assays...  [size] 140/157 assays...
  Done [size]. 154 assays × 6 support sizes.

=== FS-Mol Test [size]: mean metrics per support size ===
              delta_auprc  spearman    rmse
support_size                               
16                 0.0228    0.0320  0.5765
32                 0.0219    0.0352  0.5638
64                 0.0204    0.0495  0.5567
128                0.0230    0.0488  0.5604
256                0.0391    0.0908  0.8648
512                0.0391    0.0861  0.7931
  Predictions saved → /home/chjo00006/PTN/outputs/results/fsmol_test_predictions_size.csv  (536,650 rows)

  All 3 curves saved → /home/chjo00006/PTN/outputs/results/fsmol_test_results.csv

=== FS-Mol Test: mean ΔAUPRC per split_type × support_size ===
split_type  support_size
random      16              0.0303
            32              0.0300
            64              0.0398
            128             0.0624
            256             0.0815
            512             0.0589
scaffold    16              0.0171
            32              0.0198
            64              0.0172
            128             0.0171
            256             0.0098
            512             0.0062
size        16              0.0228
            32              0.0219
            64              0.0204
            128             0.0230
            256             0.0391
            512             0.0391
Name: delta_auprc, dtype: float64
