============================================================
Prototypical Network: Molecular OOD
  encoder=fsmol_gnn  head=classification  split=shift_aware
  run_tag => fsmol_gnn_classification_shift_aware
  checkpoint => /home/chjo00006/PTN/checkpoints/ptn_fsmol_gnn_classification_shift_aware.pt
============================================================

[1/4] Indexing FS-Mol files...
  Train: 26868  Val: 40  Test: 157
  RAM: 0.5 GB

[2/4] Pretraining on FS-Mol...
  Computing FS-Mol degree histogram for PNA scalers...
  FS-Mol degree histogram over 57010 molecules (500 assays).
Training on: cuda
  Streaming GNN dataset: 26868 training files, min 64 molecules per assay
  Streaming GNN dataset: 40 training files, min 64 molecules per assay
  Steps: 10000  |  Tasks/step: 16  |  LR: 0.0001
  Train files: 26868  |  Val files: 40
Step    50/10000 | Train ΔAUPRC: +0.1109 | Val ΔAUPRC: +0.0877
  → Saved best (Val ΔAUPRC: +0.0877)
Step   100/10000 | Train ΔAUPRC: +0.1342 | Val ΔAUPRC: +0.0983
  → Saved best (Val ΔAUPRC: +0.0983)
Step   150/10000 | Train ΔAUPRC: +0.1171 | Val ΔAUPRC: +0.0920
Step   200/10000 | Train ΔAUPRC: +0.1462 | Val ΔAUPRC: +0.1020
  → Saved best (Val ΔAUPRC: +0.1020)
Step   250/10000 | Train ΔAUPRC: +0.1320 | Val ΔAUPRC: +0.0714
Step   300/10000 | Train ΔAUPRC: +0.1690 | Val ΔAUPRC: +0.1106
  → Saved best (Val ΔAUPRC: +0.1106)
Step   350/10000 | Train ΔAUPRC: +0.1066 | Val ΔAUPRC: +0.1038
Step   400/10000 | Train ΔAUPRC: +0.2264 | Val ΔAUPRC: +0.0964
Step   450/10000 | Train ΔAUPRC: +0.1934 | Val ΔAUPRC: +0.0975
Step   500/10000 | Train ΔAUPRC: +0.1931 | Val ΔAUPRC: +0.1029
Step   550/10000 | Train ΔAUPRC: +0.1875 | Val ΔAUPRC: +0.1260
  → Saved best (Val ΔAUPRC: +0.1260)
Step   600/10000 | Train ΔAUPRC: +0.1548 | Val ΔAUPRC: +0.1065
Step   650/10000 | Train ΔAUPRC: +0.2009 | Val ΔAUPRC: +0.1229
Step   700/10000 | Train ΔAUPRC: +0.2176 | Val ΔAUPRC: +0.1334
  → Saved best (Val ΔAUPRC: +0.1334)
Step   750/10000 | Train ΔAUPRC: +0.1081 | Val ΔAUPRC: +0.1207
Step   800/10000 | Train ΔAUPRC: +0.1596 | Val ΔAUPRC: +0.1582
  → Saved best (Val ΔAUPRC: +0.1582)
Step   850/10000 | Train ΔAUPRC: +0.1525 | Val ΔAUPRC: +0.1303
Step   900/10000 | Train ΔAUPRC: +0.2035 | Val ΔAUPRC: +0.1441
Step   950/10000 | Train ΔAUPRC: +0.1844 | Val ΔAUPRC: +0.1249
Step  1000/10000 | Train ΔAUPRC: +0.1458 | Val ΔAUPRC: +0.1332
Step  1050/10000 | Train ΔAUPRC: +0.1727 | Val ΔAUPRC: +0.1554
Step  1100/10000 | Train ΔAUPRC: +0.2698 | Val ΔAUPRC: +0.1346
Step  1150/10000 | Train ΔAUPRC: +0.1568 | Val ΔAUPRC: +0.1464
Step  1200/10000 | Train ΔAUPRC: +0.1674 | Val ΔAUPRC: +0.1553
Step  1250/10000 | Train ΔAUPRC: +0.2444 | Val ΔAUPRC: +0.1368
Step  1300/10000 | Train ΔAUPRC: +0.2282 | Val ΔAUPRC: +0.1383
Step  1350/10000 | Train ΔAUPRC: +0.2027 | Val ΔAUPRC: +0.1445
Step  1400/10000 | Train ΔAUPRC: +0.1686 | Val ΔAUPRC: +0.1426
Step  1450/10000 | Train ΔAUPRC: +0.1932 | Val ΔAUPRC: +0.1404
Step  1500/10000 | Train ΔAUPRC: +0.1391 | Val ΔAUPRC: +0.1467
Step  1550/10000 | Train ΔAUPRC: +0.2260 | Val ΔAUPRC: +0.1554
Step  1600/10000 | Train ΔAUPRC: +0.2418 | Val ΔAUPRC: +0.1486
Step  1650/10000 | Train ΔAUPRC: +0.1914 | Val ΔAUPRC: +0.1537
Step  1700/10000 | Train ΔAUPRC: +0.1736 | Val ΔAUPRC: +0.1708
  → Saved best (Val ΔAUPRC: +0.1708)
Step  1750/10000 | Train ΔAUPRC: +0.1981 | Val ΔAUPRC: +0.1487
Step  1800/10000 | Train ΔAUPRC: +0.2494 | Val ΔAUPRC: +0.1563
Step  1850/10000 | Train ΔAUPRC: +0.2052 | Val ΔAUPRC: +0.1507
Step  1900/10000 | Train ΔAUPRC: +0.2264 | Val ΔAUPRC: +0.1597
Step  1950/10000 | Train ΔAUPRC: +0.1535 | Val ΔAUPRC: +0.1752
  → Saved best (Val ΔAUPRC: +0.1752)
Step  2000/10000 | Train ΔAUPRC: +0.2276 | Val ΔAUPRC: +0.1628
Step  2050/10000 | Train ΔAUPRC: +0.1773 | Val ΔAUPRC: +0.1615
Step  2100/10000 | Train ΔAUPRC: +0.1644 | Val ΔAUPRC: +0.1617
Step  2150/10000 | Train ΔAUPRC: +0.1785 | Val ΔAUPRC: +0.1468
Step  2200/10000 | Train ΔAUPRC: +0.2691 | Val ΔAUPRC: +0.1784
  → Saved best (Val ΔAUPRC: +0.1784)
Step  2250/10000 | Train ΔAUPRC: +0.2398 | Val ΔAUPRC: +0.1525
Step  2300/10000 | Train ΔAUPRC: +0.1757 | Val ΔAUPRC: +0.1678
Step  2350/10000 | Train ΔAUPRC: +0.1885 | Val ΔAUPRC: +0.1665
Step  2400/10000 | Train ΔAUPRC: +0.1948 | Val ΔAUPRC: +0.1655
Step  2450/10000 | Train ΔAUPRC: +0.2459 | Val ΔAUPRC: +0.1625
Step  2500/10000 | Train ΔAUPRC: +0.1526 | Val ΔAUPRC: +0.1722
Step  2550/10000 | Train ΔAUPRC: +0.2668 | Val ΔAUPRC: +0.1723
Step  2600/10000 | Train ΔAUPRC: +0.1875 | Val ΔAUPRC: +0.1821
  → Saved best (Val ΔAUPRC: +0.1821)
Step  2650/10000 | Train ΔAUPRC: +0.2037 | Val ΔAUPRC: +0.1685
Step  2700/10000 | Train ΔAUPRC: +0.2672 | Val ΔAUPRC: +0.1603
Step  2750/10000 | Train ΔAUPRC: +0.2070 | Val ΔAUPRC: +0.1788
Step  2800/10000 | Train ΔAUPRC: +0.2171 | Val ΔAUPRC: +0.1671
Step  2850/10000 | Train ΔAUPRC: +0.1969 | Val ΔAUPRC: +0.1619
Step  2900/10000 | Train ΔAUPRC: +0.1970 | Val ΔAUPRC: +0.1732
Step  2950/10000 | Train ΔAUPRC: +0.1494 | Val ΔAUPRC: +0.1839
  → Saved best (Val ΔAUPRC: +0.1839)
Step  3000/10000 | Train ΔAUPRC: +0.3010 | Val ΔAUPRC: +0.1640
Step  3050/10000 | Train ΔAUPRC: +0.1758 | Val ΔAUPRC: +0.1741
Step  3100/10000 | Train ΔAUPRC: +0.1618 | Val ΔAUPRC: +0.1719
Step  3150/10000 | Train ΔAUPRC: +0.1915 | Val ΔAUPRC: +0.1799
Step  3200/10000 | Train ΔAUPRC: +0.1789 | Val ΔAUPRC: +0.1973
  → Saved best (Val ΔAUPRC: +0.1973)
Step  3250/10000 | Train ΔAUPRC: +0.1348 | Val ΔAUPRC: +0.1661
Step  3300/10000 | Train ΔAUPRC: +0.2116 | Val ΔAUPRC: +0.1791
Step  3350/10000 | Train ΔAUPRC: +0.2353 | Val ΔAUPRC: +0.1907
Step  3400/10000 | Train ΔAUPRC: +0.1787 | Val ΔAUPRC: +0.1803
Step  3450/10000 | Train ΔAUPRC: +0.1807 | Val ΔAUPRC: +0.1914
Step  3500/10000 | Train ΔAUPRC: +0.2201 | Val ΔAUPRC: +0.1709
Step  3550/10000 | Train ΔAUPRC: +0.2491 | Val ΔAUPRC: +0.1927
Step  3600/10000 | Train ΔAUPRC: +0.2398 | Val ΔAUPRC: +0.1768
Step  3650/10000 | Train ΔAUPRC: +0.2301 | Val ΔAUPRC: +0.1971
Step  3700/10000 | Train ΔAUPRC: +0.3454 | Val ΔAUPRC: +0.1925
Step  3750/10000 | Train ΔAUPRC: +0.1241 | Val ΔAUPRC: +0.1754
Step  3800/10000 | Train ΔAUPRC: +0.2385 | Val ΔAUPRC: +0.1819
Step  3850/10000 | Train ΔAUPRC: +0.2325 | Val ΔAUPRC: +0.1838
Step  3900/10000 | Train ΔAUPRC: +0.2820 | Val ΔAUPRC: +0.1776
Step  3950/10000 | Train ΔAUPRC: +0.2736 | Val ΔAUPRC: +0.1629
Step  4000/10000 | Train ΔAUPRC: +0.1985 | Val ΔAUPRC: +0.1735
Step  4050/10000 | Train ΔAUPRC: +0.2102 | Val ΔAUPRC: +0.1725
Step  4100/10000 | Train ΔAUPRC: +0.3307 | Val ΔAUPRC: +0.1794
Step  4150/10000 | Train ΔAUPRC: +0.2240 | Val ΔAUPRC: +0.1889
Step  4200/10000 | Train ΔAUPRC: +0.2440 | Val ΔAUPRC: +0.1768

Early stopping at step 4200 (no improvement for 1000 steps).

Training complete. Best Val ΔAUPRC: +0.1973
  RAM after pretrain: 1.3 GB

[3/4] Evaluating on DrugOOD...
  lbap_core_ic50_scaffold: train pool=22025, ood_test=19480, iid_test=31388
  lbap_core_ic50_size: train pool=37497, ood_test=16761, iid_test=12721
  lbap_core_ic50_assay: train pool=34953, ood_test=19463, iid_test=11960
  RAM after DrugOOD load: 3.0 GB
Loaded fsmol_gnn/classification model from step 3200 (Val ΔAUPRC=+0.1973)
lbap_core_ic50_scaffold             | ctx=  16 | ood_test | ΔAUPRC: +0.0003±0.0473 | RMSE: nan | Spearman: nan
lbap_core_ic50_scaffold             | ctx=  16 | iid_test | ΔAUPRC: +0.0044±0.0314 | RMSE: nan | Spearman: nan
lbap_core_ic50_scaffold             | ctx=  32 | ood_test | ΔAUPRC: +0.0071±0.0455 | RMSE: nan | Spearman: nan
lbap_core_ic50_scaffold             | ctx=  32 | iid_test | ΔAUPRC: +0.0043±0.0310 | RMSE: nan | Spearman: nan
lbap_core_ic50_scaffold             | ctx=  64 | ood_test | ΔAUPRC: +0.0161±0.0480 | RMSE: nan | Spearman: nan
lbap_core_ic50_scaffold             | ctx=  64 | iid_test | ΔAUPRC: +0.0154±0.0229 | RMSE: nan | Spearman: nan
lbap_core_ic50_scaffold             | ctx= 128 | ood_test | ΔAUPRC: +0.0462±0.0280 | RMSE: nan | Spearman: nan
lbap_core_ic50_scaffold             | ctx= 128 | iid_test | ΔAUPRC: +0.0357±0.0147 | RMSE: nan | Spearman: nan
lbap_core_ic50_scaffold             | ctx= 256 | ood_test | ΔAUPRC: +0.0537±0.0187 | RMSE: nan | Spearman: nan
lbap_core_ic50_scaffold             | ctx= 256 | iid_test | ΔAUPRC: +0.0433±0.0020 | RMSE: nan | Spearman: nan
lbap_core_ic50_scaffold             | ctx= 512 | ood_test | ΔAUPRC: +0.0629±0.0072 | RMSE: nan | Spearman: nan
lbap_core_ic50_scaffold             | ctx= 512 | iid_test | ΔAUPRC: +0.0457±0.0036 | RMSE: nan | Spearman: nan
lbap_core_ic50_size                 | ctx=  16 | ood_test | ΔAUPRC: +0.0065±0.0123 | RMSE: nan | Spearman: nan
lbap_core_ic50_size                 | ctx=  16 | iid_test | ΔAUPRC: +0.0079±0.0122 | RMSE: nan | Spearman: nan
lbap_core_ic50_size                 | ctx=  32 | ood_test | ΔAUPRC: +0.0115±0.0100 | RMSE: nan | Spearman: nan
lbap_core_ic50_size                 | ctx=  32 | iid_test | ΔAUPRC: +0.0125±0.0080 | RMSE: nan | Spearman: nan
lbap_core_ic50_size                 | ctx=  64 | ood_test | ΔAUPRC: +0.0157±0.0176 | RMSE: nan | Spearman: nan
lbap_core_ic50_size                 | ctx=  64 | iid_test | ΔAUPRC: +0.0101±0.0077 | RMSE: nan | Spearman: nan
lbap_core_ic50_size                 | ctx= 128 | ood_test | ΔAUPRC: +0.0307±0.0220 | RMSE: nan | Spearman: nan
lbap_core_ic50_size                 | ctx= 128 | iid_test | ΔAUPRC: +0.0196±0.0029 | RMSE: nan | Spearman: nan
lbap_core_ic50_size                 | ctx= 256 | ood_test | ΔAUPRC: +0.0498±0.0143 | RMSE: nan | Spearman: nan
lbap_core_ic50_size                 | ctx= 256 | iid_test | ΔAUPRC: +0.0261±0.0019 | RMSE: nan | Spearman: nan
lbap_core_ic50_size                 | ctx= 512 | ood_test | ΔAUPRC: +0.0590±0.0051 | RMSE: nan | Spearman: nan
lbap_core_ic50_size                 | ctx= 512 | iid_test | ΔAUPRC: +0.0299±0.0016 | RMSE: nan | Spearman: nan
lbap_core_ic50_assay                | ctx=  16 | ood_test | ΔAUPRC: +0.0151±0.0282 | RMSE: nan | Spearman: nan
lbap_core_ic50_assay                | ctx=  16 | iid_test | ΔAUPRC: +0.0262±0.0201 | RMSE: nan | Spearman: nan
lbap_core_ic50_assay                | ctx=  32 | ood_test | ΔAUPRC: +0.0260±0.0254 | RMSE: nan | Spearman: nan
lbap_core_ic50_assay                | ctx=  32 | iid_test | ΔAUPRC: +0.0364±0.0250 | RMSE: nan | Spearman: nan
lbap_core_ic50_assay                | ctx=  64 | ood_test | ΔAUPRC: +0.0414±0.0104 | RMSE: nan | Spearman: nan
lbap_core_ic50_assay                | ctx=  64 | iid_test | ΔAUPRC: +0.0450±0.0139 | RMSE: nan | Spearman: nan
lbap_core_ic50_assay                | ctx= 128 | ood_test | ΔAUPRC: +0.0496±0.0067 | RMSE: nan | Spearman: nan
lbap_core_ic50_assay                | ctx= 128 | iid_test | ΔAUPRC: +0.0604±0.0035 | RMSE: nan | Spearman: nan
lbap_core_ic50_assay                | ctx= 256 | ood_test | ΔAUPRC: +0.0594±0.0047 | RMSE: nan | Spearman: nan
lbap_core_ic50_assay                | ctx= 256 | iid_test | ΔAUPRC: +0.0689±0.0016 | RMSE: nan | Spearman: nan
lbap_core_ic50_assay                | ctx= 512 | ood_test | ΔAUPRC: +0.0607±0.0040 | RMSE: nan | Spearman: nan
lbap_core_ic50_assay                | ctx= 512 | iid_test | ΔAUPRC: +0.0747±0.0033 | RMSE: nan | Spearman: nan
  Saved => /home/chjo00006/PTN/outputs/results/drugood_results_fsmol_gnn_classification_shift_aware.csv

=== DrugOOD results (long-form) ===
                    split_type query_set  context_set_size  actual_context_n  n_test  n_seeds  delta_auprc  delta_auprc_std  rmse  rmse_std  mae  spearman  spearman_std
index                                                                                                                                                                   
0      lbap_core_ic50_scaffold  ood_test                16                16   19480        3     0.000267         0.047328   NaN       NaN  NaN       NaN           NaN
1      lbap_core_ic50_scaffold  iid_test                16                16   31388        3     0.004413         0.031390   NaN       NaN  NaN       NaN           NaN
2      lbap_core_ic50_scaffold  ood_test                32                32   19480        3     0.007072         0.045465   NaN       NaN  NaN       NaN           NaN
3      lbap_core_ic50_scaffold  iid_test                32                32   31388        3     0.004294         0.030987   NaN       NaN  NaN       NaN           NaN
4      lbap_core_ic50_scaffold  ood_test                64                64   19480        3     0.016135         0.048049   NaN       NaN  NaN       NaN           NaN
5      lbap_core_ic50_scaffold  iid_test                64                64   31388        3     0.015445         0.022931   NaN       NaN  NaN       NaN           NaN
6      lbap_core_ic50_scaffold  ood_test               128               128   19480        3     0.046210         0.027954   NaN       NaN  NaN       NaN           NaN
7      lbap_core_ic50_scaffold  iid_test               128               128   31388        3     0.035692         0.014679   NaN       NaN  NaN       NaN           NaN
8      lbap_core_ic50_scaffold  ood_test               256               256   19480        3     0.053704         0.018749   NaN       NaN  NaN       NaN           NaN
9      lbap_core_ic50_scaffold  iid_test               256               256   31388        3     0.043326         0.002033   NaN       NaN  NaN       NaN           NaN
10     lbap_core_ic50_scaffold  ood_test               512               512   19480        3     0.062926         0.007199   NaN       NaN  NaN       NaN           NaN
11     lbap_core_ic50_scaffold  iid_test               512               512   31388        3     0.045719         0.003612   NaN       NaN  NaN       NaN           NaN
12         lbap_core_ic50_size  ood_test                16                16   16761        3     0.006481         0.012287   NaN       NaN  NaN       NaN           NaN
13         lbap_core_ic50_size  iid_test                16                16   12721        3     0.007929         0.012151   NaN       NaN  NaN       NaN           NaN
14         lbap_core_ic50_size  ood_test                32                32   16761        3     0.011462         0.010005   NaN       NaN  NaN       NaN           NaN
15         lbap_core_ic50_size  iid_test                32                32   12721        3     0.012533         0.007981   NaN       NaN  NaN       NaN           NaN
16         lbap_core_ic50_size  ood_test                64                64   16761        3     0.015673         0.017557   NaN       NaN  NaN       NaN           NaN
17         lbap_core_ic50_size  iid_test                64                64   12721        3     0.010069         0.007741   NaN       NaN  NaN       NaN           NaN
18         lbap_core_ic50_size  ood_test               128               128   16761        3     0.030736         0.022007   NaN       NaN  NaN       NaN           NaN
19         lbap_core_ic50_size  iid_test               128               128   12721        3     0.019582         0.002898   NaN       NaN  NaN       NaN           NaN
20         lbap_core_ic50_size  ood_test               256               256   16761        3     0.049830         0.014302   NaN       NaN  NaN       NaN           NaN
21         lbap_core_ic50_size  iid_test               256               256   12721        3     0.026077         0.001877   NaN       NaN  NaN       NaN           NaN
22         lbap_core_ic50_size  ood_test               512               512   16761        3     0.058997         0.005081   NaN       NaN  NaN       NaN           NaN
23         lbap_core_ic50_size  iid_test               512               512   12721        3     0.029857         0.001573   NaN       NaN  NaN       NaN           NaN
24        lbap_core_ic50_assay  ood_test                16                16   19463        3     0.015075         0.028156   NaN       NaN  NaN       NaN           NaN
25        lbap_core_ic50_assay  iid_test                16                16   11960        3     0.026156         0.020135   NaN       NaN  NaN       NaN           NaN
26        lbap_core_ic50_assay  ood_test                32                32   19463        3     0.026015         0.025354   NaN       NaN  NaN       NaN           NaN
27        lbap_core_ic50_assay  iid_test                32                32   11960        3     0.036399         0.025048   NaN       NaN  NaN       NaN           NaN
28        lbap_core_ic50_assay  ood_test                64                64   19463        3     0.041365         0.010413   NaN       NaN  NaN       NaN           NaN
29        lbap_core_ic50_assay  iid_test                64                64   11960        3     0.045001         0.013911   NaN       NaN  NaN       NaN           NaN
30        lbap_core_ic50_assay  ood_test               128               128   19463        3     0.049611         0.006683   NaN       NaN  NaN       NaN           NaN
31        lbap_core_ic50_assay  iid_test               128               128   11960        3     0.060410         0.003547   NaN       NaN  NaN       NaN           NaN
32        lbap_core_ic50_assay  ood_test               256               256   19463        3     0.059439         0.004729   NaN       NaN  NaN       NaN           NaN
33        lbap_core_ic50_assay  iid_test               256               256   11960        3     0.068854         0.001600   NaN       NaN  NaN       NaN           NaN
34        lbap_core_ic50_assay  ood_test               512               512   19463        3     0.060716         0.004019   NaN       NaN  NaN       NaN           NaN
35        lbap_core_ic50_assay  iid_test               512               512   11960        3     0.074661         0.003251   NaN       NaN  NaN       NaN           NaN

=== Summary: mean ΔAUPRC per split × query_set ===
split_type               query_set
lbap_core_ic50_assay     iid_test     0.0519
                         ood_test     0.0420
lbap_core_ic50_scaffold  iid_test     0.0248
                         ood_test     0.0311
lbap_core_ic50_size      iid_test     0.0177
                         ood_test     0.0289
Name: delta_auprc, dtype: float64

[4/4] FS-Mol test evaluation...

  [4a] Inside-task OOD (scaffold split, n_support=16)...
  Loading assay 1/157...
============================================================
  Data-loss report: test/
============================================================
  Molecules in raw files        :     56,220
  -- Dropped (inexact Relation) :     12,429  (22.1%)
  -- Dropped (bad/missing fields):       129  (0.2%)
  -- Dropped (task too small)   :          0  (0.0%)
  ----------------------------------------
  Total molecules lost          :     12,558  (22.3%)
  Molecules used for training   :     43,662  (77.7%)
  ---
  Tasks in directory            :        157
  Tasks dropped (<32 molecules)  :          3  (1.9%)
  Tasks kept                    :        154  (98.1%)
============================================================
  Test assays loaded: 154

Inside-task OOD: 153 assays evaluated, 1 skipped (no scaffold group with ≥3 molecules).
  Mean Spearman : nan  (0/153 assays non-nan)
  Mean RMSE     : nan
  Mean ΔAUPRC   : 0.0341
  Saved => /home/chjo00006/PTN/outputs/results/inside_task_ood_fsmol_gnn_classification_shift_aware.csv

  [4b] Support-size sweep (random / scaffold / size splits)...

  -- split_type = random --
  [random] 20/154 assays...
  [random] 40/154 assays...
  [random] 60/154 assays...
  [random] 80/154 assays...
  [random] 100/154 assays...
  [random] 120/154 assays...
  [random] 140/154 assays...
  Done [random]. 154 assays × 6 support sizes.

=== FS-Mol Test [random]: mean metrics per support size ===
              delta_auprc  spearman  rmse
support_size                             
16                 0.0284       NaN   NaN
32                 0.0312       NaN   NaN
64                 0.0409       NaN   NaN
128                0.0575       NaN   NaN
256                0.1579       NaN   NaN
512                0.1576       NaN   NaN
  Predictions saved → /home/chjo00006/PTN/outputs/results/fsmol_test_predictions_fsmol_gnn_classification_shift_aware_random.csv  (825,490 rows)

  -- split_type = scaffold --
  [scaffold] 60/154 assays...
  [scaffold] 80/154 assays...
  [scaffold] 100/154 assays...
  [scaffold] 120/154 assays...
  [scaffold] 140/154 assays...
  Done [scaffold]. 144 assays × 6 support sizes.

=== FS-Mol Test [scaffold]: mean metrics per support size ===
              delta_auprc  spearman  rmse
support_size                             
16                 0.0019       NaN   NaN
32                 0.0053       NaN   NaN
64                 0.0019       NaN   NaN
128                0.0041       NaN   NaN
256                0.0200       NaN   NaN
512                0.0110       NaN   NaN
  Predictions saved → /home/chjo00006/PTN/outputs/results/fsmol_test_predictions_fsmol_gnn_classification_shift_aware_scaffold.csv  (1,022,570 rows)

  -- split_type = size --
  [size] 20/154 assays...
  [size] 40/154 assays...
  [size] 60/154 assays...
  [size] 80/154 assays...
  [size] 100/154 assays...
  [size] 120/154 assays...
  [size] 140/154 assays...
  Done [size]. 154 assays × 6 support sizes.

=== FS-Mol Test [size]: mean metrics per support size ===
              delta_auprc  spearman  rmse
support_size                             
16                 0.0096       NaN   NaN
32                 0.0076       NaN   NaN
64                 0.0079       NaN   NaN
128                0.0087       NaN   NaN
256                0.0704       NaN   NaN
512                0.0911       NaN   NaN
  Predictions saved → /home/chjo00006/PTN/outputs/results/fsmol_test_predictions_fsmol_gnn_classification_shift_aware_size.csv  (536,650 rows)

  All 3 curves saved => /home/chjo00006/PTN/outputs/results/fsmol_test_results_fsmol_gnn_classification_shift_aware.csv

=== FS-Mol Test: mean ΔAUPRC per split_type × support_size ===
split_type  support_size
random      16              0.0284
            32              0.0312
            64              0.0409
            128             0.0575
            256             0.1579
            512             0.1576
scaffold    16              0.0019
            32              0.0053
            64              0.0019
            128             0.0041
            256             0.0200
            512             0.0110
size        16              0.0096
            32              0.0076
            64              0.0079
            128             0.0087
            256             0.0704
            512             0.0911
Name: delta_auprc, dtype: float64
