Running on node: serv-3334
GPUs available: 1
------------------------------
main.py | gnn_classification_random_euclidean_163264128256_seed0 | scaffold_split=butina@0.70
  Loading assay 1/157...
============================================================
  Data-loss report: test/
============================================================
  Molecules in raw files        :     56,220
  -- Dropped (inexact Relation) :     12,429  (22.1%)
  -- Dropped (bad/missing fields):       129  (0.2%)
  -- Dropped (task too small)   :          0  (0.0%)
  ----------------------------------------
  Total molecules lost          :     12,558  (22.3%)
  Molecules used                :     43,662  (77.7%)
  Tasks kept                    :        154 / 157 (98.1%)
============================================================
  eval 20/154 assays...
  eval 40/154 assays...
  eval 60/154 assays...
  eval 80/154 assays...
  eval 100/154 assays...
  eval 120/154 assays...
  eval 140/154 assays...

=== FS-Mol test summary [baselines] ===

-- split = random --
                                  dAUPRC  AUROC  n_assays
head                support_size                         
ecfp_gp_tanimoto    16             0.088  0.596       154
                    32             0.106  0.616       154
                    64             0.127  0.636       153
                    128            0.153  0.653       148
                    256            0.168  0.713        29
                    512            0.180  0.681        11
ecfp_logreg         16             0.082  0.585       154
                    32             0.099  0.604       154
                    64             0.114  0.621       153
                    128            0.142  0.635       148
                    256            0.135  0.676        29
                    512            0.128  0.643        11
ecfp_proto_euclid   16             0.059  0.570       154
                    32             0.076  0.586       154
                    64             0.093  0.602       153
                    128            0.116  0.610       148
                    256            0.119  0.660        29
                    512            0.109  0.615        11
ecfp_proto_tanimoto 16             0.085  0.587       154
                    32             0.103  0.605       154
                    64             0.122  0.628       153
                    128            0.147  0.642       148
                    256            0.152  0.693        29
                    512            0.157  0.656        11
ecfp_rf             16             0.082  0.582       154
                    32             0.101  0.604       154
                    64             0.128  0.633       153
                    128            0.157  0.652       148
                    256            0.165  0.701        29
                    512            0.180  0.686        11

-- split = scaffold --
                                  dAUPRC  AUROC  n_assays
head                support_size                         
ecfp_gp_tanimoto    16             0.071  0.575       154
                    32             0.087  0.591       154
                    64             0.106  0.611       153
                    128            0.140  0.632       148
                    256            0.145  0.671        29
                    512            0.170  0.678        11
ecfp_logreg         16             0.066  0.563       154
                    32             0.079  0.578       154
                    64             0.094  0.593       153
                    128            0.125  0.609       148
                    256            0.114  0.636        29
                    512            0.114  0.632        11
ecfp_proto_euclid   16             0.048  0.554       154
                    32             0.060  0.565       154
                    64             0.077  0.580       153
                    128            0.108  0.590       148
                    256            0.106  0.632        29
                    512            0.106  0.621        11
ecfp_proto_tanimoto 16             0.067  0.564       154
                    32             0.082  0.578       154
                    64             0.100  0.599       153
                    128            0.130  0.617       148
                    256            0.133  0.664        29
                    512            0.152  0.662        11
ecfp_rf             16             0.066  0.563       154
                    32             0.084  0.581       154
                    64             0.107  0.608       153
                    128            0.145  0.634       148
                    256            0.146  0.674        29
                    512            0.171  0.682        11

-- split = similarity --
                                  dAUPRC  AUROC  n_assays
head                support_size                         
ecfp_gp_tanimoto    16             0.056  0.549       142
                    32             0.067  0.562       143
                    64             0.083  0.578       141
                    128            0.114  0.598       137
                    256            0.107  0.650        27
                    512            0.131  0.630        11
ecfp_logreg         16             0.046  0.536       142
                    32             0.058  0.545       143
                    64             0.073  0.563       141
                    128            0.100  0.572       137
                    256            0.075  0.607        27
                    512            0.071  0.577        11
ecfp_proto_euclid   16             0.037  0.535       142
                    32             0.054  0.550       143
                    64             0.068  0.568       141
                    128            0.098  0.579       137
                    256            0.075  0.612        27
                    512            0.096  0.601        11
ecfp_proto_tanimoto 16             0.049  0.539       142
                    32             0.064  0.552       143
                    64             0.081  0.569       141
                    128            0.106  0.583       137
                    256            0.092  0.638        27
                    512            0.117  0.620        11
ecfp_rf             16             0.049  0.541       142
                    32             0.068  0.558       143
                    64             0.087  0.582       141
                    128            0.122  0.604       137
                    256            0.106  0.653        27
                    512            0.125  0.628        11

-- split = size --
                                  dAUPRC  AUROC  n_assays
head                support_size                         
ecfp_gp_tanimoto    16             0.066  0.566       154
                    32             0.073  0.572       153
                    64             0.078  0.584       148
                    128            0.085  0.640        30
                    256            0.121  0.621        11
                    512            0.169  0.665         5
ecfp_logreg         16             0.061  0.556       154
                    32             0.063  0.559       153
                    64             0.070  0.569       148
                    128            0.067  0.595        30
                    256            0.088  0.596        11
                    512            0.074  0.585         5
ecfp_proto_euclid   16             0.038  0.535       154
                    32             0.045  0.544       153
                    64             0.047  0.542       148
                    128            0.044  0.566        30
                    256            0.064  0.567        11
                    512            0.091  0.610         5
ecfp_proto_tanimoto 16             0.063  0.554       154
                    32             0.069  0.560       153
                    64             0.075  0.574       148
                    128            0.074  0.601        30
                    256            0.106  0.608        11
                    512            0.163  0.661         5
ecfp_rf             16             0.055  0.544       154
                    32             0.064  0.555       153
                    64             0.075  0.574       148
                    128            0.080  0.614        30
                    256            0.127  0.633        11
                    512            0.148  0.648         5
  saved -> /netscratch/jobanputra/PTN/outputs/baselines/csvs/fsmol_test.csv
