============================================================
Prototypical Network: Molecular OOD
  encoder=fsmol_gnn  head=classification  split=shift_aware  seed=1
  run_tag => fsmol_gnn_classification_shift_aware_seed1
  checkpoint => /home/chjo00006/PTN/checkpoints/ptn_fsmol_gnn_classification_shift_aware_seed1.pt
============================================================

[1/4] Indexing FS-Mol files...
  Train: 26868  Val: 40  Test: 157
  RAM: 0.5 GB

[2/4] Pretraining on FS-Mol...
  Computing FS-Mol degree histogram for PNA scalers...
  FS-Mol degree histogram over 48658 molecules (500 assays).
Training on: cuda
  Streaming GNN dataset: 26868 training files, n_support=64
  Streaming GNN dataset: 40 training files, n_support=64
  AMP dtype: torch.bfloat16 (bf16 supported: True)
  Epochs: 100  |  Tasks/step: 16  |  LR: 0.0001
  Train files: 26868  |  Val files: 40
  Episodes/epoch: 1600  |  Steps/epoch: ~100
Epoch   1/100 | Steps: 100 | Train BCE: 1.5887 | Train ΔAUPRC: +0.0873 | Val ΔAUPRC: +0.0767
  → Saved best model (Val ΔAUPRC: +0.0767)
Epoch   2/100 | Steps: 100 | Train BCE: 0.4627 | Train ΔAUPRC: +0.1323 | Val ΔAUPRC: +0.0986
  → Saved best model (Val ΔAUPRC: +0.0986)
Epoch   3/100 | Steps: 100 | Train BCE: 0.4688 | Train ΔAUPRC: +0.1554 | Val ΔAUPRC: +0.0992
  → Saved best model (Val ΔAUPRC: +0.0992)
Epoch   4/100 | Steps: 100 | Train BCE: 0.4416 | Train ΔAUPRC: +0.1492 | Val ΔAUPRC: +0.0978
Epoch   5/100 | Steps: 100 | Train BCE: 0.4322 | Train ΔAUPRC: +0.1587 | Val ΔAUPRC: +0.1182
  → Saved best model (Val ΔAUPRC: +0.1182)
Epoch   6/100 | Steps: 100 | Train BCE: 0.4643 | Train ΔAUPRC: +0.1608 | Val ΔAUPRC: +0.1096
Epoch   7/100 | Steps: 100 | Train BCE: 0.4218 | Train ΔAUPRC: +0.1673 | Val ΔAUPRC: +0.1143
Epoch   8/100 | Steps: 100 | Train BCE: 0.4193 | Train ΔAUPRC: +0.1699 | Val ΔAUPRC: +0.1248
  → Saved best model (Val ΔAUPRC: +0.1248)
Epoch   9/100 | Steps: 100 | Train BCE: 0.4109 | Train ΔAUPRC: +0.1700 | Val ΔAUPRC: +0.1300
  → Saved best model (Val ΔAUPRC: +0.1300)
Epoch  10/100 | Steps: 100 | Train BCE: 0.4129 | Train ΔAUPRC: +0.1770 | Val ΔAUPRC: +0.1388
  → Saved best model (Val ΔAUPRC: +0.1388)
Epoch  11/100 | Steps: 100 | Train BCE: 0.4232 | Train ΔAUPRC: +0.1784 | Val ΔAUPRC: +0.1326
Epoch  12/100 | Steps: 100 | Train BCE: 0.4098 | Train ΔAUPRC: +0.1775 | Val ΔAUPRC: +0.1341
Epoch  13/100 | Steps: 100 | Train BCE: 0.3947 | Train ΔAUPRC: +0.1885 | Val ΔAUPRC: +0.1412
  → Saved best model (Val ΔAUPRC: +0.1412)
Epoch  14/100 | Steps: 100 | Train BCE: 0.4133 | Train ΔAUPRC: +0.1870 | Val ΔAUPRC: +0.1470
  → Saved best model (Val ΔAUPRC: +0.1470)
Epoch  15/100 | Steps: 100 | Train BCE: 0.3875 | Train ΔAUPRC: +0.1871 | Val ΔAUPRC: +0.1409
Epoch  16/100 | Steps: 100 | Train BCE: 0.3961 | Train ΔAUPRC: +0.1982 | Val ΔAUPRC: +0.1445
Epoch  17/100 | Steps: 100 | Train BCE: 0.4014 | Train ΔAUPRC: +0.2042 | Val ΔAUPRC: +0.1495
  → Saved best model (Val ΔAUPRC: +0.1495)
Epoch  18/100 | Steps: 100 | Train BCE: 0.3892 | Train ΔAUPRC: +0.2033 | Val ΔAUPRC: +0.1537
  → Saved best model (Val ΔAUPRC: +0.1537)
Epoch  19/100 | Steps: 100 | Train BCE: 0.3945 | Train ΔAUPRC: +0.1934 | Val ΔAUPRC: +0.1643
  → Saved best model (Val ΔAUPRC: +0.1643)
Epoch  20/100 | Steps: 100 | Train BCE: 0.3885 | Train ΔAUPRC: +0.1954 | Val ΔAUPRC: +0.1703
  → Saved best model (Val ΔAUPRC: +0.1703)
Epoch  21/100 | Steps: 100 | Train BCE: 0.3920 | Train ΔAUPRC: +0.2029 | Val ΔAUPRC: +0.1641
Epoch  22/100 | Steps: 100 | Train BCE: 0.3682 | Train ΔAUPRC: +0.2058 | Val ΔAUPRC: +0.1679
Epoch  23/100 | Steps: 100 | Train BCE: 0.3676 | Train ΔAUPRC: +0.2060 | Val ΔAUPRC: +0.1661
Epoch  24/100 | Steps: 100 | Train BCE: 0.3908 | Train ΔAUPRC: +0.2017 | Val ΔAUPRC: +0.1705
  → Saved best model (Val ΔAUPRC: +0.1705)
Epoch  25/100 | Steps: 100 | Train BCE: 0.3875 | Train ΔAUPRC: +0.2038 | Val ΔAUPRC: +0.1930
  → Saved best model (Val ΔAUPRC: +0.1930)
Epoch  26/100 | Steps: 100 | Train BCE: 0.3772 | Train ΔAUPRC: +0.2078 | Val ΔAUPRC: +0.1560
Epoch  27/100 | Steps: 100 | Train BCE: 0.3869 | Train ΔAUPRC: +0.2120 | Val ΔAUPRC: +0.1727
Epoch  28/100 | Steps: 100 | Train BCE: 0.3633 | Train ΔAUPRC: +0.2185 | Val ΔAUPRC: +0.1686
Epoch  29/100 | Steps: 100 | Train BCE: 0.3769 | Train ΔAUPRC: +0.2068 | Val ΔAUPRC: +0.1660
Epoch  30/100 | Steps: 100 | Train BCE: 0.3473 | Train ΔAUPRC: +0.2136 | Val ΔAUPRC: +0.1819
Epoch  31/100 | Steps: 100 | Train BCE: 0.3760 | Train ΔAUPRC: +0.2121 | Val ΔAUPRC: +0.1710
Epoch  32/100 | Steps: 100 | Train BCE: 0.3689 | Train ΔAUPRC: +0.2216 | Val ΔAUPRC: +0.1850
Epoch  33/100 | Steps: 100 | Train BCE: 0.3593 | Train ΔAUPRC: +0.2094 | Val ΔAUPRC: +0.1812
Epoch  34/100 | Steps: 100 | Train BCE: 0.3596 | Train ΔAUPRC: +0.2192 | Val ΔAUPRC: +0.1774
Epoch  35/100 | Steps: 100 | Train BCE: 0.3529 | Train ΔAUPRC: +0.2174 | Val ΔAUPRC: +0.1823
Epoch  36/100 | Steps: 100 | Train BCE: 0.3621 | Train ΔAUPRC: +0.2249 | Val ΔAUPRC: +0.1707
Epoch  37/100 | Steps: 100 | Train BCE: 0.3680 | Train ΔAUPRC: +0.2211 | Val ΔAUPRC: +0.1825
Epoch  38/100 | Steps: 100 | Train BCE: 0.3752 | Train ΔAUPRC: +0.2257 | Val ΔAUPRC: +0.1892
Epoch  39/100 | Steps: 100 | Train BCE: 0.3555 | Train ΔAUPRC: +0.2210 | Val ΔAUPRC: +0.1938
  → Saved best model (Val ΔAUPRC: +0.1938)
Epoch  40/100 | Steps: 100 | Train BCE: 0.3529 | Train ΔAUPRC: +0.2121 | Val ΔAUPRC: +0.1845
Epoch  41/100 | Steps: 100 | Train BCE: 0.3603 | Train ΔAUPRC: +0.2290 | Val ΔAUPRC: +0.1780
Epoch  42/100 | Steps: 100 | Train BCE: 0.3465 | Train ΔAUPRC: +0.2315 | Val ΔAUPRC: +0.1816
Epoch  43/100 | Steps: 100 | Train BCE: 0.3629 | Train ΔAUPRC: +0.2299 | Val ΔAUPRC: +0.1807
Epoch  44/100 | Steps: 100 | Train BCE: 0.3522 | Train ΔAUPRC: +0.2254 | Val ΔAUPRC: +0.1746
Epoch  45/100 | Steps: 100 | Train BCE: 0.3513 | Train ΔAUPRC: +0.2244 | Val ΔAUPRC: +0.1698
Epoch  46/100 | Steps: 100 | Train BCE: 0.3434 | Train ΔAUPRC: +0.2291 | Val ΔAUPRC: +0.1889
Epoch  47/100 | Steps: 100 | Train BCE: 0.3624 | Train ΔAUPRC: +0.2286 | Val ΔAUPRC: +0.1738
Epoch  48/100 | Steps: 100 | Train BCE: 0.3474 | Train ΔAUPRC: +0.2273 | Val ΔAUPRC: +0.1892
Epoch  49/100 | Steps: 100 | Train BCE: 0.3527 | Train ΔAUPRC: +0.2244 | Val ΔAUPRC: +0.1883
Epoch  50/100 | Steps: 100 | Train BCE: 0.3449 | Train ΔAUPRC: +0.2332 | Val ΔAUPRC: +0.1928
Epoch  51/100 | Steps: 100 | Train BCE: 0.3481 | Train ΔAUPRC: +0.2312 | Val ΔAUPRC: +0.1784
Epoch  52/100 | Steps: 100 | Train BCE: 0.3450 | Train ΔAUPRC: +0.2293 | Val ΔAUPRC: +0.1986
  → Saved best model (Val ΔAUPRC: +0.1986)
Epoch  53/100 | Steps: 100 | Train BCE: 0.3527 | Train ΔAUPRC: +0.2329 | Val ΔAUPRC: +0.1873
Epoch  54/100 | Steps: 100 | Train BCE: 0.3391 | Train ΔAUPRC: +0.2333 | Val ΔAUPRC: +0.1755
Epoch  55/100 | Steps: 100 | Train BCE: 0.3434 | Train ΔAUPRC: +0.2260 | Val ΔAUPRC: +0.1884
Epoch  56/100 | Steps: 100 | Train BCE: 0.3454 | Train ΔAUPRC: +0.2364 | Val ΔAUPRC: +0.1756
Epoch  57/100 | Steps: 100 | Train BCE: 0.3513 | Train ΔAUPRC: +0.2303 | Val ΔAUPRC: +0.1923
Epoch  58/100 | Steps: 100 | Train BCE: 0.3451 | Train ΔAUPRC: +0.2353 | Val ΔAUPRC: +0.1981
Epoch  59/100 | Steps: 100 | Train BCE: 0.3475 | Train ΔAUPRC: +0.2399 | Val ΔAUPRC: +0.1936
Epoch  60/100 | Steps: 100 | Train BCE: 0.3403 | Train ΔAUPRC: +0.2373 | Val ΔAUPRC: +0.1849
Epoch  61/100 | Steps: 100 | Train BCE: 0.3314 | Train ΔAUPRC: +0.2334 | Val ΔAUPRC: +0.1863
Epoch  62/100 | Steps: 100 | Train BCE: 0.3422 | Train ΔAUPRC: +0.2411 | Val ΔAUPRC: +0.1947
Epoch  63/100 | Steps: 100 | Train BCE: 0.3403 | Train ΔAUPRC: +0.2424 | Val ΔAUPRC: +0.1874
Epoch  64/100 | Steps: 100 | Train BCE: 0.3435 | Train ΔAUPRC: +0.2280 | Val ΔAUPRC: +0.1926
Epoch  65/100 | Steps: 100 | Train BCE: 0.3256 | Train ΔAUPRC: +0.2431 | Val ΔAUPRC: +0.1918
Epoch  66/100 | Steps: 100 | Train BCE: 0.3404 | Train ΔAUPRC: +0.2425 | Val ΔAUPRC: +0.1807
Epoch  67/100 | Steps: 100 | Train BCE: 0.3319 | Train ΔAUPRC: +0.2476 | Val ΔAUPRC: +0.1941
Epoch  68/100 | Steps: 100 | Train BCE: 0.3352 | Train ΔAUPRC: +0.2364 | Val ΔAUPRC: +0.1887
Epoch  69/100 | Steps: 100 | Train BCE: 0.3412 | Train ΔAUPRC: +0.2413 | Val ΔAUPRC: +0.1970
Epoch  70/100 | Steps: 100 | Train BCE: 0.3175 | Train ΔAUPRC: +0.2415 | Val ΔAUPRC: +0.2053
  → Saved best model (Val ΔAUPRC: +0.2053)
Epoch  71/100 | Steps: 100 | Train BCE: 0.3346 | Train ΔAUPRC: +0.2485 | Val ΔAUPRC: +0.1992
Epoch  72/100 | Steps: 100 | Train BCE: 0.3399 | Train ΔAUPRC: +0.2442 | Val ΔAUPRC: +0.1919
Epoch  73/100 | Steps: 100 | Train BCE: 0.3415 | Train ΔAUPRC: +0.2488 | Val ΔAUPRC: +0.1907
Epoch  74/100 | Steps: 100 | Train BCE: 0.3406 | Train ΔAUPRC: +0.2383 | Val ΔAUPRC: +0.1926
Epoch  75/100 | Steps: 100 | Train BCE: 0.3179 | Train ΔAUPRC: +0.2374 | Val ΔAUPRC: +0.1952
Epoch  76/100 | Steps: 100 | Train BCE: 0.3253 | Train ΔAUPRC: +0.2489 | Val ΔAUPRC: +0.1982
Epoch  77/100 | Steps: 100 | Train BCE: 0.3429 | Train ΔAUPRC: +0.2372 | Val ΔAUPRC: +0.1821
Epoch  78/100 | Steps: 100 | Train BCE: 0.3372 | Train ΔAUPRC: +0.2470 | Val ΔAUPRC: +0.1854
Epoch  79/100 | Steps: 100 | Train BCE: 0.3201 | Train ΔAUPRC: +0.2492 | Val ΔAUPRC: +0.1919
Epoch  80/100 | Steps: 100 | Train BCE: 0.3258 | Train ΔAUPRC: +0.2467 | Val ΔAUPRC: +0.1892
Epoch  81/100 | Steps: 100 | Train BCE: 0.3428 | Train ΔAUPRC: +0.2487 | Val ΔAUPRC: +0.1894
Epoch  82/100 | Steps: 100 | Train BCE: 0.3461 | Train ΔAUPRC: +0.2479 | Val ΔAUPRC: +0.1878
Epoch  83/100 | Steps: 100 | Train BCE: 0.3239 | Train ΔAUPRC: +0.2415 | Val ΔAUPRC: +0.1869
Epoch  84/100 | Steps: 100 | Train BCE: 0.3276 | Train ΔAUPRC: +0.2507 | Val ΔAUPRC: +0.1916
Epoch  85/100 | Steps: 100 | Train BCE: 0.3315 | Train ΔAUPRC: +0.2514 | Val ΔAUPRC: +0.1916
Epoch  86/100 | Steps: 100 | Train BCE: 0.3326 | Train ΔAUPRC: +0.2439 | Val ΔAUPRC: +0.2000
Epoch  87/100 | Steps: 100 | Train BCE: 0.3311 | Train ΔAUPRC: +0.2430 | Val ΔAUPRC: +0.1921
Epoch  88/100 | Steps: 100 | Train BCE: 0.3295 | Train ΔAUPRC: +0.2447 | Val ΔAUPRC: +0.1931
Epoch  89/100 | Steps: 100 | Train BCE: 0.3313 | Train ΔAUPRC: +0.2536 | Val ΔAUPRC: +0.1913
Epoch  90/100 | Steps: 100 | Train BCE: 0.3303 | Train ΔAUPRC: +0.2460 | Val ΔAUPRC: +0.1906
Epoch  91/100 | Steps: 100 | Train BCE: 0.3261 | Train ΔAUPRC: +0.2492 | Val ΔAUPRC: +0.1980
Epoch  92/100 | Steps: 100 | Train BCE: 0.3285 | Train ΔAUPRC: +0.2482 | Val ΔAUPRC: +0.2002
Epoch  93/100 | Steps: 100 | Train BCE: 0.3248 | Train ΔAUPRC: +0.2394 | Val ΔAUPRC: +0.1884
Epoch  94/100 | Steps: 100 | Train BCE: 0.3278 | Train ΔAUPRC: +0.2423 | Val ΔAUPRC: +0.1851
Epoch  95/100 | Steps: 100 | Train BCE: 0.3258 | Train ΔAUPRC: +0.2509 | Val ΔAUPRC: +0.1817
Epoch  96/100 | Steps: 100 | Train BCE: 0.3386 | Train ΔAUPRC: +0.2523 | Val ΔAUPRC: +0.1876
Epoch  97/100 | Steps: 100 | Train BCE: 0.3302 | Train ΔAUPRC: +0.2479 | Val ΔAUPRC: +0.1993
Epoch  98/100 | Steps: 100 | Train BCE: 0.3223 | Train ΔAUPRC: +0.2573 | Val ΔAUPRC: +0.1888
Epoch  99/100 | Steps: 100 | Train BCE: 0.3325 | Train ΔAUPRC: +0.2511 | Val ΔAUPRC: +0.1991
Epoch 100/100 | Steps: 100 | Train BCE: 0.3393 | Train ΔAUPRC: +0.2394 | Val ΔAUPRC: +0.1948

Pretraining complete. Best Val ΔAUPRC: +0.2053
  RAM after pretrain: 1.3 GB

[3/4] Evaluating on DrugOOD...
  lbap_core_ic50_scaffold: train pool=22025, ood_test=19480, iid_test=31388
  lbap_core_ic50_size: train pool=37497, ood_test=16761, iid_test=12721
  lbap_core_ic50_assay: train pool=34953, ood_test=19463, iid_test=11960
  RAM after DrugOOD load: 3.6 GB
Loaded fsmol_gnn/classification model from epoch 70 (Val ΔAUPRC=+0.2053)
lbap_core_ic50_scaffold             | ctx=  16 | ood_test | ΔAUPRC: +0.0000±0.0000 | RMSE: nan | Spearman: nan
lbap_core_ic50_scaffold             | ctx=  16 | iid_test | ΔAUPRC: +0.0000±0.0000 | RMSE: nan | Spearman: nan
lbap_core_ic50_scaffold             | ctx=  32 | ood_test | ΔAUPRC: +0.0253±0.0358 | RMSE: nan | Spearman: nan
lbap_core_ic50_scaffold             | ctx=  32 | iid_test | ΔAUPRC: +0.0105±0.0149 | RMSE: nan | Spearman: nan
lbap_core_ic50_scaffold             | ctx=  64 | ood_test | ΔAUPRC: +0.0316±0.0270 | RMSE: nan | Spearman: nan
lbap_core_ic50_scaffold             | ctx=  64 | iid_test | ΔAUPRC: +0.0156±0.0118 | RMSE: nan | Spearman: nan
lbap_core_ic50_scaffold             | ctx= 128 | ood_test | ΔAUPRC: +0.0609±0.0130 | RMSE: nan | Spearman: nan
lbap_core_ic50_scaffold             | ctx= 128 | iid_test | ΔAUPRC: +0.0306±0.0039 | RMSE: nan | Spearman: nan
lbap_core_ic50_scaffold             | ctx= 256 | ood_test | ΔAUPRC: +0.0589±0.0219 | RMSE: nan | Spearman: nan
lbap_core_ic50_scaffold             | ctx= 256 | iid_test | ΔAUPRC: +0.0369±0.0065 | RMSE: nan | Spearman: nan
lbap_core_ic50_scaffold             | ctx= 512 | ood_test | ΔAUPRC: +0.0604±0.0098 | RMSE: nan | Spearman: nan
lbap_core_ic50_scaffold             | ctx= 512 | iid_test | ΔAUPRC: +0.0422±0.0024 | RMSE: nan | Spearman: nan
lbap_core_ic50_size                 | ctx=  16 | ood_test | ΔAUPRC: +0.0275±0.0043 | RMSE: nan | Spearman: nan
lbap_core_ic50_size                 | ctx=  16 | iid_test | ΔAUPRC: +0.0083±0.0017 | RMSE: nan | Spearman: nan
lbap_core_ic50_size                 | ctx=  32 | ood_test | ΔAUPRC: +0.0100±0.0175 | RMSE: nan | Spearman: nan
lbap_core_ic50_size                 | ctx=  32 | iid_test | ΔAUPRC: +0.0087±0.0036 | RMSE: nan | Spearman: nan
lbap_core_ic50_size                 | ctx=  64 | ood_test | ΔAUPRC: +0.0155±0.0118 | RMSE: nan | Spearman: nan
lbap_core_ic50_size                 | ctx=  64 | iid_test | ΔAUPRC: +0.0044±0.0052 | RMSE: nan | Spearman: nan
lbap_core_ic50_size                 | ctx= 128 | ood_test | ΔAUPRC: +0.0215±0.0160 | RMSE: nan | Spearman: nan
lbap_core_ic50_size                 | ctx= 128 | iid_test | ΔAUPRC: +0.0113±0.0086 | RMSE: nan | Spearman: nan
lbap_core_ic50_size                 | ctx= 256 | ood_test | ΔAUPRC: +0.0306±0.0178 | RMSE: nan | Spearman: nan
lbap_core_ic50_size                 | ctx= 256 | iid_test | ΔAUPRC: +0.0293±0.0036 | RMSE: nan | Spearman: nan
lbap_core_ic50_size                 | ctx= 512 | ood_test | ΔAUPRC: +0.0423±0.0106 | RMSE: nan | Spearman: nan
lbap_core_ic50_size                 | ctx= 512 | iid_test | ΔAUPRC: +0.0352±0.0021 | RMSE: nan | Spearman: nan
lbap_core_ic50_assay                | ctx=  16 | ood_test | ΔAUPRC: +0.0145±0.0145 | RMSE: nan | Spearman: nan
lbap_core_ic50_assay                | ctx=  16 | iid_test | ΔAUPRC: +0.0306±0.0157 | RMSE: nan | Spearman: nan
lbap_core_ic50_assay                | ctx=  32 | ood_test | ΔAUPRC: +0.0178±0.0136 | RMSE: nan | Spearman: nan
lbap_core_ic50_assay                | ctx=  32 | iid_test | ΔAUPRC: +0.0325±0.0162 | RMSE: nan | Spearman: nan
lbap_core_ic50_assay                | ctx=  64 | ood_test | ΔAUPRC: +0.0368±0.0089 | RMSE: nan | Spearman: nan
lbap_core_ic50_assay                | ctx=  64 | iid_test | ΔAUPRC: +0.0536±0.0050 | RMSE: nan | Spearman: nan
lbap_core_ic50_assay                | ctx= 128 | ood_test | ΔAUPRC: +0.0511±0.0042 | RMSE: nan | Spearman: nan
lbap_core_ic50_assay                | ctx= 128 | iid_test | ΔAUPRC: +0.0620±0.0033 | RMSE: nan | Spearman: nan
lbap_core_ic50_assay                | ctx= 256 | ood_test | ΔAUPRC: +0.0542±0.0039 | RMSE: nan | Spearman: nan
lbap_core_ic50_assay                | ctx= 256 | iid_test | ΔAUPRC: +0.0684±0.0006 | RMSE: nan | Spearman: nan
lbap_core_ic50_assay                | ctx= 512 | ood_test | ΔAUPRC: +0.0587±0.0014 | RMSE: nan | Spearman: nan
lbap_core_ic50_assay                | ctx= 512 | iid_test | ΔAUPRC: +0.0740±0.0034 | RMSE: nan | Spearman: nan
  Saved => /home/chjo00006/PTN/outputs/results/fsmol_gnn_classification_shift_aware_seed1/drugood_results.csv

=== DrugOOD results (long-form) ===
                    split_type query_set  context_set_size  actual_context_n  n_test  n_seeds  delta_auprc  delta_auprc_std  rmse  rmse_std  mae  spearman  spearman_std
index                                                                                                                                                                   
0      lbap_core_ic50_scaffold  ood_test                16                16   19480        3     0.000000         0.000000   NaN       NaN  NaN       NaN           NaN
1      lbap_core_ic50_scaffold  iid_test                16                16   31388        3     0.000000         0.000000   NaN       NaN  NaN       NaN           NaN
2      lbap_core_ic50_scaffold  ood_test                32                32   19480        3     0.025294         0.035771   NaN       NaN  NaN       NaN           NaN
3      lbap_core_ic50_scaffold  iid_test                32                32   31388        3     0.010502         0.014852   NaN       NaN  NaN       NaN           NaN
4      lbap_core_ic50_scaffold  ood_test                64                64   19480        3     0.031617         0.027039   NaN       NaN  NaN       NaN           NaN
5      lbap_core_ic50_scaffold  iid_test                64                64   31388        3     0.015570         0.011800   NaN       NaN  NaN       NaN           NaN
6      lbap_core_ic50_scaffold  ood_test               128               128   19480        3     0.060855         0.012958   NaN       NaN  NaN       NaN           NaN
7      lbap_core_ic50_scaffold  iid_test               128               128   31388        3     0.030595         0.003892   NaN       NaN  NaN       NaN           NaN
8      lbap_core_ic50_scaffold  ood_test               256               256   19480        3     0.058937         0.021866   NaN       NaN  NaN       NaN           NaN
9      lbap_core_ic50_scaffold  iid_test               256               256   31388        3     0.036874         0.006475   NaN       NaN  NaN       NaN           NaN
10     lbap_core_ic50_scaffold  ood_test               512               512   19480        3     0.060401         0.009819   NaN       NaN  NaN       NaN           NaN
11     lbap_core_ic50_scaffold  iid_test               512               512   31388        3     0.042151         0.002433   NaN       NaN  NaN       NaN           NaN
12         lbap_core_ic50_size  ood_test                16                16   16761        3     0.027487         0.004284   NaN       NaN  NaN       NaN           NaN
13         lbap_core_ic50_size  iid_test                16                16   12721        3     0.008323         0.001652   NaN       NaN  NaN       NaN           NaN
14         lbap_core_ic50_size  ood_test                32                32   16761        3     0.009977         0.017506   NaN       NaN  NaN       NaN           NaN
15         lbap_core_ic50_size  iid_test                32                32   12721        3     0.008675         0.003627   NaN       NaN  NaN       NaN           NaN
16         lbap_core_ic50_size  ood_test                64                64   16761        3     0.015494         0.011796   NaN       NaN  NaN       NaN           NaN
17         lbap_core_ic50_size  iid_test                64                64   12721        3     0.004389         0.005220   NaN       NaN  NaN       NaN           NaN
18         lbap_core_ic50_size  ood_test               128               128   16761        3     0.021517         0.015954   NaN       NaN  NaN       NaN           NaN
19         lbap_core_ic50_size  iid_test               128               128   12721        3     0.011306         0.008566   NaN       NaN  NaN       NaN           NaN
20         lbap_core_ic50_size  ood_test               256               256   16761        3     0.030639         0.017806   NaN       NaN  NaN       NaN           NaN
21         lbap_core_ic50_size  iid_test               256               256   12721        3     0.029324         0.003558   NaN       NaN  NaN       NaN           NaN
22         lbap_core_ic50_size  ood_test               512               512   16761        3     0.042337         0.010632   NaN       NaN  NaN       NaN           NaN
23         lbap_core_ic50_size  iid_test               512               512   12721        3     0.035237         0.002064   NaN       NaN  NaN       NaN           NaN
24        lbap_core_ic50_assay  ood_test                16                16   19463        3     0.014523         0.014459   NaN       NaN  NaN       NaN           NaN
25        lbap_core_ic50_assay  iid_test                16                16   11960        3     0.030614         0.015657   NaN       NaN  NaN       NaN           NaN
26        lbap_core_ic50_assay  ood_test                32                32   19463        3     0.017811         0.013559   NaN       NaN  NaN       NaN           NaN
27        lbap_core_ic50_assay  iid_test                32                32   11960        3     0.032504         0.016250   NaN       NaN  NaN       NaN           NaN
28        lbap_core_ic50_assay  ood_test                64                64   19463        3     0.036793         0.008876   NaN       NaN  NaN       NaN           NaN
29        lbap_core_ic50_assay  iid_test                64                64   11960        3     0.053566         0.005026   NaN       NaN  NaN       NaN           NaN
30        lbap_core_ic50_assay  ood_test               128               128   19463        3     0.051109         0.004180   NaN       NaN  NaN       NaN           NaN
31        lbap_core_ic50_assay  iid_test               128               128   11960        3     0.061958         0.003320   NaN       NaN  NaN       NaN           NaN
32        lbap_core_ic50_assay  ood_test               256               256   19463        3     0.054161         0.003945   NaN       NaN  NaN       NaN           NaN
33        lbap_core_ic50_assay  iid_test               256               256   11960        3     0.068441         0.000601   NaN       NaN  NaN       NaN           NaN
34        lbap_core_ic50_assay  ood_test               512               512   19463        3     0.058712         0.001392   NaN       NaN  NaN       NaN           NaN
35        lbap_core_ic50_assay  iid_test               512               512   11960        3     0.074001         0.003373   NaN       NaN  NaN       NaN           NaN

=== Summary: mean ΔAUPRC per split × query_set ===
split_type               query_set
lbap_core_ic50_assay     iid_test     0.0535
                         ood_test     0.0389
lbap_core_ic50_scaffold  iid_test     0.0226
                         ood_test     0.0395
lbap_core_ic50_size      iid_test     0.0162
                         ood_test     0.0246
Name: delta_auprc, dtype: float64

[4/4] FS-Mol test evaluation...

  [4a] Inside-task OOD (scaffold split, n_support=16)...
  Loading assay 1/157...
============================================================
  Data-loss report: test/
============================================================
  Molecules in raw files        :     56,220
  -- Dropped (inexact Relation) :     12,429  (22.1%)
  -- Dropped (bad/missing fields):       129  (0.2%)
  -- Dropped (task too small)   :          0  (0.0%)
  ----------------------------------------
  Total molecules lost          :     12,558  (22.3%)
  Molecules used for training   :     43,662  (77.7%)
  ---
  Tasks in directory            :        157
  Tasks dropped (<32 molecules)  :          3  (1.9%)
  Tasks kept                    :        154  (98.1%)
============================================================
  Test assays loaded: 154

Inside-task OOD: 153 assays evaluated, 1 skipped (no scaffold group with ≥3 molecules).
  Mean Spearman : nan  (0/153 assays non-nan)
  Mean RMSE     : nan
  Mean ΔAUPRC   : 0.0215
  Saved => /home/chjo00006/PTN/outputs/results/fsmol_gnn_classification_shift_aware_seed1/inside_task_ood.csv

  [4b] Support-size sweep (random / scaffold / size splits)...

  -- split_type = random --
  [random] 20/154 assays...  [random] 40/154 assays...  [random] 60/154 assays...  [random] 80/154 assays...  [random] 100/154 assays...  [random] 120/154 assays...  [random] 140/154 assays...
  Done [random]. 154 assays × 6 support sizes.

=== FS-Mol Test [random]: mean metrics per support size ===
              delta_auprc  spearman  rmse
support_size                             
16                 0.1268       NaN   NaN
32                 0.1548       NaN   NaN
64                 0.1824       NaN   NaN
128                0.2198       NaN   NaN
256                0.1531       NaN   NaN
512                0.1598       NaN   NaN
  Predictions saved → /home/chjo00006/PTN/outputs/results/fsmol_gnn_classification_shift_aware_seed1/fsmol_test_predictions_random.csv  (825,490 rows)

  -- split_type = scaffold --
  [scaffold] 60/154 assays...  [scaffold] 80/154 assays...  [scaffold] 100/154 assays...  [scaffold] 120/154 assays...  [scaffold] 140/154 assays...
  Done [scaffold]. 144 assays × 6 support sizes.

=== FS-Mol Test [scaffold]: mean metrics per support size ===
              delta_auprc  spearman  rmse
support_size                             
16                 0.0541       NaN   NaN
32                 0.0511       NaN   NaN
64                 0.0524       NaN   NaN
128                0.0516       NaN   NaN
256                0.0143       NaN   NaN
512                0.0099       NaN   NaN
  Predictions saved → /home/chjo00006/PTN/outputs/results/fsmol_gnn_classification_shift_aware_seed1/fsmol_test_predictions_scaffold.csv  (1,022,570 rows)

  -- split_type = size --
  [size] 20/154 assays...  [size] 40/154 assays...  [size] 60/154 assays...  [size] 80/154 assays...  [size] 100/154 assays...  [size] 120/154 assays...  [size] 140/154 assays...
  Done [size]. 154 assays × 6 support sizes.

=== FS-Mol Test [size]: mean metrics per support size ===
              delta_auprc  spearman  rmse
support_size                             
16                 0.1026       NaN   NaN
32                 0.1181       NaN   NaN
64                 0.1392       NaN   NaN
128                0.1404       NaN   NaN
256                0.0691       NaN   NaN
512                0.1104       NaN   NaN
  Predictions saved → /home/chjo00006/PTN/outputs/results/fsmol_gnn_classification_shift_aware_seed1/fsmol_test_predictions_size.csv  (536,650 rows)

  All 3 curves saved => /home/chjo00006/PTN/outputs/results/fsmol_gnn_classification_shift_aware_seed1/fsmol_test_results.csv

=== FS-Mol Test: mean ΔAUPRC and N assays per split_type × support_size ===
                         delta_auprc  n_assays
split_type support_size                       
random     16                 0.1268       154
           32                 0.1548       154
           64                 0.1824       153
           128                0.2198       148
           256                0.1531        29
           512                0.1598        11
scaffold   16                 0.0541       144
           32                 0.0511       144
           64                 0.0524       144
           128                0.0516       142
           256                0.0143        29
           512                0.0099        11
size       16                 0.1026       154
           32                 0.1181       154
           64                 0.1392       153
           128                0.1404       148
           256                0.0691        29
           512                0.1104        11
